  Determining projects to restore...
C:\Users\pierc\source\repos\archanox\LibreRally\LibreRally.Linux\LibreRally.Linux.csproj : warning NU1901: Package 'NuGet.Packaging' 7.0.0 has a known low severity vulnerability, https://github.com/advisories/GHSA-g4vj-cjjj-v7hg [C:\Users\pierc\source\repos\archanox\LibreRally\LibreRally.sln]
C:\Users\pierc\source\repos\archanox\LibreRally\LibreRally.Linux\LibreRally.Linux.csproj : warning NU1901: Package 'NuGet.Protocol' 7.0.0 has a known low severity vulnerability, https://github.com/advisories/GHSA-g4vj-cjjj-v7hg [C:\Users\pierc\source\repos\archanox\LibreRally\LibreRally.sln]
C:\Users\pierc\source\repos\archanox\LibreRally\LibreRally.Linux\LibreRally.Linux.csproj : warning NU1903: Package 'System.Security.Cryptography.Xml' 10.0.1 has a known high severity vulnerability, https://github.com/advisories/GHSA-37gx-xxp4-5rgx [C:\Users\pierc\source\repos\archanox\LibreRally\LibreRally.sln]
C:\Users\pierc\source\repos\archanox\LibreRally\LibreRally.Linux\LibreRally.Linux.csproj : warning NU1903: Package 'System.Security.Cryptography.Xml' 10.0.1 has a known high severity vulnerability, https://github.com/advisories/GHSA-w3x6-4m5h-cxqf [C:\Users\pierc\source\repos\archanox\LibreRally\LibreRally.sln]
C:\Users\pierc\source\repos\archanox\LibreRally\LibreRally.Tests\LibreRally.Tests.csproj : warning NU1901: Package 'NuGet.Packaging' 7.0.0 has a known low severity vulnerability, https://github.com/advisories/GHSA-g4vj-cjjj-v7hg [C:\Users\pierc\source\repos\archanox\LibreRally\LibreRally.sln]
C:\Users\pierc\source\repos\archanox\LibreRally\LibreRally.Windows\LibreRally.Windows.csproj : warning NU1901: Package 'NuGet.Packaging' 7.0.0 has a known low severity vulnerability, https://github.com/advisories/GHSA-g4vj-cjjj-v7hg [C:\Users\pierc\source\repos\archanox\LibreRally\LibreRally.sln]
C:\Users\pierc\source\repos\archanox\LibreRally\LibreRally.macOS\LibreRally.macOS.csproj : warning NU1901: Package 'NuGet.Packaging' 7.0.0 has a known low severity vulnerability, https://github.com/advisories/GHSA-g4vj-cjjj-v7hg [C:\Users\pierc\source\repos\archanox\LibreRally\LibreRally.sln]
C:\Users\pierc\source\repos\archanox\LibreRally\LibreRally.Tests\LibreRally.Tests.csproj : warning NU1901: Package 'NuGet.Protocol' 7.0.0 has a known low severity vulnerability, https://github.com/advisories/GHSA-g4vj-cjjj-v7hg [C:\Users\pierc\source\repos\archanox\LibreRally\LibreRally.sln]
C:\Users\pierc\source\repos\archanox\LibreRally\LibreRally.Tests\LibreRally.Tests.csproj : warning NU1903: Package 'System.Security.Cryptography.Xml' 10.0.1 has a known high severity vulnerability, https://github.com/advisories/GHSA-37gx-xxp4-5rgx [C:\Users\pierc\source\repos\archanox\LibreRally\LibreRally.sln]
C:\Users\pierc\source\repos\archanox\LibreRally\LibreRally.macOS\LibreRally.macOS.csproj : warning NU1901: Package 'NuGet.Protocol' 7.0.0 has a known low severity vulnerability, https://github.com/advisories/GHSA-g4vj-cjjj-v7hg [C:\Users\pierc\source\repos\archanox\LibreRally\LibreRally.sln]
C:\Users\pierc\source\repos\archanox\LibreRally\LibreRally.Windows\LibreRally.Windows.csproj : warning NU1901: Package 'NuGet.Protocol' 7.0.0 has a known low severity vulnerability, https://github.com/advisories/GHSA-g4vj-cjjj-v7hg [C:\Users\pierc\source\repos\archanox\LibreRally\LibreRally.sln]
C:\Users\pierc\source\repos\archanox\LibreRally\LibreRally.Tests\LibreRally.Tests.csproj : warning NU1903: Package 'System.Security.Cryptography.Xml' 10.0.1 has a known high severity vulnerability, https://github.com/advisories/GHSA-w3x6-4m5h-cxqf [C:\Users\pierc\source\repos\archanox\LibreRally\LibreRally.sln]
C:\Users\pierc\source\repos\archanox\LibreRally\LibreRally\LibreRally.csproj : warning NU1901: Package 'NuGet.Packaging' 7.0.0 has a known low severity vulnerability, https://github.com/advisories/GHSA-g4vj-cjjj-v7hg [C:\Users\pierc\source\repos\archanox\LibreRally\LibreRally.sln]
C:\Users\pierc\source\repos\archanox\LibreRally\LibreRally.macOS\LibreRally.macOS.csproj : warning NU1903: Package 'System.Security.Cryptography.Xml' 10.0.1 has a known high severity vulnerability, https://github.com/advisories/GHSA-37gx-xxp4-5rgx [C:\Users\pierc\source\repos\archanox\LibreRally\LibreRally.sln]
C:\Users\pierc\source\repos\archanox\LibreRally\LibreRally.Windows\LibreRally.Windows.csproj : warning NU1903: Package 'System.Security.Cryptography.Xml' 10.0.1 has a known high severity vulnerability, https://github.com/advisories/GHSA-37gx-xxp4-5rgx [C:\Users\pierc\source\repos\archanox\LibreRally\LibreRally.sln]
C:\Users\pierc\source\repos\archanox\LibreRally\LibreRally.macOS\LibreRally.macOS.csproj : warning NU1903: Package 'System.Security.Cryptography.Xml' 10.0.1 has a known high severity vulnerability, https://github.com/advisories/GHSA-w3x6-4m5h-cxqf [C:\Users\pierc\source\repos\archanox\LibreRally\LibreRally.sln]
C:\Users\pierc\source\repos\archanox\LibreRally\LibreRally.Windows\LibreRally.Windows.csproj : warning NU1903: Package 'System.Security.Cryptography.Xml' 10.0.1 has a known high severity vulnerability, https://github.com/advisories/GHSA-w3x6-4m5h-cxqf [C:\Users\pierc\source\repos\archanox\LibreRally\LibreRally.sln]
C:\Users\pierc\source\repos\archanox\LibreRally\LibreRally\LibreRally.csproj : warning NU1901: Package 'NuGet.Protocol' 7.0.0 has a known low severity vulnerability, https://github.com/advisories/GHSA-g4vj-cjjj-v7hg [C:\Users\pierc\source\repos\archanox\LibreRally\LibreRally.sln]
C:\Users\pierc\source\repos\archanox\LibreRally\LibreRally\LibreRally.csproj : warning NU1903: Package 'System.Security.Cryptography.Xml' 10.0.1 has a known high severity vulnerability, https://github.com/advisories/GHSA-37gx-xxp4-5rgx [C:\Users\pierc\source\repos\archanox\LibreRally\LibreRally.sln]
C:\Users\pierc\source\repos\archanox\LibreRally\LibreRally\LibreRally.csproj : warning NU1903: Package 'System.Security.Cryptography.Xml' 10.0.1 has a known high severity vulnerability, https://github.com/advisories/GHSA-w3x6-4m5h-cxqf [C:\Users\pierc\source\repos\archanox\LibreRally\LibreRally.sln]
  All projects are up-to-date for restore.
C:\Users\pierc\source\repos\archanox\LibreRally\LibreRally.Windows\LibreRally.Windows.csproj : warning NU1901: Package 'NuGet.Packaging' 7.0.0 has a known low severity vulnerability, https://github.com/advisories/GHSA-g4vj-cjjj-v7hg
C:\Users\pierc\source\repos\archanox\LibreRally\LibreRally.Windows\LibreRally.Windows.csproj : warning NU1901: Package 'NuGet.Protocol' 7.0.0 has a known low severity vulnerability, https://github.com/advisories/GHSA-g4vj-cjjj-v7hg
C:\Users\pierc\source\repos\archanox\LibreRally\LibreRally.Windows\LibreRally.Windows.csproj : warning NU1903: Package 'System.Security.Cryptography.Xml' 10.0.1 has a known high severity vulnerability, https://github.com/advisories/GHSA-37gx-xxp4-5rgx
C:\Users\pierc\source\repos\archanox\LibreRally\LibreRally.Windows\LibreRally.Windows.csproj : warning NU1903: Package 'System.Security.Cryptography.Xml' 10.0.1 has a known high severity vulnerability, https://github.com/advisories/GHSA-w3x6-4m5h-cxqf
C:\Users\pierc\source\repos\archanox\LibreRally\LibreRally.Tests\LibreRally.Tests.csproj : warning NU1901: Package 'NuGet.Packaging' 7.0.0 has a known low severity vulnerability, https://github.com/advisories/GHSA-g4vj-cjjj-v7hg
C:\Users\pierc\source\repos\archanox\LibreRally\LibreRally.Tests\LibreRally.Tests.csproj : warning NU1901: Package 'NuGet.Protocol' 7.0.0 has a known low severity vulnerability, https://github.com/advisories/GHSA-g4vj-cjjj-v7hg
C:\Users\pierc\source\repos\archanox\LibreRally\LibreRally.Tests\LibreRally.Tests.csproj : warning NU1903: Package 'System.Security.Cryptography.Xml' 10.0.1 has a known high severity vulnerability, https://github.com/advisories/GHSA-37gx-xxp4-5rgx
C:\Users\pierc\source\repos\archanox\LibreRally\LibreRally.Tests\LibreRally.Tests.csproj : warning NU1903: Package 'System.Security.Cryptography.Xml' 10.0.1 has a known high severity vulnerability, https://github.com/advisories/GHSA-w3x6-4m5h-cxqf
C:\Users\pierc\source\repos\archanox\LibreRally\LibreRally.Linux\LibreRally.Linux.csproj : warning NU1901: Package 'NuGet.Packaging' 7.0.0 has a known low severity vulnerability, https://github.com/advisories/GHSA-g4vj-cjjj-v7hg
C:\Users\pierc\source\repos\archanox\LibreRally\LibreRally.Linux\LibreRally.Linux.csproj : warning NU1901: Package 'NuGet.Protocol' 7.0.0 has a known low severity vulnerability, https://github.com/advisories/GHSA-g4vj-cjjj-v7hg
C:\Users\pierc\source\repos\archanox\LibreRally\LibreRally.Linux\LibreRally.Linux.csproj : warning NU1903: Package 'System.Security.Cryptography.Xml' 10.0.1 has a known high severity vulnerability, https://github.com/advisories/GHSA-37gx-xxp4-5rgx
C:\Users\pierc\source\repos\archanox\LibreRally\LibreRally.Linux\LibreRally.Linux.csproj : warning NU1903: Package 'System.Security.Cryptography.Xml' 10.0.1 has a known high severity vulnerability, https://github.com/advisories/GHSA-w3x6-4m5h-cxqf
C:\Users\pierc\source\repos\archanox\LibreRally\LibreRally\BasicCameraController.cs(25,17): warning CSENSE001: The symbol 'Gamepad' is missing valid documentation [C:\Users\pierc\source\repos\archanox\LibreRally\LibreRally\LibreRally.csproj::TargetFramework=net10.0]
C:\Users\pierc\source\repos\archanox\LibreRally\LibreRally\BasicCameraController.cs(27,20): warning CSENSE001: The symbol 'KeyboardMovementSpeed' is missing valid documentation [C:\Users\pierc\source\repos\archanox\LibreRally\LibreRally\LibreRally.csproj::TargetFramework=net10.0]
C:\Users\pierc\source\repos\archanox\LibreRally\LibreRally\BasicCameraController.cs(29,20): warning CSENSE001: The symbol 'TouchMovementSpeed' is missing valid documentation [C:\Users\pierc\source\repos\archanox\LibreRally\LibreRally\LibreRally.csproj::TargetFramework=net10.0]
C:\Users\pierc\source\repos\archanox\LibreRally\LibreRally\BasicCameraController.cs(31,18): warning CSENSE001: The symbol 'SpeedFactor' is missing valid documentation [C:\Users\pierc\source\repos\archanox\LibreRally\LibreRally\LibreRally.csproj::TargetFramework=net10.0]
C:\Users\pierc\source\repos\archanox\LibreRally\LibreRally\BasicCameraController.cs(33,20): warning CSENSE001: The symbol 'KeyboardRotationSpeed' is missing valid documentation [C:\Users\pierc\source\repos\archanox\LibreRally\LibreRally\LibreRally.csproj::TargetFramework=net10.0]
C:\Users\pierc\source\repos\archanox\LibreRally\LibreRally\BasicCameraController.cs(35,20): warning CSENSE001: The symbol 'MouseRotationSpeed' is missing valid documentation [C:\Users\pierc\source\repos\archanox\LibreRally\LibreRally\LibreRally.csproj::TargetFramework=net10.0]
C:\Users\pierc\source\repos\archanox\LibreRally\LibreRally\BasicCameraController.cs(37,20): warning CSENSE001: The symbol 'TouchRotationSpeed' is missing valid documentation [C:\Users\pierc\source\repos\archanox\LibreRally\LibreRally\LibreRally.csproj::TargetFramework=net10.0]
C:\Users\pierc\source\repos\archanox\LibreRally\LibreRally\CodeFirstSceneFactory.cs(108,21): warning CSENSE001: The symbol 'LibreRallyGame' is missing valid documentation [C:\Users\pierc\source\repos\archanox\LibreRally\LibreRally\LibreRally.csproj::TargetFramework=net10.0]
C:\Users\pierc\source\repos\archanox\LibreRally\LibreRally\CodeFirstSceneFactory.cs(13,21): warning CSENSE001: The symbol 'CodeFirstSceneFactory' is missing valid documentation [C:\Users\pierc\source\repos\archanox\LibreRally\LibreRally\LibreRally.csproj::TargetFramework=net10.0]
C:\Users\pierc\source\repos\archanox\LibreRally\LibreRally\CodeFirstSceneFactory.cs(127,22): warning CSENSE001: The symbol 'CodeFirstSceneSetup' is missing valid documentation [C:\Users\pierc\source\repos\archanox\LibreRally\LibreRally\LibreRally.csproj::TargetFramework=net10.0]
C:\Users\pierc\source\repos\archanox\LibreRally\LibreRally\Camera\RallyCameraScript.cs(13,20): warning CSENSE001: The symbol 'Target' is missing valid documentation [C:\Users\pierc\source\repos\archanox\LibreRally\LibreRally\LibreRally.csproj::TargetFramework=net10.0]
C:\Users\pierc\source\repos\archanox\LibreRally\LibreRally\Camera\RallyCameraScript.cs(14,31): warning CSENSE001: The symbol 'CarComponent' is missing valid documentation [C:\Users\pierc\source\repos\archanox\LibreRally\LibreRally\LibreRally.csproj::TargetFramework=net10.0]
C:\Users\pierc\source\repos\archanox\LibreRally\LibreRally\Camera\RallyCameraScript.cs(17,20): warning CSENSE001: The symbol 'FollowOffset' is missing valid documentation [C:\Users\pierc\source\repos\archanox\LibreRally\LibreRally\LibreRally.csproj::TargetFramework=net10.0]
C:\Users\pierc\source\repos\archanox\LibreRally\LibreRally\Camera\RallyCameraScript.cs(18,18): warning CSENSE001: The symbol 'FollowLerpSpeed' is missing valid documentation [C:\Users\pierc\source\repos\archanox\LibreRally\LibreRally\LibreRally.csproj::TargetFramework=net10.0]
C:\Users\pierc\source\repos\archanox\LibreRally\LibreRally\Race\CheckpointTrigger.cs(11,14): warning CSENSE001: The symbol 'CheckpointTrigger' is missing valid documentation [C:\Users\pierc\source\repos\archanox\LibreRally\LibreRally\LibreRally.csproj::TargetFramework=net10.0]
C:\Users\pierc\source\repos\archanox\LibreRally\LibreRally\Race\CheckpointTrigger.cs(13,16): warning CSENSE001: The symbol 'CheckpointIndex' is missing valid documentation [C:\Users\pierc\source\repos\archanox\LibreRally\LibreRally\LibreRally.csproj::TargetFramework=net10.0]
C:\Users\pierc\source\repos\archanox\LibreRally\LibreRally\Race\CheckpointTrigger.cs(14,20): warning CSENSE001: The symbol 'Size' is missing valid documentation [C:\Users\pierc\source\repos\archanox\LibreRally\LibreRally\LibreRally.csproj::TargetFramework=net10.0]
C:\Users\pierc\source\repos\archanox\LibreRally\LibreRally\Race\CheckpointTrigger.cs(15,31): warning CSENSE001: The symbol 'Triggered' is missing valid documentation [C:\Users\pierc\source\repos\archanox\LibreRally\LibreRally\LibreRally.csproj::TargetFramework=net10.0]
C:\Users\pierc\source\repos\archanox\LibreRally\LibreRally\Race\RaceController.cs(8,14): warning CSENSE001: The symbol 'RaceController' is missing valid documentation [C:\Users\pierc\source\repos\archanox\LibreRally\LibreRally\LibreRally.csproj::TargetFramework=net10.0]
C:\Users\pierc\source\repos\archanox\LibreRally\LibreRally\Race\RaceController.cs(10,23): warning CSENSE001: The symbol 'Timer' is missing valid documentation [C:\Users\pierc\source\repos\archanox\LibreRally\LibreRally\LibreRally.csproj::TargetFramework=net10.0]
C:\Users\pierc\source\repos\archanox\LibreRally\LibreRally\Camera\RallyCameraScript.cs(11,14): warning CSENSE001: The symbol 'RallyCameraScript' is missing valid documentation [C:\Users\pierc\source\repos\archanox\LibreRally\LibreRally\LibreRally.csproj::TargetFramework=net10.0]
C:\Users\pierc\source\repos\archanox\LibreRally\LibreRally\Race\RaceController.cs(11,36): warning CSENSE001: The symbol 'Checkpoints' is missing valid documentation [C:\Users\pierc\source\repos\archanox\LibreRally\LibreRally\LibreRally.csproj::TargetFramework=net10.0]
C:\Users\pierc\source\repos\archanox\LibreRally\LibreRally\Race\RaceController.cs(12,18): warning CSENSE001: The symbol 'CountdownDuration' is missing valid documentation [C:\Users\pierc\source\repos\archanox\LibreRally\LibreRally\LibreRally.csproj::TargetFramework=net10.0]
C:\Users\pierc\source\repos\archanox\LibreRally\LibreRally\Race\RaceController.cs(18,25): warning CSENSE001: The symbol 'SplitTimes' is missing valid documentation [C:\Users\pierc\source\repos\archanox\LibreRally\LibreRally\LibreRally.csproj::TargetFramework=net10.0]
C:\Users\pierc\source\repos\archanox\LibreRally\LibreRally\Race\RaceController.cs(20,17): warning CSENSE001: The symbol 'IsRacing' is missing valid documentation [C:\Users\pierc\source\repos\archanox\LibreRally\LibreRally\LibreRally.csproj::TargetFramework=net10.0]
C:\Users\pierc\source\repos\archanox\LibreRally\LibreRally\Race\RaceController.cs(21,18): warning CSENSE001: The symbol 'CountdownRemaining' is missing valid documentation [C:\Users\pierc\source\repos\archanox\LibreRally\LibreRally\LibreRally.csproj::TargetFramework=net10.0]
C:\Users\pierc\source\repos\archanox\LibreRally\LibreRally\Race\RaceController.cs(22,16): warning CSENSE001: The symbol 'CountdownBeats' is missing valid documentation [C:\Users\pierc\source\repos\archanox\LibreRally\LibreRally\LibreRally.csproj::TargetFramework=net10.0]
C:\Users\pierc\source\repos\archanox\LibreRally\LibreRally\Race\RaceController.cs(24,26): warning CSENSE001: The symbol 'RaceStarted' is missing valid documentation [C:\Users\pierc\source\repos\archanox\LibreRally\LibreRally\LibreRally.csproj::TargetFramework=net10.0]
C:\Users\pierc\source\repos\archanox\LibreRally\LibreRally\Race\RaceController.cs(25,26): warning CSENSE001: The symbol 'RaceFinished' is missing valid documentation [C:\Users\pierc\source\repos\archanox\LibreRally\LibreRally\LibreRally.csproj::TargetFramework=net10.0]
C:\Users\pierc\source\repos\archanox\LibreRally\LibreRally\Race\RaceTimer.cs(7,14): warning CSENSE001: The symbol 'RaceTimer' is missing valid documentation [C:\Users\pierc\source\repos\archanox\LibreRally\LibreRally\LibreRally.csproj::TargetFramework=net10.0]
C:\Users\pierc\source\repos\archanox\LibreRally\LibreRally\Race\RaceTimer.cs(12,17): warning CSENSE001: The symbol 'IsRunning' is missing valid documentation [C:\Users\pierc\source\repos\archanox\LibreRally\LibreRally\LibreRally.csproj::TargetFramework=net10.0]
C:\Users\pierc\source\repos\archanox\LibreRally\LibreRally\Race\RaceTimer.cs(13,19): warning CSENSE001: The symbol 'ElapsedSeconds' is missing valid documentation [C:\Users\pierc\source\repos\archanox\LibreRally\LibreRally\LibreRally.csproj::TargetFramework=net10.0]
C:\Users\pierc\source\repos\archanox\LibreRally\LibreRally\HUD\PauseMenuOverlay.cs(13,31): warning CSENSE001: The symbol 'PauseMenuItem' is missing valid documentation [C:\Users\pierc\source\repos\archanox\LibreRally\LibreRally\LibreRally.csproj::TargetFramework=net10.0]
C:\Users\pierc\source\repos\archanox\LibreRally\LibreRally\HUD\PauseMenuOverlay.cs(15,21): warning CSENSE001: The symbol 'PauseMenuOverlay' is missing valid documentation [C:\Users\pierc\source\repos\archanox\LibreRally\LibreRally\LibreRally.csproj::TargetFramework=net10.0]
C:\Users\pierc\source\repos\archanox\LibreRally\LibreRally\HUD\PauseMenuOverlay.cs(47,16): warning CSENSE001: The symbol 'SelectedIndex' is missing valid documentation [C:\Users\pierc\source\repos\archanox\LibreRally\LibreRally\LibreRally.csproj::TargetFramework=net10.0]
C:\Users\pierc\source\repos\archanox\LibreRally\LibreRally\HUD\PauseMenuOverlay.cs(37,41): warning CSENSE001: The symbol 'Items' is missing valid documentation [C:\Users\pierc\source\repos\archanox\LibreRally\LibreRally\LibreRally.csproj::TargetFramework=net10.0]
C:\Users\pierc\source\repos\archanox\LibreRally\LibreRally\HUD\PauseMenuOverlay.cs(57,17): warning CSENSE001: The symbol 'OverlayVisible' is missing valid documentation [C:\Users\pierc\source\repos\archanox\LibreRally\LibreRally\LibreRally.csproj::TargetFramework=net10.0]
C:\Users\pierc\source\repos\archanox\LibreRally\LibreRally\HUD\PauseMenuOverlay.cs(77,19): warning CSENSE001: The symbol 'VehicleName' is missing valid documentation [C:\Users\pierc\source\repos\archanox\LibreRally\LibreRally\LibreRally.csproj::TargetFramework=net10.0]
C:\Users\pierc\source\repos\archanox\LibreRally\LibreRally\HUD\PauseMenuOverlay.cs(67,19): warning CSENSE001: The symbol 'StatusText' is missing valid documentation [C:\Users\pierc\source\repos\archanox\LibreRally\LibreRally\LibreRally.csproj::TargetFramework=net10.0]
C:\Users\pierc\source\repos\archanox\LibreRally\LibreRally\HUD\PauseMenuOverlay.cs(87,25): warning CSENSE001: The symbol 'ItemActivated' is missing valid documentation [C:\Users\pierc\source\repos\archanox\LibreRally\LibreRally\LibreRally.csproj::TargetFramework=net10.0]
C:\Users\pierc\source\repos\archanox\LibreRally\LibreRally\HUD\SetupUiShellModel.cs(9,13): warning CSENSE001: The symbol 'SetupUiEditorKind' is missing valid documentation [C:\Users\pierc\source\repos\archanox\LibreRally\LibreRally\LibreRally.csproj::TargetFramework=net10.0]
C:\Users\pierc\source\repos\archanox\LibreRally\LibreRally\HUD\SetupUiShellModel.cs(11,5): warning CSENSE001: The symbol 'Numeric' is missing valid documentation [C:\Users\pierc\source\repos\archanox\LibreRally\LibreRally\LibreRally.csproj::TargetFramework=net10.0]
C:\Users\pierc\source\repos\archanox\LibreRally\LibreRally\HUD\SetupUiShellModel.cs(13,5): warning CSENSE001: The symbol 'Toggle' is missing valid documentation [C:\Users\pierc\source\repos\archanox\LibreRally\LibreRally\LibreRally.csproj::TargetFramework=net10.0]
C:\Users\pierc\source\repos\archanox\LibreRally\LibreRally\HUD\SetupUiShellModel.cs(18,5): warning CSENSE001: The symbol 'Live' is missing valid documentation [C:\Users\pierc\source\repos\archanox\LibreRally\LibreRally\LibreRally.csproj::TargetFramework=net10.0]
C:\Users\pierc\source\repos\archanox\LibreRally\LibreRally\HUD\SetupUiShellModel.cs(16,13): warning CSENSE001: The symbol 'SetupUiApplyMode' is missing valid documentation [C:\Users\pierc\source\repos\archanox\LibreRally\LibreRally\LibreRally.csproj::TargetFramework=net10.0]
C:\Users\pierc\source\repos\archanox\LibreRally\LibreRally\HUD\SetupUiShellModel.cs(19,5): warning CSENSE001: The symbol 'Reload' is missing valid documentation [C:\Users\pierc\source\repos\archanox\LibreRally\LibreRally\LibreRally.csproj::TargetFramework=net10.0]
C:\Users\pierc\source\repos\archanox\LibreRally\LibreRally\HUD\SetupUiShellModel.cs(12,5): warning CSENSE001: The symbol 'Choice' is missing valid documentation [C:\Users\pierc\source\repos\archanox\LibreRally\LibreRally\LibreRally.csproj::TargetFramework=net10.0]
C:\Users\pierc\source\repos\archanox\LibreRally\LibreRally\HUD\SetupUiShellModel.cs(22,21): warning CSENSE001: The symbol 'SetupUiApplyPayload' is missing valid documentation [C:\Users\pierc\source\repos\archanox\LibreRally\LibreRally\LibreRally.csproj::TargetFramework=net10.0]
C:\Users\pierc\source\repos\archanox\LibreRally\LibreRally\HUD\SetupUiShellModel.cs(24,38): warning CSENSE001: The symbol 'VariableOverrides' is missing valid documentation [C:\Users\pierc\source\repos\archanox\LibreRally\LibreRally\LibreRally.csproj::TargetFramework=net10.0]
C:\Users\pierc\source\repos\archanox\LibreRally\LibreRally\HUD\DrivingHudOverlay.cs(16,21): warning CSENSE001: The symbol 'DrivingHudOverlay' is missing valid documentation [C:\Users\pierc\source\repos\archanox\LibreRally\LibreRally\LibreRally.csproj::TargetFramework=net10.0]
C:\Users\pierc\source\repos\archanox\LibreRally\LibreRally\HUD\SetupUiShellModel.cs(25,48): warning CSENSE001: The symbol 'PressureOverrides' is missing valid documentation [C:\Users\pierc\source\repos\archanox\LibreRally\LibreRally\LibreRally.csproj::TargetFramework=net10.0]
C:\Users\pierc\source\repos\archanox\LibreRally\LibreRally\HUD\DrivingHudOverlay.cs(43,31): warning CSENSE001: The symbol 'Car' is missing valid documentation [C:\Users\pierc\source\repos\archanox\LibreRally\LibreRally\LibreRally.csproj::TargetFramework=net10.0]
C:\Users\pierc\source\repos\archanox\LibreRally\LibreRally\HUD\DrivingHudOverlay.cs(44,23): warning CSENSE001: The symbol 'Timer' is missing valid documentation [C:\Users\pierc\source\repos\archanox\LibreRally\LibreRally\LibreRally.csproj::TargetFramework=net10.0]
C:\Users\pierc\source\repos\archanox\LibreRally\LibreRally\HUD\DrivingHudOverlay.cs(45,28): warning CSENSE001: The symbol 'RaceController' is missing valid documentation [C:\Users\pierc\source\repos\archanox\LibreRally\LibreRally\LibreRally.csproj::TargetFramework=net10.0]
C:\Users\pierc\source\repos\archanox\LibreRally\LibreRally\HUD\SetupUiShellModel.cs(26,19): warning CSENSE001: The symbol 'SummaryText' is missing valid documentation [C:\Users\pierc\source\repos\archanox\LibreRally\LibreRally\LibreRally.csproj::TargetFramework=net10.0]
C:\Users\pierc\source\repos\archanox\LibreRally\LibreRally\HUD\DrivingHudOverlay.cs(46,19): warning CSENSE001: The symbol 'StatusText' is missing valid documentation [C:\Users\pierc\source\repos\archanox\LibreRally\LibreRally\LibreRally.csproj::TargetFramework=net10.0]
C:\Users\pierc\source\repos\archanox\LibreRally\LibreRally\HUD\SetupUiShellModel.cs(27,17): warning CSENSE001: The symbol 'HasChanges' is missing valid documentation [C:\Users\pierc\source\repos\archanox\LibreRally\LibreRally\LibreRally.csproj::TargetFramework=net10.0]
C:\Users\pierc\source\repos\archanox\LibreRally\LibreRally\HUD\DrivingHudOverlay.cs(47,17): warning CSENSE001: The symbol 'DebugOverlayVisible' is missing valid documentation [C:\Users\pierc\source\repos\archanox\LibreRally\LibreRally\LibreRally.csproj::TargetFramework=net10.0]
C:\Users\pierc\source\repos\archanox\LibreRally\LibreRally\HUD\SetupUiShellModel.cs(28,17): warning CSENSE001: The symbol 'RequiresReload' is missing valid documentation [C:\Users\pierc\source\repos\archanox\LibreRally\LibreRally\LibreRally.csproj::TargetFramework=net10.0]
C:\Users\pierc\source\repos\archanox\LibreRally\LibreRally\VehicleSpawner.cs(24,13): warning CSENSE001: The symbol 'PauseMenuAction' is missing valid documentation [C:\Users\pierc\source\repos\archanox\LibreRally\LibreRally\LibreRally.csproj::TargetFramework=net10.0]
C:\Users\pierc\source\repos\archanox\LibreRally\LibreRally\VehicleSpawner.cs(26,5): warning CSENSE001: The symbol 'ResumeDriving' is missing valid documentation [C:\Users\pierc\source\repos\archanox\LibreRally\LibreRally\LibreRally.csproj::TargetFramework=net10.0]
C:\Users\pierc\source\repos\archanox\LibreRally\LibreRally\VehicleSpawner.cs(29,5): warning CSENSE001: The symbol 'VehicleSelect' is missing valid documentation [C:\Users\pierc\source\repos\archanox\LibreRally\LibreRally\LibreRally.csproj::TargetFramework=net10.0]
C:\Users\pierc\source\repos\archanox\LibreRally\LibreRally\HUD\SetupUiShellModel.cs(253,21): warning CSENSE001: The symbol 'SetupUiCategoryModel' is missing valid documentation [C:\Users\pierc\source\repos\archanox\LibreRally\LibreRally\LibreRally.csproj::TargetFramework=net10.0]
C:\Users\pierc\source\repos\archanox\LibreRally\LibreRally\HUD\SetupUiShellModel.cs(260,19): warning CSENSE001: The symbol 'Id' is missing valid documentation [C:\Users\pierc\source\repos\archanox\LibreRally\LibreRally\LibreRally.csproj::TargetFramework=net10.0]
C:\Users\pierc\source\repos\archanox\LibreRally\LibreRally\HUD\SetupUiShellModel.cs(261,19): warning CSENSE001: The symbol 'Title' is missing valid documentation [C:\Users\pierc\source\repos\archanox\LibreRally\LibreRally\LibreRally.csproj::TargetFramework=net10.0]
C:\Users\pierc\source\repos\archanox\LibreRally\LibreRally\HUD\SetupUiShellModel.cs(262,19): warning CSENSE001: The symbol 'Tagline' is missing valid documentation [C:\Users\pierc\source\repos\archanox\LibreRally\LibreRally\LibreRally.csproj::TargetFramework=net10.0]
C:\Users\pierc\source\repos\archanox\LibreRally\LibreRally\HUD\SetupUiShellModel.cs(263,19): warning CSENSE001: The symbol 'Description' is missing valid documentation [C:\Users\pierc\source\repos\archanox\LibreRally\LibreRally\LibreRally.csproj::TargetFramework=net10.0]
C:\Users\pierc\source\repos\archanox\LibreRally\LibreRally\HUD\SetupUiShellModel.cs(264,45): warning CSENSE001: The symbol 'Fields' is missing valid documentation [C:\Users\pierc\source\repos\archanox\LibreRally\LibreRally\LibreRally.csproj::TargetFramework=net10.0]
C:\Users\pierc\source\repos\archanox\LibreRally\LibreRally\HUD\SetupUiShellModel.cs(265,16): warning CSENSE001: The symbol 'PendingChangeCount' is missing valid documentation [C:\Users\pierc\source\repos\archanox\LibreRally\LibreRally\LibreRally.csproj::TargetFramework=net10.0]
C:\Users\pierc\source\repos\archanox\LibreRally\LibreRally\HUD\SetupUiShellModel.cs(267,16): warning CSENSE001: The symbol 'PendingReloadChangeCount' is missing valid documentation [C:\Users\pierc\source\repos\archanox\LibreRally\LibreRally\LibreRally.csproj::TargetFramework=net10.0]
C:\Users\pierc\source\repos\archanox\LibreRally\LibreRally\HUD\SetupUiShellModel.cs(268,16): warning CSENSE001: The symbol 'NonDefaultChangeCount' is missing valid documentation [C:\Users\pierc\source\repos\archanox\LibreRally\LibreRally\LibreRally.csproj::TargetFramework=net10.0]
C:\Users\pierc\source\repos\archanox\LibreRally\LibreRally.macOS\LibreRally.macOS.csproj : warning NU1901: Package 'NuGet.Packaging' 7.0.0 has a known low severity vulnerability, https://github.com/advisories/GHSA-g4vj-cjjj-v7hg
C:\Users\pierc\source\repos\archanox\LibreRally\LibreRally.macOS\LibreRally.macOS.csproj : warning NU1901: Package 'NuGet.Protocol' 7.0.0 has a known low severity vulnerability, https://github.com/advisories/GHSA-g4vj-cjjj-v7hg
C:\Users\pierc\source\repos\archanox\LibreRally\LibreRally.macOS\LibreRally.macOS.csproj : warning NU1903: Package 'System.Security.Cryptography.Xml' 10.0.1 has a known high severity vulnerability, https://github.com/advisories/GHSA-37gx-xxp4-5rgx
C:\Users\pierc\source\repos\archanox\LibreRally\LibreRally.macOS\LibreRally.macOS.csproj : warning NU1903: Package 'System.Security.Cryptography.Xml' 10.0.1 has a known high severity vulnerability, https://github.com/advisories/GHSA-w3x6-4m5h-cxqf
C:\Users\pierc\source\repos\archanox\LibreRally\LibreRally\HUD\SetupUiShellModel.cs(31,21): warning CSENSE001: The symbol 'SetupUiShellModel' is missing valid documentation [C:\Users\pierc\source\repos\archanox\LibreRally\LibreRally\LibreRally.csproj::TargetFramework=net10.0]
C:\Users\pierc\source\repos\archanox\LibreRally\LibreRally\HUD\SetupUiShellModel.cs(33,19): warning CSENSE001: The symbol 'Title' is missing valid documentation [C:\Users\pierc\source\repos\archanox\LibreRally\LibreRally\LibreRally.csproj::TargetFramework=net10.0]
C:\Users\pierc\source\repos\archanox\LibreRally\LibreRally\HUD\SetupUiShellModel.cs(266,16): warning CSENSE001: The symbol 'PendingLiveChangeCount' is missing valid documentation [C:\Users\pierc\source\repos\archanox\LibreRally\LibreRally\LibreRally.csproj::TargetFramework=net10.0]
C:\Users\pierc\source\repos\archanox\LibreRally\LibreRally\HUD\SetupUiShellModel.cs(34,19): warning CSENSE001: The symbol 'Subtitle' is missing valid documentation [C:\Users\pierc\source\repos\archanox\LibreRally\LibreRally\LibreRally.csproj::TargetFramework=net10.0]
C:\Users\pierc\source\repos\archanox\LibreRally\LibreRally\HUD\SetupUiShellModel.cs(36,19): warning CSENSE001: The symbol 'StatusText' is missing valid documentation [C:\Users\pierc\source\repos\archanox\LibreRally\LibreRally\LibreRally.csproj::TargetFramework=net10.0]
C:\Users\pierc\source\repos\archanox\LibreRally\LibreRally\HUD\SetupUiShellModel.cs(37,48): warning CSENSE001: The symbol 'Categories' is missing valid documentation [C:\Users\pierc\source\repos\archanox\LibreRally\LibreRally\LibreRally.csproj::TargetFramework=net10.0]
C:\Users\pierc\source\repos\archanox\LibreRally\LibreRally\VehicleSpawner.cs(27,5): warning CSENSE001: The symbol 'ResetVehicle' is missing valid documentation [C:\Users\pierc\source\repos\archanox\LibreRally\LibreRally\LibreRally.csproj::TargetFramework=net10.0]
C:\Users\pierc\source\repos\archanox\LibreRally\LibreRally\HUD\SetupUiShellModel.cs(38,16): warning CSENSE001: The symbol 'SelectedCategoryIndex' is missing valid documentation [C:\Users\pierc\source\repos\archanox\LibreRally\LibreRally\LibreRally.csproj::TargetFramework=net10.0]
C:\Users\pierc\source\repos\archanox\LibreRally\LibreRally\HUD\SetupUiShellModel.cs(35,19): warning CSENSE001: The symbol 'VehicleName' is missing valid documentation [C:\Users\pierc\source\repos\archanox\LibreRally\LibreRally\LibreRally.csproj::TargetFramework=net10.0]
C:\Users\pierc\source\repos\archanox\LibreRally\LibreRally\HUD\SetupUiShellModel.cs(39,33): warning CSENSE001: The symbol 'SelectedCategory' is missing valid documentation [C:\Users\pierc\source\repos\archanox\LibreRally\LibreRally\LibreRally.csproj::TargetFramework=net10.0]
C:\Users\pierc\source\repos\archanox\LibreRally\LibreRally\HUD\SetupUiShellModel.cs(40,16): warning CSENSE001: The symbol 'PendingChangeCount' is missing valid documentation [C:\Users\pierc\source\repos\archanox\LibreRally\LibreRally\LibreRally.csproj::TargetFramework=net10.0]
C:\Users\pierc\source\repos\archanox\LibreRally\LibreRally\HUD\SetupUiShellModel.cs(42,16): warning CSENSE001: The symbol 'PendingReloadChangeCount' is missing valid documentation [C:\Users\pierc\source\repos\archanox\LibreRally\LibreRally\LibreRally.csproj::TargetFramework=net10.0]
C:\Users\pierc\source\repos\archanox\LibreRally\LibreRally\HUD\SetupUiShellModel.cs(41,16): warning CSENSE001: The symbol 'PendingLiveChangeCount' is missing valid documentation [C:\Users\pierc\source\repos\archanox\LibreRally\LibreRally\LibreRally.csproj::TargetFramework=net10.0]
C:\Users\pierc\source\repos\archanox\LibreRally\LibreRally\HUD\SetupUiShellModel.cs(44,17): warning CSENSE001: The symbol 'CanApply' is missing valid documentation [C:\Users\pierc\source\repos\archanox\LibreRally\LibreRally\LibreRally.csproj::TargetFramework=net10.0]
C:\Users\pierc\source\repos\archanox\LibreRally\LibreRally\HUD\SetupUiShellModel.cs(45,17): warning CSENSE001: The symbol 'CanResetToDefaults' is missing valid documentation [C:\Users\pierc\source\repos\archanox\LibreRally\LibreRally\LibreRally.csproj::TargetFramework=net10.0]
C:\Users\pierc\source\repos\archanox\LibreRally\LibreRally\HUD\SetupUiShellModel.cs(43,16): warning CSENSE001: The symbol 'NonDefaultChangeCount' is missing valid documentation [C:\Users\pierc\source\repos\archanox\LibreRally\LibreRally\LibreRally.csproj::TargetFramework=net10.0]
C:\Users\pierc\source\repos\archanox\LibreRally\LibreRally\HUD\SetupUiShellModel.cs(273,19): warning CSENSE001: The symbol 'Id' is missing valid documentation [C:\Users\pierc\source\repos\archanox\LibreRally\LibreRally\LibreRally.csproj::TargetFramework=net10.0]
C:\Users\pierc\source\repos\archanox\LibreRally\LibreRally\HUD\SetupUiShellModel.cs(271,21): warning CSENSE001: The symbol 'SetupUiFieldModel' is missing valid documentation [C:\Users\pierc\source\repos\archanox\LibreRally\LibreRally\LibreRally.csproj::TargetFramework=net10.0]
C:\Users\pierc\source\repos\archanox\LibreRally\LibreRally\HUD\SetupUiShellModel.cs(274,19): warning CSENSE001: The symbol 'Label' is missing valid documentation [C:\Users\pierc\source\repos\archanox\LibreRally\LibreRally\LibreRally.csproj::TargetFramework=net10.0]
C:\Users\pierc\source\repos\archanox\LibreRally\LibreRally\HUD\SetupUiShellModel.cs(275,19): warning CSENSE001: The symbol 'Description' is missing valid documentation [C:\Users\pierc\source\repos\archanox\LibreRally\LibreRally\LibreRally.csproj::TargetFramework=net10.0]
C:\Users\pierc\source\repos\archanox\LibreRally\LibreRally\HUD\SetupUiShellModel.cs(277,29): warning CSENSE001: The symbol 'ApplyMode' is missing valid documentation [C:\Users\pierc\source\repos\archanox\LibreRally\LibreRally\LibreRally.csproj::TargetFramework=net10.0]
C:\Users\pierc\source\repos\archanox\LibreRally\LibreRally\HUD\SetupUiShellModel.cs(276,30): warning CSENSE001: The symbol 'EditorKind' is missing valid documentation [C:\Users\pierc\source\repos\archanox\LibreRally\LibreRally\LibreRally.csproj::TargetFramework=net10.0]
C:\Users\pierc\source\repos\archanox\LibreRally\LibreRally\VehicleSpawner.cs(32,31): warning CSENSE001: The symbol 'PauseMenuEntry' is missing valid documentation [C:\Users\pierc\source\repos\archanox\LibreRally\LibreRally\LibreRally.csproj::TargetFramework=net10.0]
C:\Users\pierc\source\repos\archanox\LibreRally\LibreRally\HUD\SetupUiShellModel.cs(278,18): warning CSENSE001: The symbol 'NumericValue' is missing valid documentation [C:\Users\pierc\source\repos\archanox\LibreRally\LibreRally\LibreRally.csproj::TargetFramework=net10.0]
C:\Users\pierc\source\repos\archanox\LibreRally\LibreRally\HUD\SetupUiShellModel.cs(279,18): warning CSENSE001: The symbol 'RawNumericValue' is missing valid documentation [C:\Users\pierc\source\repos\archanox\LibreRally\LibreRally\LibreRally.csproj::TargetFramework=net10.0]
C:\Users\pierc\source\repos\archanox\LibreRally\LibreRally\HUD\SetupUiShellModel.cs(280,18): warning CSENSE001: The symbol 'Minimum' is missing valid documentation [C:\Users\pierc\source\repos\archanox\LibreRally\LibreRally\LibreRally.csproj::TargetFramework=net10.0]
C:\Users\pierc\source\repos\archanox\LibreRally\LibreRally\HUD\SetupUiShellModel.cs(281,18): warning CSENSE001: The symbol 'Maximum' is missing valid documentation [C:\Users\pierc\source\repos\archanox\LibreRally\LibreRally\LibreRally.csproj::TargetFramework=net10.0]
C:\Users\pierc\source\repos\archanox\LibreRally\LibreRally\HUD\SetupUiShellModel.cs(282,18): warning CSENSE001: The symbol 'Step' is missing valid documentation [C:\Users\pierc\source\repos\archanox\LibreRally\LibreRally\LibreRally.csproj::TargetFramework=net10.0]
C:\Users\pierc\source\repos\archanox\LibreRally\LibreRally\HUD\SetupUiShellModel.cs(283,19): warning CSENSE001: The symbol 'Unit' is missing valid documentation [C:\Users\pierc\source\repos\archanox\LibreRally\LibreRally\LibreRally.csproj::TargetFramework=net10.0]
C:\Users\pierc\source\repos\archanox\LibreRally\LibreRally\HUD\SetupUiShellModel.cs(284,17): warning CSENSE001: The symbol 'ToggleValue' is missing valid documentation [C:\Users\pierc\source\repos\archanox\LibreRally\LibreRally\LibreRally.csproj::TargetFramework=net10.0]
C:\Users\pierc\source\repos\archanox\LibreRally\LibreRally\HUD\SetupUiShellModel.cs(285,19): warning CSENSE001: The symbol 'ToggleOnLabel' is missing valid documentation [C:\Users\pierc\source\repos\archanox\LibreRally\LibreRally\LibreRally.csproj::TargetFramework=net10.0]
C:\Users\pierc\source\repos\archanox\LibreRally\LibreRally\HUD\SetupUiShellModel.cs(286,19): warning CSENSE001: The symbol 'ToggleOffLabel' is missing valid documentation [C:\Users\pierc\source\repos\archanox\LibreRally\LibreRally\LibreRally.csproj::TargetFramework=net10.0]
C:\Users\pierc\source\repos\archanox\LibreRally\LibreRally\HUD\SetupUiShellModel.cs(287,34): warning CSENSE001: The symbol 'ChoiceOptions' is missing valid documentation [C:\Users\pierc\source\repos\archanox\LibreRally\LibreRally\LibreRally.csproj::TargetFramework=net10.0]
C:\Users\pierc\source\repos\archanox\LibreRally\LibreRally\HUD\SetupUiShellModel.cs(288,16): warning CSENSE001: The symbol 'ChoiceIndex' is missing valid documentation [C:\Users\pierc\source\repos\archanox\LibreRally\LibreRally\LibreRally.csproj::TargetFramework=net10.0]
C:\Users\pierc\source\repos\archanox\LibreRally\LibreRally\HUD\SetupUiShellModel.cs(289,20): warning CSENSE001: The symbol 'BoundKey' is missing valid documentation [C:\Users\pierc\source\repos\archanox\LibreRally\LibreRally\LibreRally.csproj::TargetFramework=net10.0]
C:\Users\pierc\source\repos\archanox\LibreRally\LibreRally\HUD\SetupUiShellModel.cs(290,35): warning CSENSE001: The symbol 'BindingKind' is missing valid documentation [C:\Users\pierc\source\repos\archanox\LibreRally\LibreRally\LibreRally.csproj::TargetFramework=net10.0]
C:\Users\pierc\source\repos\archanox\LibreRally\LibreRally\VehicleSpawner.cs(28,5): warning CSENSE001: The symbol 'GarageSetup' is missing valid documentation [C:\Users\pierc\source\repos\archanox\LibreRally\LibreRally\LibreRally.csproj::TargetFramework=net10.0]
C:\Users\pierc\source\repos\archanox\LibreRally\LibreRally\HUD\SetupUiShellModel.cs(291,29): warning CSENSE001: The symbol 'Axle' is missing valid documentation [C:\Users\pierc\source\repos\archanox\LibreRally\LibreRally\LibreRally.csproj::TargetFramework=net10.0]
C:\Users\pierc\source\repos\archanox\LibreRally\LibreRally\HUD\SetupUiShellModel.cs(292,17): warning CSENSE001: The symbol 'IsBoundNumericField' is missing valid documentation [C:\Users\pierc\source\repos\archanox\LibreRally\LibreRally\LibreRally.csproj::TargetFramework=net10.0]
C:\Users\pierc\source\repos\archanox\LibreRally\LibreRally\HUD\SetupUiShellModel.cs(300,17): warning CSENSE001: The symbol 'CanResetToDefault' is missing valid documentation [C:\Users\pierc\source\repos\archanox\LibreRally\LibreRally\LibreRally.csproj::TargetFramework=net10.0]
C:\Users\pierc\source\repos\archanox\LibreRally\LibreRally\HUD\SetupUiShellModel.cs(293,19): warning CSENSE001: The symbol 'DefaultDisplayValue' is missing valid documentation [C:\Users\pierc\source\repos\archanox\LibreRally\LibreRally\LibreRally.csproj::TargetFramework=net10.0]
C:\Users\pierc\source\repos\archanox\LibreRally\LibreRally\HUD\SetupUiShellModel.cs(307,17): warning CSENSE001: The symbol 'IsDirty' is missing valid documentation [C:\Users\pierc\source\repos\archanox\LibreRally\LibreRally\LibreRally.csproj::TargetFramework=net10.0]
C:\Users\pierc\source\repos\archanox\LibreRally\LibreRally\Vehicle\VehicleSetupOverrides.cs(7,5): warning CSENSE001: The symbol 'Unspecified' is missing valid documentation [C:\Users\pierc\source\repos\archanox\LibreRally\LibreRally\LibreRally.csproj::TargetFramework=net10.0]
C:\Users\pierc\source\repos\archanox\LibreRally\LibreRally\HUD\SetupUiShellModel.cs(376,19): warning CSENSE001: The symbol 'DisplayValue' is missing valid documentation [C:\Users\pierc\source\repos\archanox\LibreRally\LibreRally\LibreRally.csproj::TargetFramework=net10.0]
C:\Users\pierc\source\repos\archanox\LibreRally\LibreRally\Vehicle\Content\BeamNgVehicleCatalog.cs(11,13): warning CSENSE001: The symbol 'BeamNgVehicleSourceKind' is missing valid documentation [C:\Users\pierc\source\repos\archanox\LibreRally\LibreRally\LibreRally.csproj::TargetFramework=net10.0]
C:\Users\pierc\source\repos\archanox\LibreRally\LibreRally\Vehicle\Content\BeamNgVehicleCatalog.cs(13,5): warning CSENSE001: The symbol 'Folder' is missing valid documentation [C:\Users\pierc\source\repos\archanox\LibreRally\LibreRally\LibreRally.csproj::TargetFramework=net10.0]
C:\Users\pierc\source\repos\archanox\LibreRally\LibreRally\Vehicle\Content\BeamNgVehicleCatalog.cs(17,22): warning CSENSE001: The symbol 'BeamNgVehicleDescriptor' is missing valid documentation [C:\Users\pierc\source\repos\archanox\LibreRally\LibreRally\LibreRally.csproj::TargetFramework=net10.0]
C:\Users\pierc\source\repos\archanox\LibreRally\LibreRally\Vehicle\Content\BeamNgVehicleCatalog.cs(23,19): warning CSENSE001: The symbol 'DisplayName' is missing valid documentation [C:\Users\pierc\source\repos\archanox\LibreRally\LibreRally\LibreRally.csproj::TargetFramework=net10.0]
C:\Users\pierc\source\repos\archanox\LibreRally\LibreRally\Vehicle\Content\BeamNgVehicleCatalog.cs(28,21): warning CSENSE001: The symbol 'BeamNgResolvedVehicle' is missing valid documentation [C:\Users\pierc\source\repos\archanox\LibreRally\LibreRally\LibreRally.csproj::TargetFramework=net10.0]
C:\Users\pierc\source\repos\archanox\LibreRally\LibreRally\Vehicle\Content\BeamNgVehicleCatalog.cs(14,5): warning CSENSE001: The symbol 'ZipArchive' is missing valid documentation [C:\Users\pierc\source\repos\archanox\LibreRally\LibreRally\LibreRally.csproj::TargetFramework=net10.0]
C:\Users\pierc\source\repos\archanox\LibreRally\LibreRally\Vehicle\Content\BeamNgVehicleCatalog.cs(48,19): warning CSENSE001: The symbol 'VehicleId' is missing valid documentation [C:\Users\pierc\source\repos\archanox\LibreRally\LibreRally\LibreRally.csproj::TargetFramework=net10.0]
C:\Users\pierc\source\repos\archanox\LibreRally\LibreRally\Vehicle\Content\BeamNgVehicleCatalog.cs(49,19): warning CSENSE001: The symbol 'VehicleFolderPath' is missing valid documentation [C:\Users\pierc\source\repos\archanox\LibreRally\LibreRally\LibreRally.csproj::TargetFramework=net10.0]
C:\Users\pierc\source\repos\archanox\LibreRally\LibreRally\HUD\SetupUiShellModel.cs(384,19): warning CSENSE001: The symbol 'ApplyHint' is missing valid documentation [C:\Users\pierc\source\repos\archanox\LibreRally\LibreRally\LibreRally.csproj::TargetFramework=net10.0]
C:\Users\pierc\source\repos\archanox\LibreRally\LibreRally\Vehicle\Content\BeamNgVehicleCatalog.cs(51,34): warning CSENSE001: The symbol 'VehiclesRootDirectories' is missing valid documentation [C:\Users\pierc\source\repos\archanox\LibreRally\LibreRally\LibreRally.csproj::TargetFramework=net10.0]
C:\Users\pierc\source\repos\archanox\LibreRally\LibreRally\Vehicle\Content\BeamNgVehicleCatalog.cs(50,34): warning CSENSE001: The symbol 'JBeamSearchFolders' is missing valid documentation [C:\Users\pierc\source\repos\archanox\LibreRally\LibreRally\LibreRally.csproj::TargetFramework=net10.0]
C:\Users\pierc\source\repos\archanox\LibreRally\LibreRally\Vehicle\Content\BeamNgVehicleCatalog.cs(52,19): warning CSENSE001: The symbol 'SourceDescription' is missing valid documentation [C:\Users\pierc\source\repos\archanox\LibreRally\LibreRally\LibreRally.csproj::TargetFramework=net10.0]
C:\Users\pierc\source\repos\archanox\LibreRally\LibreRally\HUD\SetupUiShellOverlay.cs(16,21): warning CSENSE001: The symbol 'SetupUiShellOverlay' is missing valid documentation [C:\Users\pierc\source\repos\archanox\LibreRally\LibreRally\LibreRally.csproj::TargetFramework=net10.0]
C:\Users\pierc\source\repos\archanox\LibreRally\LibreRally\HUD\SetupUiShellOverlay.cs(62,41): warning CSENSE001: The symbol 'ApplyRequested' is missing valid documentation [C:\Users\pierc\source\repos\archanox\LibreRally\LibreRally\LibreRally.csproj::TargetFramework=net10.0]
C:\Users\pierc\source\repos\archanox\LibreRally\LibreRally\HUD\SetupUiShellOverlay.cs(63,20): warning CSENSE001: The symbol 'CloseRequested' is missing valid documentation [C:\Users\pierc\source\repos\archanox\LibreRally\LibreRally\LibreRally.csproj::TargetFramework=net10.0]
C:\Users\pierc\source\repos\archanox\LibreRally\LibreRally\HUD\SetupUiShellOverlay.cs(78,19): warning CSENSE001: The symbol 'StatusText' is missing valid documentation [C:\Users\pierc\source\repos\archanox\LibreRally\LibreRally\LibreRally.csproj::TargetFramework=net10.0]
C:\Users\pierc\source\repos\archanox\LibreRally\LibreRally\HUD\SetupUiShellOverlay.cs(88,19): warning CSENSE001: The symbol 'VehicleName' is missing valid documentation [C:\Users\pierc\source\repos\archanox\LibreRally\LibreRally\LibreRally.csproj::TargetFramework=net10.0]
C:\Users\pierc\source\repos\archanox\LibreRally\LibreRally\HUD\SetupUiShellOverlay.cs(65,17): warning CSENSE001: The symbol 'OverlayVisible' is missing valid documentation [C:\Users\pierc\source\repos\archanox\LibreRally\LibreRally\LibreRally.csproj::TargetFramework=net10.0]
C:\Users\pierc\source\repos\archanox\LibreRally\LibreRally\VehicleSpawner.cs(35,14): warning CSENSE001: The symbol 'VehicleSpawner' is missing valid documentation [C:\Users\pierc\source\repos\archanox\LibreRally\LibreRally\LibreRally.csproj::TargetFramework=net10.0]
C:\Users\pierc\source\repos\archanox\LibreRally\LibreRally\VehicleSpawner.cs(37,19): warning CSENSE001: The symbol 'VehicleFolderPath' is missing valid documentation [C:\Users\pierc\source\repos\archanox\LibreRally\LibreRally\LibreRally.csproj::TargetFramework=net10.0]
C:\Users\pierc\source\repos\archanox\LibreRally\LibreRally\VehicleSpawner.cs(46,20): warning CSENSE001: The symbol 'SpawnPosition' is missing valid documentation [C:\Users\pierc\source\repos\archanox\LibreRally\LibreRally\LibreRally.csproj::TargetFramework=net10.0]
C:\Users\pierc\source\repos\archanox\LibreRally\LibreRally\VehicleSpawner.cs(48,16): warning CSENSE001: The symbol 'OutGaugeDelayCentiseconds' is missing valid documentation [C:\Users\pierc\source\repos\archanox\LibreRally\LibreRally\LibreRally.csproj::TargetFramework=net10.0]
C:\Users\pierc\source\repos\archanox\LibreRally\LibreRally\VehicleSpawner.cs(50,16): warning CSENSE001: The symbol 'OutGaugePort' is missing valid documentation [C:\Users\pierc\source\repos\archanox\LibreRally\LibreRally\LibreRally.csproj::TargetFramework=net10.0]
C:\Users\pierc\source\repos\archanox\LibreRally\LibreRally\VehicleSpawner.cs(51,16): warning CSENSE001: The symbol 'OutGaugeId' is missing valid documentation [C:\Users\pierc\source\repos\archanox\LibreRally\LibreRally\LibreRally.csproj::TargetFramework=net10.0]
C:\Users\pierc\source\repos\archanox\LibreRally\LibreRally\VehicleSpawner.cs(52,17): warning CSENSE001: The symbol 'OutSimEnabled' is missing valid documentation [C:\Users\pierc\source\repos\archanox\LibreRally\LibreRally\LibreRally.csproj::TargetFramework=net10.0]
C:\Users\pierc\source\repos\archanox\LibreRally\LibreRally\VehicleSpawner.cs(49,19): warning CSENSE001: The symbol 'OutGaugeIp' is missing valid documentation [C:\Users\pierc\source\repos\archanox\LibreRally\LibreRally\LibreRally.csproj::TargetFramework=net10.0]
C:\Users\pierc\source\repos\archanox\LibreRally\LibreRally\VehicleSpawner.cs(53,16): warning CSENSE001: The symbol 'OutSimDelayCentiseconds' is missing valid documentation [C:\Users\pierc\source\repos\archanox\LibreRally\LibreRally\LibreRally.csproj::TargetFramework=net10.0]
C:\Users\pierc\source\repos\archanox\LibreRally\LibreRally\Vehicle\VehicleDefinition.cs(22,12): warning CSENSE002: The parameter 'Id1' is missing documentation [C:\Users\pierc\source\repos\archanox\LibreRally\LibreRally\LibreRally.csproj::TargetFramework=net10.0]
C:\Users\pierc\source\repos\archanox\LibreRally\LibreRally\Vehicle\VehicleDefinition.cs(23,12): warning CSENSE002: The parameter 'Id2' is missing documentation [C:\Users\pierc\source\repos\archanox\LibreRally\LibreRally\LibreRally.csproj::TargetFramework=net10.0]
C:\Users\pierc\source\repos\archanox\LibreRally\LibreRally\Vehicle\VehicleDefinition.cs(24,11): warning CSENSE002: The parameter 'Spring' is missing documentation [C:\Users\pierc\source\repos\archanox\LibreRally\LibreRally\LibreRally.csproj::TargetFramework=net10.0]
C:\Users\pierc\source\repos\archanox\LibreRally\LibreRally\Vehicle\VehicleDefinition.cs(25,11): warning CSENSE002: The parameter 'Damp' is missing documentation [C:\Users\pierc\source\repos\archanox\LibreRally\LibreRally\LibreRally.csproj::TargetFramework=net10.0]
C:\Users\pierc\source\repos\archanox\LibreRally\LibreRally\Vehicle\VehicleDefinition.cs(26,11): warning CSENSE002: The parameter 'DeformThreshold' is missing documentation [C:\Users\pierc\source\repos\archanox\LibreRally\LibreRally\LibreRally.csproj::TargetFramework=net10.0]
C:\Users\pierc\source\repos\archanox\LibreRally\LibreRally\Vehicle\VehicleDefinition.cs(27,11): warning CSENSE002: The parameter 'BreakStrength' is missing documentation [C:\Users\pierc\source\repos\archanox\LibreRally\LibreRally\LibreRally.csproj::TargetFramework=net10.0]
C:\Users\pierc\source\repos\archanox\LibreRally\LibreRally\Vehicle\VehicleDefinition.cs(28,12): warning CSENSE002: The parameter 'BeamType' is missing documentation [C:\Users\pierc\source\repos\archanox\LibreRally\LibreRally\LibreRally.csproj::TargetFramework=net10.0]
C:\Users\pierc\source\repos\archanox\LibreRally\LibreRally\Vehicle\VehicleDefinition.cs(29,12): warning CSENSE002: The parameter 'DeformGroup' is missing documentation [C:\Users\pierc\source\repos\archanox\LibreRally\LibreRally\LibreRally.csproj::TargetFramework=net10.0]
C:\Users\pierc\source\repos\archanox\LibreRally\LibreRally\VehicleSpawner.cs(54,19): warning CSENSE001: The symbol 'OutSimIp' is missing valid documentation [C:\Users\pierc\source\repos\archanox\LibreRally\LibreRally\LibreRally.csproj::TargetFramework=net10.0]
C:\Users\pierc\source\repos\archanox\LibreRally\LibreRally\VehicleSpawner.cs(55,16): warning CSENSE001: The symbol 'OutSimPort' is missing valid documentation [C:\Users\pierc\source\repos\archanox\LibreRally\LibreRally\LibreRally.csproj::TargetFramework=net10.0]
C:\Users\pierc\source\repos\archanox\LibreRally\LibreRally\VehicleSpawner.cs(56,16): warning CSENSE001: The symbol 'OutSimId' is missing valid documentation [C:\Users\pierc\source\repos\archanox\LibreRally\LibreRally\LibreRally.csproj::TargetFramework=net10.0]
C:\Users\pierc\source\repos\archanox\LibreRally\LibreRally\Vehicle\Content\BeamNgVehicleCatalog.cs(65,21): warning CSENSE001: The symbol 'BeamNgVehicleCatalog' is missing valid documentation [C:\Users\pierc\source\repos\archanox\LibreRally\LibreRally\LibreRally.csproj::TargetFramework=net10.0]
C:\Users\pierc\source\repos\archanox\LibreRally\LibreRally\VehicleSpawner.cs(47,17): warning CSENSE001: The symbol 'OutGaugeEnabled' is missing valid documentation [C:\Users\pierc\source\repos\archanox\LibreRally\LibreRally\LibreRally.csproj::TargetFramework=net10.0]
C:\Users\pierc\source\repos\archanox\LibreRally\LibreRally\Vehicle\VehicleDefinition.cs(49,15): warning CSENSE001: The symbol 'AssembledPartGearRatio' is missing valid documentation [C:\Users\pierc\source\repos\archanox\LibreRally\LibreRally\LibreRally.csproj::TargetFramework=net10.0]
C:\Users\pierc\source\repos\archanox\LibreRally\LibreRally\Vehicle\VehicleDefinition.cs(36,12): warning CSENSE002: The parameter 'MeshName' is missing documentation [C:\Users\pierc\source\repos\archanox\LibreRally\LibreRally\LibreRally.csproj::TargetFramework=net10.0]
C:\Users\pierc\source\repos\archanox\LibreRally\LibreRally\Vehicle\VehicleDefinition.cs(37,18): warning CSENSE002: The parameter 'NodeGroups' is missing documentation [C:\Users\pierc\source\repos\archanox\LibreRally\LibreRally\LibreRally.csproj::TargetFramework=net10.0]
C:\Users\pierc\source\repos\archanox\LibreRally\LibreRally\Vehicle\VehicleDefinition.cs(38,30): warning CSENSE002: The parameter 'Position' is missing documentation [C:\Users\pierc\source\repos\archanox\LibreRally\LibreRally\LibreRally.csproj::TargetFramework=net10.0]
C:\Users\pierc\source\repos\archanox\LibreRally\LibreRally\Vehicle\VehicleDefinition.cs(39,30): warning CSENSE002: The parameter 'Rotation' is missing documentation [C:\Users\pierc\source\repos\archanox\LibreRally\LibreRally\LibreRally.csproj::TargetFramework=net10.0]
C:\Users\pierc\source\repos\archanox\LibreRally\LibreRally\Vehicle\VehicleDefinition.cs(40,30): warning CSENSE002: The parameter 'Scale' is missing documentation [C:\Users\pierc\source\repos\archanox\LibreRally\LibreRally\LibreRally.csproj::TargetFramework=net10.0]
C:\Users\pierc\source\repos\archanox\LibreRally\LibreRally\Vehicle\VehicleDefinition.cs(41,12): warning CSENSE002: The parameter 'SourcePartName' is missing documentation [C:\Users\pierc\source\repos\archanox\LibreRally\LibreRally\LibreRally.csproj::TargetFramework=net10.0]
C:\Users\pierc\source\repos\archanox\LibreRally\LibreRally\Vehicle\VehicleDefinition.cs(42,12): warning CSENSE002: The parameter 'SourceSlotType' is missing documentation [C:\Users\pierc\source\repos\archanox\LibreRally\LibreRally\LibreRally.csproj::TargetFramework=net10.0]
C:\Users\pierc\source\repos\archanox\LibreRally\LibreRally\Vehicle\VehicleDefinition.cs(33,5): warning CSENSE020: The word 'Position' matches a parameter name and should be wrapped in <paramref name="Position" /> [C:\Users\pierc\source\repos\archanox\LibreRally\LibreRally\LibreRally.csproj::TargetFramework=net10.0]
C:\Users\pierc\source\repos\archanox\LibreRally\LibreRally\Vehicle\VehicleDefinition.cs(60,19): warning CSENSE001: The symbol 'Name' is missing valid documentation [C:\Users\pierc\source\repos\archanox\LibreRally\LibreRally\LibreRally.csproj::TargetFramework=net10.0]
C:\Users\pierc\source\repos\archanox\LibreRally\LibreRally\Vehicle\VehicleDefinition.cs(62,18): warning CSENSE019: The word 'True' should be replaced with <see langword="True" /> [C:\Users\pierc\source\repos\archanox\LibreRally\LibreRally\LibreRally.csproj::TargetFramework=net10.0]
C:\Users\pierc\source\repos\archanox\LibreRally\LibreRally\Vehicle\RallyCarComponent.cs(20,14): warning CSENSE001: The symbol 'RallyCarComponent' is missing valid documentation [C:\Users\pierc\source\repos\archanox\LibreRally\LibreRally\LibreRally.csproj::TargetFramework=net10.0]
C:\Users\pierc\source\repos\archanox\LibreRally\LibreRally\Vehicle\RallyCarComponent.cs(90,25): warning CSENSE001: The symbol 'BreakWheels' is missing valid documentation [C:\Users\pierc\source\repos\archanox\LibreRally\LibreRally\LibreRally.csproj::TargetFramework=net10.0]
C:\Users\pierc\source\repos\archanox\LibreRally\LibreRally\Vehicle\RallyCarComponent.cs(86,19): warning CSENSE001: The symbol 'CarBody' is missing valid documentation [C:\Users\pierc\source\repos\archanox\LibreRally\LibreRally\LibreRally.csproj::TargetFramework=net10.0]
C:\Users\pierc\source\repos\archanox\LibreRally\LibreRally\Vehicle\RallyCarComponent.cs(88,25): warning CSENSE001: The symbol 'SteerWheels' is missing valid documentation [C:\Users\pierc\source\repos\archanox\LibreRally\LibreRally\LibreRally.csproj::TargetFramework=net10.0]
C:\Users\pierc\source\repos\archanox\LibreRally\LibreRally\Vehicle\RallyCarComponent.cs(276,18): warning CSENSE001: The symbol 'SpeedKmh' is missing valid documentation [C:\Users\pierc\source\repos\archanox\LibreRally\LibreRally\LibreRally.csproj::TargetFramework=net10.0]
C:\Users\pierc\source\repos\archanox\LibreRally\LibreRally\Vehicle\RallyCarComponent.cs(277,18): warning CSENSE001: The symbol 'ForwardSpeedMs' is missing valid documentation [C:\Users\pierc\source\repos\archanox\LibreRally\LibreRally\LibreRally.csproj::TargetFramework=net10.0]
C:\Users\pierc\source\repos\archanox\LibreRally\LibreRally\Vehicle\RallyCarComponent.cs(278,18): warning CSENSE001: The symbol 'LateralSpeedMs' is missing valid documentation [C:\Users\pierc\source\repos\archanox\LibreRally\LibreRally\LibreRally.csproj::TargetFramework=net10.0]
C:\Users\pierc\source\repos\archanox\LibreRally\LibreRally\Vehicle\RallyCarComponent.cs(279,18): warning CSENSE001: The symbol 'YawRateRad' is missing valid documentation [C:\Users\pierc\source\repos\archanox\LibreRally\LibreRally\LibreRally.csproj::TargetFramework=net10.0]
C:\Users\pierc\source\repos\archanox\LibreRally\LibreRally\Vehicle\RallyCarComponent.cs(281,18): warning CSENSE001: The symbol 'ThrottleInput' is missing valid documentation [C:\Users\pierc\source\repos\archanox\LibreRally\LibreRally\LibreRally.csproj::TargetFramework=net10.0]
C:\Users\pierc\source\repos\archanox\LibreRally\LibreRally\Vehicle\RallyCarComponent.cs(282,18): warning CSENSE001: The symbol 'BrakeInput' is missing valid documentation [C:\Users\pierc\source\repos\archanox\LibreRally\LibreRally\LibreRally.csproj::TargetFramework=net10.0]
C:\Users\pierc\source\repos\archanox\LibreRally\LibreRally\Vehicle\RallyCarComponent.cs(280,18): warning CSENSE001: The symbol 'EngineRpm' is missing valid documentation [C:\Users\pierc\source\repos\archanox\LibreRally\LibreRally\LibreRally.csproj::TargetFramework=net10.0]
C:\Users\pierc\source\repos\archanox\LibreRally\LibreRally\Vehicle\RallyCarComponent.cs(284,18): warning CSENSE001: The symbol 'ServiceBrakeInput' is missing valid documentation [C:\Users\pierc\source\repos\archanox\LibreRally\LibreRally\LibreRally.csproj::TargetFramework=net10.0]
C:\Users\pierc\source\repos\archanox\LibreRally\LibreRally\Vehicle\RallyCarComponent.cs(285,18): warning CSENSE001: The symbol 'SteeringInput' is missing valid documentation [C:\Users\pierc\source\repos\archanox\LibreRally\LibreRally\LibreRally.csproj::TargetFramework=net10.0]
C:\Users\pierc\source\repos\archanox\LibreRally\LibreRally\Vehicle\RallyCarComponent.cs(283,18): warning CSENSE001: The symbol 'DriveInput' is missing valid documentation [C:\Users\pierc\source\repos\archanox\LibreRally\LibreRally\LibreRally.csproj::TargetFramework=net10.0]
C:\Users\pierc\source\repos\archanox\LibreRally\LibreRally\Vehicle\RallyCarComponent.cs(286,18): warning CSENSE001: The symbol 'SteeringRack' is missing valid documentation [C:\Users\pierc\source\repos\archanox\LibreRally\LibreRally\LibreRally.csproj::TargetFramework=net10.0]
C:\Users\pierc\source\repos\archanox\LibreRally\LibreRally\Vehicle\RallyCarComponent.cs(288,17): warning CSENSE001: The symbol 'HandbrakeEngaged' is missing valid documentation [C:\Users\pierc\source\repos\archanox\LibreRally\LibreRally\LibreRally.csproj::TargetFramework=net10.0]
C:\Users\pierc\source\repos\archanox\LibreRally\LibreRally\Vehicle\RallyCarComponent.cs(287,18): warning CSENSE001: The symbol 'DrivelineRpm' is missing valid documentation [C:\Users\pierc\source\repos\archanox\LibreRally\LibreRally\LibreRally.csproj::TargetFramework=net10.0]
C:\Users\pierc\source\repos\archanox\LibreRally\LibreRally\Vehicle\RallyCarComponent.cs(289,17): warning CSENSE001: The symbol 'TractionLossDetected' is missing valid documentation [C:\Users\pierc\source\repos\archanox\LibreRally\LibreRally\LibreRally.csproj::TargetFramework=net10.0]
C:\Users\pierc\source\repos\archanox\LibreRally\LibreRally\Vehicle\RallyCarComponent.cs(290,17): warning CSENSE001: The symbol 'TractionControlActive' is missing valid documentation [C:\Users\pierc\source\repos\archanox\LibreRally\LibreRally\LibreRally.csproj::TargetFramework=net10.0]
C:\Users\pierc\source\repos\archanox\LibreRally\LibreRally\Vehicle\RallyCarComponent.cs(87,25): warning CSENSE001: The symbol 'Wheels' is missing valid documentation [C:\Users\pierc\source\repos\archanox\LibreRally\LibreRally\LibreRally.csproj::TargetFramework=net10.0]
C:\Users\pierc\source\repos\archanox\LibreRally\LibreRally\Vehicle\RallyCarComponent.cs(291,17): warning CSENSE001: The symbol 'AbsActive' is missing valid documentation [C:\Users\pierc\source\repos\archanox\LibreRally\LibreRally\LibreRally.csproj::TargetFramework=net10.0]
C:\Users\pierc\source\repos\archanox\LibreRally\LibreRally\Vehicle\RallyCarComponent.cs(293,18): warning CSENSE001: The symbol 'TractionControlTorqueScale' is missing valid documentation [C:\Users\pierc\source\repos\archanox\LibreRally\LibreRally\LibreRally.csproj::TargetFramework=net10.0]
C:\Users\pierc\source\repos\archanox\LibreRally\LibreRally\Vehicle\RallyCarComponent.cs(292,18): warning CSENSE001: The symbol 'DrivenWheelSlipRatio' is missing valid documentation [C:\Users\pierc\source\repos\archanox\LibreRally\LibreRally\LibreRally.csproj::TargetFramework=net10.0]
C:\Users\pierc\source\repos\archanox\LibreRally\LibreRally\Vehicle\RallyCarComponent.cs(294,16): warning CSENSE001: The symbol 'CurrentGear' is missing valid documentation [C:\Users\pierc\source\repos\archanox\LibreRally\LibreRally\LibreRally.csproj::TargetFramework=net10.0]
C:\Users\pierc\source\repos\archanox\LibreRally\LibreRally\Vehicle\RallyCarComponent.cs(312,18): warning CSENSE001: The symbol 'DriveRatio' is missing valid documentation [C:\Users\pierc\source\repos\archanox\LibreRally\LibreRally\LibreRally.csproj::TargetFramework=net10.0]
C:\Users\pierc\source\repos\archanox\LibreRally\LibreRally\Vehicle\RallyCarComponent.cs(89,25): warning CSENSE001: The symbol 'DriveWheels' is missing valid documentation [C:\Users\pierc\source\repos\archanox\LibreRally\LibreRally\LibreRally.csproj::TargetFramework=net10.0]
C:\Users\pierc\source\repos\archanox\LibreRally\LibreRally\Vehicle\VehicleDefinition.cs(44,15): warning CSENSE001: The symbol 'AssembledPressureWheelOptions' is missing valid documentation [C:\Users\pierc\source\repos\archanox\LibreRally\LibreRally\LibreRally.csproj::TargetFramework=net10.0]
C:\Users\pierc\source\repos\archanox\LibreRally\LibreRally\Vehicle\VehicleDefinition.cs(85,19): warning CSENSE001: The symbol 'VehicleName' is missing valid documentation [C:\Users\pierc\source\repos\archanox\LibreRally\LibreRally\LibreRally.csproj::TargetFramework=net10.0]
C:\Users\pierc\source\repos\archanox\LibreRally\LibreRally\Vehicle\VehiclePowertrainResolver.cs(12,17): warning CSENSE001: The symbol 'DriveRearAxle' is missing valid documentation [C:\Users\pierc\source\repos\archanox\LibreRally\LibreRally\LibreRally.csproj::TargetFramework=net10.0]
C:\Users\pierc\source\repos\archanox\LibreRally\LibreRally\Vehicle\VehiclePowertrainResolver.cs(13,21): warning CSENSE001: The symbol 'DrivenWheelKeys' is missing valid documentation [C:\Users\pierc\source\repos\archanox\LibreRally\LibreRally\LibreRally.csproj::TargetFramework=net10.0]
C:\Users\pierc\source\repos\archanox\LibreRally\LibreRally\Vehicle\VehiclePowertrainResolver.cs(9,21): warning CSENSE001: The symbol 'VehiclePowertrainSetup' is missing valid documentation [C:\Users\pierc\source\repos\archanox\LibreRally\LibreRally\LibreRally.csproj::TargetFramework=net10.0]
C:\Users\pierc\source\repos\archanox\LibreRally\LibreRally\Vehicle\VehiclePowertrainResolver.cs(14,20): warning CSENSE001: The symbol 'GearRatios' is missing valid documentation [C:\Users\pierc\source\repos\archanox\LibreRally\LibreRally\LibreRally.csproj::TargetFramework=net10.0]
C:\Users\pierc\source\repos\archanox\LibreRally\LibreRally\Vehicle\VehiclePowertrainResolver.cs(15,18): warning CSENSE001: The symbol 'FinalDrive' is missing valid documentation [C:\Users\pierc\source\repos\archanox\LibreRally\LibreRally\LibreRally.csproj::TargetFramework=net10.0]
C:\Users\pierc\source\repos\archanox\LibreRally\LibreRally\Vehicle\VehiclePowertrainResolver.cs(16,20): warning CSENSE001: The symbol 'TorqueCurveRpm' is missing valid documentation [C:\Users\pierc\source\repos\archanox\LibreRally\LibreRally\LibreRally.csproj::TargetFramework=net10.0]
C:\Users\pierc\source\repos\archanox\LibreRally\LibreRally\Vehicle\VehiclePowertrainResolver.cs(17,20): warning CSENSE001: The symbol 'TorqueCurveNm' is missing valid documentation [C:\Users\pierc\source\repos\archanox\LibreRally\LibreRally\LibreRally.csproj::TargetFramework=net10.0]
C:\Users\pierc\source\repos\archanox\LibreRally\LibreRally\Vehicle\VehiclePowertrainResolver.cs(18,18): warning CSENSE001: The symbol 'MaxRpm' is missing valid documentation [C:\Users\pierc\source\repos\archanox\LibreRally\LibreRally\LibreRally.csproj::TargetFramework=net10.0]
C:\Users\pierc\source\repos\archanox\LibreRally\LibreRally\Vehicle\VehiclePowertrainResolver.cs(19,18): warning CSENSE001: The symbol 'IdleRpm' is missing valid documentation [C:\Users\pierc\source\repos\archanox\LibreRally\LibreRally\LibreRally.csproj::TargetFramework=net10.0]
C:\Users\pierc\source\repos\archanox\LibreRally\LibreRally\Vehicle\VehiclePowertrainResolver.cs(20,18): warning CSENSE001: The symbol 'EngineInertia' is missing valid documentation [C:\Users\pierc\source\repos\archanox\LibreRally\LibreRally\LibreRally.csproj::TargetFramework=net10.0]
C:\Users\pierc\source\repos\archanox\LibreRally\LibreRally\Vehicle\VehiclePowertrainResolver.cs(21,18): warning CSENSE001: The symbol 'EngineFriction' is missing valid documentation [C:\Users\pierc\source\repos\archanox\LibreRally\LibreRally\LibreRally.csproj::TargetFramework=net10.0]
C:\Users\pierc\source\repos\archanox\LibreRally\LibreRally\Vehicle\VehiclePowertrainResolver.cs(23,18): warning CSENSE001: The symbol 'EngineBrakeTorque' is missing valid documentation [C:\Users\pierc\source\repos\archanox\LibreRally\LibreRally\LibreRally.csproj::TargetFramework=net10.0]
C:\Users\pierc\source\repos\archanox\LibreRally\LibreRally\Vehicle\VehiclePowertrainResolver.cs(22,18): warning CSENSE001: The symbol 'EngineDynamicFriction' is missing valid documentation [C:\Users\pierc\source\repos\archanox\LibreRally\LibreRally\LibreRally.csproj::TargetFramework=net10.0]
C:\Users\pierc\source\repos\archanox\LibreRally\LibreRally\Vehicle\VehiclePowertrainResolver.cs(24,18): warning CSENSE001: The symbol 'AutoClutchLaunchRpm' is missing valid documentation [C:\Users\pierc\source\repos\archanox\LibreRally\LibreRally\LibreRally.csproj::TargetFramework=net10.0]
C:\Users\pierc\source\repos\archanox\LibreRally\LibreRally\Vehicle\VehiclePowertrainResolver.cs(26,18): warning CSENSE001: The symbol 'ShiftDownRpm' is missing valid documentation [C:\Users\pierc\source\repos\archanox\LibreRally\LibreRally\LibreRally.csproj::TargetFramework=net10.0]
C:\Users\pierc\source\repos\archanox\LibreRally\LibreRally\Vehicle\VehiclePowertrainResolver.cs(25,18): warning CSENSE001: The symbol 'ShiftUpRpm' is missing valid documentation [C:\Users\pierc\source\repos\archanox\LibreRally\LibreRally\LibreRally.csproj::TargetFramework=net10.0]
C:\Users\pierc\source\repos\archanox\LibreRally\LibreRally\Vehicle\VehiclePowertrainResolver.cs(27,31): warning CSENSE001: The symbol 'FrontDiff' is missing valid documentation [C:\Users\pierc\source\repos\archanox\LibreRally\LibreRally\LibreRally.csproj::TargetFramework=net10.0]
C:\Users\pierc\source\repos\archanox\LibreRally\LibreRally\Vehicle\VehiclePowertrainResolver.cs(28,31): warning CSENSE001: The symbol 'RearDiff' is missing valid documentation [C:\Users\pierc\source\repos\archanox\LibreRally\LibreRally\LibreRally.csproj::TargetFramework=net10.0]
C:\Users\pierc\source\repos\archanox\LibreRally\LibreRally\Vehicle\VehiclePowertrainResolver.cs(32,18): warning CSENSE001: The symbol 'OilVolumeLiters' is missing valid documentation [C:\Users\pierc\source\repos\archanox\LibreRally\LibreRally\LibreRally.csproj::TargetFramework=net10.0]
C:\Users\pierc\source\repos\archanox\LibreRally\LibreRally\Vehicle\VehiclePowertrainResolver.cs(29,31): warning CSENSE001: The symbol 'CenterDiff' is missing valid documentation [C:\Users\pierc\source\repos\archanox\LibreRally\LibreRally\LibreRally.csproj::TargetFramework=net10.0]
C:\Users\pierc\source\repos\archanox\LibreRally\LibreRally\Vehicle\VehiclePowertrainResolver.cs(33,18): warning CSENSE001: The symbol 'FuelCapacityLiters' is missing valid documentation [C:\Users\pierc\source\repos\archanox\LibreRally\LibreRally\LibreRally.csproj::TargetFramework=net10.0]
C:\Users\pierc\source\repos\archanox\LibreRally\LibreRally\Vehicle\VehiclePowertrainResolver.cs(34,18): warning CSENSE001: The symbol 'StartingFuelLiters' is missing valid documentation [C:\Users\pierc\source\repos\archanox\LibreRally\LibreRally\LibreRally.csproj::TargetFramework=net10.0]
C:\Users\pierc\source\repos\archanox\LibreRally\LibreRally\Vehicle\VehiclePowertrainResolver.cs(35,18): warning CSENSE001: The symbol 'EngineBlockTempDamageThreshold' is missing valid documentation [C:\Users\pierc\source\repos\archanox\LibreRally\LibreRally\LibreRally.csproj::TargetFramework=net10.0]
C:\Users\pierc\source\repos\archanox\LibreRally\LibreRally\Vehicle\VehiclePowertrainResolver.cs(36,18): warning CSENSE001: The symbol 'AirRegulatorTemperature' is missing valid documentation [C:\Users\pierc\source\repos\archanox\LibreRally\LibreRally\LibreRally.csproj::TargetFramework=net10.0]
C:\Users\pierc\source\repos\archanox\LibreRally\LibreRally\Vehicle\VehiclePowertrainResolver.cs(37,18): warning CSENSE001: The symbol 'EngineBlockAirCoolingEfficiency' is missing valid documentation [C:\Users\pierc\source\repos\archanox\LibreRally\LibreRally\LibreRally.csproj::TargetFramework=net10.0]
C:\Users\pierc\source\repos\archanox\LibreRally\LibreRally\Vehicle\VehiclePowertrainResolver.cs(11,17): warning CSENSE001: The symbol 'DriveFrontAxle' is missing valid documentation [C:\Users\pierc\source\repos\archanox\LibreRally\LibreRally\LibreRally.csproj::TargetFramework=net10.0]
C:\Users\pierc\source\repos\archanox\LibreRally\LibreRally\Vehicle\VehiclePowertrainResolver.cs(38,20): warning CSENSE001: The symbol 'BurnEfficiencyThrottle' is missing valid documentation [C:\Users\pierc\source\repos\archanox\LibreRally\LibreRally\LibreRally.csproj::TargetFramework=net10.0]
C:\Users\pierc\source\repos\archanox\LibreRally\LibreRally\Vehicle\VehiclePowertrainResolver.cs(39,20): warning CSENSE001: The symbol 'BurnEfficiencyValues' is missing valid documentation [C:\Users\pierc\source\repos\archanox\LibreRally\LibreRally\LibreRally.csproj::TargetFramework=net10.0]
C:\Users\pierc\source\repos\archanox\LibreRally\LibreRally\Vehicle\VehiclePowertrainResolver.cs(42,17): warning CSENSE001: The symbol 'HasTurbo' is missing valid documentation [C:\Users\pierc\source\repos\archanox\LibreRally\LibreRally\LibreRally.csproj::TargetFramework=net10.0]
C:\Users\pierc\source\repos\archanox\LibreRally\LibreRally\Vehicle\VehiclePowertrainResolver.cs(43,18): warning CSENSE001: The symbol 'TurboMaxBoostPsi' is missing valid documentation [C:\Users\pierc\source\repos\archanox\LibreRally\LibreRally\LibreRally.csproj::TargetFramework=net10.0]
C:\Users\pierc\source\repos\archanox\LibreRally\LibreRally\Vehicle\Rendering\ColladaLoader.cs(18,19): warning CSENSE001: The symbol 'MaterialName' is missing valid documentation [C:\Users\pierc\source\repos\archanox\LibreRally\LibreRally\LibreRally.csproj::TargetFramework=net10.0]
C:\Users\pierc\source\repos\archanox\LibreRally\LibreRally\Vehicle\Rendering\ColladaLoader.cs(16,19): warning CSENSE001: The symbol 'Name' is missing valid documentation [C:\Users\pierc\source\repos\archanox\LibreRally\LibreRally\LibreRally.csproj::TargetFramework=net10.0]
C:\Users\pierc\source\repos\archanox\LibreRally\LibreRally\Vehicle\Rendering\ColladaLoader.cs(17,19): warning CSENSE001: The symbol 'GeometryName' is missing valid documentation [C:\Users\pierc\source\repos\archanox\LibreRally\LibreRally\LibreRally.csproj::TargetFramework=net10.0]
C:\Users\pierc\source\repos\archanox\LibreRally\LibreRally\Vehicle\Rendering\ColladaLoader.cs(11,37): warning CSENSE002: The parameter 'Position' is missing documentation [C:\Users\pierc\source\repos\archanox\LibreRally\LibreRally\LibreRally.csproj::TargetFramework=net10.0]
C:\Users\pierc\source\repos\archanox\LibreRally\LibreRally\Vehicle\Rendering\ColladaLoader.cs(11,55): warning CSENSE002: The parameter 'Normal' is missing documentation [C:\Users\pierc\source\repos\archanox\LibreRally\LibreRally\LibreRally.csproj::TargetFramework=net10.0]
C:\Users\pierc\source\repos\archanox\LibreRally\LibreRally\Vehicle\Rendering\ColladaLoader.cs(11,71): warning CSENSE002: The parameter 'TexCoord' is missing documentation [C:\Users\pierc\source\repos\archanox\LibreRally\LibreRally\LibreRally.csproj::TargetFramework=net10.0]
C:\Users\pierc\source\repos\archanox\LibreRally\LibreRally\Vehicle\Rendering\ColladaLoader.cs(10,26): warning CSENSE020: The word 'position' matches a parameter name and should be wrapped in <paramref name="Position" /> [C:\Users\pierc\source\repos\archanox\LibreRally\LibreRally\LibreRally.csproj::TargetFramework=net10.0]
C:\Users\pierc\source\repos\archanox\LibreRally\LibreRally\Vehicle\Rendering\ColladaLoader.cs(10,36): warning CSENSE020: The word 'normal' matches a parameter name and should be wrapped in <paramref name="Normal" /> [C:\Users\pierc\source\repos\archanox\LibreRally\LibreRally\LibreRally.csproj::TargetFramework=net10.0]
C:\Users\pierc\source\repos\archanox\LibreRally\LibreRally\Vehicle\Rendering\ColladaLoader.cs(20,17): warning CSENSE001: The symbol 'HasBakedTransform' is missing valid documentation [C:\Users\pierc\source\repos\archanox\LibreRally\LibreRally\LibreRally.csproj::TargetFramework=net10.0]
C:\Users\pierc\source\repos\archanox\LibreRally\LibreRally\Vehicle\Rendering\ColladaLoader.cs(21,32): warning CSENSE001: The symbol 'Vertices' is missing valid documentation [C:\Users\pierc\source\repos\archanox\LibreRally\LibreRally\LibreRally.csproj::TargetFramework=net10.0]
C:\Users\pierc\source\repos\archanox\LibreRally\LibreRally\Vehicle\Rendering\ColladaLoader.cs(22,22): warning CSENSE001: The symbol 'Indices' is missing valid documentation [C:\Users\pierc\source\repos\archanox\LibreRally\LibreRally\LibreRally.csproj::TargetFramework=net10.0]
C:\Users\pierc\source\repos\archanox\LibreRally\LibreRally\Vehicle\Rendering\ColladaLoader.cs(19,19): warning CSENSE001: The symbol 'SceneNodeName' is missing valid documentation [C:\Users\pierc\source\repos\archanox\LibreRally\LibreRally\LibreRally.csproj::TargetFramework=net10.0]
C:\Users\pierc\source\repos\archanox\LibreRally\LibreRally\Vehicle\VehiclePowertrainResolver.cs(46,21): warning CSENSE001: The symbol 'VehiclePowertrainResolver' is missing valid documentation [C:\Users\pierc\source\repos\archanox\LibreRally\LibreRally\LibreRally.csproj::TargetFramework=net10.0]
C:\Users\pierc\source\repos\archanox\LibreRally\LibreRally\Vehicle\JBeam\JBeamAssembler.cs(15,16): warning CSENSE007: The cref reference 'VehiclePhysicsBuilder' could not be resolved [C:\Users\pierc\source\repos\archanox\LibreRally\LibreRally\LibreRally.csproj::TargetFramework=net10.0]
C:\Users\pierc\source\repos\archanox\LibreRally\LibreRally\Vehicle\JBeam\JBeamData.cs(8,11): warning CSENSE002: The parameter 'Weight' is missing documentation [C:\Users\pierc\source\repos\archanox\LibreRally\LibreRally\LibreRally.csproj::TargetFramework=net10.0]
C:\Users\pierc\source\repos\archanox\LibreRally\LibreRally\Vehicle\JBeam\JBeamData.cs(9,10): warning CSENSE002: The parameter 'Collision' is missing documentation [C:\Users\pierc\source\repos\archanox\LibreRally\LibreRally\LibreRally.csproj::TargetFramework=net10.0]
C:\Users\pierc\source\repos\archanox\LibreRally\LibreRally\Vehicle\JBeam\JBeamData.cs(10,10): warning CSENSE002: The parameter 'SelfCollision' is missing documentation [C:\Users\pierc\source\repos\archanox\LibreRally\LibreRally\LibreRally.csproj::TargetFramework=net10.0]
C:\Users\pierc\source\repos\archanox\LibreRally\LibreRally\Vehicle\JBeam\JBeamData.cs(11,12): warning CSENSE002: The parameter 'Material' is missing documentation [C:\Users\pierc\source\repos\archanox\LibreRally\LibreRally\LibreRally.csproj::TargetFramework=net10.0]
C:\Users\pierc\source\repos\archanox\LibreRally\LibreRally\Vehicle\JBeam\JBeamData.cs(12,11): warning CSENSE002: The parameter 'FrictionCoef' is missing documentation [C:\Users\pierc\source\repos\archanox\LibreRally\LibreRally\LibreRally.csproj::TargetFramework=net10.0]
C:\Users\pierc\source\repos\archanox\LibreRally\LibreRally\Vehicle\JBeam\JBeamData.cs(13,18): warning CSENSE002: The parameter 'Groups' is missing documentation [C:\Users\pierc\source\repos\archanox\LibreRally\LibreRally\LibreRally.csproj::TargetFramework=net10.0]
C:\Users\pierc\source\repos\archanox\LibreRally\LibreRally\Vehicle\VehicleSetupCatalog.cs(8,13): warning CSENSE001: The symbol 'VehicleSetupApplyMode' is missing valid documentation [C:\Users\pierc\source\repos\archanox\LibreRally\LibreRally\LibreRally.csproj::TargetFramework=net10.0]
C:\Users\pierc\source\repos\archanox\LibreRally\LibreRally\Vehicle\VehicleSetupCatalog.cs(14,13): warning CSENSE001: The symbol 'VehicleSetupEntryKind' is missing valid documentation [C:\Users\pierc\source\repos\archanox\LibreRally\LibreRally\LibreRally.csproj::TargetFramework=net10.0]
C:\Users\pierc\source\repos\archanox\LibreRally\LibreRally\Vehicle\VehicleSetupCatalog.cs(16,5): warning CSENSE001: The symbol 'Variable' is missing valid documentation [C:\Users\pierc\source\repos\archanox\LibreRally\LibreRally\LibreRally.csproj::TargetFramework=net10.0]
C:\Users\pierc\source\repos\archanox\LibreRally\LibreRally\Vehicle\VehicleSetupCatalog.cs(17,5): warning CSENSE001: The symbol 'TyrePressure' is missing valid documentation [C:\Users\pierc\source\repos\archanox\LibreRally\LibreRally\LibreRally.csproj::TargetFramework=net10.0]
C:\Users\pierc\source\repos\archanox\LibreRally\LibreRally\Vehicle\JBeam\JBeamData.cs(15,21): warning CSENSE001: The symbol 'NodeDefaults' is missing valid documentation [C:\Users\pierc\source\repos\archanox\LibreRally\LibreRally\LibreRally.csproj::TargetFramework=net10.0]
C:\Users\pierc\source\repos\archanox\LibreRally\LibreRally\Vehicle\JBeam\JBeamData.cs(17,34): warning CSENSE001: The symbol 'Default' is missing valid documentation [C:\Users\pierc\source\repos\archanox\LibreRally\LibreRally\LibreRally.csproj::TargetFramework=net10.0]
C:\Users\pierc\source\repos\archanox\LibreRally\LibreRally\Vehicle\JBeam\JBeamData.cs(28,12): warning CSENSE002: The parameter 'Id' is missing documentation [C:\Users\pierc\source\repos\archanox\LibreRally\LibreRally\LibreRally.csproj::TargetFramework=net10.0]
C:\Users\pierc\source\repos\archanox\LibreRally\LibreRally\Vehicle\JBeam\JBeamData.cs(29,13): warning CSENSE002: The parameter 'Position' is missing documentation [C:\Users\pierc\source\repos\archanox\LibreRally\LibreRally\LibreRally.csproj::TargetFramework=net10.0]
C:\Users\pierc\source\repos\archanox\LibreRally\LibreRally\Vehicle\JBeam\JBeamData.cs(30,20): warning CSENSE002: The parameter 'Properties' is missing documentation [C:\Users\pierc\source\repos\archanox\LibreRally\LibreRally\LibreRally.csproj::TargetFramework=net10.0]
C:\Users\pierc\source\repos\archanox\LibreRally\LibreRally\Vehicle\VehicleSetupCatalog.cs(10,5): warning CSENSE001: The symbol 'Live' is missing valid documentation [C:\Users\pierc\source\repos\archanox\LibreRally\LibreRally\LibreRally.csproj::TargetFramework=net10.0]
C:\Users\pierc\source\repos\archanox\LibreRally\LibreRally\Vehicle\VehicleSetupCatalog.cs(20,22): warning CSENSE001: The symbol 'VehicleSetupEntry' is missing valid documentation [C:\Users\pierc\source\repos\archanox\LibreRally\LibreRally\LibreRally.csproj::TargetFramework=net10.0]
C:\Users\pierc\source\repos\archanox\LibreRally\LibreRally\Vehicle\JBeam\JBeamData.cs(43,21): warning CSENSE001: The symbol 'BeamDefaults' is missing valid documentation [C:\Users\pierc\source\repos\archanox\LibreRally\LibreRally\LibreRally.csproj::TargetFramework=net10.0]
C:\Users\pierc\source\repos\archanox\LibreRally\LibreRally\Vehicle\JBeam\JBeamData.cs(45,34): warning CSENSE001: The symbol 'Default' is missing valid documentation [C:\Users\pierc\source\repos\archanox\LibreRally\LibreRally\LibreRally.csproj::TargetFramework=net10.0]
C:\Users\pierc\source\repos\archanox\LibreRally\LibreRally\Vehicle\JBeam\JBeamData.cs(58,12): warning CSENSE002: The parameter 'Id1' is missing documentation [C:\Users\pierc\source\repos\archanox\LibreRally\LibreRally\LibreRally.csproj::TargetFramework=net10.0]
C:\Users\pierc\source\repos\archanox\LibreRally\LibreRally\Vehicle\JBeam\JBeamData.cs(59,12): warning CSENSE002: The parameter 'Id2' is missing documentation [C:\Users\pierc\source\repos\archanox\LibreRally\LibreRally\LibreRally.csproj::TargetFramework=net10.0]
C:\Users\pierc\source\repos\archanox\LibreRally\LibreRally\Vehicle\JBeam\JBeamData.cs(60,20): warning CSENSE002: The parameter 'Properties' is missing documentation [C:\Users\pierc\source\repos\archanox\LibreRally\LibreRally\LibreRally.csproj::TargetFramework=net10.0]
C:\Users\pierc\source\repos\archanox\LibreRally\LibreRally\Vehicle\VehicleSetupCatalog.cs(39,22): warning CSENSE001: The symbol 'VehicleSetupCategory' is missing valid documentation [C:\Users\pierc\source\repos\archanox\LibreRally\LibreRally\LibreRally.csproj::TargetFramework=net10.0]
C:\Users\pierc\source\repos\archanox\LibreRally\LibreRally\Vehicle\JBeam\JBeamData.cs(34,11): warning CSENSE002: The parameter 'Spring' is missing documentation [C:\Users\pierc\source\repos\archanox\LibreRally\LibreRally\LibreRally.csproj::TargetFramework=net10.0]
C:\Users\pierc\source\repos\archanox\LibreRally\LibreRally\Vehicle\JBeam\JBeamData.cs(35,11): warning CSENSE002: The parameter 'Damp' is missing documentation [C:\Users\pierc\source\repos\archanox\LibreRally\LibreRally\LibreRally.csproj::TargetFramework=net10.0]
C:\Users\pierc\source\repos\archanox\LibreRally\LibreRally\Vehicle\JBeam\JBeamData.cs(36,11): warning CSENSE002: The parameter 'Deform' is missing documentation [C:\Users\pierc\source\repos\archanox\LibreRally\LibreRally\LibreRally.csproj::TargetFramework=net10.0]
C:\Users\pierc\source\repos\archanox\LibreRally\LibreRally\Vehicle\JBeam\JBeamData.cs(37,11): warning CSENSE002: The parameter 'Strength' is missing documentation [C:\Users\pierc\source\repos\archanox\LibreRally\LibreRally\LibreRally.csproj::TargetFramework=net10.0]
C:\Users\pierc\source\repos\archanox\LibreRally\LibreRally\Vehicle\JBeam\JBeamData.cs(38,12): warning CSENSE002: The parameter 'BeamType' is missing documentation [C:\Users\pierc\source\repos\archanox\LibreRally\LibreRally\LibreRally.csproj::TargetFramework=net10.0]
C:\Users\pierc\source\repos\archanox\LibreRally\LibreRally\Vehicle\JBeam\JBeamData.cs(39,12): warning CSENSE002: The parameter 'DeformGroup' is missing documentation [C:\Users\pierc\source\repos\archanox\LibreRally\LibreRally\LibreRally.csproj::TargetFramework=net10.0]
C:\Users\pierc\source\repos\archanox\LibreRally\LibreRally\Vehicle\JBeam\JBeamData.cs(40,11): warning CSENSE002: The parameter 'DeformationTriggerRatio' is missing documentation [C:\Users\pierc\source\repos\archanox\LibreRally\LibreRally\LibreRally.csproj::TargetFramework=net10.0]
C:\Users\pierc\source\repos\archanox\LibreRally\LibreRally\Vehicle\JBeam\JBeamData.cs(41,10): warning CSENSE002: The parameter 'Optional' is missing documentation [C:\Users\pierc\source\repos\archanox\LibreRally\LibreRally\LibreRally.csproj::TargetFramework=net10.0]
C:\Users\pierc\source\repos\archanox\LibreRally\LibreRally\Vehicle\JBeam\JBeamData.cs(64,12): warning CSENSE002: The parameter 'Mesh' is missing documentation [C:\Users\pierc\source\repos\archanox\LibreRally\LibreRally\LibreRally.csproj::TargetFramework=net10.0]
C:\Users\pierc\source\repos\archanox\LibreRally\LibreRally\Vehicle\JBeam\JBeamData.cs(65,18): warning CSENSE002: The parameter 'Groups' is missing documentation [C:\Users\pierc\source\repos\archanox\LibreRally\LibreRally\LibreRally.csproj::TargetFramework=net10.0]
C:\Users\pierc\source\repos\archanox\LibreRally\LibreRally\Vehicle\JBeam\JBeamData.cs(66,30): warning CSENSE002: The parameter 'Position' is missing documentation [C:\Users\pierc\source\repos\archanox\LibreRally\LibreRally\LibreRally.csproj::TargetFramework=net10.0]
C:\Users\pierc\source\repos\archanox\LibreRally\LibreRally\Vehicle\JBeam\JBeamData.cs(67,30): warning CSENSE002: The parameter 'Rotation' is missing documentation [C:\Users\pierc\source\repos\archanox\LibreRally\LibreRally\LibreRally.csproj::TargetFramework=net10.0]
C:\Users\pierc\source\repos\archanox\LibreRally\LibreRally\Vehicle\JBeam\JBeamData.cs(68,30): warning CSENSE002: The parameter 'Scale' is missing documentation [C:\Users\pierc\source\repos\archanox\LibreRally\LibreRally\LibreRally.csproj::TargetFramework=net10.0]
C:\Users\pierc\source\repos\archanox\LibreRally\LibreRally\Vehicle\VehicleSetupCatalog.cs(46,21): warning CSENSE001: The symbol 'VehicleSetupCatalogBuilder' is missing valid documentation [C:\Users\pierc\source\repos\archanox\LibreRally\LibreRally\LibreRally.csproj::TargetFramework=net10.0]
C:\Users\pierc\source\repos\archanox\LibreRally\LibreRally\Vehicle\JBeam\JBeamData.cs(62,21): warning CSENSE020: The word 'mesh' matches a parameter name and should be wrapped in <paramref name="Mesh" /> [C:\Users\pierc\source\repos\archanox\LibreRally\LibreRally\LibreRally.csproj::TargetFramework=net10.0]
C:\Users\pierc\source\repos\archanox\LibreRally\LibreRally\Vehicle\JBeam\JBeamData.cs(62,58): warning CSENSE020: The word 'groups' matches a parameter name and should be wrapped in <paramref name="Groups" /> [C:\Users\pierc\source\repos\archanox\LibreRally\LibreRally\LibreRally.csproj::TargetFramework=net10.0]
C:\Users\pierc\source\repos\archanox\LibreRally\LibreRally\Vehicle\VehicleSetupOverrides.cs(5,13): warning CSENSE001: The symbol 'VehicleSetupAxle' is missing valid documentation [C:\Users\pierc\source\repos\archanox\LibreRally\LibreRally\LibreRally.csproj::TargetFramework=net10.0]
C:\Users\pierc\source\repos\archanox\LibreRally\LibreRally\Vehicle\VehicleSetupOverrides.cs(8,5): warning CSENSE001: The symbol 'Front' is missing valid documentation [C:\Users\pierc\source\repos\archanox\LibreRally\LibreRally\LibreRally.csproj::TargetFramework=net10.0]
C:\Users\pierc\source\repos\archanox\LibreRally\LibreRally\Vehicle\VehicleSetupOverrides.cs(9,5): warning CSENSE001: The symbol 'Rear' is missing valid documentation [C:\Users\pierc\source\repos\archanox\LibreRally\LibreRally\LibreRally.csproj::TargetFramework=net10.0]
C:\Users\pierc\source\repos\archanox\LibreRally\LibreRally\Vehicle\VehicleSetupOverrides.cs(12,21): warning CSENSE001: The symbol 'VehiclePressureWheelOverrides' is missing valid documentation [C:\Users\pierc\source\repos\archanox\LibreRally\LibreRally\LibreRally.csproj::TargetFramework=net10.0]
C:\Users\pierc\source\repos\archanox\LibreRally\LibreRally\Vehicle\VehicleSetupOverrides.cs(14,19): warning CSENSE001: The symbol 'PressurePsi' is missing valid documentation [C:\Users\pierc\source\repos\archanox\LibreRally\LibreRally\LibreRally.csproj::TargetFramework=net10.0]
C:\Users\pierc\source\repos\archanox\LibreRally\LibreRally\HUD\VehicleSelectionOverlay.cs(14,21): warning CSENSE001: The symbol 'VehicleSelectionOverlay' is missing valid documentation [C:\Users\pierc\source\repos\archanox\LibreRally\LibreRally\LibreRally.csproj::TargetFramework=net10.0]
C:\Users\pierc\source\repos\archanox\LibreRally\LibreRally\HUD\VehicleSelectionOverlay.cs(56,17): warning CSENSE001: The symbol 'OverlayVisible' is missing valid documentation [C:\Users\pierc\source\repos\archanox\LibreRally\LibreRally\LibreRally.csproj::TargetFramework=net10.0]
C:\Users\pierc\source\repos\archanox\LibreRally\LibreRally\HUD\VehicleSelectionOverlay.cs(34,51): warning CSENSE001: The symbol 'Vehicles' is missing valid documentation [C:\Users\pierc\source\repos\archanox\LibreRally\LibreRally\LibreRally.csproj::TargetFramework=net10.0]
C:\Users\pierc\source\repos\archanox\LibreRally\LibreRally\HUD\VehicleSelectionOverlay.cs(44,16): warning CSENSE001: The symbol 'SelectedIndex' is missing valid documentation [C:\Users\pierc\source\repos\archanox\LibreRally\LibreRally\LibreRally.csproj::TargetFramework=net10.0]
C:\Users\pierc\source\repos\archanox\LibreRally\LibreRally\HUD\VehicleSelectionOverlay.cs(76,25): warning CSENSE001: The symbol 'ItemActivated' is missing valid documentation [C:\Users\pierc\source\repos\archanox\LibreRally\LibreRally\LibreRally.csproj::TargetFramework=net10.0]
C:\Users\pierc\source\repos\archanox\LibreRally\LibreRally\Vehicle\VehicleSetupOverrides.cs(17,21): warning CSENSE001: The symbol 'VehicleSetupOverrides' is missing valid documentation [C:\Users\pierc\source\repos\archanox\LibreRally\LibreRally\LibreRally.csproj::TargetFramework=net10.0]
C:\Users\pierc\source\repos\archanox\LibreRally\LibreRally\Vehicle\VehicleSetupOverrides.cs(19,38): warning CSENSE001: The symbol 'VariableOverrides' is missing valid documentation [C:\Users\pierc\source\repos\archanox\LibreRally\LibreRally\LibreRally.csproj::TargetFramework=net10.0]
C:\Users\pierc\source\repos\archanox\LibreRally\LibreRally\Vehicle\VehicleSetupOverrides.cs(20,72): warning CSENSE001: The symbol 'PressureWheelOverrides' is missing valid documentation [C:\Users\pierc\source\repos\archanox\LibreRally\LibreRally\LibreRally.csproj::TargetFramework=net10.0]
C:\Users\pierc\source\repos\archanox\LibreRally\LibreRally\HUD\VehicleSelectionOverlay.cs(66,19): warning CSENSE001: The symbol 'StatusText' is missing valid documentation [C:\Users\pierc\source\repos\archanox\LibreRally\LibreRally\LibreRally.csproj::TargetFramework=net10.0]
C:\Users\pierc\source\repos\archanox\LibreRally\LibreRally\Vehicle\JBeam\JBeamData.cs(72,12): warning CSENSE002: The parameter 'Type' is missing documentation [C:\Users\pierc\source\repos\archanox\LibreRally\LibreRally\LibreRally.csproj::TargetFramework=net10.0]
C:\Users\pierc\source\repos\archanox\LibreRally\LibreRally\Vehicle\JBeam\JBeamData.cs(73,12): warning CSENSE002: The parameter 'Default' is missing documentation [C:\Users\pierc\source\repos\archanox\LibreRally\LibreRally\LibreRally.csproj::TargetFramework=net10.0]
C:\Users\pierc\source\repos\archanox\LibreRally\LibreRally\Vehicle\JBeam\JBeamData.cs(74,12): warning CSENSE002: The parameter 'Description' is missing documentation [C:\Users\pierc\source\repos\archanox\LibreRally\LibreRally\LibreRally.csproj::TargetFramework=net10.0]
C:\Users\pierc\source\repos\archanox\LibreRally\LibreRally\Vehicle\JBeam\JBeamData.cs(75,10): warning CSENSE002: The parameter 'CoreSlot' is missing documentation [C:\Users\pierc\source\repos\archanox\LibreRally\LibreRally\LibreRally.csproj::TargetFramework=net10.0]
C:\Users\pierc\source\repos\archanox\LibreRally\LibreRally\Vehicle\JBeam\JBeamData.cs(76,30): warning CSENSE002: The parameter 'NodeOffset' is missing documentation [C:\Users\pierc\source\repos\archanox\LibreRally\LibreRally\LibreRally.csproj::TargetFramework=net10.0]
C:\Users\pierc\source\repos\archanox\LibreRally\LibreRally\Vehicle\JBeam\JBeamData.cs(70,33): warning CSENSE020: The word 'type' matches a parameter name and should be wrapped in <paramref name="Type" /> [C:\Users\pierc\source\repos\archanox\LibreRally\LibreRally\LibreRally.csproj::TargetFramework=net10.0]
C:\Users\pierc\source\repos\archanox\LibreRally\LibreRally\Vehicle\JBeam\JBeamData.cs(70,39): warning CSENSE020: The word 'default' matches a parameter name and should be wrapped in <paramref name="Default" /> [C:\Users\pierc\source\repos\archanox\LibreRally\LibreRally\LibreRally.csproj::TargetFramework=net10.0]
C:\Users\pierc\source\repos\archanox\LibreRally\LibreRally\Vehicle\JBeam\JBeamData.cs(70,55): warning CSENSE020: The word 'description' matches a parameter name and should be wrapped in <paramref name="Description" /> [C:\Users\pierc\source\repos\archanox\LibreRally\LibreRally\LibreRally.csproj::TargetFramework=net10.0]
C:\Users\pierc\source\repos\archanox\LibreRally\LibreRally\Vehicle\JBeam\JBeamData.cs(78,15): warning CSENSE001: The symbol 'JBeamPowertrainDevice' is missing valid documentation [C:\Users\pierc\source\repos\archanox\LibreRally\LibreRally\LibreRally.csproj::TargetFramework=net10.0]
C:\Users\pierc\source\repos\archanox\LibreRally\LibreRally\Vehicle\JBeam\JBeamData.cs(90,15): warning CSENSE001: The symbol 'JBeamPressureWheel' is missing valid documentation [C:\Users\pierc\source\repos\archanox\LibreRally\LibreRally\LibreRally.csproj::TargetFramework=net10.0]
C:\Users\pierc\source\repos\archanox\LibreRally\LibreRally\Vehicle\VehicleSetupCatalog.cs(11,5): warning CSENSE001: The symbol 'Reload' is missing valid documentation [C:\Users\pierc\source\repos\archanox\LibreRally\LibreRally\LibreRally.csproj::TargetFramework=net10.0]
C:\Users\pierc\source\repos\archanox\LibreRally\LibreRally\Vehicle\JBeam\JBeamData.cs(102,14): warning CSENSE001: The symbol 'JBeamPressureWheelOptions' is missing valid documentation [C:\Users\pierc\source\repos\archanox\LibreRally\LibreRally\LibreRally.csproj::TargetFramework=net10.0]
C:\Users\pierc\source\repos\archanox\LibreRally\LibreRally\Vehicle\JBeam\JBeamData.cs(104,18): warning CSENSE001: The symbol 'HasTire' is missing valid documentation [C:\Users\pierc\source\repos\archanox\LibreRally\LibreRally\LibreRally.csproj::TargetFramework=net10.0]
C:\Users\pierc\source\repos\archanox\LibreRally\LibreRally\Vehicle\JBeam\JBeamData.cs(105,19): warning CSENSE001: The symbol 'Radius' is missing valid documentation [C:\Users\pierc\source\repos\archanox\LibreRally\LibreRally\LibreRally.csproj::TargetFramework=net10.0]
C:\Users\pierc\source\repos\archanox\LibreRally\LibreRally\Vehicle\JBeam\JBeamData.cs(106,19): warning CSENSE001: The symbol 'TireWidth' is missing valid documentation [C:\Users\pierc\source\repos\archanox\LibreRally\LibreRally\LibreRally.csproj::TargetFramework=net10.0]
C:\Users\pierc\source\repos\archanox\LibreRally\LibreRally\Vehicle\JBeam\JBeamData.cs(107,19): warning CSENSE001: The symbol 'PressurePsi' is missing valid documentation [C:\Users\pierc\source\repos\archanox\LibreRally\LibreRally\LibreRally.csproj::TargetFramework=net10.0]
C:\Users\pierc\source\repos\archanox\LibreRally\LibreRally\Vehicle\JBeam\JBeamData.cs(108,19): warning CSENSE001: The symbol 'FrictionCoef' is missing valid documentation [C:\Users\pierc\source\repos\archanox\LibreRally\LibreRally\LibreRally.csproj::TargetFramework=net10.0]
C:\Users\pierc\source\repos\archanox\LibreRally\LibreRally\Vehicle\JBeam\JBeamData.cs(109,19): warning CSENSE001: The symbol 'SlidingFrictionCoef' is missing valid documentation [C:\Users\pierc\source\repos\archanox\LibreRally\LibreRally\LibreRally.csproj::TargetFramework=net10.0]
C:\Users\pierc\source\repos\archanox\LibreRally\LibreRally\Vehicle\JBeam\JBeamData.cs(110,19): warning CSENSE001: The symbol 'TreadCoef' is missing valid documentation [C:\Users\pierc\source\repos\archanox\LibreRally\LibreRally\LibreRally.csproj::TargetFramework=net10.0]
C:\Users\pierc\source\repos\archanox\LibreRally\LibreRally\Vehicle\JBeam\JBeamData.cs(112,19): warning CSENSE001: The symbol 'LoadSensitivitySlope' is missing valid documentation [C:\Users\pierc\source\repos\archanox\LibreRally\LibreRally\LibreRally.csproj::TargetFramework=net10.0]
C:\Users\pierc\source\repos\archanox\LibreRally\LibreRally\Vehicle\JBeam\JBeamData.cs(113,19): warning CSENSE001: The symbol 'FullLoadCoef' is missing valid documentation [C:\Users\pierc\source\repos\archanox\LibreRally\LibreRally\LibreRally.csproj::TargetFramework=net10.0]
C:\Users\pierc\source\repos\archanox\LibreRally\LibreRally\Vehicle\JBeam\JBeamData.cs(111,19): warning CSENSE001: The symbol 'NoLoadCoef' is missing valid documentation [C:\Users\pierc\source\repos\archanox\LibreRally\LibreRally\LibreRally.csproj::TargetFramework=net10.0]
C:\Users\pierc\source\repos\archanox\LibreRally\LibreRally\Vehicle\JBeam\JBeamData.cs(115,19): warning CSENSE001: The symbol 'HubRadius' is missing valid documentation [C:\Users\pierc\source\repos\archanox\LibreRally\LibreRally\LibreRally.csproj::TargetFramework=net10.0]
C:\Users\pierc\source\repos\archanox\LibreRally\LibreRally\Vehicle\JBeam\JBeamData.cs(114,19): warning CSENSE001: The symbol 'SoftnessCoef' is missing valid documentation [C:\Users\pierc\source\repos\archanox\LibreRally\LibreRally\LibreRally.csproj::TargetFramework=net10.0]
C:\Users\pierc\source\repos\archanox\LibreRally\LibreRally\Vehicle\JBeam\JBeamData.cs(116,19): warning CSENSE001: The symbol 'HubWidth' is missing valid documentation [C:\Users\pierc\source\repos\archanox\LibreRally\LibreRally\LibreRally.csproj::TargetFramework=net10.0]
C:\Users\pierc\source\repos\archanox\LibreRally\LibreRally\Vehicle\JBeam\JBeamData.cs(117,19): warning CSENSE001: The symbol 'WheelOffset' is missing valid documentation [C:\Users\pierc\source\repos\archanox\LibreRally\LibreRally\LibreRally.csproj::TargetFramework=net10.0]
C:\Users\pierc\source\repos\archanox\LibreRally\LibreRally\Vehicle\JBeam\JBeamData.cs(120,21): warning CSENSE001: The symbol 'JBeamVariableDefinition' is missing valid documentation [C:\Users\pierc\source\repos\archanox\LibreRally\LibreRally\LibreRally.csproj::TargetFramework=net10.0]
C:\Users\pierc\source\repos\archanox\LibreRally\LibreRally\Vehicle\JBeam\JBeamData.cs(122,19): warning CSENSE001: The symbol 'Name' is missing valid documentation [C:\Users\pierc\source\repos\archanox\LibreRally\LibreRally\LibreRally.csproj::TargetFramework=net10.0]
C:\Users\pierc\source\repos\archanox\LibreRally\LibreRally\Vehicle\JBeam\JBeamData.cs(123,19): warning CSENSE001: The symbol 'Type' is missing valid documentation [C:\Users\pierc\source\repos\archanox\LibreRally\LibreRally\LibreRally.csproj::TargetFramework=net10.0]
C:\Users\pierc\source\repos\archanox\LibreRally\LibreRally\Vehicle\JBeam\JBeamData.cs(124,19): warning CSENSE001: The symbol 'Unit' is missing valid documentation [C:\Users\pierc\source\repos\archanox\LibreRally\LibreRally\LibreRally.csproj::TargetFramework=net10.0]
C:\Users\pierc\source\repos\archanox\LibreRally\LibreRally\Vehicle\JBeam\JBeamData.cs(125,19): warning CSENSE001: The symbol 'Category' is missing valid documentation [C:\Users\pierc\source\repos\archanox\LibreRally\LibreRally\LibreRally.csproj::TargetFramework=net10.0]
C:\Users\pierc\source\repos\archanox\LibreRally\LibreRally\Vehicle\JBeam\JBeamData.cs(126,18): warning CSENSE001: The symbol 'DefaultValue' is missing valid documentation [C:\Users\pierc\source\repos\archanox\LibreRally\LibreRally\LibreRally.csproj::TargetFramework=net10.0]
C:\Users\pierc\source\repos\archanox\LibreRally\LibreRally\Vehicle\JBeam\JBeamData.cs(127,18): warning CSENSE001: The symbol 'MinValue' is missing valid documentation [C:\Users\pierc\source\repos\archanox\LibreRally\LibreRally\LibreRally.csproj::TargetFramework=net10.0]
C:\Users\pierc\source\repos\archanox\LibreRally\LibreRally\Vehicle\JBeam\JBeamData.cs(129,19): warning CSENSE001: The symbol 'Title' is missing valid documentation [C:\Users\pierc\source\repos\archanox\LibreRally\LibreRally\LibreRally.csproj::TargetFramework=net10.0]
C:\Users\pierc\source\repos\archanox\LibreRally\LibreRally\Vehicle\JBeam\JBeamData.cs(131,19): warning CSENSE001: The symbol 'SubCategory' is missing valid documentation [C:\Users\pierc\source\repos\archanox\LibreRally\LibreRally\LibreRally.csproj::TargetFramework=net10.0]
C:\Users\pierc\source\repos\archanox\LibreRally\LibreRally\Vehicle\JBeam\JBeamData.cs(130,19): warning CSENSE001: The symbol 'Description' is missing valid documentation [C:\Users\pierc\source\repos\archanox\LibreRally\LibreRally\LibreRally.csproj::TargetFramework=net10.0]
C:\Users\pierc\source\repos\archanox\LibreRally\LibreRally\Vehicle\JBeam\JBeamData.cs(132,19): warning CSENSE001: The symbol 'MinDisplayValue' is missing valid documentation [C:\Users\pierc\source\repos\archanox\LibreRally\LibreRally\LibreRally.csproj::TargetFramework=net10.0]
C:\Users\pierc\source\repos\archanox\LibreRally\LibreRally\Vehicle\JBeam\JBeamData.cs(128,18): warning CSENSE001: The symbol 'MaxValue' is missing valid documentation [C:\Users\pierc\source\repos\archanox\LibreRally\LibreRally\LibreRally.csproj::TargetFramework=net10.0]
C:\Users\pierc\source\repos\archanox\LibreRally\LibreRally\Vehicle\JBeam\JBeamData.cs(133,19): warning CSENSE001: The symbol 'MaxDisplayValue' is missing valid documentation [C:\Users\pierc\source\repos\archanox\LibreRally\LibreRally\LibreRally.csproj::TargetFramework=net10.0]
C:\Users\pierc\source\repos\archanox\LibreRally\LibreRally\Vehicle\JBeam\JBeamData.cs(134,19): warning CSENSE001: The symbol 'StepDisplayValue' is missing valid documentation [C:\Users\pierc\source\repos\archanox\LibreRally\LibreRally\LibreRally.csproj::TargetFramework=net10.0]
C:\Users\pierc\source\repos\archanox\LibreRally\LibreRally\Vehicle\JBeam\JBeamData.cs(137,15): warning CSENSE001: The symbol 'JBeamTorquePoint' is missing valid documentation [C:\Users\pierc\source\repos\archanox\LibreRally\LibreRally\LibreRally.csproj::TargetFramework=net10.0]
C:\Users\pierc\source\repos\archanox\LibreRally\LibreRally\Vehicle\JBeam\JBeamData.cs(139,14): warning CSENSE001: The symbol 'JBeamEngineDefinition' is missing valid documentation [C:\Users\pierc\source\repos\archanox\LibreRally\LibreRally\LibreRally.csproj::TargetFramework=net10.0]
C:\Users\pierc\source\repos\archanox\LibreRally\LibreRally\Vehicle\JBeam\JBeamData.cs(141,35): warning CSENSE001: The symbol 'TorqueCurve' is missing valid documentation [C:\Users\pierc\source\repos\archanox\LibreRally\LibreRally\LibreRally.csproj::TargetFramework=net10.0]
C:\Users\pierc\source\repos\archanox\LibreRally\LibreRally\Vehicle\JBeam\JBeamData.cs(142,18): warning CSENSE001: The symbol 'IdleRpm' is missing valid documentation [C:\Users\pierc\source\repos\archanox\LibreRally\LibreRally\LibreRally.csproj::TargetFramework=net10.0]
C:\Users\pierc\source\repos\archanox\LibreRally\LibreRally\Vehicle\JBeam\JBeamData.cs(144,18): warning CSENSE001: The symbol 'Inertia' is missing valid documentation [C:\Users\pierc\source\repos\archanox\LibreRally\LibreRally\LibreRally.csproj::TargetFramework=net10.0]
C:\Users\pierc\source\repos\archanox\LibreRally\LibreRally\Vehicle\JBeam\JBeamData.cs(143,18): warning CSENSE001: The symbol 'MaxRpm' is missing valid documentation [C:\Users\pierc\source\repos\archanox\LibreRally\LibreRally\LibreRally.csproj::TargetFramework=net10.0]
C:\Users\pierc\source\repos\archanox\LibreRally\LibreRally\Vehicle\JBeam\JBeamData.cs(145,18): warning CSENSE001: The symbol 'Friction' is missing valid documentation [C:\Users\pierc\source\repos\archanox\LibreRally\LibreRally\LibreRally.csproj::TargetFramework=net10.0]
C:\Users\pierc\source\repos\archanox\LibreRally\LibreRally\Vehicle\JBeam\JBeamData.cs(146,18): warning CSENSE001: The symbol 'DynamicFriction' is missing valid documentation [C:\Users\pierc\source\repos\archanox\LibreRally\LibreRally\LibreRally.csproj::TargetFramework=net10.0]
C:\Users\pierc\source\repos\archanox\LibreRally\LibreRally\Vehicle\JBeam\JBeamData.cs(147,18): warning CSENSE001: The symbol 'EngineBrakeTorque' is missing valid documentation [C:\Users\pierc\source\repos\archanox\LibreRally\LibreRally\LibreRally.csproj::TargetFramework=net10.0]
C:\Users\pierc\source\repos\archanox\LibreRally\LibreRally\Vehicle\JBeam\JBeamData.cs(150,17): warning CSENSE001: The symbol 'ThermalsEnabled' is missing valid documentation [C:\Users\pierc\source\repos\archanox\LibreRally\LibreRally\LibreRally.csproj::TargetFramework=net10.0]
C:\Users\pierc\source\repos\archanox\LibreRally\LibreRally\Vehicle\JBeam\JBeamData.cs(151,18): warning CSENSE001: The symbol 'OilVolume' is missing valid documentation [C:\Users\pierc\source\repos\archanox\LibreRally\LibreRally\LibreRally.csproj::TargetFramework=net10.0]
C:\Users\pierc\source\repos\archanox\LibreRally\LibreRally\Vehicle\JBeam\JBeamData.cs(153,18): warning CSENSE001: The symbol 'EngineBlockTemperatureDamageThreshold' is missing valid documentation [C:\Users\pierc\source\repos\archanox\LibreRally\LibreRally\LibreRally.csproj::TargetFramework=net10.0]
C:\Users\pierc\source\repos\archanox\LibreRally\LibreRally\Vehicle\JBeam\JBeamData.cs(169,46): warning CSENSE002: The parameter 'Throttle' is missing documentation [C:\Users\pierc\source\repos\archanox\LibreRally\LibreRally\LibreRally.csproj::TargetFramework=net10.0]
C:\Users\pierc\source\repos\archanox\LibreRally\LibreRally\Vehicle\JBeam\JBeamData.cs(169,62): warning CSENSE002: The parameter 'Efficiency' is missing documentation [C:\Users\pierc\source\repos\archanox\LibreRally\LibreRally\LibreRally.csproj::TargetFramework=net10.0]
C:\Users\pierc\source\repos\archanox\LibreRally\LibreRally\Vehicle\JBeam\JBeamData.cs(154,18): warning CSENSE001: The symbol 'CylinderWallTemperatureDamageThreshold' is missing valid documentation [C:\Users\pierc\source\repos\archanox\LibreRally\LibreRally\LibreRally.csproj::TargetFramework=net10.0]
C:\Users\pierc\source\repos\archanox\LibreRally\LibreRally\Vehicle\JBeam\JBeamData.cs(152,19): warning CSENSE001: The symbol 'EngineBlockMaterial' is missing valid documentation [C:\Users\pierc\source\repos\archanox\LibreRally\LibreRally\LibreRally.csproj::TargetFramework=net10.0]
C:\Users\pierc\source\repos\archanox\LibreRally\LibreRally\Vehicle\JBeam\JBeamData.cs(157,43): warning CSENSE001: The symbol 'BurnEfficiency' is missing valid documentation [C:\Users\pierc\source\repos\archanox\LibreRally\LibreRally\LibreRally.csproj::TargetFramework=net10.0]
C:\Users\pierc\source\repos\archanox\LibreRally\LibreRally\Vehicle\JBeam\JBeamData.cs(168,19): warning CSENSE020: The word 'efficiency' matches a parameter name and should be wrapped in <paramref name="Efficiency" /> [C:\Users\pierc\source\repos\archanox\LibreRally\LibreRally\LibreRally.csproj::TargetFramework=net10.0]
C:\Users\pierc\source\repos\archanox\LibreRally\LibreRally\Vehicle\JBeam\JBeamData.cs(168,37): warning CSENSE020: The word 'throttle' matches a parameter name and should be wrapped in <paramref name="Throttle" /> [C:\Users\pierc\source\repos\archanox\LibreRally\LibreRally\LibreRally.csproj::TargetFramework=net10.0]
C:\Users\pierc\source\repos\archanox\LibreRally\LibreRally\Vehicle\JBeam\JBeamData.cs(168,65): warning CSENSE020: The word 'efficiency' matches a parameter name and should be wrapped in <paramref name="Efficiency" /> [C:\Users\pierc\source\repos\archanox\LibreRally\LibreRally\LibreRally.csproj::TargetFramework=net10.0]
C:\Users\pierc\source\repos\archanox\LibreRally\LibreRally\Vehicle\JBeam\JBeamData.cs(160,17): warning CSENSE001: The symbol 'IsAirCooledOnly' is missing valid documentation [C:\Users\pierc\source\repos\archanox\LibreRally\LibreRally\LibreRally.csproj::TargetFramework=net10.0]
C:\Users\pierc\source\repos\archanox\LibreRally\LibreRally\Vehicle\JBeam\JBeamData.cs(161,18): warning CSENSE001: The symbol 'AirRegulatorTemperature' is missing valid documentation [C:\Users\pierc\source\repos\archanox\LibreRally\LibreRally\LibreRally.csproj::TargetFramework=net10.0]
C:\Users\pierc\source\repos\archanox\LibreRally\LibreRally\Vehicle\JBeam\JBeamData.cs(162,18): warning CSENSE001: The symbol 'EngineBlockAirCoolingEfficiency' is missing valid documentation [C:\Users\pierc\source\repos\archanox\LibreRally\LibreRally\LibreRally.csproj::TargetFramework=net10.0]
C:\Users\pierc\source\repos\archanox\LibreRally\LibreRally\Vehicle\JBeam\JBeamData.cs(165,34): warning CSENSE001: The symbol 'Turbo' is missing valid documentation [C:\Users\pierc\source\repos\archanox\LibreRally\LibreRally\LibreRally.csproj::TargetFramework=net10.0]
C:\Users\pierc\source\repos\archanox\LibreRally\LibreRally\Vehicle\JBeam\JBeamData.cs(190,14): warning CSENSE001: The symbol 'JBeamGearboxDefinition' is missing valid documentation [C:\Users\pierc\source\repos\archanox\LibreRally\LibreRally\LibreRally.csproj::TargetFramework=net10.0]
C:\Users\pierc\source\repos\archanox\LibreRally\LibreRally\Vehicle\JBeam\JBeamData.cs(174,18): warning CSENSE001: The symbol 'WastegatePressure' is missing valid documentation [C:\Users\pierc\source\repos\archanox\LibreRally\LibreRally\LibreRally.csproj::TargetFramework=net10.0]
C:\Users\pierc\source\repos\archanox\LibreRally\LibreRally\Vehicle\JBeam\JBeamData.cs(192,24): warning CSENSE001: The symbol 'GearRatios' is missing valid documentation [C:\Users\pierc\source\repos\archanox\LibreRally\LibreRally\LibreRally.csproj::TargetFramework=net10.0]
C:\Users\pierc\source\repos\archanox\LibreRally\LibreRally\Vehicle\JBeam\JBeamData.cs(175,18): warning CSENSE001: The symbol 'FrictionCoef' is missing valid documentation [C:\Users\pierc\source\repos\archanox\LibreRally\LibreRally\LibreRally.csproj::TargetFramework=net10.0]
C:\Users\pierc\source\repos\archanox\LibreRally\LibreRally\Vehicle\JBeam\JBeamData.cs(176,18): warning CSENSE001: The symbol 'Inertia' is missing valid documentation [C:\Users\pierc\source\repos\archanox\LibreRally\LibreRally\LibreRally.csproj::TargetFramework=net10.0]
C:\Users\pierc\source\repos\archanox\LibreRally\LibreRally\Vehicle\JBeam\JBeamData.cs(177,18): warning CSENSE001: The symbol 'GammaIn' is missing valid documentation [C:\Users\pierc\source\repos\archanox\LibreRally\LibreRally\LibreRally.csproj::TargetFramework=net10.0]
C:\Users\pierc\source\repos\archanox\LibreRally\LibreRally\Vehicle\JBeam\JBeamData.cs(178,18): warning CSENSE001: The symbol 'GammaOut' is missing valid documentation [C:\Users\pierc\source\repos\archanox\LibreRally\LibreRally\LibreRally.csproj::TargetFramework=net10.0]
C:\Users\pierc\source\repos\archanox\LibreRally\LibreRally\Vehicle\JBeam\JBeamData.cs(179,18): warning CSENSE001: The symbol 'PressureRatePsi' is missing valid documentation [C:\Users\pierc\source\repos\archanox\LibreRally\LibreRally\LibreRally.csproj::TargetFramework=net10.0]
C:\Users\pierc\source\repos\archanox\LibreRally\LibreRally\Vehicle\JBeam\JBeamData.cs(185,19): warning CSENSE001: The symbol 'EnergyType' is missing valid documentation [C:\Users\pierc\source\repos\archanox\LibreRally\LibreRally\LibreRally.csproj::TargetFramework=net10.0]
C:\Users\pierc\source\repos\archanox\LibreRally\LibreRally\Vehicle\JBeam\JBeamData.cs(186,18): warning CSENSE001: The symbol 'FuelCapacity' is missing valid documentation [C:\Users\pierc\source\repos\archanox\LibreRally\LibreRally\LibreRally.csproj::TargetFramework=net10.0]
C:\Users\pierc\source\repos\archanox\LibreRally\LibreRally\Vehicle\JBeam\JBeamData.cs(187,18): warning CSENSE001: The symbol 'StartingFuelCapacity' is missing valid documentation [C:\Users\pierc\source\repos\archanox\LibreRally\LibreRally\LibreRally.csproj::TargetFramework=net10.0]
C:\Users\pierc\source\repos\archanox\LibreRally\LibreRally\Vehicle\VehicleDefinition.cs(12,12): warning CSENSE002: The parameter 'Id' is missing documentation [C:\Users\pierc\source\repos\archanox\LibreRally\LibreRally\LibreRally.csproj::TargetFramework=net10.0]
C:\Users\pierc\source\repos\archanox\LibreRally\LibreRally\Vehicle\VehicleDefinition.cs(13,13): warning CSENSE002: The parameter 'Position' is missing documentation [C:\Users\pierc\source\repos\archanox\LibreRally\LibreRally\LibreRally.csproj::TargetFramework=net10.0]
C:\Users\pierc\source\repos\archanox\LibreRally\LibreRally\Vehicle\VehicleDefinition.cs(14,11): warning CSENSE002: The parameter 'Weight' is missing documentation [C:\Users\pierc\source\repos\archanox\LibreRally\LibreRally\LibreRally.csproj::TargetFramework=net10.0]
C:\Users\pierc\source\repos\archanox\LibreRally\LibreRally\Vehicle\VehicleDefinition.cs(15,18): warning CSENSE002: The parameter 'Groups' is missing documentation [C:\Users\pierc\source\repos\archanox\LibreRally\LibreRally\LibreRally.csproj::TargetFramework=net10.0]
C:\Users\pierc\source\repos\archanox\LibreRally\LibreRally\Vehicle\VehicleDefinition.cs(16,10): warning CSENSE002: The parameter 'Collision' is missing documentation [C:\Users\pierc\source\repos\archanox\LibreRally\LibreRally\LibreRally.csproj::TargetFramework=net10.0]
C:\Users\pierc\source\repos\archanox\LibreRally\LibreRally\Vehicle\JBeam\JBeamData.cs(197,19): warning CSENSE001: The symbol 'ClutchLaunchStartRpm' is missing valid documentation [C:\Users\pierc\source\repos\archanox\LibreRally\LibreRally\LibreRally.csproj::TargetFramework=net10.0]
C:\Users\pierc\source\repos\archanox\LibreRally\LibreRally\Vehicle\VehicleDefinition.cs(9,5): warning CSENSE020: The word 'Position' matches a parameter name and should be wrapped in <paramref name="Position" /> [C:\Users\pierc\source\repos\archanox\LibreRally\LibreRally\LibreRally.csproj::TargetFramework=net10.0]
C:\Users\pierc\source\repos\archanox\LibreRally\LibreRally\Vehicle\JBeam\JBeamData.cs(212,14): warning CSENSE001: The symbol 'JBeamTractionControlDefinition' is missing valid documentation [C:\Users\pierc\source\repos\archanox\LibreRally\LibreRally\LibreRally.csproj::TargetFramework=net10.0]
C:\Users\pierc\source\repos\archanox\LibreRally\LibreRally\Vehicle\JBeam\JBeamData.cs(214,18): warning CSENSE001: The symbol 'EnableTractionControl' is missing valid documentation [C:\Users\pierc\source\repos\archanox\LibreRally\LibreRally\LibreRally.csproj::TargetFramework=net10.0]
C:\Users\pierc\source\repos\archanox\LibreRally\LibreRally\Vehicle\JBeam\JBeamData.cs(216,19): warning CSENSE001: The symbol 'SlipRangeThreshold' is missing valid documentation [C:\Users\pierc\source\repos\archanox\LibreRally\LibreRally\LibreRally.csproj::TargetFramework=net10.0]
C:\Users\pierc\source\repos\archanox\LibreRally\LibreRally\Vehicle\JBeam\JBeamData.cs(217,19): warning CSENSE001: The symbol 'MaxVelocity' is missing valid documentation [C:\Users\pierc\source\repos\archanox\LibreRally\LibreRally\LibreRally.csproj::TargetFramework=net10.0]
C:\Users\pierc\source\repos\archanox\LibreRally\LibreRally\Vehicle\JBeam\JBeamData.cs(198,19): warning CSENSE001: The symbol 'ClutchLaunchTargetRpm' is missing valid documentation [C:\Users\pierc\source\repos\archanox\LibreRally\LibreRally\LibreRally.csproj::TargetFramework=net10.0]
C:\Users\pierc\source\repos\archanox\LibreRally\LibreRally\Vehicle\JBeam\JBeamData.cs(215,19): warning CSENSE001: The symbol 'SlipThreshold' is missing valid documentation [C:\Users\pierc\source\repos\archanox\LibreRally\LibreRally\LibreRally.csproj::TargetFramework=net10.0]
C:\Users\pierc\source\repos\archanox\LibreRally\LibreRally\Vehicle\JBeam\JBeamData.cs(195,14): warning CSENSE001: The symbol 'JBeamVehicleControllerDefinition' is missing valid documentation [C:\Users\pierc\source\repos\archanox\LibreRally\LibreRally\LibreRally.csproj::TargetFramework=net10.0]
C:\Users\pierc\source\repos\archanox\LibreRally\LibreRally\Vehicle\JBeam\JBeamData.cs(200,24): warning CSENSE001: The symbol 'HighShiftDownRpm' is missing valid documentation [C:\Users\pierc\source\repos\archanox\LibreRally\LibreRally\LibreRally.csproj::TargetFramework=net10.0]
C:\Users\pierc\source\repos\archanox\LibreRally\LibreRally\Vehicle\JBeam\JBeamData.cs(199,19): warning CSENSE001: The symbol 'HighShiftUpRpm' is missing valid documentation [C:\Users\pierc\source\repos\archanox\LibreRally\LibreRally\LibreRally.csproj::TargetFramework=net10.0]
C:\Users\pierc\source\repos\archanox\LibreRally\LibreRally\Vehicle\JBeam\JBeamData.cs(202,24): warning CSENSE001: The symbol 'LowShiftDownRpm' is missing valid documentation [C:\Users\pierc\source\repos\archanox\LibreRally\LibreRally\LibreRally.csproj::TargetFramework=net10.0]
C:\Users\pierc\source\repos\archanox\LibreRally\LibreRally\Vehicle\JBeam\JBeamData.cs(201,24): warning CSENSE001: The symbol 'LowShiftUpRpm' is missing valid documentation [C:\Users\pierc\source\repos\archanox\LibreRally\LibreRally\LibreRally.csproj::TargetFramework=net10.0]
C:\Users\pierc\source\repos\archanox\LibreRally\LibreRally\Vehicle\JBeam\JBeamData.cs(205,14): warning CSENSE001: The symbol 'JBeamBrakeControlDefinition' is missing valid documentation [C:\Users\pierc\source\repos\archanox\LibreRally\LibreRally\LibreRally.csproj::TargetFramework=net10.0]
C:\Users\pierc\source\repos\archanox\LibreRally\LibreRally\Vehicle\JBeam\JBeamData.cs(207,18): warning CSENSE001: The symbol 'EnableAbs' is missing valid documentation [C:\Users\pierc\source\repos\archanox\LibreRally\LibreRally\LibreRally.csproj::TargetFramework=net10.0]
C:\Users\pierc\source\repos\archanox\LibreRally\LibreRally\Vehicle\JBeam\JBeamData.cs(208,19): warning CSENSE001: The symbol 'AbsSlipRatioTarget' is missing valid documentation [C:\Users\pierc\source\repos\archanox\LibreRally\LibreRally\LibreRally.csproj::TargetFramework=net10.0]
C:\Users\pierc\source\repos\archanox\LibreRally\LibreRally\Vehicle\JBeam\JBeamData.cs(209,17): warning CSENSE001: The symbol 'HasLegacyAbsController' is missing valid documentation [C:\Users\pierc\source\repos\archanox\LibreRally\LibreRally\LibreRally.csproj::TargetFramework=net10.0]
C:\Users\pierc\source\repos\archanox\LibreRally\LibreRally\Vehicle\Physics\SurfaceDefinition.cs(15,5): warning CSENSE001: The symbol 'Tarmac' is missing valid documentation [C:\Users\pierc\source\repos\archanox\LibreRally\LibreRally\LibreRally.csproj::TargetFramework=net10.0]
C:\Users\pierc\source\repos\archanox\LibreRally\LibreRally\Vehicle\JBeam\JBeamData.cs(223,19): warning CSENSE001: The symbol 'Name' is missing valid documentation [C:\Users\pierc\source\repos\archanox\LibreRally\LibreRally\LibreRally.csproj::TargetFramework=net10.0]
C:\Users\pierc\source\repos\archanox\LibreRally\LibreRally\Vehicle\JBeam\JBeamData.cs(224,19): warning CSENSE001: The symbol 'SlotType' is missing valid documentation [C:\Users\pierc\source\repos\archanox\LibreRally\LibreRally\LibreRally.csproj::TargetFramework=net10.0]
C:\Users\pierc\source\repos\archanox\LibreRally\LibreRally\Vehicle\JBeam\JBeamData.cs(225,17): warning CSENSE001: The symbol 'IsMain' is missing valid documentation [C:\Users\pierc\source\repos\archanox\LibreRally\LibreRally\LibreRally.csproj::TargetFramework=net10.0]
C:\Users\pierc\source\repos\archanox\LibreRally\LibreRally\Vehicle\JBeam\JBeamData.cs(227,28): warning CSENSE001: The symbol 'Slots' is missing valid documentation [C:\Users\pierc\source\repos\archanox\LibreRally\LibreRally\LibreRally.csproj::TargetFramework=net10.0]
C:\Users\pierc\source\repos\archanox\LibreRally\LibreRally\Vehicle\JBeam\JBeamData.cs(228,28): warning CSENSE001: The symbol 'Nodes' is missing valid documentation [C:\Users\pierc\source\repos\archanox\LibreRally\LibreRally\LibreRally.csproj::TargetFramework=net10.0]
C:\Users\pierc\source\repos\archanox\LibreRally\LibreRally\Vehicle\JBeam\JBeamData.cs(229,28): warning CSENSE001: The symbol 'Beams' is missing valid documentation [C:\Users\pierc\source\repos\archanox\LibreRally\LibreRally\LibreRally.csproj::TargetFramework=net10.0]
C:\Users\pierc\source\repos\archanox\LibreRally\LibreRally\Vehicle\JBeam\JBeamData.cs(230,32): warning CSENSE001: The symbol 'FlexBodies' is missing valid documentation [C:\Users\pierc\source\repos\archanox\LibreRally\LibreRally\LibreRally.csproj::TargetFramework=net10.0]
C:\Users\pierc\source\repos\archanox\LibreRally\LibreRally\Vehicle\JBeam\JBeamData.cs(231,38): warning CSENSE001: The symbol 'Variables' is missing valid documentation [C:\Users\pierc\source\repos\archanox\LibreRally\LibreRally\LibreRally.csproj::TargetFramework=net10.0]
C:\Users\pierc\source\repos\archanox\LibreRally\LibreRally\Vehicle\JBeam\JBeamData.cs(232,42): warning CSENSE001: The symbol 'VariableDefinitions' is missing valid documentation [C:\Users\pierc\source\repos\archanox\LibreRally\LibreRally\LibreRally.csproj::TargetFramework=net10.0]
C:\Users\pierc\source\repos\archanox\LibreRally\LibreRally\Vehicle\JBeam\JBeamData.cs(233,40): warning CSENSE001: The symbol 'PowertrainDevices' is missing valid documentation [C:\Users\pierc\source\repos\archanox\LibreRally\LibreRally\LibreRally.csproj::TargetFramework=net10.0]
C:\Users\pierc\source\repos\archanox\LibreRally\LibreRally\Vehicle\JBeam\JBeamData.cs(235,39): warning CSENSE001: The symbol 'PressureWheelOptions' is missing valid documentation [C:\Users\pierc\source\repos\archanox\LibreRally\LibreRally\LibreRally.csproj::TargetFramework=net10.0]
C:\Users\pierc\source\repos\archanox\LibreRally\LibreRally\Vehicle\JBeam\JBeamData.cs(234,37): warning CSENSE001: The symbol 'PressureWheels' is missing valid documentation [C:\Users\pierc\source\repos\archanox\LibreRally\LibreRally\LibreRally.csproj::TargetFramework=net10.0]
C:\Users\pierc\source\repos\archanox\LibreRally\LibreRally\Vehicle\JBeam\JBeamData.cs(236,19): warning CSENSE001: The symbol 'GearRatio' is missing valid documentation [C:\Users\pierc\source\repos\archanox\LibreRally\LibreRally\LibreRally.csproj::TargetFramework=net10.0]
C:\Users\pierc\source\repos\archanox\LibreRally\LibreRally\Vehicle\JBeam\JBeamData.cs(237,35): warning CSENSE001: The symbol 'Engine' is missing valid documentation [C:\Users\pierc\source\repos\archanox\LibreRally\LibreRally\LibreRally.csproj::TargetFramework=net10.0]
C:\Users\pierc\source\repos\archanox\LibreRally\LibreRally\Vehicle\JBeam\JBeamData.cs(238,36): warning CSENSE001: The symbol 'Gearbox' is missing valid documentation [C:\Users\pierc\source\repos\archanox\LibreRally\LibreRally\LibreRally.csproj::TargetFramework=net10.0]
C:\Users\pierc\source\repos\archanox\LibreRally\LibreRally\Vehicle\JBeam\JBeamData.cs(240,41): warning CSENSE001: The symbol 'BrakeControl' is missing valid documentation [C:\Users\pierc\source\repos\archanox\LibreRally\LibreRally\LibreRally.csproj::TargetFramework=net10.0]
C:\Users\pierc\source\repos\archanox\LibreRally\LibreRally\Vehicle\JBeam\JBeamData.cs(239,46): warning CSENSE001: The symbol 'VehicleController' is missing valid documentation [C:\Users\pierc\source\repos\archanox\LibreRally\LibreRally\LibreRally.csproj::TargetFramework=net10.0]
C:\Users\pierc\source\repos\archanox\LibreRally\LibreRally\Vehicle\JBeam\JBeamData.cs(241,44): warning CSENSE001: The symbol 'TractionControl' is missing valid documentation [C:\Users\pierc\source\repos\archanox\LibreRally\LibreRally\LibreRally.csproj::TargetFramework=net10.0]
C:\Users\pierc\source\repos\archanox\LibreRally\LibreRally\Vehicle\JBeam\JBeamData.cs(242,37): warning CSENSE001: The symbol 'FuelTank' is missing valid documentation [C:\Users\pierc\source\repos\archanox\LibreRally\LibreRally\LibreRally.csproj::TargetFramework=net10.0]
C:\Users\pierc\source\repos\archanox\LibreRally\LibreRally\Vehicle\VehicleLoader.cs(1762,15): warning CSENSE001: The symbol 'LoadedVehicle' is missing valid documentation [C:\Users\pierc\source\repos\archanox\LibreRally\LibreRally\LibreRally.csproj::TargetFramework=net10.0]
C:\Users\pierc\source\repos\archanox\LibreRally\LibreRally\Vehicle\Physics\BreakablePartComponent.cs(10,40): warning CSENSE007: The cref reference 'BodyComponent' could not be resolved [C:\Users\pierc\source\repos\archanox\LibreRally\LibreRally\LibreRally.csproj::TargetFramework=net10.0]
C:\Users\pierc\source\repos\archanox\LibreRally\LibreRally\Vehicle\Physics\BreakablePartComponent.cs(14,27): warning CSENSE007: The cref reference 'BodyComponent' could not be resolved [C:\Users\pierc\source\repos\archanox\LibreRally\LibreRally\LibreRally.csproj::TargetFramework=net10.0]
C:\Users\pierc\source\repos\archanox\LibreRally\LibreRally\Vehicle\Physics\SurfaceDefinition.cs(16,5): warning CSENSE001: The symbol 'Gravel' is missing valid documentation [C:\Users\pierc\source\repos\archanox\LibreRally\LibreRally\LibreRally.csproj::TargetFramework=net10.0]
C:\Users\pierc\source\repos\archanox\LibreRally\LibreRally\Vehicle\Physics\SurfaceDefinition.cs(18,5): warning CSENSE001: The symbol 'Snow' is missing valid documentation [C:\Users\pierc\source\repos\archanox\LibreRally\LibreRally\LibreRally.csproj::TargetFramework=net10.0]
C:\Users\pierc\source\repos\archanox\LibreRally\LibreRally\Vehicle\Physics\SurfaceDefinition.cs(17,5): warning CSENSE001: The symbol 'Mud' is missing valid documentation [C:\Users\pierc\source\repos\archanox\LibreRally\LibreRally\LibreRally.csproj::TargetFramework=net10.0]
C:\Users\pierc\source\repos\archanox\LibreRally\LibreRally\Vehicle\Physics\SurfaceDefinition.cs(19,5): warning CSENSE001: The symbol 'Ice' is missing valid documentation [C:\Users\pierc\source\repos\archanox\LibreRally\LibreRally\LibreRally.csproj::TargetFramework=net10.0]
C:\Users\pierc\source\repos\archanox\LibreRally\LibreRally\Vehicle\Physics\SurfaceDefinition.cs(55,18): warning CSENSE001: The symbol 'FrictionCoefficient' is missing valid documentation [C:\Users\pierc\source\repos\archanox\LibreRally\LibreRally\LibreRally.csproj::TargetFramework=net10.0]
C:\Users\pierc\source\repos\archanox\LibreRally\LibreRally\Vehicle\Physics\SurfaceDefinition.cs(81,18): warning CSENSE001: The symbol 'RollingResistance' is missing valid documentation [C:\Users\pierc\source\repos\archanox\LibreRally\LibreRally\LibreRally.csproj::TargetFramework=net10.0]
C:\Users\pierc\source\repos\archanox\LibreRally\LibreRally\Vehicle\Physics\SurfaceDefinition.cs(82,18): warning CSENSE001: The symbol 'DeformationFactor' is missing valid documentation [C:\Users\pierc\source\repos\archanox\LibreRally\LibreRally\LibreRally.csproj::TargetFramework=net10.0]
C:\Users\pierc\source\repos\archanox\LibreRally\LibreRally\Vehicle\Physics\SurfaceDefinition.cs(83,18): warning CSENSE001: The symbol 'NoiseFactor' is missing valid documentation [C:\Users\pierc\source\repos\archanox\LibreRally\LibreRally\LibreRally.csproj::TargetFramework=net10.0]
C:\Users\pierc\source\repos\archanox\LibreRally\LibreRally\Vehicle\JBeam\JBeamParser.cs(19,16): warning CSENSE025: The cref reference 'string JBeamParser.PreprocessJBeam(string input)' is less accessible than the member 'JBeamParser' [C:\Users\pierc\source\repos\archanox\LibreRally\LibreRally\LibreRally.csproj::TargetFramework=net10.0]
C:\Users\pierc\source\repos\archanox\LibreRally\LibreRally\Vehicle\VehicleLoader.cs(1760,45): warning CSENSE002: The parameter 'VehicleFolderPath' is missing documentation [C:\Users\pierc\source\repos\archanox\LibreRally\LibreRally\LibreRally.csproj::TargetFramework=net10.0]
C:\Users\pierc\source\repos\archanox\LibreRally\LibreRally\Vehicle\VehicleLoader.cs(1760,72): warning CSENSE002: The parameter 'ConfigPath' is missing documentation [C:\Users\pierc\source\repos\archanox\LibreRally\LibreRally\LibreRally.csproj::TargetFramework=net10.0]
C:\Users\pierc\source\repos\archanox\LibreRally\LibreRally\Vehicle\VehicleLoader.cs(1760,90): warning CSENSE002: The parameter 'EstimatedMassKg' is missing documentation [C:\Users\pierc\source\repos\archanox\LibreRally\LibreRally\LibreRally.csproj::TargetFramework=net10.0]
C:\Users\pierc\source\repos\archanox\LibreRally\LibreRally\Vehicle\Physics\VehicleDynamicsSystem.cs(44,22): warning CSENSE001: The symbol 'WheelCount' is missing valid documentation [C:\Users\pierc\source\repos\archanox\LibreRally\LibreRally\LibreRally.csproj::TargetFramework=net10.0]
C:\Users\pierc\source\repos\archanox\LibreRally\LibreRally\Vehicle\Physics\VehicleDynamicsSystem.cs(42,22): warning CSENSE001: The symbol 'RL' is missing valid documentation [C:\Users\pierc\source\repos\archanox\LibreRally\LibreRally\LibreRally.csproj::TargetFramework=net10.0]
C:\Users\pierc\source\repos\archanox\LibreRally\LibreRally\Vehicle\Physics\VehicleDynamicsSystem.cs(43,22): warning CSENSE001: The symbol 'RR' is missing valid documentation [C:\Users\pierc\source\repos\archanox\LibreRally\LibreRally\LibreRally.csproj::TargetFramework=net10.0]
C:\Users\pierc\source\repos\archanox\LibreRally\LibreRally\Vehicle\Physics\VehicleDynamicsSystem.cs(40,22): warning CSENSE001: The symbol 'FL' is missing valid documentation [C:\Users\pierc\source\repos\archanox\LibreRally\LibreRally\LibreRally.csproj::TargetFramework=net10.0]
C:\Users\pierc\source\repos\archanox\LibreRally\LibreRally\Vehicle\Physics\VehicleDynamicsSystem.cs(41,22): warning CSENSE001: The symbol 'FR' is missing valid documentation [C:\Users\pierc\source\repos\archanox\LibreRally\LibreRally\LibreRally.csproj::TargetFramework=net10.0]
C:\Users\pierc\source\repos\archanox\LibreRally\LibreRally\HUD\VehicleSelectionOverlay.cs(78,12): warning CSENSE001: The symbol 'VehicleSelectionOverlay(IServiceRegistry)' is missing valid documentation [C:\Users\pierc\source\repos\archanox\LibreRally\LibreRally\LibreRally.csproj::TargetFramework=net10.0]
C:\Users\pierc\source\repos\archanox\LibreRally\LibreRally\CodeFirstSceneFactory.cs(21,39): warning CSENSE001: The symbol 'CreateMainSceneSetup' is missing valid documentation [C:\Users\pierc\source\repos\archanox\LibreRally\LibreRally\LibreRally.csproj::TargetFramework=net10.0]
C:\Users\pierc\source\repos\archanox\LibreRally\LibreRally\Race\RaceTimer.cs(15,17): warning CSENSE001: The symbol 'StartTimer' is missing valid documentation [C:\Users\pierc\source\repos\archanox\LibreRally\LibreRally\LibreRally.csproj::TargetFramework=net10.0]
C:\Users\pierc\source\repos\archanox\LibreRally\LibreRally\Race\RaceTimer.cs(16,17): warning CSENSE001: The symbol 'StopTimer' is missing valid documentation [C:\Users\pierc\source\repos\archanox\LibreRally\LibreRally\LibreRally.csproj::TargetFramework=net10.0]
C:\Users\pierc\source\repos\archanox\LibreRally\LibreRally\Race\RaceTimer.cs(17,17): warning CSENSE001: The symbol 'ResetTimer' is missing valid documentation [C:\Users\pierc\source\repos\archanox\LibreRally\LibreRally\LibreRally.csproj::TargetFramework=net10.0]
C:\Users\pierc\source\repos\archanox\LibreRally\LibreRally\HUD\DrivingHudOverlay.cs(78,12): warning CSENSE001: The symbol 'DrivingHudOverlay(IServiceRegistry)' is missing valid documentation [C:\Users\pierc\source\repos\archanox\LibreRally\LibreRally\LibreRally.csproj::TargetFramework=net10.0]
C:\Users\pierc\source\repos\archanox\LibreRally\LibreRally\Race\RaceTimer.cs(19,19): warning CSENSE001: The symbol 'GetTimeString' is missing valid documentation [C:\Users\pierc\source\repos\archanox\LibreRally\LibreRally\LibreRally.csproj::TargetFramework=net10.0]
C:\Users\pierc\source\repos\archanox\LibreRally\LibreRally\CodeFirstSceneFactory.cs(19,39): warning CSENSE001: The symbol 'CreateMainSceneSetup' is missing valid documentation [C:\Users\pierc\source\repos\archanox\LibreRally\LibreRally\LibreRally.csproj::TargetFramework=net10.0]
C:\Users\pierc\source\repos\archanox\LibreRally\LibreRally\CodeFirstSceneFactory.cs(17,25): warning CSENSE001: The symbol 'CreateMainScene' is missing valid documentation [C:\Users\pierc\source\repos\archanox\LibreRally\LibreRally\LibreRally.csproj::TargetFramework=net10.0]
C:\Users\pierc\source\repos\archanox\LibreRally\LibreRally\CodeFirstSceneFactory.cs(15,25): warning CSENSE001: The symbol 'CreateMainScene' is missing valid documentation [C:\Users\pierc\source\repos\archanox\LibreRally\LibreRally\LibreRally.csproj::TargetFramework=net10.0]
C:\Users\pierc\source\repos\archanox\LibreRally\LibreRally\HUD\PauseMenuOverlay.cs(89,12): warning CSENSE001: The symbol 'PauseMenuOverlay(IServiceRegistry)' is missing valid documentation [C:\Users\pierc\source\repos\archanox\LibreRally\LibreRally\LibreRally.csproj::TargetFramework=net10.0]
C:\Users\pierc\source\repos\archanox\LibreRally\LibreRally\Vehicle\VehicleSetupOverrides.cs(22,17): warning CSENSE001: The symbol 'Clear' is missing valid documentation [C:\Users\pierc\source\repos\archanox\LibreRally\LibreRally\LibreRally.csproj::TargetFramework=net10.0]
C:\Users\pierc\source\repos\archanox\LibreRally\LibreRally\Vehicle\VehicleSetupOverrides.cs(28,34): warning CSENSE001: The symbol 'Clone' is missing valid documentation [C:\Users\pierc\source\repos\archanox\LibreRally\LibreRally\LibreRally.csproj::TargetFramework=net10.0]
C:\Users\pierc\source\repos\archanox\LibreRally\LibreRally\HUD\SetupUiShellModel.cs(61,17): warning CSENSE001: The symbol 'SelectCategory' is missing valid documentation [C:\Users\pierc\source\repos\archanox\LibreRally\LibreRally\LibreRally.csproj::TargetFramework=net10.0]
C:\Users\pierc\source\repos\archanox\LibreRally\LibreRally\Vehicle\Content\BeamNgVehicleCatalog.cs(86,27): warning CSENSE001: The symbol 'DetectBeamNgContentVehiclesRoot' is missing valid documentation [C:\Users\pierc\source\repos\archanox\LibreRally\LibreRally\LibreRally.csproj::TargetFramework=net10.0]
C:\Users\pierc\source\repos\archanox\LibreRally\LibreRally\HUD\SetupUiShellModel.cs(66,17): warning CSENSE001: The symbol 'UpdateVehicleContext' is missing valid documentation [C:\Users\pierc\source\repos\archanox\LibreRally\LibreRally\LibreRally.csproj::TargetFramework=net10.0]
C:\Users\pierc\source\repos\archanox\LibreRally\LibreRally\HUD\SetupUiShellOverlay.cs(98,12): warning CSENSE001: The symbol 'SetupUiShellOverlay(IServiceRegistry)' is missing valid documentation [C:\Users\pierc\source\repos\archanox\LibreRally\LibreRally\LibreRally.csproj::TargetFramework=net10.0]
C:\Users\pierc\source\repos\archanox\LibreRally\LibreRally\HUD\SetupUiShellModel.cs(72,32): warning CSENSE001: The symbol 'CreateApplyPayload' is missing valid documentation [C:\Users\pierc\source\repos\archanox\LibreRally\LibreRally\LibreRally.csproj::TargetFramework=net10.0]
C:\Users\pierc\source\repos\archanox\LibreRally\LibreRally\Vehicle\VehicleSetupCatalog.cs(60,55): warning CSENSE001: The symbol 'BuildCategories' is missing valid documentation [C:\Users\pierc\source\repos\archanox\LibreRally\LibreRally\LibreRally.csproj::TargetFramework=net10.0]
C:\Users\pierc\source\repos\archanox\LibreRally\LibreRally\HUD\SetupUiShellOverlay.cs(134,17): warning CSENSE001: The symbol 'BindVehicle' is missing valid documentation [C:\Users\pierc\source\repos\archanox\LibreRally\LibreRally\LibreRally.csproj::TargetFramework=net10.0]
C:\Users\pierc\source\repos\archanox\LibreRally\LibreRally\HUD\SetupUiShellModel.cs(95,17): warning CSENSE001: The symbol 'ResetPendingChanges' is missing valid documentation [C:\Users\pierc\source\repos\archanox\LibreRally\LibreRally\LibreRally.csproj::TargetFramework=net10.0]
C:\Users\pierc\source\repos\archanox\LibreRally\LibreRally\Vehicle\JBeam\PcConfigLoader.cs(40,28): warning CSENSE001: The symbol 'Load' is missing valid documentation [C:\Users\pierc\source\repos\archanox\LibreRally\LibreRally\LibreRally.csproj::TargetFramework=net10.0]
C:\Users\pierc\source\repos\archanox\LibreRally\LibreRally\HUD\SetupUiShellModel.cs(386,17): warning CSENSE001: The symbol 'SetNumericValue' is missing valid documentation [C:\Users\pierc\source\repos\archanox\LibreRally\LibreRally\LibreRally.csproj::TargetFramework=net10.0]
C:\Users\pierc\source\repos\archanox\LibreRally\LibreRally\HUD\SetupUiShellModel.cs(103,17): warning CSENSE001: The symbol 'AcceptPendingChanges' is missing valid documentation [C:\Users\pierc\source\repos\archanox\LibreRally\LibreRally\LibreRally.csproj::TargetFramework=net10.0]
C:\Users\pierc\source\repos\archanox\LibreRally\LibreRally\HUD\SetupUiShellModel.cs(392,17): warning CSENSE001: The symbol 'SetToggleValue' is missing valid documentation [C:\Users\pierc\source\repos\archanox\LibreRally\LibreRally\LibreRally.csproj::TargetFramework=net10.0]
C:\Users\pierc\source\repos\archanox\LibreRally\LibreRally\HUD\SetupUiShellModel.cs(397,17): warning CSENSE001: The symbol 'CycleChoice' is missing valid documentation [C:\Users\pierc\source\repos\archanox\LibreRally\LibreRally\LibreRally.csproj::TargetFramework=net10.0]
C:\Users\pierc\source\repos\archanox\LibreRally\LibreRally\HUD\SetupUiShellModel.cs(414,17): warning CSENSE001: The symbol 'ResetToCommittedValue' is missing valid documentation [C:\Users\pierc\source\repos\archanox\LibreRally\LibreRally\LibreRally.csproj::TargetFramework=net10.0]
C:\Users\pierc\source\repos\archanox\LibreRally\LibreRally\HUD\SetupUiShellModel.cs(111,17): warning CSENSE001: The symbol 'ResetToDefaults' is missing valid documentation [C:\Users\pierc\source\repos\archanox\LibreRally\LibreRally\LibreRally.csproj::TargetFramework=net10.0]
C:\Users\pierc\source\repos\archanox\LibreRally\LibreRally\HUD\SetupUiShellModel.cs(422,17): warning CSENSE001: The symbol 'AcceptPendingValue' is missing valid documentation [C:\Users\pierc\source\repos\archanox\LibreRally\LibreRally\LibreRally.csproj::TargetFramework=net10.0]
C:\Users\pierc\source\repos\archanox\LibreRally\LibreRally\HUD\SetupUiShellModel.cs(429,17): warning CSENSE001: The symbol 'ResetToDefaultValue' is missing valid documentation [C:\Users\pierc\source\repos\archanox\LibreRally\LibreRally\LibreRally.csproj::TargetFramework=net10.0]
C:\Users\pierc\source\repos\archanox\LibreRally\LibreRally\Vehicle\JBeam\PcConfigLoader.cs(88,49): warning CSENSE002: The parameter 'vehicleFolder' is missing documentation [C:\Users\pierc\source\repos\archanox\LibreRally\LibreRally\LibreRally.csproj::TargetFramework=net10.0]
C:\Users\pierc\source\repos\archanox\LibreRally\LibreRally\Vehicle\JBeam\PcConfigLoader.cs(88,72): warning CSENSE002: The parameter 'preferredName' is missing documentation [C:\Users\pierc\source\repos\archanox\LibreRally\LibreRally\LibreRally.csproj::TargetFramework=net10.0]
C:\Users\pierc\source\repos\archanox\LibreRally\LibreRally\Vehicle\JBeam\PcConfigLoader.cs(88,27): warning CSENSE006: The symbol 'FindBestConfig' is missing return value documentation [C:\Users\pierc\source\repos\archanox\LibreRally\LibreRally\LibreRally.csproj::TargetFramework=net10.0]
C:\Users\pierc\source\repos\archanox\LibreRally\LibreRally\HUD\SetupUiShellModel.cs(437,37): warning CSENSE001: The symbol 'Numeric' is missing valid documentation [C:\Users\pierc\source\repos\archanox\LibreRally\LibreRally\LibreRally.csproj::TargetFramework=net10.0]
C:\Users\pierc\source\repos\archanox\LibreRally\LibreRally\Vehicle\Content\BeamNgVehicleCatalog.cs(97,51): warning CSENSE001: The symbol 'DiscoverBundledVehicles' is missing valid documentation [C:\Users\pierc\source\repos\archanox\LibreRally\LibreRally\LibreRally.csproj::TargetFramework=net10.0]
C:\Users\pierc\source\repos\archanox\LibreRally\LibreRally\Vehicle\Content\BeamNgVehicleCatalog.cs(54,20): warning CSENSE001: The symbol 'ResolveVehicleAssetPath' is missing valid documentation [C:\Users\pierc\source\repos\archanox\LibreRally\LibreRally\LibreRally.csproj::TargetFramework=net10.0]
C:\Users\pierc\source\repos\archanox\LibreRally\LibreRally\Vehicle\Content\BeamNgVehicleCatalog.cs(59,34): warning CSENSE001: The symbol 'ResolveColladaFilesForMeshes' is missing valid documentation [C:\Users\pierc\source\repos\archanox\LibreRally\LibreRally\LibreRally.csproj::TargetFramework=net10.0]
C:\Users\pierc\source\repos\archanox\LibreRally\LibreRally\HUD\SetupUiShellModel.cs(440,37): warning CSENSE001: The symbol 'Choice' is missing valid documentation [C:\Users\pierc\source\repos\archanox\LibreRally\LibreRally\LibreRally.csproj::TargetFramework=net10.0]
C:\Users\pierc\source\repos\archanox\LibreRally\LibreRally\Vehicle\JBeam\JBeamAssembler.cs(22,53): warning CSENSE002: The parameter 'vehicleFolder' is missing documentation [C:\Users\pierc\source\repos\archanox\LibreRally\LibreRally\LibreRally.csproj::TargetFramework=net10.0]
C:\Users\pierc\source\repos\archanox\LibreRally\LibreRally\Vehicle\JBeam\JBeamAssembler.cs(22,78): warning CSENSE002: The parameter 'pcConfig' is missing documentation [C:\Users\pierc\source\repos\archanox\LibreRally\LibreRally\LibreRally.csproj::TargetFramework=net10.0]
C:\Users\pierc\source\repos\archanox\LibreRally\LibreRally\Vehicle\JBeam\JBeamAssembler.cs(22,37): warning CSENSE006: The symbol 'Assemble' is missing return value documentation [C:\Users\pierc\source\repos\archanox\LibreRally\LibreRally\LibreRally.csproj::TargetFramework=net10.0]
C:\Users\pierc\source\repos\archanox\LibreRally\LibreRally\Vehicle\Content\BeamNgVehicleCatalog.cs(145,34): warning CSENSE001: The symbol 'ResolveVehicle' is missing valid documentation [C:\Users\pierc\source\repos\archanox\LibreRally\LibreRally\LibreRally.csproj::TargetFramework=net10.0]
C:\Users\pierc\source\repos\archanox\LibreRally\LibreRally\HUD\SetupUiShellModel.cs(443,37): warning CSENSE001: The symbol 'Toggle' is missing valid documentation [C:\Users\pierc\source\repos\archanox\LibreRally\LibreRally\LibreRally.csproj::TargetFramework=net10.0]
C:\Users\pierc\source\repos\archanox\LibreRally\LibreRally\HUD\SetupUiShellModel.cs(446,37): warning CSENSE001: The symbol 'FromVehicleSetupEntry' is missing valid documentation [C:\Users\pierc\source\repos\archanox\LibreRally\LibreRally\LibreRally.csproj::TargetFramework=net10.0]
C:\Users\pierc\source\repos\archanox\LibreRally\LibreRally\HUD\SetupUiShellModel.cs(119,37): warning CSENSE001: The symbol 'CreatePreview' is missing valid documentation [C:\Users\pierc\source\repos\archanox\LibreRally\LibreRally\LibreRally.csproj::TargetFramework=net10.0]
C:\Users\pierc\source\repos\archanox\LibreRally\LibreRally\Vehicle\JBeam\JBeamParser.cs(37,59): warning CSENSE002: The parameter 'vars' is missing documentation [C:\Users\pierc\source\repos\archanox\LibreRally\LibreRally\LibreRally.csproj::TargetFramework=net10.0]
C:\Users\pierc\source\repos\archanox\LibreRally\LibreRally\Vehicle\JBeam\JBeamParser.cs(39,35): warning CSENSE001: The symbol 'ParseFile' is missing valid documentation [C:\Users\pierc\source\repos\archanox\LibreRally\LibreRally\LibreRally.csproj::TargetFramework=net10.0]
C:\Users\pierc\source\repos\archanox\LibreRally\LibreRally\Vehicle\JBeam\JBeamParser.cs(46,45): warning CSENSE001: The symbol 'ParseVariableDefaultsFile' is missing valid documentation [C:\Users\pierc\source\repos\archanox\LibreRally\LibreRally\LibreRally.csproj::TargetFramework=net10.0]
C:\Users\pierc\source\repos\archanox\LibreRally\LibreRally\HUD\SetupUiShellModel.cs(190,37): warning CSENSE001: The symbol 'CreateFromVehicleSetup' is missing valid documentation [C:\Users\pierc\source\repos\archanox\LibreRally\LibreRally\LibreRally.csproj::TargetFramework=net10.0]
C:\Users\pierc\source\repos\archanox\LibreRally\LibreRally\Vehicle\JBeam\JBeamParser.cs(60,35): warning CSENSE001: The symbol 'Parse' is missing valid documentation [C:\Users\pierc\source\repos\archanox\LibreRally\LibreRally\LibreRally.csproj::TargetFramework=net10.0]
C:\Users\pierc\source\repos\archanox\LibreRally\LibreRally\Vehicle\JBeam\JBeamAssembler.cs(32,29): warning CSENSE002: The parameter 'searchFolders' is missing documentation [C:\Users\pierc\source\repos\archanox\LibreRally\LibreRally\LibreRally.csproj::TargetFramework=net10.0]
C:\Users\pierc\source\repos\archanox\LibreRally\LibreRally\Vehicle\JBeam\JBeamAssembler.cs(33,16): warning CSENSE002: The parameter 'vehicleFolder' is missing documentation [C:\Users\pierc\source\repos\archanox\LibreRally\LibreRally\LibreRally.csproj::TargetFramework=net10.0]
C:\Users\pierc\source\repos\archanox\LibreRally\LibreRally\Vehicle\JBeam\JBeamAssembler.cs(34,19): warning CSENSE002: The parameter 'pcConfig' is missing documentation [C:\Users\pierc\source\repos\archanox\LibreRally\LibreRally\LibreRally.csproj::TargetFramework=net10.0]
C:\Users\pierc\source\repos\archanox\LibreRally\LibreRally\Vehicle\JBeam\JBeamAssembler.cs(31,37): warning CSENSE006: The symbol 'Assemble' is missing return value documentation [C:\Users\pierc\source\repos\archanox\LibreRally\LibreRally\LibreRally.csproj::TargetFramework=net10.0]
C:\Users\pierc\source\repos\archanox\LibreRally\LibreRally\Vehicle\JBeam\JBeamAssembler.cs(31,37): warning CSENSE012: The exception type 'InvalidOperationException' is thrown but not documented [C:\Users\pierc\source\repos\archanox\LibreRally\LibreRally\LibreRally.csproj::TargetFramework=net10.0]
C:\Users\pierc\source\repos\archanox\LibreRally\LibreRally\Vehicle\Content\BeamNgVehicleCatalog.cs(76,12): warning CSENSE001: The symbol 'BeamNgVehicleCatalog(string, string, string)' is missing valid documentation [C:\Users\pierc\source\repos\archanox\LibreRally\LibreRally\LibreRally.csproj::TargetFramework=net10.0]
C:\Users\pierc\source\repos\archanox\LibreRally\LibreRally\Vehicle\Physics\Differential.cs(69,38): warning CSENSE006: The symbol 'CreateOpen' is missing return value documentation [C:\Users\pierc\source\repos\archanox\LibreRally\LibreRally\LibreRally.csproj::TargetFramework=net10.0]
C:\Users\pierc\source\repos\archanox\LibreRally\LibreRally\Vehicle\Physics\Differential.cs(79,62): warning CSENSE002: The parameter 'biasRatio' is missing documentation [C:\Users\pierc\source\repos\archanox\LibreRally\LibreRally\LibreRally.csproj::TargetFramework=net10.0]
C:\Users\pierc\source\repos\archanox\LibreRally\LibreRally\Vehicle\Physics\Differential.cs(79,86): warning CSENSE002: The parameter 'lockingCoeff' is missing documentation [C:\Users\pierc\source\repos\archanox\LibreRally\LibreRally\LibreRally.csproj::TargetFramework=net10.0]
C:\Users\pierc\source\repos\archanox\LibreRally\LibreRally\Vehicle\Physics\Differential.cs(79,113): warning CSENSE002: The parameter 'coastLockingCoeff' is missing documentation [C:\Users\pierc\source\repos\archanox\LibreRally\LibreRally\LibreRally.csproj::TargetFramework=net10.0]
C:\Users\pierc\source\repos\archanox\LibreRally\LibreRally\Vehicle\Physics\Differential.cs(79,143): warning CSENSE002: The parameter 'preloadTorque' is missing documentation [C:\Users\pierc\source\repos\archanox\LibreRally\LibreRally\LibreRally.csproj::TargetFramework=net10.0]
C:\Users\pierc\source\repos\archanox\LibreRally\LibreRally\Vehicle\Physics\Differential.cs(79,38): warning CSENSE006: The symbol 'CreateLimitedSlip' is missing return value documentation [C:\Users\pierc\source\repos\archanox\LibreRally\LibreRally\LibreRally.csproj::TargetFramework=net10.0]
C:\Users\pierc\source\repos\archanox\LibreRally\LibreRally\Vehicle\Physics\Differential.cs(89,38): warning CSENSE006: The symbol 'CreateLocking' is missing return value documentation [C:\Users\pierc\source\repos\archanox\LibreRally\LibreRally\LibreRally.csproj::TargetFramework=net10.0]
C:\Users\pierc\source\repos\archanox\LibreRally\LibreRally\Vehicle\Physics\SurfaceDefinition.cs(92,57): warning CSENSE002: The parameter 'surfaceType' is missing documentation [C:\Users\pierc\source\repos\archanox\LibreRally\LibreRally\LibreRally.csproj::TargetFramework=net10.0]
C:\Users\pierc\source\repos\archanox\LibreRally\LibreRally\Vehicle\Physics\SurfaceDefinition.cs(92,37): warning CSENSE006: The symbol 'ForType' is missing return value documentation [C:\Users\pierc\source\repos\archanox\LibreRally\LibreRally\LibreRally.csproj::TargetFramework=net10.0]
C:\Users\pierc\source\repos\archanox\LibreRally\LibreRally\Vehicle\Physics\VehicleDynamicsSystem.cs(128,12): warning CSENSE001: The symbol 'VehicleDynamicsSystem()' is missing valid documentation [C:\Users\pierc\source\repos\archanox\LibreRally\LibreRally\LibreRally.csproj::TargetFramework=net10.0]
C:\Users\pierc\source\repos\archanox\LibreRally\LibreRally\Vehicle\Rendering\DtsLoader.cs(19,37): warning CSENSE001: The symbol 'Load' is missing valid documentation [C:\Users\pierc\source\repos\archanox\LibreRally\LibreRally\LibreRally.csproj::TargetFramework=net10.0]
C:\Users\pierc\source\repos\archanox\LibreRally\LibreRally\Vehicle\Rendering\ColladaLoader.cs(35,37): warning CSENSE001: The symbol 'Load' is missing valid documentation [C:\Users\pierc\source\repos\archanox\LibreRally\LibreRally\LibreRally.csproj::TargetFramework=net10.0]
C:\Users\pierc\source\repos\archanox\LibreRally\LibreRally\Vehicle\VehicleLoader.cs(31,12): warning CSENSE001: The symbol 'VehicleLoader(Game)' is missing valid documentation [C:\Users\pierc\source\repos\archanox\LibreRally\LibreRally\LibreRally.csproj::TargetFramework=net10.0]
C:\Users\pierc\source\repos\archanox\LibreRally\LibreRally\Vehicle\VehicleLoader.cs(45,111): warning CSENSE002: The parameter 'setupOverrides' is missing documentation [C:\Users\pierc\source\repos\archanox\LibreRally\LibreRally\LibreRally.csproj::TargetFramework=net10.0]
C:\Users\pierc\source\repos\archanox\LibreRally\LibreRally\Vehicle\VehicleLoader.cs(45,26): warning CSENSE006: The symbol 'Load' is missing return value documentation [C:\Users\pierc\source\repos\archanox\LibreRally\LibreRally\LibreRally.csproj::TargetFramework=net10.0]
C:\Users\pierc\source\repos\archanox\LibreRally\LibreRally\Vehicle\VehicleLoader.cs(43,12): warning CSENSE019: The word 'null' should be replaced with <see langword="null" /> [C:\Users\pierc\source\repos\archanox\LibreRally\LibreRally\LibreRally.csproj::TargetFramework=net10.0]
C:\Users\pierc\source\repos\archanox\LibreRally\LibreRally\Vehicle\VehicleLoader.cs(59,26): warning CSENSE001: The symbol 'Load' is missing valid documentation [C:\Users\pierc\source\repos\archanox\LibreRally\LibreRally\LibreRally.csproj::TargetFramework=net10.0]
C:\Users\pierc\source\repos\archanox\LibreRally\LibreRally\Vehicle\Physics\VehicleDynamicsSystem.cs(515,18): warning CSENSE006: The symbol 'GetTotalSelfAligningTorque' is missing return value documentation [C:\Users\pierc\source\repos\archanox\LibreRally\LibreRally\LibreRally.csproj::TargetFramework=net10.0]
C:\Users\pierc\source\repos\archanox\LibreRally\LibreRally\Vehicle\Rendering\ColladaLoader.cs(570,68): warning CSENSE002: The parameter 'daeFilePath' is missing documentation [C:\Users\pierc\source\repos\archanox\LibreRally\LibreRally\LibreRally.csproj::TargetFramework=net10.0]
C:\Users\pierc\source\repos\archanox\LibreRally\LibreRally\Vehicle\Rendering\ColladaLoader.cs(570,46): warning CSENSE006: The symbol 'LoadTextureMap' is missing return value documentation [C:\Users\pierc\source\repos\archanox\LibreRally\LibreRally\LibreRally.csproj::TargetFramework=net10.0]
C:\Users\pierc\source\repos\archanox\LibreRally\LibreRally\Vehicle\VehiclePowertrainResolver.cs(52,42): warning CSENSE001: The symbol 'Resolve' is missing valid documentation [C:\Users\pierc\source\repos\archanox\LibreRally\LibreRally\LibreRally.csproj::TargetFramework=net10.0]
  Patch for assembly [LibreRally, Version=1.0.0.0, Culture=neutral, PublicKeyToken=null]
C:\Users\pierc\source\repos\archanox\LibreRally\LibreRally\BasicCameraController.cs(25,17): warning CSENSE001: The symbol 'Gamepad' is missing valid documentation [C:\Users\pierc\source\repos\archanox\LibreRally\LibreRally\LibreRally.csproj::TargetFramework=net10.0-windows]
C:\Users\pierc\source\repos\archanox\LibreRally\LibreRally\BasicCameraController.cs(27,20): warning CSENSE001: The symbol 'KeyboardMovementSpeed' is missing valid documentation [C:\Users\pierc\source\repos\archanox\LibreRally\LibreRally\LibreRally.csproj::TargetFramework=net10.0-windows]
C:\Users\pierc\source\repos\archanox\LibreRally\LibreRally\BasicCameraController.cs(29,20): warning CSENSE001: The symbol 'TouchMovementSpeed' is missing valid documentation [C:\Users\pierc\source\repos\archanox\LibreRally\LibreRally\LibreRally.csproj::TargetFramework=net10.0-windows]
C:\Users\pierc\source\repos\archanox\LibreRally\LibreRally\BasicCameraController.cs(31,18): warning CSENSE001: The symbol 'SpeedFactor' is missing valid documentation [C:\Users\pierc\source\repos\archanox\LibreRally\LibreRally\LibreRally.csproj::TargetFramework=net10.0-windows]
C:\Users\pierc\source\repos\archanox\LibreRally\LibreRally\BasicCameraController.cs(33,20): warning CSENSE001: The symbol 'KeyboardRotationSpeed' is missing valid documentation [C:\Users\pierc\source\repos\archanox\LibreRally\LibreRally\LibreRally.csproj::TargetFramework=net10.0-windows]
C:\Users\pierc\source\repos\archanox\LibreRally\LibreRally\BasicCameraController.cs(35,20): warning CSENSE001: The symbol 'MouseRotationSpeed' is missing valid documentation [C:\Users\pierc\source\repos\archanox\LibreRally\LibreRally\LibreRally.csproj::TargetFramework=net10.0-windows]
C:\Users\pierc\source\repos\archanox\LibreRally\LibreRally\BasicCameraController.cs(37,20): warning CSENSE001: The symbol 'TouchRotationSpeed' is missing valid documentation [C:\Users\pierc\source\repos\archanox\LibreRally\LibreRally\LibreRally.csproj::TargetFramework=net10.0-windows]
C:\Users\pierc\source\repos\archanox\LibreRally\LibreRally\Camera\RallyCameraScript.cs(11,14): warning CSENSE001: The symbol 'RallyCameraScript' is missing valid documentation [C:\Users\pierc\source\repos\archanox\LibreRally\LibreRally\LibreRally.csproj::TargetFramework=net10.0-windows]
C:\Users\pierc\source\repos\archanox\LibreRally\LibreRally\Camera\RallyCameraScript.cs(13,20): warning CSENSE001: The symbol 'Target' is missing valid documentation [C:\Users\pierc\source\repos\archanox\LibreRally\LibreRally\LibreRally.csproj::TargetFramework=net10.0-windows]
C:\Users\pierc\source\repos\archanox\LibreRally\LibreRally\Camera\RallyCameraScript.cs(17,20): warning CSENSE001: The symbol 'FollowOffset' is missing valid documentation [C:\Users\pierc\source\repos\archanox\LibreRally\LibreRally\LibreRally.csproj::TargetFramework=net10.0-windows]
C:\Users\pierc\source\repos\archanox\LibreRally\LibreRally\Camera\RallyCameraScript.cs(18,18): warning CSENSE001: The symbol 'FollowLerpSpeed' is missing valid documentation [C:\Users\pierc\source\repos\archanox\LibreRally\LibreRally\LibreRally.csproj::TargetFramework=net10.0-windows]
C:\Users\pierc\source\repos\archanox\LibreRally\LibreRally\Camera\RallyCameraScript.cs(14,31): warning CSENSE001: The symbol 'CarComponent' is missing valid documentation [C:\Users\pierc\source\repos\archanox\LibreRally\LibreRally\LibreRally.csproj::TargetFramework=net10.0-windows]
C:\Users\pierc\source\repos\archanox\LibreRally\LibreRally\CodeFirstSceneFactory.cs(13,21): warning CSENSE001: The symbol 'CodeFirstSceneFactory' is missing valid documentation [C:\Users\pierc\source\repos\archanox\LibreRally\LibreRally\LibreRally.csproj::TargetFramework=net10.0-windows]
C:\Users\pierc\source\repos\archanox\LibreRally\LibreRally\CodeFirstSceneFactory.cs(127,22): warning CSENSE001: The symbol 'CodeFirstSceneSetup' is missing valid documentation [C:\Users\pierc\source\repos\archanox\LibreRally\LibreRally\LibreRally.csproj::TargetFramework=net10.0-windows]
C:\Users\pierc\source\repos\archanox\LibreRally\LibreRally\CodeFirstSceneFactory.cs(108,21): warning CSENSE001: The symbol 'LibreRallyGame' is missing valid documentation [C:\Users\pierc\source\repos\archanox\LibreRally\LibreRally\LibreRally.csproj::TargetFramework=net10.0-windows]
C:\Users\pierc\source\repos\archanox\LibreRally\LibreRally\Race\CheckpointTrigger.cs(11,14): warning CSENSE001: The symbol 'CheckpointTrigger' is missing valid documentation [C:\Users\pierc\source\repos\archanox\LibreRally\LibreRally\LibreRally.csproj::TargetFramework=net10.0-windows]
C:\Users\pierc\source\repos\archanox\LibreRally\LibreRally\Race\CheckpointTrigger.cs(14,20): warning CSENSE001: The symbol 'Size' is missing valid documentation [C:\Users\pierc\source\repos\archanox\LibreRally\LibreRally\LibreRally.csproj::TargetFramework=net10.0-windows]
C:\Users\pierc\source\repos\archanox\LibreRally\LibreRally\Race\CheckpointTrigger.cs(13,16): warning CSENSE001: The symbol 'CheckpointIndex' is missing valid documentation [C:\Users\pierc\source\repos\archanox\LibreRally\LibreRally\LibreRally.csproj::TargetFramework=net10.0-windows]
C:\Users\pierc\source\repos\archanox\LibreRally\LibreRally\Race\CheckpointTrigger.cs(15,31): warning CSENSE001: The symbol 'Triggered' is missing valid documentation [C:\Users\pierc\source\repos\archanox\LibreRally\LibreRally\LibreRally.csproj::TargetFramework=net10.0-windows]
C:\Users\pierc\source\repos\archanox\LibreRally\LibreRally\Race\RaceController.cs(8,14): warning CSENSE001: The symbol 'RaceController' is missing valid documentation [C:\Users\pierc\source\repos\archanox\LibreRally\LibreRally\LibreRally.csproj::TargetFramework=net10.0-windows]
C:\Users\pierc\source\repos\archanox\LibreRally\LibreRally\Race\RaceController.cs(10,23): warning CSENSE001: The symbol 'Timer' is missing valid documentation [C:\Users\pierc\source\repos\archanox\LibreRally\LibreRally\LibreRally.csproj::TargetFramework=net10.0-windows]
C:\Users\pierc\source\repos\archanox\LibreRally\LibreRally\Race\RaceController.cs(11,36): warning CSENSE001: The symbol 'Checkpoints' is missing valid documentation [C:\Users\pierc\source\repos\archanox\LibreRally\LibreRally\LibreRally.csproj::TargetFramework=net10.0-windows]
C:\Users\pierc\source\repos\archanox\LibreRally\LibreRally\Race\RaceController.cs(12,18): warning CSENSE001: The symbol 'CountdownDuration' is missing valid documentation [C:\Users\pierc\source\repos\archanox\LibreRally\LibreRally\LibreRally.csproj::TargetFramework=net10.0-windows]
C:\Users\pierc\source\repos\archanox\LibreRally\LibreRally\Race\RaceController.cs(18,25): warning CSENSE001: The symbol 'SplitTimes' is missing valid documentation [C:\Users\pierc\source\repos\archanox\LibreRally\LibreRally\LibreRally.csproj::TargetFramework=net10.0-windows]
C:\Users\pierc\source\repos\archanox\LibreRally\LibreRally\Race\RaceController.cs(20,17): warning CSENSE001: The symbol 'IsRacing' is missing valid documentation [C:\Users\pierc\source\repos\archanox\LibreRally\LibreRally\LibreRally.csproj::TargetFramework=net10.0-windows]
C:\Users\pierc\source\repos\archanox\LibreRally\LibreRally\Race\RaceController.cs(21,18): warning CSENSE001: The symbol 'CountdownRemaining' is missing valid documentation [C:\Users\pierc\source\repos\archanox\LibreRally\LibreRally\LibreRally.csproj::TargetFramework=net10.0-windows]
C:\Users\pierc\source\repos\archanox\LibreRally\LibreRally\Race\RaceController.cs(22,16): warning CSENSE001: The symbol 'CountdownBeats' is missing valid documentation [C:\Users\pierc\source\repos\archanox\LibreRally\LibreRally\LibreRally.csproj::TargetFramework=net10.0-windows]
C:\Users\pierc\source\repos\archanox\LibreRally\LibreRally\Race\RaceController.cs(24,26): warning CSENSE001: The symbol 'RaceStarted' is missing valid documentation [C:\Users\pierc\source\repos\archanox\LibreRally\LibreRally\LibreRally.csproj::TargetFramework=net10.0-windows]
C:\Users\pierc\source\repos\archanox\LibreRally\LibreRally\Race\RaceController.cs(25,26): warning CSENSE001: The symbol 'RaceFinished' is missing valid documentation [C:\Users\pierc\source\repos\archanox\LibreRally\LibreRally\LibreRally.csproj::TargetFramework=net10.0-windows]
  LibreRally -> C:\Users\pierc\source\repos\archanox\LibreRally\LibreRally\bin\Debug\net10.0\LibreRally.dll
C:\Users\pierc\source\repos\archanox\LibreRally\LibreRally\Race\RaceTimer.cs(7,14): warning CSENSE001: The symbol 'RaceTimer' is missing valid documentation [C:\Users\pierc\source\repos\archanox\LibreRally\LibreRally\LibreRally.csproj::TargetFramework=net10.0-windows]
C:\Users\pierc\source\repos\archanox\LibreRally\LibreRally\HUD\PauseMenuOverlay.cs(13,31): warning CSENSE001: The symbol 'PauseMenuItem' is missing valid documentation [C:\Users\pierc\source\repos\archanox\LibreRally\LibreRally\LibreRally.csproj::TargetFramework=net10.0-windows]
C:\Users\pierc\source\repos\archanox\LibreRally\LibreRally\Race\RaceTimer.cs(12,17): warning CSENSE001: The symbol 'IsRunning' is missing valid documentation [C:\Users\pierc\source\repos\archanox\LibreRally\LibreRally\LibreRally.csproj::TargetFramework=net10.0-windows]
C:\Users\pierc\source\repos\archanox\LibreRally\LibreRally\Race\RaceTimer.cs(13,19): warning CSENSE001: The symbol 'ElapsedSeconds' is missing valid documentation [C:\Users\pierc\source\repos\archanox\LibreRally\LibreRally\LibreRally.csproj::TargetFramework=net10.0-windows]
C:\Users\pierc\source\repos\archanox\LibreRally\LibreRally\HUD\DrivingHudOverlay.cs(16,21): warning CSENSE001: The symbol 'DrivingHudOverlay' is missing valid documentation [C:\Users\pierc\source\repos\archanox\LibreRally\LibreRally\LibreRally.csproj::TargetFramework=net10.0-windows]
C:\Users\pierc\source\repos\archanox\LibreRally\LibreRally\HUD\DrivingHudOverlay.cs(44,23): warning CSENSE001: The symbol 'Timer' is missing valid documentation [C:\Users\pierc\source\repos\archanox\LibreRally\LibreRally\LibreRally.csproj::TargetFramework=net10.0-windows]
C:\Users\pierc\source\repos\archanox\LibreRally\LibreRally\HUD\DrivingHudOverlay.cs(43,31): warning CSENSE001: The symbol 'Car' is missing valid documentation [C:\Users\pierc\source\repos\archanox\LibreRally\LibreRally\LibreRally.csproj::TargetFramework=net10.0-windows]
C:\Users\pierc\source\repos\archanox\LibreRally\LibreRally\HUD\DrivingHudOverlay.cs(47,17): warning CSENSE001: The symbol 'DebugOverlayVisible' is missing valid documentation [C:\Users\pierc\source\repos\archanox\LibreRally\LibreRally\LibreRally.csproj::TargetFramework=net10.0-windows]
C:\Users\pierc\source\repos\archanox\LibreRally\LibreRally\HUD\DrivingHudOverlay.cs(46,19): warning CSENSE001: The symbol 'StatusText' is missing valid documentation [C:\Users\pierc\source\repos\archanox\LibreRally\LibreRally\LibreRally.csproj::TargetFramework=net10.0-windows]
C:\Users\pierc\source\repos\archanox\LibreRally\LibreRally\HUD\DrivingHudOverlay.cs(45,28): warning CSENSE001: The symbol 'RaceController' is missing valid documentation [C:\Users\pierc\source\repos\archanox\LibreRally\LibreRally\LibreRally.csproj::TargetFramework=net10.0-windows]
C:\Users\pierc\source\repos\archanox\LibreRally\LibreRally\HUD\PauseMenuOverlay.cs(15,21): warning CSENSE001: The symbol 'PauseMenuOverlay' is missing valid documentation [C:\Users\pierc\source\repos\archanox\LibreRally\LibreRally\LibreRally.csproj::TargetFramework=net10.0-windows]
C:\Users\pierc\source\repos\archanox\LibreRally\LibreRally\HUD\PauseMenuOverlay.cs(57,17): warning CSENSE001: The symbol 'OverlayVisible' is missing valid documentation [C:\Users\pierc\source\repos\archanox\LibreRally\LibreRally\LibreRally.csproj::TargetFramework=net10.0-windows]
C:\Users\pierc\source\repos\archanox\LibreRally\LibreRally\HUD\PauseMenuOverlay.cs(37,41): warning CSENSE001: The symbol 'Items' is missing valid documentation [C:\Users\pierc\source\repos\archanox\LibreRally\LibreRally\LibreRally.csproj::TargetFramework=net10.0-windows]
C:\Users\pierc\source\repos\archanox\LibreRally\LibreRally\HUD\PauseMenuOverlay.cs(67,19): warning CSENSE001: The symbol 'StatusText' is missing valid documentation [C:\Users\pierc\source\repos\archanox\LibreRally\LibreRally\LibreRally.csproj::TargetFramework=net10.0-windows]
C:\Users\pierc\source\repos\archanox\LibreRally\LibreRally\HUD\PauseMenuOverlay.cs(47,16): warning CSENSE001: The symbol 'SelectedIndex' is missing valid documentation [C:\Users\pierc\source\repos\archanox\LibreRally\LibreRally\LibreRally.csproj::TargetFramework=net10.0-windows]
C:\Users\pierc\source\repos\archanox\LibreRally\LibreRally\HUD\PauseMenuOverlay.cs(87,25): warning CSENSE001: The symbol 'ItemActivated' is missing valid documentation [C:\Users\pierc\source\repos\archanox\LibreRally\LibreRally\LibreRally.csproj::TargetFramework=net10.0-windows]
C:\Users\pierc\source\repos\archanox\LibreRally\LibreRally\HUD\PauseMenuOverlay.cs(77,19): warning CSENSE001: The symbol 'VehicleName' is missing valid documentation [C:\Users\pierc\source\repos\archanox\LibreRally\LibreRally\LibreRally.csproj::TargetFramework=net10.0-windows]
C:\Users\pierc\source\repos\archanox\LibreRally\LibreRally\VehicleSpawner.cs(26,5): warning CSENSE001: The symbol 'ResumeDriving' is missing valid documentation [C:\Users\pierc\source\repos\archanox\LibreRally\LibreRally\LibreRally.csproj::TargetFramework=net10.0-windows]
C:\Users\pierc\source\repos\archanox\LibreRally\LibreRally\VehicleSpawner.cs(27,5): warning CSENSE001: The symbol 'ResetVehicle' is missing valid documentation [C:\Users\pierc\source\repos\archanox\LibreRally\LibreRally\LibreRally.csproj::TargetFramework=net10.0-windows]
C:\Users\pierc\source\repos\archanox\LibreRally\LibreRally\VehicleSpawner.cs(28,5): warning CSENSE001: The symbol 'GarageSetup' is missing valid documentation [C:\Users\pierc\source\repos\archanox\LibreRally\LibreRally\LibreRally.csproj::TargetFramework=net10.0-windows]
C:\Users\pierc\source\repos\archanox\LibreRally\LibreRally\HUD\SetupUiShellModel.cs(9,13): warning CSENSE001: The symbol 'SetupUiEditorKind' is missing valid documentation [C:\Users\pierc\source\repos\archanox\LibreRally\LibreRally\LibreRally.csproj::TargetFramework=net10.0-windows]
C:\Users\pierc\source\repos\archanox\LibreRally\LibreRally\HUD\SetupUiShellModel.cs(11,5): warning CSENSE001: The symbol 'Numeric' is missing valid documentation [C:\Users\pierc\source\repos\archanox\LibreRally\LibreRally\LibreRally.csproj::TargetFramework=net10.0-windows]
C:\Users\pierc\source\repos\archanox\LibreRally\LibreRally\HUD\SetupUiShellModel.cs(12,5): warning CSENSE001: The symbol 'Choice' is missing valid documentation [C:\Users\pierc\source\repos\archanox\LibreRally\LibreRally\LibreRally.csproj::TargetFramework=net10.0-windows]
C:\Users\pierc\source\repos\archanox\LibreRally\LibreRally\HUD\SetupUiShellModel.cs(19,5): warning CSENSE001: The symbol 'Reload' is missing valid documentation [C:\Users\pierc\source\repos\archanox\LibreRally\LibreRally\LibreRally.csproj::TargetFramework=net10.0-windows]
C:\Users\pierc\source\repos\archanox\LibreRally\LibreRally\HUD\SetupUiShellModel.cs(18,5): warning CSENSE001: The symbol 'Live' is missing valid documentation [C:\Users\pierc\source\repos\archanox\LibreRally\LibreRally\LibreRally.csproj::TargetFramework=net10.0-windows]
C:\Users\pierc\source\repos\archanox\LibreRally\LibreRally\VehicleSpawner.cs(29,5): warning CSENSE001: The symbol 'VehicleSelect' is missing valid documentation [C:\Users\pierc\source\repos\archanox\LibreRally\LibreRally\LibreRally.csproj::TargetFramework=net10.0-windows]
C:\Users\pierc\source\repos\archanox\LibreRally\LibreRally\HUD\SetupUiShellModel.cs(13,5): warning CSENSE001: The symbol 'Toggle' is missing valid documentation [C:\Users\pierc\source\repos\archanox\LibreRally\LibreRally\LibreRally.csproj::TargetFramework=net10.0-windows]
C:\Users\pierc\source\repos\archanox\LibreRally\LibreRally\HUD\SetupUiShellModel.cs(22,21): warning CSENSE001: The symbol 'SetupUiApplyPayload' is missing valid documentation [C:\Users\pierc\source\repos\archanox\LibreRally\LibreRally\LibreRally.csproj::TargetFramework=net10.0-windows]
C:\Users\pierc\source\repos\archanox\LibreRally\LibreRally\HUD\SetupUiShellModel.cs(24,38): warning CSENSE001: The symbol 'VariableOverrides' is missing valid documentation [C:\Users\pierc\source\repos\archanox\LibreRally\LibreRally\LibreRally.csproj::TargetFramework=net10.0-windows]
C:\Users\pierc\source\repos\archanox\LibreRally\LibreRally\HUD\SetupUiShellModel.cs(26,19): warning CSENSE001: The symbol 'SummaryText' is missing valid documentation [C:\Users\pierc\source\repos\archanox\LibreRally\LibreRally\LibreRally.csproj::TargetFramework=net10.0-windows]
C:\Users\pierc\source\repos\archanox\LibreRally\LibreRally\HUD\SetupUiShellModel.cs(25,48): warning CSENSE001: The symbol 'PressureOverrides' is missing valid documentation [C:\Users\pierc\source\repos\archanox\LibreRally\LibreRally\LibreRally.csproj::TargetFramework=net10.0-windows]
C:\Users\pierc\source\repos\archanox\LibreRally\LibreRally\HUD\SetupUiShellModel.cs(27,17): warning CSENSE001: The symbol 'HasChanges' is missing valid documentation [C:\Users\pierc\source\repos\archanox\LibreRally\LibreRally\LibreRally.csproj::TargetFramework=net10.0-windows]
C:\Users\pierc\source\repos\archanox\LibreRally\LibreRally\HUD\SetupUiShellModel.cs(28,17): warning CSENSE001: The symbol 'RequiresReload' is missing valid documentation [C:\Users\pierc\source\repos\archanox\LibreRally\LibreRally\LibreRally.csproj::TargetFramework=net10.0-windows]
C:\Users\pierc\source\repos\archanox\LibreRally\LibreRally\VehicleSpawner.cs(32,31): warning CSENSE001: The symbol 'PauseMenuEntry' is missing valid documentation [C:\Users\pierc\source\repos\archanox\LibreRally\LibreRally\LibreRally.csproj::TargetFramework=net10.0-windows]
C:\Users\pierc\source\repos\archanox\LibreRally\LibreRally\HUD\SetupUiShellModel.cs(16,13): warning CSENSE001: The symbol 'SetupUiApplyMode' is missing valid documentation [C:\Users\pierc\source\repos\archanox\LibreRally\LibreRally\LibreRally.csproj::TargetFramework=net10.0-windows]
C:\Users\pierc\source\repos\archanox\LibreRally\LibreRally\HUD\SetupUiShellModel.cs(31,21): warning CSENSE001: The symbol 'SetupUiShellModel' is missing valid documentation [C:\Users\pierc\source\repos\archanox\LibreRally\LibreRally\LibreRally.csproj::TargetFramework=net10.0-windows]
C:\Users\pierc\source\repos\archanox\LibreRally\LibreRally\HUD\SetupUiShellModel.cs(33,19): warning CSENSE001: The symbol 'Title' is missing valid documentation [C:\Users\pierc\source\repos\archanox\LibreRally\LibreRally\LibreRally.csproj::TargetFramework=net10.0-windows]
C:\Users\pierc\source\repos\archanox\LibreRally\LibreRally\HUD\SetupUiShellModel.cs(34,19): warning CSENSE001: The symbol 'Subtitle' is missing valid documentation [C:\Users\pierc\source\repos\archanox\LibreRally\LibreRally\LibreRally.csproj::TargetFramework=net10.0-windows]
C:\Users\pierc\source\repos\archanox\LibreRally\LibreRally\HUD\SetupUiShellModel.cs(35,19): warning CSENSE001: The symbol 'VehicleName' is missing valid documentation [C:\Users\pierc\source\repos\archanox\LibreRally\LibreRally\LibreRally.csproj::TargetFramework=net10.0-windows]
C:\Users\pierc\source\repos\archanox\LibreRally\LibreRally\Vehicle\Content\BeamNgVehicleCatalog.cs(13,5): warning CSENSE001: The symbol 'Folder' is missing valid documentation [C:\Users\pierc\source\repos\archanox\LibreRally\LibreRally\LibreRally.csproj::TargetFramework=net10.0-windows]
C:\Users\pierc\source\repos\archanox\LibreRally\LibreRally\HUD\SetupUiShellModel.cs(36,19): warning CSENSE001: The symbol 'StatusText' is missing valid documentation [C:\Users\pierc\source\repos\archanox\LibreRally\LibreRally\LibreRally.csproj::TargetFramework=net10.0-windows]
C:\Users\pierc\source\repos\archanox\LibreRally\LibreRally\Vehicle\Content\BeamNgVehicleCatalog.cs(14,5): warning CSENSE001: The symbol 'ZipArchive' is missing valid documentation [C:\Users\pierc\source\repos\archanox\LibreRally\LibreRally\LibreRally.csproj::TargetFramework=net10.0-windows]
C:\Users\pierc\source\repos\archanox\LibreRally\LibreRally\Vehicle\Content\BeamNgVehicleCatalog.cs(11,13): warning CSENSE001: The symbol 'BeamNgVehicleSourceKind' is missing valid documentation [C:\Users\pierc\source\repos\archanox\LibreRally\LibreRally\LibreRally.csproj::TargetFramework=net10.0-windows]
C:\Users\pierc\source\repos\archanox\LibreRally\LibreRally\HUD\SetupUiShellModel.cs(37,48): warning CSENSE001: The symbol 'Categories' is missing valid documentation [C:\Users\pierc\source\repos\archanox\LibreRally\LibreRally\LibreRally.csproj::TargetFramework=net10.0-windows]
C:\Users\pierc\source\repos\archanox\LibreRally\LibreRally\HUD\SetupUiShellModel.cs(38,16): warning CSENSE001: The symbol 'SelectedCategoryIndex' is missing valid documentation [C:\Users\pierc\source\repos\archanox\LibreRally\LibreRally\LibreRally.csproj::TargetFramework=net10.0-windows]
C:\Users\pierc\source\repos\archanox\LibreRally\LibreRally\HUD\SetupUiShellModel.cs(39,33): warning CSENSE001: The symbol 'SelectedCategory' is missing valid documentation [C:\Users\pierc\source\repos\archanox\LibreRally\LibreRally\LibreRally.csproj::TargetFramework=net10.0-windows]
C:\Users\pierc\source\repos\archanox\LibreRally\LibreRally\HUD\SetupUiShellModel.cs(40,16): warning CSENSE001: The symbol 'PendingChangeCount' is missing valid documentation [C:\Users\pierc\source\repos\archanox\LibreRally\LibreRally\LibreRally.csproj::TargetFramework=net10.0-windows]
C:\Users\pierc\source\repos\archanox\LibreRally\LibreRally\HUD\SetupUiShellModel.cs(42,16): warning CSENSE001: The symbol 'PendingReloadChangeCount' is missing valid documentation [C:\Users\pierc\source\repos\archanox\LibreRally\LibreRally\LibreRally.csproj::TargetFramework=net10.0-windows]
C:\Users\pierc\source\repos\archanox\LibreRally\LibreRally\HUD\SetupUiShellModel.cs(41,16): warning CSENSE001: The symbol 'PendingLiveChangeCount' is missing valid documentation [C:\Users\pierc\source\repos\archanox\LibreRally\LibreRally\LibreRally.csproj::TargetFramework=net10.0-windows]
C:\Users\pierc\source\repos\archanox\LibreRally\LibreRally\HUD\SetupUiShellModel.cs(43,16): warning CSENSE001: The symbol 'NonDefaultChangeCount' is missing valid documentation [C:\Users\pierc\source\repos\archanox\LibreRally\LibreRally\LibreRally.csproj::TargetFramework=net10.0-windows]
C:\Users\pierc\source\repos\archanox\LibreRally\LibreRally\HUD\SetupUiShellModel.cs(44,17): warning CSENSE001: The symbol 'CanApply' is missing valid documentation [C:\Users\pierc\source\repos\archanox\LibreRally\LibreRally\LibreRally.csproj::TargetFramework=net10.0-windows]
C:\Users\pierc\source\repos\archanox\LibreRally\LibreRally\HUD\SetupUiShellModel.cs(45,17): warning CSENSE001: The symbol 'CanResetToDefaults' is missing valid documentation [C:\Users\pierc\source\repos\archanox\LibreRally\LibreRally\LibreRally.csproj::TargetFramework=net10.0-windows]
C:\Users\pierc\source\repos\archanox\LibreRally\LibreRally\HUD\SetupUiShellModel.cs(271,21): warning CSENSE001: The symbol 'SetupUiFieldModel' is missing valid documentation [C:\Users\pierc\source\repos\archanox\LibreRally\LibreRally\LibreRally.csproj::TargetFramework=net10.0-windows]
C:\Users\pierc\source\repos\archanox\LibreRally\LibreRally\HUD\SetupUiShellModel.cs(273,19): warning CSENSE001: The symbol 'Id' is missing valid documentation [C:\Users\pierc\source\repos\archanox\LibreRally\LibreRally\LibreRally.csproj::TargetFramework=net10.0-windows]
C:\Users\pierc\source\repos\archanox\LibreRally\LibreRally\HUD\SetupUiShellModel.cs(274,19): warning CSENSE001: The symbol 'Label' is missing valid documentation [C:\Users\pierc\source\repos\archanox\LibreRally\LibreRally\LibreRally.csproj::TargetFramework=net10.0-windows]
C:\Users\pierc\source\repos\archanox\LibreRally\LibreRally\HUD\SetupUiShellModel.cs(275,19): warning CSENSE001: The symbol 'Description' is missing valid documentation [C:\Users\pierc\source\repos\archanox\LibreRally\LibreRally\LibreRally.csproj::TargetFramework=net10.0-windows]
C:\Users\pierc\source\repos\archanox\LibreRally\LibreRally\HUD\SetupUiShellModel.cs(276,30): warning CSENSE001: The symbol 'EditorKind' is missing valid documentation [C:\Users\pierc\source\repos\archanox\LibreRally\LibreRally\LibreRally.csproj::TargetFramework=net10.0-windows]
C:\Users\pierc\source\repos\archanox\LibreRally\LibreRally\HUD\SetupUiShellModel.cs(277,29): warning CSENSE001: The symbol 'ApplyMode' is missing valid documentation [C:\Users\pierc\source\repos\archanox\LibreRally\LibreRally\LibreRally.csproj::TargetFramework=net10.0-windows]
C:\Users\pierc\source\repos\archanox\LibreRally\LibreRally\HUD\SetupUiShellModel.cs(278,18): warning CSENSE001: The symbol 'NumericValue' is missing valid documentation [C:\Users\pierc\source\repos\archanox\LibreRally\LibreRally\LibreRally.csproj::TargetFramework=net10.0-windows]
C:\Users\pierc\source\repos\archanox\LibreRally\LibreRally\HUD\SetupUiShellModel.cs(279,18): warning CSENSE001: The symbol 'RawNumericValue' is missing valid documentation [C:\Users\pierc\source\repos\archanox\LibreRally\LibreRally\LibreRally.csproj::TargetFramework=net10.0-windows]
C:\Users\pierc\source\repos\archanox\LibreRally\LibreRally\HUD\SetupUiShellModel.cs(280,18): warning CSENSE001: The symbol 'Minimum' is missing valid documentation [C:\Users\pierc\source\repos\archanox\LibreRally\LibreRally\LibreRally.csproj::TargetFramework=net10.0-windows]
C:\Users\pierc\source\repos\archanox\LibreRally\LibreRally\HUD\SetupUiShellModel.cs(282,18): warning CSENSE001: The symbol 'Step' is missing valid documentation [C:\Users\pierc\source\repos\archanox\LibreRally\LibreRally\LibreRally.csproj::TargetFramework=net10.0-windows]
C:\Users\pierc\source\repos\archanox\LibreRally\LibreRally\HUD\SetupUiShellModel.cs(283,19): warning CSENSE001: The symbol 'Unit' is missing valid documentation [C:\Users\pierc\source\repos\archanox\LibreRally\LibreRally\LibreRally.csproj::TargetFramework=net10.0-windows]
C:\Users\pierc\source\repos\archanox\LibreRally\LibreRally\HUD\SetupUiShellModel.cs(281,18): warning CSENSE001: The symbol 'Maximum' is missing valid documentation [C:\Users\pierc\source\repos\archanox\LibreRally\LibreRally\LibreRally.csproj::TargetFramework=net10.0-windows]
C:\Users\pierc\source\repos\archanox\LibreRally\LibreRally\HUD\SetupUiShellModel.cs(284,17): warning CSENSE001: The symbol 'ToggleValue' is missing valid documentation [C:\Users\pierc\source\repos\archanox\LibreRally\LibreRally\LibreRally.csproj::TargetFramework=net10.0-windows]
C:\Users\pierc\source\repos\archanox\LibreRally\LibreRally\HUD\SetupUiShellModel.cs(285,19): warning CSENSE001: The symbol 'ToggleOnLabel' is missing valid documentation [C:\Users\pierc\source\repos\archanox\LibreRally\LibreRally\LibreRally.csproj::TargetFramework=net10.0-windows]
C:\Users\pierc\source\repos\archanox\LibreRally\LibreRally\HUD\SetupUiShellModel.cs(286,19): warning CSENSE001: The symbol 'ToggleOffLabel' is missing valid documentation [C:\Users\pierc\source\repos\archanox\LibreRally\LibreRally\LibreRally.csproj::TargetFramework=net10.0-windows]
C:\Users\pierc\source\repos\archanox\LibreRally\LibreRally\HUD\SetupUiShellModel.cs(287,34): warning CSENSE001: The symbol 'ChoiceOptions' is missing valid documentation [C:\Users\pierc\source\repos\archanox\LibreRally\LibreRally\LibreRally.csproj::TargetFramework=net10.0-windows]
C:\Users\pierc\source\repos\archanox\LibreRally\LibreRally\HUD\SetupUiShellModel.cs(288,16): warning CSENSE001: The symbol 'ChoiceIndex' is missing valid documentation [C:\Users\pierc\source\repos\archanox\LibreRally\LibreRally\LibreRally.csproj::TargetFramework=net10.0-windows]
C:\Users\pierc\source\repos\archanox\LibreRally\LibreRally\HUD\SetupUiShellModel.cs(289,20): warning CSENSE001: The symbol 'BoundKey' is missing valid documentation [C:\Users\pierc\source\repos\archanox\LibreRally\LibreRally\LibreRally.csproj::TargetFramework=net10.0-windows]
C:\Users\pierc\source\repos\archanox\LibreRally\LibreRally\HUD\SetupUiShellModel.cs(290,35): warning CSENSE001: The symbol 'BindingKind' is missing valid documentation [C:\Users\pierc\source\repos\archanox\LibreRally\LibreRally\LibreRally.csproj::TargetFramework=net10.0-windows]
C:\Users\pierc\source\repos\archanox\LibreRally\LibreRally\HUD\SetupUiShellModel.cs(291,29): warning CSENSE001: The symbol 'Axle' is missing valid documentation [C:\Users\pierc\source\repos\archanox\LibreRally\LibreRally\LibreRally.csproj::TargetFramework=net10.0-windows]
C:\Users\pierc\source\repos\archanox\LibreRally\LibreRally\HUD\SetupUiShellModel.cs(292,17): warning CSENSE001: The symbol 'IsBoundNumericField' is missing valid documentation [C:\Users\pierc\source\repos\archanox\LibreRally\LibreRally\LibreRally.csproj::TargetFramework=net10.0-windows]
C:\Users\pierc\source\repos\archanox\LibreRally\LibreRally\HUD\SetupUiShellModel.cs(293,19): warning CSENSE001: The symbol 'DefaultDisplayValue' is missing valid documentation [C:\Users\pierc\source\repos\archanox\LibreRally\LibreRally\LibreRally.csproj::TargetFramework=net10.0-windows]
C:\Users\pierc\source\repos\archanox\LibreRally\LibreRally\HUD\SetupUiShellModel.cs(300,17): warning CSENSE001: The symbol 'CanResetToDefault' is missing valid documentation [C:\Users\pierc\source\repos\archanox\LibreRally\LibreRally\LibreRally.csproj::TargetFramework=net10.0-windows]
C:\Users\pierc\source\repos\archanox\LibreRally\LibreRally\HUD\SetupUiShellModel.cs(307,17): warning CSENSE001: The symbol 'IsDirty' is missing valid documentation [C:\Users\pierc\source\repos\archanox\LibreRally\LibreRally\LibreRally.csproj::TargetFramework=net10.0-windows]
C:\Users\pierc\source\repos\archanox\LibreRally\LibreRally\Vehicle\Content\BeamNgVehicleCatalog.cs(17,22): warning CSENSE001: The symbol 'BeamNgVehicleDescriptor' is missing valid documentation [C:\Users\pierc\source\repos\archanox\LibreRally\LibreRally\LibreRally.csproj::TargetFramework=net10.0-windows]
C:\Users\pierc\source\repos\archanox\LibreRally\LibreRally\HUD\SetupUiShellModel.cs(376,19): warning CSENSE001: The symbol 'DisplayValue' is missing valid documentation [C:\Users\pierc\source\repos\archanox\LibreRally\LibreRally\LibreRally.csproj::TargetFramework=net10.0-windows]
C:\Users\pierc\source\repos\archanox\LibreRally\LibreRally\HUD\SetupUiShellModel.cs(384,19): warning CSENSE001: The symbol 'ApplyHint' is missing valid documentation [C:\Users\pierc\source\repos\archanox\LibreRally\LibreRally\LibreRally.csproj::TargetFramework=net10.0-windows]
C:\Users\pierc\source\repos\archanox\LibreRally\LibreRally\Vehicle\Content\BeamNgVehicleCatalog.cs(23,19): warning CSENSE001: The symbol 'DisplayName' is missing valid documentation [C:\Users\pierc\source\repos\archanox\LibreRally\LibreRally\LibreRally.csproj::TargetFramework=net10.0-windows]
C:\Users\pierc\source\repos\archanox\LibreRally\LibreRally\Vehicle\Content\BeamNgVehicleCatalog.cs(48,19): warning CSENSE001: The symbol 'VehicleId' is missing valid documentation [C:\Users\pierc\source\repos\archanox\LibreRally\LibreRally\LibreRally.csproj::TargetFramework=net10.0-windows]
C:\Users\pierc\source\repos\archanox\LibreRally\LibreRally\Vehicle\Content\BeamNgVehicleCatalog.cs(28,21): warning CSENSE001: The symbol 'BeamNgResolvedVehicle' is missing valid documentation [C:\Users\pierc\source\repos\archanox\LibreRally\LibreRally\LibreRally.csproj::TargetFramework=net10.0-windows]
C:\Users\pierc\source\repos\archanox\LibreRally\LibreRally\Vehicle\Content\BeamNgVehicleCatalog.cs(50,34): warning CSENSE001: The symbol 'JBeamSearchFolders' is missing valid documentation [C:\Users\pierc\source\repos\archanox\LibreRally\LibreRally\LibreRally.csproj::TargetFramework=net10.0-windows]
C:\Users\pierc\source\repos\archanox\LibreRally\LibreRally\Vehicle\Content\BeamNgVehicleCatalog.cs(49,19): warning CSENSE001: The symbol 'VehicleFolderPath' is missing valid documentation [C:\Users\pierc\source\repos\archanox\LibreRally\LibreRally\LibreRally.csproj::TargetFramework=net10.0-windows]
C:\Users\pierc\source\repos\archanox\LibreRally\LibreRally\Vehicle\Content\BeamNgVehicleCatalog.cs(51,34): warning CSENSE001: The symbol 'VehiclesRootDirectories' is missing valid documentation [C:\Users\pierc\source\repos\archanox\LibreRally\LibreRally\LibreRally.csproj::TargetFramework=net10.0-windows]
C:\Users\pierc\source\repos\archanox\LibreRally\LibreRally\Vehicle\VehicleSetupOverrides.cs(7,5): warning CSENSE001: The symbol 'Unspecified' is missing valid documentation [C:\Users\pierc\source\repos\archanox\LibreRally\LibreRally\LibreRally.csproj::TargetFramework=net10.0-windows]
C:\Users\pierc\source\repos\archanox\LibreRally\LibreRally\Vehicle\Content\BeamNgVehicleCatalog.cs(52,19): warning CSENSE001: The symbol 'SourceDescription' is missing valid documentation [C:\Users\pierc\source\repos\archanox\LibreRally\LibreRally\LibreRally.csproj::TargetFramework=net10.0-windows]
C:\Users\pierc\source\repos\archanox\LibreRally\LibreRally\Vehicle\VehicleDefinition.cs(22,12): warning CSENSE002: The parameter 'Id1' is missing documentation [C:\Users\pierc\source\repos\archanox\LibreRally\LibreRally\LibreRally.csproj::TargetFramework=net10.0-windows]
C:\Users\pierc\source\repos\archanox\LibreRally\LibreRally\Vehicle\VehicleDefinition.cs(23,12): warning CSENSE002: The parameter 'Id2' is missing documentation [C:\Users\pierc\source\repos\archanox\LibreRally\LibreRally\LibreRally.csproj::TargetFramework=net10.0-windows]
C:\Users\pierc\source\repos\archanox\LibreRally\LibreRally\Vehicle\VehicleDefinition.cs(24,11): warning CSENSE002: The parameter 'Spring' is missing documentation [C:\Users\pierc\source\repos\archanox\LibreRally\LibreRally\LibreRally.csproj::TargetFramework=net10.0-windows]
C:\Users\pierc\source\repos\archanox\LibreRally\LibreRally\Vehicle\VehicleDefinition.cs(25,11): warning CSENSE002: The parameter 'Damp' is missing documentation [C:\Users\pierc\source\repos\archanox\LibreRally\LibreRally\LibreRally.csproj::TargetFramework=net10.0-windows]
C:\Users\pierc\source\repos\archanox\LibreRally\LibreRally\Vehicle\VehicleDefinition.cs(26,11): warning CSENSE002: The parameter 'DeformThreshold' is missing documentation [C:\Users\pierc\source\repos\archanox\LibreRally\LibreRally\LibreRally.csproj::TargetFramework=net10.0-windows]
C:\Users\pierc\source\repos\archanox\LibreRally\LibreRally\Vehicle\VehicleDefinition.cs(27,11): warning CSENSE002: The parameter 'BreakStrength' is missing documentation [C:\Users\pierc\source\repos\archanox\LibreRally\LibreRally\LibreRally.csproj::TargetFramework=net10.0-windows]
C:\Users\pierc\source\repos\archanox\LibreRally\LibreRally\Vehicle\VehicleDefinition.cs(28,12): warning CSENSE002: The parameter 'BeamType' is missing documentation [C:\Users\pierc\source\repos\archanox\LibreRally\LibreRally\LibreRally.csproj::TargetFramework=net10.0-windows]
C:\Users\pierc\source\repos\archanox\LibreRally\LibreRally\Vehicle\VehicleDefinition.cs(29,12): warning CSENSE002: The parameter 'DeformGroup' is missing documentation [C:\Users\pierc\source\repos\archanox\LibreRally\LibreRally\LibreRally.csproj::TargetFramework=net10.0-windows]
C:\Users\pierc\source\repos\archanox\LibreRally\LibreRally\HUD\VehicleSelectionOverlay.cs(14,21): warning CSENSE001: The symbol 'VehicleSelectionOverlay' is missing valid documentation [C:\Users\pierc\source\repos\archanox\LibreRally\LibreRally\LibreRally.csproj::TargetFramework=net10.0-windows]
C:\Users\pierc\source\repos\archanox\LibreRally\LibreRally\HUD\VehicleSelectionOverlay.cs(34,51): warning CSENSE001: The symbol 'Vehicles' is missing valid documentation [C:\Users\pierc\source\repos\archanox\LibreRally\LibreRally\LibreRally.csproj::TargetFramework=net10.0-windows]
C:\Users\pierc\source\repos\archanox\LibreRally\LibreRally\HUD\VehicleSelectionOverlay.cs(66,19): warning CSENSE001: The symbol 'StatusText' is missing valid documentation [C:\Users\pierc\source\repos\archanox\LibreRally\LibreRally\LibreRally.csproj::TargetFramework=net10.0-windows]
C:\Users\pierc\source\repos\archanox\LibreRally\LibreRally\HUD\VehicleSelectionOverlay.cs(76,25): warning CSENSE001: The symbol 'ItemActivated' is missing valid documentation [C:\Users\pierc\source\repos\archanox\LibreRally\LibreRally\LibreRally.csproj::TargetFramework=net10.0-windows]
C:\Users\pierc\source\repos\archanox\LibreRally\LibreRally\Vehicle\VehicleDefinition.cs(36,12): warning CSENSE002: The parameter 'MeshName' is missing documentation [C:\Users\pierc\source\repos\archanox\LibreRally\LibreRally\LibreRally.csproj::TargetFramework=net10.0-windows]
C:\Users\pierc\source\repos\archanox\LibreRally\LibreRally\Vehicle\VehicleDefinition.cs(37,18): warning CSENSE002: The parameter 'NodeGroups' is missing documentation [C:\Users\pierc\source\repos\archanox\LibreRally\LibreRally\LibreRally.csproj::TargetFramework=net10.0-windows]
C:\Users\pierc\source\repos\archanox\LibreRally\LibreRally\Vehicle\VehicleDefinition.cs(38,30): warning CSENSE002: The parameter 'Position' is missing documentation [C:\Users\pierc\source\repos\archanox\LibreRally\LibreRally\LibreRally.csproj::TargetFramework=net10.0-windows]
C:\Users\pierc\source\repos\archanox\LibreRally\LibreRally\Vehicle\VehicleDefinition.cs(39,30): warning CSENSE002: The parameter 'Rotation' is missing documentation [C:\Users\pierc\source\repos\archanox\LibreRally\LibreRally\LibreRally.csproj::TargetFramework=net10.0-windows]
C:\Users\pierc\source\repos\archanox\LibreRally\LibreRally\Vehicle\VehicleDefinition.cs(40,30): warning CSENSE002: The parameter 'Scale' is missing documentation [C:\Users\pierc\source\repos\archanox\LibreRally\LibreRally\LibreRally.csproj::TargetFramework=net10.0-windows]
C:\Users\pierc\source\repos\archanox\LibreRally\LibreRally\Vehicle\VehicleDefinition.cs(41,12): warning CSENSE002: The parameter 'SourcePartName' is missing documentation [C:\Users\pierc\source\repos\archanox\LibreRally\LibreRally\LibreRally.csproj::TargetFramework=net10.0-windows]
C:\Users\pierc\source\repos\archanox\LibreRally\LibreRally\Vehicle\VehicleDefinition.cs(42,12): warning CSENSE002: The parameter 'SourceSlotType' is missing documentation [C:\Users\pierc\source\repos\archanox\LibreRally\LibreRally\LibreRally.csproj::TargetFramework=net10.0-windows]
C:\Users\pierc\source\repos\archanox\LibreRally\LibreRally\Vehicle\VehicleDefinition.cs(33,5): warning CSENSE020: The word 'Position' matches a parameter name and should be wrapped in <paramref name="Position" /> [C:\Users\pierc\source\repos\archanox\LibreRally\LibreRally\LibreRally.csproj::TargetFramework=net10.0-windows]
C:\Users\pierc\source\repos\archanox\LibreRally\LibreRally\HUD\VehicleSelectionOverlay.cs(56,17): warning CSENSE001: The symbol 'OverlayVisible' is missing valid documentation [C:\Users\pierc\source\repos\archanox\LibreRally\LibreRally\LibreRally.csproj::TargetFramework=net10.0-windows]
C:\Users\pierc\source\repos\archanox\LibreRally\LibreRally\Vehicle\VehicleDefinition.cs(49,15): warning CSENSE001: The symbol 'AssembledPartGearRatio' is missing valid documentation [C:\Users\pierc\source\repos\archanox\LibreRally\LibreRally\LibreRally.csproj::TargetFramework=net10.0-windows]
C:\Users\pierc\source\repos\archanox\LibreRally\LibreRally\HUD\VehicleSelectionOverlay.cs(44,16): warning CSENSE001: The symbol 'SelectedIndex' is missing valid documentation [C:\Users\pierc\source\repos\archanox\LibreRally\LibreRally\LibreRally.csproj::TargetFramework=net10.0-windows]
C:\Users\pierc\source\repos\archanox\LibreRally\LibreRally\Vehicle\VehicleDefinition.cs(60,19): warning CSENSE001: The symbol 'Name' is missing valid documentation [C:\Users\pierc\source\repos\archanox\LibreRally\LibreRally\LibreRally.csproj::TargetFramework=net10.0-windows]
C:\Users\pierc\source\repos\archanox\LibreRally\LibreRally\Vehicle\VehicleDefinition.cs(62,18): warning CSENSE019: The word 'True' should be replaced with <see langword="True" /> [C:\Users\pierc\source\repos\archanox\LibreRally\LibreRally\LibreRally.csproj::TargetFramework=net10.0-windows]
C:\Users\pierc\source\repos\archanox\LibreRally\LibreRally\Vehicle\VehicleDefinition.cs(44,15): warning CSENSE001: The symbol 'AssembledPressureWheelOptions' is missing valid documentation [C:\Users\pierc\source\repos\archanox\LibreRally\LibreRally\LibreRally.csproj::TargetFramework=net10.0-windows]
C:\Users\pierc\source\repos\archanox\LibreRally\LibreRally\VehicleSpawner.cs(35,14): warning CSENSE001: The symbol 'VehicleSpawner' is missing valid documentation [C:\Users\pierc\source\repos\archanox\LibreRally\LibreRally\LibreRally.csproj::TargetFramework=net10.0-windows]
C:\Users\pierc\source\repos\archanox\LibreRally\LibreRally\VehicleSpawner.cs(37,19): warning CSENSE001: The symbol 'VehicleFolderPath' is missing valid documentation [C:\Users\pierc\source\repos\archanox\LibreRally\LibreRally\LibreRally.csproj::TargetFramework=net10.0-windows]
C:\Users\pierc\source\repos\archanox\LibreRally\LibreRally\VehicleSpawner.cs(46,20): warning CSENSE001: The symbol 'SpawnPosition' is missing valid documentation [C:\Users\pierc\source\repos\archanox\LibreRally\LibreRally\LibreRally.csproj::TargetFramework=net10.0-windows]
C:\Users\pierc\source\repos\archanox\LibreRally\LibreRally\VehicleSpawner.cs(47,17): warning CSENSE001: The symbol 'OutGaugeEnabled' is missing valid documentation [C:\Users\pierc\source\repos\archanox\LibreRally\LibreRally\LibreRally.csproj::TargetFramework=net10.0-windows]
C:\Users\pierc\source\repos\archanox\LibreRally\LibreRally\VehicleSpawner.cs(48,16): warning CSENSE001: The symbol 'OutGaugeDelayCentiseconds' is missing valid documentation [C:\Users\pierc\source\repos\archanox\LibreRally\LibreRally\LibreRally.csproj::TargetFramework=net10.0-windows]
C:\Users\pierc\source\repos\archanox\LibreRally\LibreRally\VehicleSpawner.cs(50,16): warning CSENSE001: The symbol 'OutGaugePort' is missing valid documentation [C:\Users\pierc\source\repos\archanox\LibreRally\LibreRally\LibreRally.csproj::TargetFramework=net10.0-windows]
C:\Users\pierc\source\repos\archanox\LibreRally\LibreRally\VehicleSpawner.cs(49,19): warning CSENSE001: The symbol 'OutGaugeIp' is missing valid documentation [C:\Users\pierc\source\repos\archanox\LibreRally\LibreRally\LibreRally.csproj::TargetFramework=net10.0-windows]
C:\Users\pierc\source\repos\archanox\LibreRally\LibreRally\VehicleSpawner.cs(51,16): warning CSENSE001: The symbol 'OutGaugeId' is missing valid documentation [C:\Users\pierc\source\repos\archanox\LibreRally\LibreRally\LibreRally.csproj::TargetFramework=net10.0-windows]
C:\Users\pierc\source\repos\archanox\LibreRally\LibreRally\VehicleSpawner.cs(54,19): warning CSENSE001: The symbol 'OutSimIp' is missing valid documentation [C:\Users\pierc\source\repos\archanox\LibreRally\LibreRally\LibreRally.csproj::TargetFramework=net10.0-windows]
C:\Users\pierc\source\repos\archanox\LibreRally\LibreRally\VehicleSpawner.cs(52,17): warning CSENSE001: The symbol 'OutSimEnabled' is missing valid documentation [C:\Users\pierc\source\repos\archanox\LibreRally\LibreRally\LibreRally.csproj::TargetFramework=net10.0-windows]
C:\Users\pierc\source\repos\archanox\LibreRally\LibreRally\VehicleSpawner.cs(53,16): warning CSENSE001: The symbol 'OutSimDelayCentiseconds' is missing valid documentation [C:\Users\pierc\source\repos\archanox\LibreRally\LibreRally\LibreRally.csproj::TargetFramework=net10.0-windows]
C:\Users\pierc\source\repos\archanox\LibreRally\LibreRally\VehicleSpawner.cs(55,16): warning CSENSE001: The symbol 'OutSimPort' is missing valid documentation [C:\Users\pierc\source\repos\archanox\LibreRally\LibreRally\LibreRally.csproj::TargetFramework=net10.0-windows]
C:\Users\pierc\source\repos\archanox\LibreRally\LibreRally\VehicleSpawner.cs(56,16): warning CSENSE001: The symbol 'OutSimId' is missing valid documentation [C:\Users\pierc\source\repos\archanox\LibreRally\LibreRally\LibreRally.csproj::TargetFramework=net10.0-windows]
C:\Users\pierc\source\repos\archanox\LibreRally\LibreRally\Vehicle\Content\BeamNgVehicleCatalog.cs(65,21): warning CSENSE001: The symbol 'BeamNgVehicleCatalog' is missing valid documentation [C:\Users\pierc\source\repos\archanox\LibreRally\LibreRally\LibreRally.csproj::TargetFramework=net10.0-windows]
C:\Users\pierc\source\repos\archanox\LibreRally\LibreRally\VehicleSpawner.cs(24,13): warning CSENSE001: The symbol 'PauseMenuAction' is missing valid documentation [C:\Users\pierc\source\repos\archanox\LibreRally\LibreRally\LibreRally.csproj::TargetFramework=net10.0-windows]
C:\Users\pierc\source\repos\archanox\LibreRally\LibreRally\Vehicle\VehicleDefinition.cs(85,19): warning CSENSE001: The symbol 'VehicleName' is missing valid documentation [C:\Users\pierc\source\repos\archanox\LibreRally\LibreRally\LibreRally.csproj::TargetFramework=net10.0-windows]
C:\Users\pierc\source\repos\archanox\LibreRally\LibreRally\HUD\SetupUiShellOverlay.cs(16,21): warning CSENSE001: The symbol 'SetupUiShellOverlay' is missing valid documentation [C:\Users\pierc\source\repos\archanox\LibreRally\LibreRally\LibreRally.csproj::TargetFramework=net10.0-windows]
C:\Users\pierc\source\repos\archanox\LibreRally\LibreRally\HUD\SetupUiShellOverlay.cs(63,20): warning CSENSE001: The symbol 'CloseRequested' is missing valid documentation [C:\Users\pierc\source\repos\archanox\LibreRally\LibreRally\LibreRally.csproj::TargetFramework=net10.0-windows]
C:\Users\pierc\source\repos\archanox\LibreRally\LibreRally\HUD\SetupUiShellOverlay.cs(78,19): warning CSENSE001: The symbol 'StatusText' is missing valid documentation [C:\Users\pierc\source\repos\archanox\LibreRally\LibreRally\LibreRally.csproj::TargetFramework=net10.0-windows]
C:\Users\pierc\source\repos\archanox\LibreRally\LibreRally\HUD\SetupUiShellOverlay.cs(62,41): warning CSENSE001: The symbol 'ApplyRequested' is missing valid documentation [C:\Users\pierc\source\repos\archanox\LibreRally\LibreRally\LibreRally.csproj::TargetFramework=net10.0-windows]
C:\Users\pierc\source\repos\archanox\LibreRally\LibreRally\HUD\SetupUiShellOverlay.cs(65,17): warning CSENSE001: The symbol 'OverlayVisible' is missing valid documentation [C:\Users\pierc\source\repos\archanox\LibreRally\LibreRally\LibreRally.csproj::TargetFramework=net10.0-windows]
C:\Users\pierc\source\repos\archanox\LibreRally\LibreRally\HUD\SetupUiShellOverlay.cs(88,19): warning CSENSE001: The symbol 'VehicleName' is missing valid documentation [C:\Users\pierc\source\repos\archanox\LibreRally\LibreRally\LibreRally.csproj::TargetFramework=net10.0-windows]
C:\Users\pierc\source\repos\archanox\LibreRally\LibreRally\Vehicle\VehiclePowertrainResolver.cs(14,20): warning CSENSE001: The symbol 'GearRatios' is missing valid documentation [C:\Users\pierc\source\repos\archanox\LibreRally\LibreRally\LibreRally.csproj::TargetFramework=net10.0-windows]
C:\Users\pierc\source\repos\archanox\LibreRally\LibreRally\Vehicle\VehiclePowertrainResolver.cs(12,17): warning CSENSE001: The symbol 'DriveRearAxle' is missing valid documentation [C:\Users\pierc\source\repos\archanox\LibreRally\LibreRally\LibreRally.csproj::TargetFramework=net10.0-windows]
C:\Users\pierc\source\repos\archanox\LibreRally\LibreRally\Vehicle\VehiclePowertrainResolver.cs(13,21): warning CSENSE001: The symbol 'DrivenWheelKeys' is missing valid documentation [C:\Users\pierc\source\repos\archanox\LibreRally\LibreRally\LibreRally.csproj::TargetFramework=net10.0-windows]
C:\Users\pierc\source\repos\archanox\LibreRally\LibreRally\Vehicle\VehiclePowertrainResolver.cs(9,21): warning CSENSE001: The symbol 'VehiclePowertrainSetup' is missing valid documentation [C:\Users\pierc\source\repos\archanox\LibreRally\LibreRally\LibreRally.csproj::TargetFramework=net10.0-windows]
C:\Users\pierc\source\repos\archanox\LibreRally\LibreRally\Vehicle\VehiclePowertrainResolver.cs(16,20): warning CSENSE001: The symbol 'TorqueCurveRpm' is missing valid documentation [C:\Users\pierc\source\repos\archanox\LibreRally\LibreRally\LibreRally.csproj::TargetFramework=net10.0-windows]
C:\Users\pierc\source\repos\archanox\LibreRally\LibreRally\Vehicle\VehiclePowertrainResolver.cs(11,17): warning CSENSE001: The symbol 'DriveFrontAxle' is missing valid documentation [C:\Users\pierc\source\repos\archanox\LibreRally\LibreRally\LibreRally.csproj::TargetFramework=net10.0-windows]
C:\Users\pierc\source\repos\archanox\LibreRally\LibreRally\Vehicle\VehiclePowertrainResolver.cs(15,18): warning CSENSE001: The symbol 'FinalDrive' is missing valid documentation [C:\Users\pierc\source\repos\archanox\LibreRally\LibreRally\LibreRally.csproj::TargetFramework=net10.0-windows]
C:\Users\pierc\source\repos\archanox\LibreRally\LibreRally\Vehicle\VehiclePowertrainResolver.cs(17,20): warning CSENSE001: The symbol 'TorqueCurveNm' is missing valid documentation [C:\Users\pierc\source\repos\archanox\LibreRally\LibreRally\LibreRally.csproj::TargetFramework=net10.0-windows]
C:\Users\pierc\source\repos\archanox\LibreRally\LibreRally\Vehicle\VehiclePowertrainResolver.cs(19,18): warning CSENSE001: The symbol 'IdleRpm' is missing valid documentation [C:\Users\pierc\source\repos\archanox\LibreRally\LibreRally\LibreRally.csproj::TargetFramework=net10.0-windows]
C:\Users\pierc\source\repos\archanox\LibreRally\LibreRally\Vehicle\VehiclePowertrainResolver.cs(18,18): warning CSENSE001: The symbol 'MaxRpm' is missing valid documentation [C:\Users\pierc\source\repos\archanox\LibreRally\LibreRally\LibreRally.csproj::TargetFramework=net10.0-windows]
C:\Users\pierc\source\repos\archanox\LibreRally\LibreRally\Vehicle\VehiclePowertrainResolver.cs(20,18): warning CSENSE001: The symbol 'EngineInertia' is missing valid documentation [C:\Users\pierc\source\repos\archanox\LibreRally\LibreRally\LibreRally.csproj::TargetFramework=net10.0-windows]
C:\Users\pierc\source\repos\archanox\LibreRally\LibreRally\Vehicle\VehiclePowertrainResolver.cs(21,18): warning CSENSE001: The symbol 'EngineFriction' is missing valid documentation [C:\Users\pierc\source\repos\archanox\LibreRally\LibreRally\LibreRally.csproj::TargetFramework=net10.0-windows]
C:\Users\pierc\source\repos\archanox\LibreRally\LibreRally\Vehicle\VehiclePowertrainResolver.cs(22,18): warning CSENSE001: The symbol 'EngineDynamicFriction' is missing valid documentation [C:\Users\pierc\source\repos\archanox\LibreRally\LibreRally\LibreRally.csproj::TargetFramework=net10.0-windows]
C:\Users\pierc\source\repos\archanox\LibreRally\LibreRally\Vehicle\VehiclePowertrainResolver.cs(23,18): warning CSENSE001: The symbol 'EngineBrakeTorque' is missing valid documentation [C:\Users\pierc\source\repos\archanox\LibreRally\LibreRally\LibreRally.csproj::TargetFramework=net10.0-windows]
C:\Users\pierc\source\repos\archanox\LibreRally\LibreRally\Vehicle\VehiclePowertrainResolver.cs(24,18): warning CSENSE001: The symbol 'AutoClutchLaunchRpm' is missing valid documentation [C:\Users\pierc\source\repos\archanox\LibreRally\LibreRally\LibreRally.csproj::TargetFramework=net10.0-windows]
C:\Users\pierc\source\repos\archanox\LibreRally\LibreRally\Vehicle\VehiclePowertrainResolver.cs(25,18): warning CSENSE001: The symbol 'ShiftUpRpm' is missing valid documentation [C:\Users\pierc\source\repos\archanox\LibreRally\LibreRally\LibreRally.csproj::TargetFramework=net10.0-windows]
C:\Users\pierc\source\repos\archanox\LibreRally\LibreRally\Vehicle\VehiclePowertrainResolver.cs(26,18): warning CSENSE001: The symbol 'ShiftDownRpm' is missing valid documentation [C:\Users\pierc\source\repos\archanox\LibreRally\LibreRally\LibreRally.csproj::TargetFramework=net10.0-windows]
C:\Users\pierc\source\repos\archanox\LibreRally\LibreRally\Vehicle\VehiclePowertrainResolver.cs(27,31): warning CSENSE001: The symbol 'FrontDiff' is missing valid documentation [C:\Users\pierc\source\repos\archanox\LibreRally\LibreRally\LibreRally.csproj::TargetFramework=net10.0-windows]
C:\Users\pierc\source\repos\archanox\LibreRally\LibreRally\Vehicle\VehiclePowertrainResolver.cs(28,31): warning CSENSE001: The symbol 'RearDiff' is missing valid documentation [C:\Users\pierc\source\repos\archanox\LibreRally\LibreRally\LibreRally.csproj::TargetFramework=net10.0-windows]
C:\Users\pierc\source\repos\archanox\LibreRally\LibreRally\Vehicle\VehiclePowertrainResolver.cs(29,31): warning CSENSE001: The symbol 'CenterDiff' is missing valid documentation [C:\Users\pierc\source\repos\archanox\LibreRally\LibreRally\LibreRally.csproj::TargetFramework=net10.0-windows]
C:\Users\pierc\source\repos\archanox\LibreRally\LibreRally\Vehicle\VehiclePowertrainResolver.cs(32,18): warning CSENSE001: The symbol 'OilVolumeLiters' is missing valid documentation [C:\Users\pierc\source\repos\archanox\LibreRally\LibreRally\LibreRally.csproj::TargetFramework=net10.0-windows]
C:\Users\pierc\source\repos\archanox\LibreRally\LibreRally\Vehicle\VehiclePowertrainResolver.cs(33,18): warning CSENSE001: The symbol 'FuelCapacityLiters' is missing valid documentation [C:\Users\pierc\source\repos\archanox\LibreRally\LibreRally\LibreRally.csproj::TargetFramework=net10.0-windows]
C:\Users\pierc\source\repos\archanox\LibreRally\LibreRally\Vehicle\VehiclePowertrainResolver.cs(34,18): warning CSENSE001: The symbol 'StartingFuelLiters' is missing valid documentation [C:\Users\pierc\source\repos\archanox\LibreRally\LibreRally\LibreRally.csproj::TargetFramework=net10.0-windows]
C:\Users\pierc\source\repos\archanox\LibreRally\LibreRally\Vehicle\VehiclePowertrainResolver.cs(35,18): warning CSENSE001: The symbol 'EngineBlockTempDamageThreshold' is missing valid documentation [C:\Users\pierc\source\repos\archanox\LibreRally\LibreRally\LibreRally.csproj::TargetFramework=net10.0-windows]
C:\Users\pierc\source\repos\archanox\LibreRally\LibreRally\Vehicle\VehiclePowertrainResolver.cs(36,18): warning CSENSE001: The symbol 'AirRegulatorTemperature' is missing valid documentation [C:\Users\pierc\source\repos\archanox\LibreRally\LibreRally\LibreRally.csproj::TargetFramework=net10.0-windows]
C:\Users\pierc\source\repos\archanox\LibreRally\LibreRally\Vehicle\VehiclePowertrainResolver.cs(38,20): warning CSENSE001: The symbol 'BurnEfficiencyThrottle' is missing valid documentation [C:\Users\pierc\source\repos\archanox\LibreRally\LibreRally\LibreRally.csproj::TargetFramework=net10.0-windows]
C:\Users\pierc\source\repos\archanox\LibreRally\LibreRally\Vehicle\VehiclePowertrainResolver.cs(39,20): warning CSENSE001: The symbol 'BurnEfficiencyValues' is missing valid documentation [C:\Users\pierc\source\repos\archanox\LibreRally\LibreRally\LibreRally.csproj::TargetFramework=net10.0-windows]
C:\Users\pierc\source\repos\archanox\LibreRally\LibreRally\Vehicle\VehiclePowertrainResolver.cs(43,18): warning CSENSE001: The symbol 'TurboMaxBoostPsi' is missing valid documentation [C:\Users\pierc\source\repos\archanox\LibreRally\LibreRally\LibreRally.csproj::TargetFramework=net10.0-windows]
C:\Users\pierc\source\repos\archanox\LibreRally\LibreRally\Vehicle\VehiclePowertrainResolver.cs(42,17): warning CSENSE001: The symbol 'HasTurbo' is missing valid documentation [C:\Users\pierc\source\repos\archanox\LibreRally\LibreRally\LibreRally.csproj::TargetFramework=net10.0-windows]
C:\Users\pierc\source\repos\archanox\LibreRally\LibreRally\Vehicle\VehicleSetupCatalog.cs(10,5): warning CSENSE001: The symbol 'Live' is missing valid documentation [C:\Users\pierc\source\repos\archanox\LibreRally\LibreRally\LibreRally.csproj::TargetFramework=net10.0-windows]
C:\Users\pierc\source\repos\archanox\LibreRally\LibreRally\Vehicle\JBeam\JBeamAssembler.cs(15,16): warning CSENSE007: The cref reference 'VehiclePhysicsBuilder' could not be resolved [C:\Users\pierc\source\repos\archanox\LibreRally\LibreRally\LibreRally.csproj::TargetFramework=net10.0-windows]
C:\Users\pierc\source\repos\archanox\LibreRally\LibreRally\Vehicle\VehicleSetupCatalog.cs(17,5): warning CSENSE001: The symbol 'TyrePressure' is missing valid documentation [C:\Users\pierc\source\repos\archanox\LibreRally\LibreRally\LibreRally.csproj::TargetFramework=net10.0-windows]
C:\Users\pierc\source\repos\archanox\LibreRally\LibreRally\Vehicle\VehicleSetupCatalog.cs(16,5): warning CSENSE001: The symbol 'Variable' is missing valid documentation [C:\Users\pierc\source\repos\archanox\LibreRally\LibreRally\LibreRally.csproj::TargetFramework=net10.0-windows]
C:\Users\pierc\source\repos\archanox\LibreRally\LibreRally\Vehicle\VehicleSetupCatalog.cs(14,13): warning CSENSE001: The symbol 'VehicleSetupEntryKind' is missing valid documentation [C:\Users\pierc\source\repos\archanox\LibreRally\LibreRally\LibreRally.csproj::TargetFramework=net10.0-windows]
C:\Users\pierc\source\repos\archanox\LibreRally\LibreRally\Vehicle\VehicleSetupCatalog.cs(8,13): warning CSENSE001: The symbol 'VehicleSetupApplyMode' is missing valid documentation [C:\Users\pierc\source\repos\archanox\LibreRally\LibreRally\LibreRally.csproj::TargetFramework=net10.0-windows]
C:\Users\pierc\source\repos\archanox\LibreRally\LibreRally\Vehicle\VehicleSetupCatalog.cs(11,5): warning CSENSE001: The symbol 'Reload' is missing valid documentation [C:\Users\pierc\source\repos\archanox\LibreRally\LibreRally\LibreRally.csproj::TargetFramework=net10.0-windows]
C:\Users\pierc\source\repos\archanox\LibreRally\LibreRally\Vehicle\JBeam\JBeamData.cs(15,21): warning CSENSE001: The symbol 'NodeDefaults' is missing valid documentation [C:\Users\pierc\source\repos\archanox\LibreRally\LibreRally\LibreRally.csproj::TargetFramework=net10.0-windows]
C:\Users\pierc\source\repos\archanox\LibreRally\LibreRally\Vehicle\JBeam\JBeamData.cs(17,34): warning CSENSE001: The symbol 'Default' is missing valid documentation [C:\Users\pierc\source\repos\archanox\LibreRally\LibreRally\LibreRally.csproj::TargetFramework=net10.0-windows]
C:\Users\pierc\source\repos\archanox\LibreRally\LibreRally\Vehicle\VehicleSetupCatalog.cs(20,22): warning CSENSE001: The symbol 'VehicleSetupEntry' is missing valid documentation [C:\Users\pierc\source\repos\archanox\LibreRally\LibreRally\LibreRally.csproj::TargetFramework=net10.0-windows]
C:\Users\pierc\source\repos\archanox\LibreRally\LibreRally\Vehicle\JBeam\JBeamData.cs(28,12): warning CSENSE002: The parameter 'Id' is missing documentation [C:\Users\pierc\source\repos\archanox\LibreRally\LibreRally\LibreRally.csproj::TargetFramework=net10.0-windows]
C:\Users\pierc\source\repos\archanox\LibreRally\LibreRally\Vehicle\JBeam\JBeamData.cs(29,13): warning CSENSE002: The parameter 'Position' is missing documentation [C:\Users\pierc\source\repos\archanox\LibreRally\LibreRally\LibreRally.csproj::TargetFramework=net10.0-windows]
C:\Users\pierc\source\repos\archanox\LibreRally\LibreRally\Vehicle\JBeam\JBeamData.cs(30,20): warning CSENSE002: The parameter 'Properties' is missing documentation [C:\Users\pierc\source\repos\archanox\LibreRally\LibreRally\LibreRally.csproj::TargetFramework=net10.0-windows]
C:\Users\pierc\source\repos\archanox\LibreRally\LibreRally\Vehicle\VehicleSetupCatalog.cs(39,22): warning CSENSE001: The symbol 'VehicleSetupCategory' is missing valid documentation [C:\Users\pierc\source\repos\archanox\LibreRally\LibreRally\LibreRally.csproj::TargetFramework=net10.0-windows]
C:\Users\pierc\source\repos\archanox\LibreRally\LibreRally\Vehicle\VehicleSetupOverrides.cs(12,21): warning CSENSE001: The symbol 'VehiclePressureWheelOverrides' is missing valid documentation [C:\Users\pierc\source\repos\archanox\LibreRally\LibreRally\LibreRally.csproj::TargetFramework=net10.0-windows]
C:\Users\pierc\source\repos\archanox\LibreRally\LibreRally\Vehicle\VehicleSetupOverrides.cs(14,19): warning CSENSE001: The symbol 'PressurePsi' is missing valid documentation [C:\Users\pierc\source\repos\archanox\LibreRally\LibreRally\LibreRally.csproj::TargetFramework=net10.0-windows]
C:\Users\pierc\source\repos\archanox\LibreRally\LibreRally\Vehicle\RallyCarComponent.cs(20,14): warning CSENSE001: The symbol 'RallyCarComponent' is missing valid documentation [C:\Users\pierc\source\repos\archanox\LibreRally\LibreRally\LibreRally.csproj::TargetFramework=net10.0-windows]
C:\Users\pierc\source\repos\archanox\LibreRally\LibreRally\Vehicle\VehiclePowertrainResolver.cs(37,18): warning CSENSE001: The symbol 'EngineBlockAirCoolingEfficiency' is missing valid documentation [C:\Users\pierc\source\repos\archanox\LibreRally\LibreRally\LibreRally.csproj::TargetFramework=net10.0-windows]
C:\Users\pierc\source\repos\archanox\LibreRally\LibreRally\Vehicle\RallyCarComponent.cs(89,25): warning CSENSE001: The symbol 'DriveWheels' is missing valid documentation [C:\Users\pierc\source\repos\archanox\LibreRally\LibreRally\LibreRally.csproj::TargetFramework=net10.0-windows]
C:\Users\pierc\source\repos\archanox\LibreRally\LibreRally\Vehicle\RallyCarComponent.cs(87,25): warning CSENSE001: The symbol 'Wheels' is missing valid documentation [C:\Users\pierc\source\repos\archanox\LibreRally\LibreRally\LibreRally.csproj::TargetFramework=net10.0-windows]
C:\Users\pierc\source\repos\archanox\LibreRally\LibreRally\Vehicle\JBeam\JBeamData.cs(8,11): warning CSENSE002: The parameter 'Weight' is missing documentation [C:\Users\pierc\source\repos\archanox\LibreRally\LibreRally\LibreRally.csproj::TargetFramework=net10.0-windows]
C:\Users\pierc\source\repos\archanox\LibreRally\LibreRally\Vehicle\JBeam\JBeamData.cs(9,10): warning CSENSE002: The parameter 'Collision' is missing documentation [C:\Users\pierc\source\repos\archanox\LibreRally\LibreRally\LibreRally.csproj::TargetFramework=net10.0-windows]
C:\Users\pierc\source\repos\archanox\LibreRally\LibreRally\Vehicle\JBeam\JBeamData.cs(10,10): warning CSENSE002: The parameter 'SelfCollision' is missing documentation [C:\Users\pierc\source\repos\archanox\LibreRally\LibreRally\LibreRally.csproj::TargetFramework=net10.0-windows]
C:\Users\pierc\source\repos\archanox\LibreRally\LibreRally\Vehicle\JBeam\JBeamData.cs(11,12): warning CSENSE002: The parameter 'Material' is missing documentation [C:\Users\pierc\source\repos\archanox\LibreRally\LibreRally\LibreRally.csproj::TargetFramework=net10.0-windows]
C:\Users\pierc\source\repos\archanox\LibreRally\LibreRally\Vehicle\JBeam\JBeamData.cs(12,11): warning CSENSE002: The parameter 'FrictionCoef' is missing documentation [C:\Users\pierc\source\repos\archanox\LibreRally\LibreRally\LibreRally.csproj::TargetFramework=net10.0-windows]
C:\Users\pierc\source\repos\archanox\LibreRally\LibreRally\Vehicle\JBeam\JBeamData.cs(13,18): warning CSENSE002: The parameter 'Groups' is missing documentation [C:\Users\pierc\source\repos\archanox\LibreRally\LibreRally\LibreRally.csproj::TargetFramework=net10.0-windows]
C:\Users\pierc\source\repos\archanox\LibreRally\LibreRally\Vehicle\RallyCarComponent.cs(88,25): warning CSENSE001: The symbol 'SteerWheels' is missing valid documentation [C:\Users\pierc\source\repos\archanox\LibreRally\LibreRally\LibreRally.csproj::TargetFramework=net10.0-windows]
C:\Users\pierc\source\repos\archanox\LibreRally\LibreRally\Vehicle\RallyCarComponent.cs(86,19): warning CSENSE001: The symbol 'CarBody' is missing valid documentation [C:\Users\pierc\source\repos\archanox\LibreRally\LibreRally\LibreRally.csproj::TargetFramework=net10.0-windows]
C:\Users\pierc\source\repos\archanox\LibreRally\LibreRally\Vehicle\RallyCarComponent.cs(90,25): warning CSENSE001: The symbol 'BreakWheels' is missing valid documentation [C:\Users\pierc\source\repos\archanox\LibreRally\LibreRally\LibreRally.csproj::TargetFramework=net10.0-windows]
C:\Users\pierc\source\repos\archanox\LibreRally\LibreRally\Vehicle\VehicleSetupOverrides.cs(17,21): warning CSENSE001: The symbol 'VehicleSetupOverrides' is missing valid documentation [C:\Users\pierc\source\repos\archanox\LibreRally\LibreRally\LibreRally.csproj::TargetFramework=net10.0-windows]
C:\Users\pierc\source\repos\archanox\LibreRally\LibreRally\Vehicle\VehicleSetupOverrides.cs(19,38): warning CSENSE001: The symbol 'VariableOverrides' is missing valid documentation [C:\Users\pierc\source\repos\archanox\LibreRally\LibreRally\LibreRally.csproj::TargetFramework=net10.0-windows]
C:\Users\pierc\source\repos\archanox\LibreRally\LibreRally\Vehicle\VehicleSetupOverrides.cs(20,72): warning CSENSE001: The symbol 'PressureWheelOverrides' is missing valid documentation [C:\Users\pierc\source\repos\archanox\LibreRally\LibreRally\LibreRally.csproj::TargetFramework=net10.0-windows]
C:\Users\pierc\source\repos\archanox\LibreRally\LibreRally\Vehicle\RallyCarComponent.cs(276,18): warning CSENSE001: The symbol 'SpeedKmh' is missing valid documentation [C:\Users\pierc\source\repos\archanox\LibreRally\LibreRally\LibreRally.csproj::TargetFramework=net10.0-windows]
C:\Users\pierc\source\repos\archanox\LibreRally\LibreRally\Vehicle\RallyCarComponent.cs(277,18): warning CSENSE001: The symbol 'ForwardSpeedMs' is missing valid documentation [C:\Users\pierc\source\repos\archanox\LibreRally\LibreRally\LibreRally.csproj::TargetFramework=net10.0-windows]
C:\Users\pierc\source\repos\archanox\LibreRally\LibreRally\Vehicle\RallyCarComponent.cs(278,18): warning CSENSE001: The symbol 'LateralSpeedMs' is missing valid documentation [C:\Users\pierc\source\repos\archanox\LibreRally\LibreRally\LibreRally.csproj::TargetFramework=net10.0-windows]
C:\Users\pierc\source\repos\archanox\LibreRally\LibreRally\Vehicle\RallyCarComponent.cs(279,18): warning CSENSE001: The symbol 'YawRateRad' is missing valid documentation [C:\Users\pierc\source\repos\archanox\LibreRally\LibreRally\LibreRally.csproj::TargetFramework=net10.0-windows]
C:\Users\pierc\source\repos\archanox\LibreRally\LibreRally\Vehicle\RallyCarComponent.cs(280,18): warning CSENSE001: The symbol 'EngineRpm' is missing valid documentation [C:\Users\pierc\source\repos\archanox\LibreRally\LibreRally\LibreRally.csproj::TargetFramework=net10.0-windows]
C:\Users\pierc\source\repos\archanox\LibreRally\LibreRally\Vehicle\RallyCarComponent.cs(281,18): warning CSENSE001: The symbol 'ThrottleInput' is missing valid documentation [C:\Users\pierc\source\repos\archanox\LibreRally\LibreRally\LibreRally.csproj::TargetFramework=net10.0-windows]
C:\Users\pierc\source\repos\archanox\LibreRally\LibreRally\Vehicle\RallyCarComponent.cs(282,18): warning CSENSE001: The symbol 'BrakeInput' is missing valid documentation [C:\Users\pierc\source\repos\archanox\LibreRally\LibreRally\LibreRally.csproj::TargetFramework=net10.0-windows]
C:\Users\pierc\source\repos\archanox\LibreRally\LibreRally\Vehicle\RallyCarComponent.cs(283,18): warning CSENSE001: The symbol 'DriveInput' is missing valid documentation [C:\Users\pierc\source\repos\archanox\LibreRally\LibreRally\LibreRally.csproj::TargetFramework=net10.0-windows]
C:\Users\pierc\source\repos\archanox\LibreRally\LibreRally\Vehicle\RallyCarComponent.cs(284,18): warning CSENSE001: The symbol 'ServiceBrakeInput' is missing valid documentation [C:\Users\pierc\source\repos\archanox\LibreRally\LibreRally\LibreRally.csproj::TargetFramework=net10.0-windows]
C:\Users\pierc\source\repos\archanox\LibreRally\LibreRally\Vehicle\JBeam\JBeamData.cs(43,21): warning CSENSE001: The symbol 'BeamDefaults' is missing valid documentation [C:\Users\pierc\source\repos\archanox\LibreRally\LibreRally\LibreRally.csproj::TargetFramework=net10.0-windows]
C:\Users\pierc\source\repos\archanox\LibreRally\LibreRally\Vehicle\JBeam\JBeamData.cs(45,34): warning CSENSE001: The symbol 'Default' is missing valid documentation [C:\Users\pierc\source\repos\archanox\LibreRally\LibreRally\LibreRally.csproj::TargetFramework=net10.0-windows]
C:\Users\pierc\source\repos\archanox\LibreRally\LibreRally\Vehicle\RallyCarComponent.cs(285,18): warning CSENSE001: The symbol 'SteeringInput' is missing valid documentation [C:\Users\pierc\source\repos\archanox\LibreRally\LibreRally\LibreRally.csproj::TargetFramework=net10.0-windows]
C:\Users\pierc\source\repos\archanox\LibreRally\LibreRally\Vehicle\RallyCarComponent.cs(287,18): warning CSENSE001: The symbol 'DrivelineRpm' is missing valid documentation [C:\Users\pierc\source\repos\archanox\LibreRally\LibreRally\LibreRally.csproj::TargetFramework=net10.0-windows]
C:\Users\pierc\source\repos\archanox\LibreRally\LibreRally\Vehicle\RallyCarComponent.cs(288,17): warning CSENSE001: The symbol 'HandbrakeEngaged' is missing valid documentation [C:\Users\pierc\source\repos\archanox\LibreRally\LibreRally\LibreRally.csproj::TargetFramework=net10.0-windows]
C:\Users\pierc\source\repos\archanox\LibreRally\LibreRally\Vehicle\RallyCarComponent.cs(286,18): warning CSENSE001: The symbol 'SteeringRack' is missing valid documentation [C:\Users\pierc\source\repos\archanox\LibreRally\LibreRally\LibreRally.csproj::TargetFramework=net10.0-windows]
C:\Users\pierc\source\repos\archanox\LibreRally\LibreRally\Vehicle\RallyCarComponent.cs(289,17): warning CSENSE001: The symbol 'TractionLossDetected' is missing valid documentation [C:\Users\pierc\source\repos\archanox\LibreRally\LibreRally\LibreRally.csproj::TargetFramework=net10.0-windows]
C:\Users\pierc\source\repos\archanox\LibreRally\LibreRally\Vehicle\RallyCarComponent.cs(290,17): warning CSENSE001: The symbol 'TractionControlActive' is missing valid documentation [C:\Users\pierc\source\repos\archanox\LibreRally\LibreRally\LibreRally.csproj::TargetFramework=net10.0-windows]
C:\Users\pierc\source\repos\archanox\LibreRally\LibreRally\Vehicle\RallyCarComponent.cs(292,18): warning CSENSE001: The symbol 'DrivenWheelSlipRatio' is missing valid documentation [C:\Users\pierc\source\repos\archanox\LibreRally\LibreRally\LibreRally.csproj::TargetFramework=net10.0-windows]
C:\Users\pierc\source\repos\archanox\LibreRally\LibreRally\Vehicle\RallyCarComponent.cs(291,17): warning CSENSE001: The symbol 'AbsActive' is missing valid documentation [C:\Users\pierc\source\repos\archanox\LibreRally\LibreRally\LibreRally.csproj::TargetFramework=net10.0-windows]
C:\Users\pierc\source\repos\archanox\LibreRally\LibreRally\Vehicle\RallyCarComponent.cs(293,18): warning CSENSE001: The symbol 'TractionControlTorqueScale' is missing valid documentation [C:\Users\pierc\source\repos\archanox\LibreRally\LibreRally\LibreRally.csproj::TargetFramework=net10.0-windows]
C:\Users\pierc\source\repos\archanox\LibreRally\LibreRally\Vehicle\RallyCarComponent.cs(294,16): warning CSENSE001: The symbol 'CurrentGear' is missing valid documentation [C:\Users\pierc\source\repos\archanox\LibreRally\LibreRally\LibreRally.csproj::TargetFramework=net10.0-windows]
C:\Users\pierc\source\repos\archanox\LibreRally\LibreRally\Vehicle\JBeam\JBeamData.cs(34,11): warning CSENSE002: The parameter 'Spring' is missing documentation [C:\Users\pierc\source\repos\archanox\LibreRally\LibreRally\LibreRally.csproj::TargetFramework=net10.0-windows]
C:\Users\pierc\source\repos\archanox\LibreRally\LibreRally\Vehicle\JBeam\JBeamData.cs(35,11): warning CSENSE002: The parameter 'Damp' is missing documentation [C:\Users\pierc\source\repos\archanox\LibreRally\LibreRally\LibreRally.csproj::TargetFramework=net10.0-windows]
C:\Users\pierc\source\repos\archanox\LibreRally\LibreRally\Vehicle\JBeam\JBeamData.cs(36,11): warning CSENSE002: The parameter 'Deform' is missing documentation [C:\Users\pierc\source\repos\archanox\LibreRally\LibreRally\LibreRally.csproj::TargetFramework=net10.0-windows]
C:\Users\pierc\source\repos\archanox\LibreRally\LibreRally\Vehicle\JBeam\JBeamData.cs(37,11): warning CSENSE002: The parameter 'Strength' is missing documentation [C:\Users\pierc\source\repos\archanox\LibreRally\LibreRally\LibreRally.csproj::TargetFramework=net10.0-windows]
C:\Users\pierc\source\repos\archanox\LibreRally\LibreRally\Vehicle\RallyCarComponent.cs(312,18): warning CSENSE001: The symbol 'DriveRatio' is missing valid documentation [C:\Users\pierc\source\repos\archanox\LibreRally\LibreRally\LibreRally.csproj::TargetFramework=net10.0-windows]
C:\Users\pierc\source\repos\archanox\LibreRally\LibreRally\Vehicle\JBeam\JBeamData.cs(38,12): warning CSENSE002: The parameter 'BeamType' is missing documentation [C:\Users\pierc\source\repos\archanox\LibreRally\LibreRally\LibreRally.csproj::TargetFramework=net10.0-windows]
C:\Users\pierc\source\repos\archanox\LibreRally\LibreRally\Vehicle\JBeam\JBeamData.cs(39,12): warning CSENSE002: The parameter 'DeformGroup' is missing documentation [C:\Users\pierc\source\repos\archanox\LibreRally\LibreRally\LibreRally.csproj::TargetFramework=net10.0-windows]
C:\Users\pierc\source\repos\archanox\LibreRally\LibreRally\Vehicle\JBeam\JBeamData.cs(40,11): warning CSENSE002: The parameter 'DeformationTriggerRatio' is missing documentation [C:\Users\pierc\source\repos\archanox\LibreRally\LibreRally\LibreRally.csproj::TargetFramework=net10.0-windows]
C:\Users\pierc\source\repos\archanox\LibreRally\LibreRally\Vehicle\JBeam\JBeamData.cs(41,10): warning CSENSE002: The parameter 'Optional' is missing documentation [C:\Users\pierc\source\repos\archanox\LibreRally\LibreRally\LibreRally.csproj::TargetFramework=net10.0-windows]
C:\Users\pierc\source\repos\archanox\LibreRally\LibreRally\Vehicle\VehicleSetupCatalog.cs(46,21): warning CSENSE001: The symbol 'VehicleSetupCatalogBuilder' is missing valid documentation [C:\Users\pierc\source\repos\archanox\LibreRally\LibreRally\LibreRally.csproj::TargetFramework=net10.0-windows]
C:\Users\pierc\source\repos\archanox\LibreRally\LibreRally\Vehicle\JBeam\JBeamData.cs(58,12): warning CSENSE002: The parameter 'Id1' is missing documentation [C:\Users\pierc\source\repos\archanox\LibreRally\LibreRally\LibreRally.csproj::TargetFramework=net10.0-windows]
C:\Users\pierc\source\repos\archanox\LibreRally\LibreRally\Vehicle\JBeam\JBeamData.cs(59,12): warning CSENSE002: The parameter 'Id2' is missing documentation [C:\Users\pierc\source\repos\archanox\LibreRally\LibreRally\LibreRally.csproj::TargetFramework=net10.0-windows]
C:\Users\pierc\source\repos\archanox\LibreRally\LibreRally\Vehicle\JBeam\JBeamData.cs(60,20): warning CSENSE002: The parameter 'Properties' is missing documentation [C:\Users\pierc\source\repos\archanox\LibreRally\LibreRally\LibreRally.csproj::TargetFramework=net10.0-windows]
C:\Users\pierc\source\repos\archanox\LibreRally\LibreRally\Vehicle\VehicleSetupOverrides.cs(5,13): warning CSENSE001: The symbol 'VehicleSetupAxle' is missing valid documentation [C:\Users\pierc\source\repos\archanox\LibreRally\LibreRally\LibreRally.csproj::TargetFramework=net10.0-windows]
C:\Users\pierc\source\repos\archanox\LibreRally\LibreRally\Vehicle\VehicleSetupOverrides.cs(8,5): warning CSENSE001: The symbol 'Front' is missing valid documentation [C:\Users\pierc\source\repos\archanox\LibreRally\LibreRally\LibreRally.csproj::TargetFramework=net10.0-windows]
C:\Users\pierc\source\repos\archanox\LibreRally\LibreRally\Vehicle\VehicleSetupOverrides.cs(9,5): warning CSENSE001: The symbol 'Rear' is missing valid documentation [C:\Users\pierc\source\repos\archanox\LibreRally\LibreRally\LibreRally.csproj::TargetFramework=net10.0-windows]
C:\Users\pierc\source\repos\archanox\LibreRally\LibreRally\Vehicle\JBeam\JBeamData.cs(78,15): warning CSENSE001: The symbol 'JBeamPowertrainDevice' is missing valid documentation [C:\Users\pierc\source\repos\archanox\LibreRally\LibreRally\LibreRally.csproj::TargetFramework=net10.0-windows]
C:\Users\pierc\source\repos\archanox\LibreRally\LibreRally\Vehicle\JBeam\JBeamData.cs(64,12): warning CSENSE002: The parameter 'Mesh' is missing documentation [C:\Users\pierc\source\repos\archanox\LibreRally\LibreRally\LibreRally.csproj::TargetFramework=net10.0-windows]
C:\Users\pierc\source\repos\archanox\LibreRally\LibreRally\Vehicle\JBeam\JBeamData.cs(65,18): warning CSENSE002: The parameter 'Groups' is missing documentation [C:\Users\pierc\source\repos\archanox\LibreRally\LibreRally\LibreRally.csproj::TargetFramework=net10.0-windows]
C:\Users\pierc\source\repos\archanox\LibreRally\LibreRally\Vehicle\JBeam\JBeamData.cs(66,30): warning CSENSE002: The parameter 'Position' is missing documentation [C:\Users\pierc\source\repos\archanox\LibreRally\LibreRally\LibreRally.csproj::TargetFramework=net10.0-windows]
C:\Users\pierc\source\repos\archanox\LibreRally\LibreRally\Vehicle\JBeam\JBeamData.cs(67,30): warning CSENSE002: The parameter 'Rotation' is missing documentation [C:\Users\pierc\source\repos\archanox\LibreRally\LibreRally\LibreRally.csproj::TargetFramework=net10.0-windows]
C:\Users\pierc\source\repos\archanox\LibreRally\LibreRally\Vehicle\JBeam\JBeamData.cs(68,30): warning CSENSE002: The parameter 'Scale' is missing documentation [C:\Users\pierc\source\repos\archanox\LibreRally\LibreRally\LibreRally.csproj::TargetFramework=net10.0-windows]
C:\Users\pierc\source\repos\archanox\LibreRally\LibreRally\Vehicle\JBeam\JBeamData.cs(62,21): warning CSENSE020: The word 'mesh' matches a parameter name and should be wrapped in <paramref name="Mesh" /> [C:\Users\pierc\source\repos\archanox\LibreRally\LibreRally\LibreRally.csproj::TargetFramework=net10.0-windows]
C:\Users\pierc\source\repos\archanox\LibreRally\LibreRally\Vehicle\JBeam\JBeamData.cs(62,58): warning CSENSE020: The word 'groups' matches a parameter name and should be wrapped in <paramref name="Groups" /> [C:\Users\pierc\source\repos\archanox\LibreRally\LibreRally\LibreRally.csproj::TargetFramework=net10.0-windows]
C:\Users\pierc\source\repos\archanox\LibreRally\LibreRally\Vehicle\JBeam\JBeamData.cs(72,12): warning CSENSE002: The parameter 'Type' is missing documentation [C:\Users\pierc\source\repos\archanox\LibreRally\LibreRally\LibreRally.csproj::TargetFramework=net10.0-windows]
C:\Users\pierc\source\repos\archanox\LibreRally\LibreRally\Vehicle\JBeam\JBeamData.cs(73,12): warning CSENSE002: The parameter 'Default' is missing documentation [C:\Users\pierc\source\repos\archanox\LibreRally\LibreRally\LibreRally.csproj::TargetFramework=net10.0-windows]
C:\Users\pierc\source\repos\archanox\LibreRally\LibreRally\Vehicle\JBeam\JBeamData.cs(74,12): warning CSENSE002: The parameter 'Description' is missing documentation [C:\Users\pierc\source\repos\archanox\LibreRally\LibreRally\LibreRally.csproj::TargetFramework=net10.0-windows]
C:\Users\pierc\source\repos\archanox\LibreRally\LibreRally\Vehicle\JBeam\JBeamData.cs(75,10): warning CSENSE002: The parameter 'CoreSlot' is missing documentation [C:\Users\pierc\source\repos\archanox\LibreRally\LibreRally\LibreRally.csproj::TargetFramework=net10.0-windows]
C:\Users\pierc\source\repos\archanox\LibreRally\LibreRally\Vehicle\JBeam\JBeamData.cs(76,30): warning CSENSE002: The parameter 'NodeOffset' is missing documentation [C:\Users\pierc\source\repos\archanox\LibreRally\LibreRally\LibreRally.csproj::TargetFramework=net10.0-windows]
C:\Users\pierc\source\repos\archanox\LibreRally\LibreRally\Vehicle\JBeam\JBeamData.cs(90,15): warning CSENSE001: The symbol 'JBeamPressureWheel' is missing valid documentation [C:\Users\pierc\source\repos\archanox\LibreRally\LibreRally\LibreRally.csproj::TargetFramework=net10.0-windows]
C:\Users\pierc\source\repos\archanox\LibreRally\LibreRally\Vehicle\JBeam\JBeamData.cs(70,33): warning CSENSE020: The word 'type' matches a parameter name and should be wrapped in <paramref name="Type" /> [C:\Users\pierc\source\repos\archanox\LibreRally\LibreRally\LibreRally.csproj::TargetFramework=net10.0-windows]
C:\Users\pierc\source\repos\archanox\LibreRally\LibreRally\Vehicle\JBeam\JBeamData.cs(70,39): warning CSENSE020: The word 'default' matches a parameter name and should be wrapped in <paramref name="Default" /> [C:\Users\pierc\source\repos\archanox\LibreRally\LibreRally\LibreRally.csproj::TargetFramework=net10.0-windows]
C:\Users\pierc\source\repos\archanox\LibreRally\LibreRally\Vehicle\JBeam\JBeamData.cs(70,55): warning CSENSE020: The word 'description' matches a parameter name and should be wrapped in <paramref name="Description" /> [C:\Users\pierc\source\repos\archanox\LibreRally\LibreRally\LibreRally.csproj::TargetFramework=net10.0-windows]
C:\Users\pierc\source\repos\archanox\LibreRally\LibreRally\Vehicle\JBeam\JBeamData.cs(120,21): warning CSENSE001: The symbol 'JBeamVariableDefinition' is missing valid documentation [C:\Users\pierc\source\repos\archanox\LibreRally\LibreRally\LibreRally.csproj::TargetFramework=net10.0-windows]
C:\Users\pierc\source\repos\archanox\LibreRally\LibreRally\Vehicle\JBeam\JBeamData.cs(122,19): warning CSENSE001: The symbol 'Name' is missing valid documentation [C:\Users\pierc\source\repos\archanox\LibreRally\LibreRally\LibreRally.csproj::TargetFramework=net10.0-windows]
C:\Users\pierc\source\repos\archanox\LibreRally\LibreRally\Vehicle\JBeam\JBeamData.cs(123,19): warning CSENSE001: The symbol 'Type' is missing valid documentation [C:\Users\pierc\source\repos\archanox\LibreRally\LibreRally\LibreRally.csproj::TargetFramework=net10.0-windows]
C:\Users\pierc\source\repos\archanox\LibreRally\LibreRally\Vehicle\Rendering\ColladaLoader.cs(16,19): warning CSENSE001: The symbol 'Name' is missing valid documentation [C:\Users\pierc\source\repos\archanox\LibreRally\LibreRally\LibreRally.csproj::TargetFramework=net10.0-windows]
C:\Users\pierc\source\repos\archanox\LibreRally\LibreRally\Vehicle\Rendering\ColladaLoader.cs(18,19): warning CSENSE001: The symbol 'MaterialName' is missing valid documentation [C:\Users\pierc\source\repos\archanox\LibreRally\LibreRally\LibreRally.csproj::TargetFramework=net10.0-windows]
C:\Users\pierc\source\repos\archanox\LibreRally\LibreRally\Vehicle\JBeam\JBeamData.cs(124,19): warning CSENSE001: The symbol 'Unit' is missing valid documentation [C:\Users\pierc\source\repos\archanox\LibreRally\LibreRally\LibreRally.csproj::TargetFramework=net10.0-windows]
C:\Users\pierc\source\repos\archanox\LibreRally\LibreRally\Vehicle\Rendering\ColladaLoader.cs(19,19): warning CSENSE001: The symbol 'SceneNodeName' is missing valid documentation [C:\Users\pierc\source\repos\archanox\LibreRally\LibreRally\LibreRally.csproj::TargetFramework=net10.0-windows]
C:\Users\pierc\source\repos\archanox\LibreRally\LibreRally\Vehicle\Rendering\ColladaLoader.cs(20,17): warning CSENSE001: The symbol 'HasBakedTransform' is missing valid documentation [C:\Users\pierc\source\repos\archanox\LibreRally\LibreRally\LibreRally.csproj::TargetFramework=net10.0-windows]
C:\Users\pierc\source\repos\archanox\LibreRally\LibreRally\Vehicle\Rendering\ColladaLoader.cs(21,32): warning CSENSE001: The symbol 'Vertices' is missing valid documentation [C:\Users\pierc\source\repos\archanox\LibreRally\LibreRally\LibreRally.csproj::TargetFramework=net10.0-windows]
C:\Users\pierc\source\repos\archanox\LibreRally\LibreRally\Vehicle\JBeam\JBeamData.cs(125,19): warning CSENSE001: The symbol 'Category' is missing valid documentation [C:\Users\pierc\source\repos\archanox\LibreRally\LibreRally\LibreRally.csproj::TargetFramework=net10.0-windows]
C:\Users\pierc\source\repos\archanox\LibreRally\LibreRally\Vehicle\Rendering\ColladaLoader.cs(11,37): warning CSENSE002: The parameter 'Position' is missing documentation [C:\Users\pierc\source\repos\archanox\LibreRally\LibreRally\LibreRally.csproj::TargetFramework=net10.0-windows]
C:\Users\pierc\source\repos\archanox\LibreRally\LibreRally\Vehicle\Rendering\ColladaLoader.cs(11,55): warning CSENSE002: The parameter 'Normal' is missing documentation [C:\Users\pierc\source\repos\archanox\LibreRally\LibreRally\LibreRally.csproj::TargetFramework=net10.0-windows]
C:\Users\pierc\source\repos\archanox\LibreRally\LibreRally\Vehicle\JBeam\JBeamData.cs(126,18): warning CSENSE001: The symbol 'DefaultValue' is missing valid documentation [C:\Users\pierc\source\repos\archanox\LibreRally\LibreRally\LibreRally.csproj::TargetFramework=net10.0-windows]
C:\Users\pierc\source\repos\archanox\LibreRally\LibreRally\Vehicle\Rendering\ColladaLoader.cs(11,71): warning CSENSE002: The parameter 'TexCoord' is missing documentation [C:\Users\pierc\source\repos\archanox\LibreRally\LibreRally\LibreRally.csproj::TargetFramework=net10.0-windows]
C:\Users\pierc\source\repos\archanox\LibreRally\LibreRally\Vehicle\JBeam\JBeamData.cs(128,18): warning CSENSE001: The symbol 'MaxValue' is missing valid documentation [C:\Users\pierc\source\repos\archanox\LibreRally\LibreRally\LibreRally.csproj::TargetFramework=net10.0-windows]
C:\Users\pierc\source\repos\archanox\LibreRally\LibreRally\Vehicle\JBeam\JBeamData.cs(129,19): warning CSENSE001: The symbol 'Title' is missing valid documentation [C:\Users\pierc\source\repos\archanox\LibreRally\LibreRally\LibreRally.csproj::TargetFramework=net10.0-windows]
C:\Users\pierc\source\repos\archanox\LibreRally\LibreRally\Vehicle\JBeam\JBeamData.cs(127,18): warning CSENSE001: The symbol 'MinValue' is missing valid documentation [C:\Users\pierc\source\repos\archanox\LibreRally\LibreRally\LibreRally.csproj::TargetFramework=net10.0-windows]
C:\Users\pierc\source\repos\archanox\LibreRally\LibreRally\Vehicle\JBeam\JBeamData.cs(130,19): warning CSENSE001: The symbol 'Description' is missing valid documentation [C:\Users\pierc\source\repos\archanox\LibreRally\LibreRally\LibreRally.csproj::TargetFramework=net10.0-windows]
C:\Users\pierc\source\repos\archanox\LibreRally\LibreRally\Vehicle\Rendering\ColladaLoader.cs(22,22): warning CSENSE001: The symbol 'Indices' is missing valid documentation [C:\Users\pierc\source\repos\archanox\LibreRally\LibreRally\LibreRally.csproj::TargetFramework=net10.0-windows]
C:\Users\pierc\source\repos\archanox\LibreRally\LibreRally\Vehicle\JBeam\JBeamData.cs(132,19): warning CSENSE001: The symbol 'MinDisplayValue' is missing valid documentation [C:\Users\pierc\source\repos\archanox\LibreRally\LibreRally\LibreRally.csproj::TargetFramework=net10.0-windows]
C:\Users\pierc\source\repos\archanox\LibreRally\LibreRally\Vehicle\JBeam\JBeamData.cs(131,19): warning CSENSE001: The symbol 'SubCategory' is missing valid documentation [C:\Users\pierc\source\repos\archanox\LibreRally\LibreRally\LibreRally.csproj::TargetFramework=net10.0-windows]
C:\Users\pierc\source\repos\archanox\LibreRally\LibreRally\Vehicle\JBeam\JBeamData.cs(133,19): warning CSENSE001: The symbol 'MaxDisplayValue' is missing valid documentation [C:\Users\pierc\source\repos\archanox\LibreRally\LibreRally\LibreRally.csproj::TargetFramework=net10.0-windows]
C:\Users\pierc\source\repos\archanox\LibreRally\LibreRally\HUD\SetupUiShellModel.cs(253,21): warning CSENSE001: The symbol 'SetupUiCategoryModel' is missing valid documentation [C:\Users\pierc\source\repos\archanox\LibreRally\LibreRally\LibreRally.csproj::TargetFramework=net10.0-windows]
C:\Users\pierc\source\repos\archanox\LibreRally\LibreRally\Vehicle\JBeam\JBeamData.cs(134,19): warning CSENSE001: The symbol 'StepDisplayValue' is missing valid documentation [C:\Users\pierc\source\repos\archanox\LibreRally\LibreRally\LibreRally.csproj::TargetFramework=net10.0-windows]
C:\Users\pierc\source\repos\archanox\LibreRally\LibreRally\Vehicle\Rendering\ColladaLoader.cs(10,26): warning CSENSE020: The word 'position' matches a parameter name and should be wrapped in <paramref name="Position" /> [C:\Users\pierc\source\repos\archanox\LibreRally\LibreRally\LibreRally.csproj::TargetFramework=net10.0-windows]
C:\Users\pierc\source\repos\archanox\LibreRally\LibreRally\HUD\SetupUiShellModel.cs(260,19): warning CSENSE001: The symbol 'Id' is missing valid documentation [C:\Users\pierc\source\repos\archanox\LibreRally\LibreRally\LibreRally.csproj::TargetFramework=net10.0-windows]
C:\Users\pierc\source\repos\archanox\LibreRally\LibreRally\Vehicle\Rendering\ColladaLoader.cs(10,36): warning CSENSE020: The word 'normal' matches a parameter name and should be wrapped in <paramref name="Normal" /> [C:\Users\pierc\source\repos\archanox\LibreRally\LibreRally\LibreRally.csproj::TargetFramework=net10.0-windows]
C:\Users\pierc\source\repos\archanox\LibreRally\LibreRally\HUD\SetupUiShellModel.cs(261,19): warning CSENSE001: The symbol 'Title' is missing valid documentation [C:\Users\pierc\source\repos\archanox\LibreRally\LibreRally\LibreRally.csproj::TargetFramework=net10.0-windows]
C:\Users\pierc\source\repos\archanox\LibreRally\LibreRally\HUD\SetupUiShellModel.cs(262,19): warning CSENSE001: The symbol 'Tagline' is missing valid documentation [C:\Users\pierc\source\repos\archanox\LibreRally\LibreRally\LibreRally.csproj::TargetFramework=net10.0-windows]
C:\Users\pierc\source\repos\archanox\LibreRally\LibreRally\HUD\SetupUiShellModel.cs(263,19): warning CSENSE001: The symbol 'Description' is missing valid documentation [C:\Users\pierc\source\repos\archanox\LibreRally\LibreRally\LibreRally.csproj::TargetFramework=net10.0-windows]
C:\Users\pierc\source\repos\archanox\LibreRally\LibreRally\Vehicle\Rendering\ColladaLoader.cs(17,19): warning CSENSE001: The symbol 'GeometryName' is missing valid documentation [C:\Users\pierc\source\repos\archanox\LibreRally\LibreRally\LibreRally.csproj::TargetFramework=net10.0-windows]
C:\Users\pierc\source\repos\archanox\LibreRally\LibreRally\HUD\SetupUiShellModel.cs(265,16): warning CSENSE001: The symbol 'PendingChangeCount' is missing valid documentation [C:\Users\pierc\source\repos\archanox\LibreRally\LibreRally\LibreRally.csproj::TargetFramework=net10.0-windows]
C:\Users\pierc\source\repos\archanox\LibreRally\LibreRally\HUD\SetupUiShellModel.cs(264,45): warning CSENSE001: The symbol 'Fields' is missing valid documentation [C:\Users\pierc\source\repos\archanox\LibreRally\LibreRally\LibreRally.csproj::TargetFramework=net10.0-windows]
C:\Users\pierc\source\repos\archanox\LibreRally\LibreRally\HUD\SetupUiShellModel.cs(267,16): warning CSENSE001: The symbol 'PendingReloadChangeCount' is missing valid documentation [C:\Users\pierc\source\repos\archanox\LibreRally\LibreRally\LibreRally.csproj::TargetFramework=net10.0-windows]
C:\Users\pierc\source\repos\archanox\LibreRally\LibreRally\HUD\SetupUiShellModel.cs(268,16): warning CSENSE001: The symbol 'NonDefaultChangeCount' is missing valid documentation [C:\Users\pierc\source\repos\archanox\LibreRally\LibreRally\LibreRally.csproj::TargetFramework=net10.0-windows]
C:\Users\pierc\source\repos\archanox\LibreRally\LibreRally\HUD\SetupUiShellModel.cs(266,16): warning CSENSE001: The symbol 'PendingLiveChangeCount' is missing valid documentation [C:\Users\pierc\source\repos\archanox\LibreRally\LibreRally\LibreRally.csproj::TargetFramework=net10.0-windows]
C:\Users\pierc\source\repos\archanox\LibreRally\LibreRally\Vehicle\JBeam\JBeamData.cs(137,15): warning CSENSE001: The symbol 'JBeamTorquePoint' is missing valid documentation [C:\Users\pierc\source\repos\archanox\LibreRally\LibreRally\LibreRally.csproj::TargetFramework=net10.0-windows]
C:\Users\pierc\source\repos\archanox\LibreRally\LibreRally\Vehicle\JBeam\JBeamData.cs(139,14): warning CSENSE001: The symbol 'JBeamEngineDefinition' is missing valid documentation [C:\Users\pierc\source\repos\archanox\LibreRally\LibreRally\LibreRally.csproj::TargetFramework=net10.0-windows]
C:\Users\pierc\source\repos\archanox\LibreRally\LibreRally\Vehicle\JBeam\JBeamData.cs(141,35): warning CSENSE001: The symbol 'TorqueCurve' is missing valid documentation [C:\Users\pierc\source\repos\archanox\LibreRally\LibreRally\LibreRally.csproj::TargetFramework=net10.0-windows]
C:\Users\pierc\source\repos\archanox\LibreRally\LibreRally\Vehicle\JBeam\JBeamData.cs(143,18): warning CSENSE001: The symbol 'MaxRpm' is missing valid documentation [C:\Users\pierc\source\repos\archanox\LibreRally\LibreRally\LibreRally.csproj::TargetFramework=net10.0-windows]
C:\Users\pierc\source\repos\archanox\LibreRally\LibreRally\Vehicle\JBeam\JBeamData.cs(144,18): warning CSENSE001: The symbol 'Inertia' is missing valid documentation [C:\Users\pierc\source\repos\archanox\LibreRally\LibreRally\LibreRally.csproj::TargetFramework=net10.0-windows]
C:\Users\pierc\source\repos\archanox\LibreRally\LibreRally\Vehicle\JBeam\JBeamData.cs(145,18): warning CSENSE001: The symbol 'Friction' is missing valid documentation [C:\Users\pierc\source\repos\archanox\LibreRally\LibreRally\LibreRally.csproj::TargetFramework=net10.0-windows]
C:\Users\pierc\source\repos\archanox\LibreRally\LibreRally\Vehicle\JBeam\JBeamData.cs(142,18): warning CSENSE001: The symbol 'IdleRpm' is missing valid documentation [C:\Users\pierc\source\repos\archanox\LibreRally\LibreRally\LibreRally.csproj::TargetFramework=net10.0-windows]
C:\Users\pierc\source\repos\archanox\LibreRally\LibreRally\Vehicle\JBeam\JBeamData.cs(147,18): warning CSENSE001: The symbol 'EngineBrakeTorque' is missing valid documentation [C:\Users\pierc\source\repos\archanox\LibreRally\LibreRally\LibreRally.csproj::TargetFramework=net10.0-windows]
C:\Users\pierc\source\repos\archanox\LibreRally\LibreRally\Vehicle\JBeam\JBeamData.cs(146,18): warning CSENSE001: The symbol 'DynamicFriction' is missing valid documentation [C:\Users\pierc\source\repos\archanox\LibreRally\LibreRally\LibreRally.csproj::TargetFramework=net10.0-windows]
C:\Users\pierc\source\repos\archanox\LibreRally\LibreRally\Vehicle\JBeam\JBeamData.cs(150,17): warning CSENSE001: The symbol 'ThermalsEnabled' is missing valid documentation [C:\Users\pierc\source\repos\archanox\LibreRally\LibreRally\LibreRally.csproj::TargetFramework=net10.0-windows]
C:\Users\pierc\source\repos\archanox\LibreRally\LibreRally\Vehicle\JBeam\JBeamData.cs(151,18): warning CSENSE001: The symbol 'OilVolume' is missing valid documentation [C:\Users\pierc\source\repos\archanox\LibreRally\LibreRally\LibreRally.csproj::TargetFramework=net10.0-windows]
C:\Users\pierc\source\repos\archanox\LibreRally\LibreRally\Vehicle\JBeam\JBeamData.cs(152,19): warning CSENSE001: The symbol 'EngineBlockMaterial' is missing valid documentation [C:\Users\pierc\source\repos\archanox\LibreRally\LibreRally\LibreRally.csproj::TargetFramework=net10.0-windows]
C:\Users\pierc\source\repos\archanox\LibreRally\LibreRally\Vehicle\JBeam\JBeamData.cs(154,18): warning CSENSE001: The symbol 'CylinderWallTemperatureDamageThreshold' is missing valid documentation [C:\Users\pierc\source\repos\archanox\LibreRally\LibreRally\LibreRally.csproj::TargetFramework=net10.0-windows]
C:\Users\pierc\source\repos\archanox\LibreRally\LibreRally\Vehicle\JBeam\JBeamData.cs(153,18): warning CSENSE001: The symbol 'EngineBlockTemperatureDamageThreshold' is missing valid documentation [C:\Users\pierc\source\repos\archanox\LibreRally\LibreRally\LibreRally.csproj::TargetFramework=net10.0-windows]
C:\Users\pierc\source\repos\archanox\LibreRally\LibreRally\Vehicle\JBeam\JBeamData.cs(157,43): warning CSENSE001: The symbol 'BurnEfficiency' is missing valid documentation [C:\Users\pierc\source\repos\archanox\LibreRally\LibreRally\LibreRally.csproj::TargetFramework=net10.0-windows]
C:\Users\pierc\source\repos\archanox\LibreRally\LibreRally\Vehicle\JBeam\JBeamData.cs(160,17): warning CSENSE001: The symbol 'IsAirCooledOnly' is missing valid documentation [C:\Users\pierc\source\repos\archanox\LibreRally\LibreRally\LibreRally.csproj::TargetFramework=net10.0-windows]
C:\Users\pierc\source\repos\archanox\LibreRally\LibreRally\Vehicle\JBeam\JBeamData.cs(161,18): warning CSENSE001: The symbol 'AirRegulatorTemperature' is missing valid documentation [C:\Users\pierc\source\repos\archanox\LibreRally\LibreRally\LibreRally.csproj::TargetFramework=net10.0-windows]
C:\Users\pierc\source\repos\archanox\LibreRally\LibreRally\Vehicle\JBeam\JBeamData.cs(162,18): warning CSENSE001: The symbol 'EngineBlockAirCoolingEfficiency' is missing valid documentation [C:\Users\pierc\source\repos\archanox\LibreRally\LibreRally\LibreRally.csproj::TargetFramework=net10.0-windows]
C:\Users\pierc\source\repos\archanox\LibreRally\LibreRally\Vehicle\JBeam\JBeamData.cs(165,34): warning CSENSE001: The symbol 'Turbo' is missing valid documentation [C:\Users\pierc\source\repos\archanox\LibreRally\LibreRally\LibreRally.csproj::TargetFramework=net10.0-windows]
C:\Users\pierc\source\repos\archanox\LibreRally\LibreRally\Vehicle\JBeam\JBeamData.cs(102,14): warning CSENSE001: The symbol 'JBeamPressureWheelOptions' is missing valid documentation [C:\Users\pierc\source\repos\archanox\LibreRally\LibreRally\LibreRally.csproj::TargetFramework=net10.0-windows]
C:\Users\pierc\source\repos\archanox\LibreRally\LibreRally\Vehicle\JBeam\JBeamData.cs(104,18): warning CSENSE001: The symbol 'HasTire' is missing valid documentation [C:\Users\pierc\source\repos\archanox\LibreRally\LibreRally\LibreRally.csproj::TargetFramework=net10.0-windows]
C:\Users\pierc\source\repos\archanox\LibreRally\LibreRally\Vehicle\JBeam\JBeamData.cs(105,19): warning CSENSE001: The symbol 'Radius' is missing valid documentation [C:\Users\pierc\source\repos\archanox\LibreRally\LibreRally\LibreRally.csproj::TargetFramework=net10.0-windows]
C:\Users\pierc\source\repos\archanox\LibreRally\LibreRally\Vehicle\JBeam\JBeamData.cs(106,19): warning CSENSE001: The symbol 'TireWidth' is missing valid documentation [C:\Users\pierc\source\repos\archanox\LibreRally\LibreRally\LibreRally.csproj::TargetFramework=net10.0-windows]
C:\Users\pierc\source\repos\archanox\LibreRally\LibreRally\Vehicle\JBeam\JBeamData.cs(108,19): warning CSENSE001: The symbol 'FrictionCoef' is missing valid documentation [C:\Users\pierc\source\repos\archanox\LibreRally\LibreRally\LibreRally.csproj::TargetFramework=net10.0-windows]
C:\Users\pierc\source\repos\archanox\LibreRally\LibreRally\Vehicle\JBeam\JBeamData.cs(109,19): warning CSENSE001: The symbol 'SlidingFrictionCoef' is missing valid documentation [C:\Users\pierc\source\repos\archanox\LibreRally\LibreRally\LibreRally.csproj::TargetFramework=net10.0-windows]
C:\Users\pierc\source\repos\archanox\LibreRally\LibreRally\Vehicle\JBeam\JBeamData.cs(110,19): warning CSENSE001: The symbol 'TreadCoef' is missing valid documentation [C:\Users\pierc\source\repos\archanox\LibreRally\LibreRally\LibreRally.csproj::TargetFramework=net10.0-windows]
C:\Users\pierc\source\repos\archanox\LibreRally\LibreRally\Vehicle\JBeam\JBeamData.cs(111,19): warning CSENSE001: The symbol 'NoLoadCoef' is missing valid documentation [C:\Users\pierc\source\repos\archanox\LibreRally\LibreRally\LibreRally.csproj::TargetFramework=net10.0-windows]
C:\Users\pierc\source\repos\archanox\LibreRally\LibreRally\Vehicle\JBeam\JBeamData.cs(112,19): warning CSENSE001: The symbol 'LoadSensitivitySlope' is missing valid documentation [C:\Users\pierc\source\repos\archanox\LibreRally\LibreRally\LibreRally.csproj::TargetFramework=net10.0-windows]
C:\Users\pierc\source\repos\archanox\LibreRally\LibreRally\Vehicle\JBeam\JBeamData.cs(107,19): warning CSENSE001: The symbol 'PressurePsi' is missing valid documentation [C:\Users\pierc\source\repos\archanox\LibreRally\LibreRally\LibreRally.csproj::TargetFramework=net10.0-windows]
C:\Users\pierc\source\repos\archanox\LibreRally\LibreRally\Vehicle\JBeam\JBeamData.cs(113,19): warning CSENSE001: The symbol 'FullLoadCoef' is missing valid documentation [C:\Users\pierc\source\repos\archanox\LibreRally\LibreRally\LibreRally.csproj::TargetFramework=net10.0-windows]
C:\Users\pierc\source\repos\archanox\LibreRally\LibreRally\Vehicle\JBeam\JBeamData.cs(114,19): warning CSENSE001: The symbol 'SoftnessCoef' is missing valid documentation [C:\Users\pierc\source\repos\archanox\LibreRally\LibreRally\LibreRally.csproj::TargetFramework=net10.0-windows]
C:\Users\pierc\source\repos\archanox\LibreRally\LibreRally\Vehicle\JBeam\JBeamData.cs(115,19): warning CSENSE001: The symbol 'HubRadius' is missing valid documentation [C:\Users\pierc\source\repos\archanox\LibreRally\LibreRally\LibreRally.csproj::TargetFramework=net10.0-windows]
C:\Users\pierc\source\repos\archanox\LibreRally\LibreRally\Vehicle\JBeam\JBeamData.cs(116,19): warning CSENSE001: The symbol 'HubWidth' is missing valid documentation [C:\Users\pierc\source\repos\archanox\LibreRally\LibreRally\LibreRally.csproj::TargetFramework=net10.0-windows]
C:\Users\pierc\source\repos\archanox\LibreRally\LibreRally\Vehicle\JBeam\JBeamData.cs(117,19): warning CSENSE001: The symbol 'WheelOffset' is missing valid documentation [C:\Users\pierc\source\repos\archanox\LibreRally\LibreRally\LibreRally.csproj::TargetFramework=net10.0-windows]
C:\Users\pierc\source\repos\archanox\LibreRally\LibreRally\Vehicle\JBeam\JBeamData.cs(190,14): warning CSENSE001: The symbol 'JBeamGearboxDefinition' is missing valid documentation [C:\Users\pierc\source\repos\archanox\LibreRally\LibreRally\LibreRally.csproj::TargetFramework=net10.0-windows]
C:\Users\pierc\source\repos\archanox\LibreRally\LibreRally\Vehicle\JBeam\JBeamData.cs(192,24): warning CSENSE001: The symbol 'GearRatios' is missing valid documentation [C:\Users\pierc\source\repos\archanox\LibreRally\LibreRally\LibreRally.csproj::TargetFramework=net10.0-windows]
C:\Users\pierc\source\repos\archanox\LibreRally\LibreRally\Vehicle\JBeam\JBeamData.cs(195,14): warning CSENSE001: The symbol 'JBeamVehicleControllerDefinition' is missing valid documentation [C:\Users\pierc\source\repos\archanox\LibreRally\LibreRally\LibreRally.csproj::TargetFramework=net10.0-windows]
C:\Users\pierc\source\repos\archanox\LibreRally\LibreRally\Vehicle\JBeam\JBeamData.cs(197,19): warning CSENSE001: The symbol 'ClutchLaunchStartRpm' is missing valid documentation [C:\Users\pierc\source\repos\archanox\LibreRally\LibreRally\LibreRally.csproj::TargetFramework=net10.0-windows]
C:\Users\pierc\source\repos\archanox\LibreRally\LibreRally\Vehicle\JBeam\JBeamData.cs(198,19): warning CSENSE001: The symbol 'ClutchLaunchTargetRpm' is missing valid documentation [C:\Users\pierc\source\repos\archanox\LibreRally\LibreRally\LibreRally.csproj::TargetFramework=net10.0-windows]
C:\Users\pierc\source\repos\archanox\LibreRally\LibreRally\Vehicle\JBeam\JBeamData.cs(199,19): warning CSENSE001: The symbol 'HighShiftUpRpm' is missing valid documentation [C:\Users\pierc\source\repos\archanox\LibreRally\LibreRally\LibreRally.csproj::TargetFramework=net10.0-windows]
C:\Users\pierc\source\repos\archanox\LibreRally\LibreRally\Vehicle\JBeam\JBeamData.cs(200,24): warning CSENSE001: The symbol 'HighShiftDownRpm' is missing valid documentation [C:\Users\pierc\source\repos\archanox\LibreRally\LibreRally\LibreRally.csproj::TargetFramework=net10.0-windows]
C:\Users\pierc\source\repos\archanox\LibreRally\LibreRally\Vehicle\JBeam\JBeamData.cs(201,24): warning CSENSE001: The symbol 'LowShiftUpRpm' is missing valid documentation [C:\Users\pierc\source\repos\archanox\LibreRally\LibreRally\LibreRally.csproj::TargetFramework=net10.0-windows]
C:\Users\pierc\source\repos\archanox\LibreRally\LibreRally\Vehicle\JBeam\JBeamData.cs(202,24): warning CSENSE001: The symbol 'LowShiftDownRpm' is missing valid documentation [C:\Users\pierc\source\repos\archanox\LibreRally\LibreRally\LibreRally.csproj::TargetFramework=net10.0-windows]
C:\Users\pierc\source\repos\archanox\LibreRally\LibreRally\Vehicle\JBeam\JBeamData.cs(207,18): warning CSENSE001: The symbol 'EnableAbs' is missing valid documentation [C:\Users\pierc\source\repos\archanox\LibreRally\LibreRally\LibreRally.csproj::TargetFramework=net10.0-windows]
C:\Users\pierc\source\repos\archanox\LibreRally\LibreRally\Vehicle\JBeam\JBeamData.cs(205,14): warning CSENSE001: The symbol 'JBeamBrakeControlDefinition' is missing valid documentation [C:\Users\pierc\source\repos\archanox\LibreRally\LibreRally\LibreRally.csproj::TargetFramework=net10.0-windows]
C:\Users\pierc\source\repos\archanox\LibreRally\LibreRally\Vehicle\JBeam\JBeamData.cs(208,19): warning CSENSE001: The symbol 'AbsSlipRatioTarget' is missing valid documentation [C:\Users\pierc\source\repos\archanox\LibreRally\LibreRally\LibreRally.csproj::TargetFramework=net10.0-windows]
C:\Users\pierc\source\repos\archanox\LibreRally\LibreRally\Vehicle\JBeam\JBeamData.cs(209,17): warning CSENSE001: The symbol 'HasLegacyAbsController' is missing valid documentation [C:\Users\pierc\source\repos\archanox\LibreRally\LibreRally\LibreRally.csproj::TargetFramework=net10.0-windows]
C:\Users\pierc\source\repos\archanox\LibreRally\LibreRally\Vehicle\JBeam\JBeamData.cs(212,14): warning CSENSE001: The symbol 'JBeamTractionControlDefinition' is missing valid documentation [C:\Users\pierc\source\repos\archanox\LibreRally\LibreRally\LibreRally.csproj::TargetFramework=net10.0-windows]
C:\Users\pierc\source\repos\archanox\LibreRally\LibreRally\Vehicle\JBeam\JBeamData.cs(214,18): warning CSENSE001: The symbol 'EnableTractionControl' is missing valid documentation [C:\Users\pierc\source\repos\archanox\LibreRally\LibreRally\LibreRally.csproj::TargetFramework=net10.0-windows]
C:\Users\pierc\source\repos\archanox\LibreRally\LibreRally\Vehicle\JBeam\JBeamData.cs(215,19): warning CSENSE001: The symbol 'SlipThreshold' is missing valid documentation [C:\Users\pierc\source\repos\archanox\LibreRally\LibreRally\LibreRally.csproj::TargetFramework=net10.0-windows]
C:\Users\pierc\source\repos\archanox\LibreRally\LibreRally\Vehicle\JBeam\JBeamData.cs(216,19): warning CSENSE001: The symbol 'SlipRangeThreshold' is missing valid documentation [C:\Users\pierc\source\repos\archanox\LibreRally\LibreRally\LibreRally.csproj::TargetFramework=net10.0-windows]
C:\Users\pierc\source\repos\archanox\LibreRally\LibreRally\Vehicle\JBeam\JBeamData.cs(217,19): warning CSENSE001: The symbol 'MaxVelocity' is missing valid documentation [C:\Users\pierc\source\repos\archanox\LibreRally\LibreRally\LibreRally.csproj::TargetFramework=net10.0-windows]
C:\Users\pierc\source\repos\archanox\LibreRally\LibreRally\Vehicle\VehiclePowertrainResolver.cs(46,21): warning CSENSE001: The symbol 'VehiclePowertrainResolver' is missing valid documentation [C:\Users\pierc\source\repos\archanox\LibreRally\LibreRally\LibreRally.csproj::TargetFramework=net10.0-windows]
C:\Users\pierc\source\repos\archanox\LibreRally\LibreRally\Vehicle\JBeam\JBeamData.cs(223,19): warning CSENSE001: The symbol 'Name' is missing valid documentation [C:\Users\pierc\source\repos\archanox\LibreRally\LibreRally\LibreRally.csproj::TargetFramework=net10.0-windows]
C:\Users\pierc\source\repos\archanox\LibreRally\LibreRally\Vehicle\JBeam\JBeamData.cs(224,19): warning CSENSE001: The symbol 'SlotType' is missing valid documentation [C:\Users\pierc\source\repos\archanox\LibreRally\LibreRally\LibreRally.csproj::TargetFramework=net10.0-windows]
C:\Users\pierc\source\repos\archanox\LibreRally\LibreRally\Vehicle\JBeam\JBeamData.cs(225,17): warning CSENSE001: The symbol 'IsMain' is missing valid documentation [C:\Users\pierc\source\repos\archanox\LibreRally\LibreRally\LibreRally.csproj::TargetFramework=net10.0-windows]
C:\Users\pierc\source\repos\archanox\LibreRally\LibreRally\Vehicle\JBeam\JBeamData.cs(227,28): warning CSENSE001: The symbol 'Slots' is missing valid documentation [C:\Users\pierc\source\repos\archanox\LibreRally\LibreRally\LibreRally.csproj::TargetFramework=net10.0-windows]
C:\Users\pierc\source\repos\archanox\LibreRally\LibreRally\Vehicle\JBeam\JBeamData.cs(228,28): warning CSENSE001: The symbol 'Nodes' is missing valid documentation [C:\Users\pierc\source\repos\archanox\LibreRally\LibreRally\LibreRally.csproj::TargetFramework=net10.0-windows]
C:\Users\pierc\source\repos\archanox\LibreRally\LibreRally\Vehicle\JBeam\JBeamData.cs(229,28): warning CSENSE001: The symbol 'Beams' is missing valid documentation [C:\Users\pierc\source\repos\archanox\LibreRally\LibreRally\LibreRally.csproj::TargetFramework=net10.0-windows]
C:\Users\pierc\source\repos\archanox\LibreRally\LibreRally\Vehicle\JBeam\JBeamData.cs(230,32): warning CSENSE001: The symbol 'FlexBodies' is missing valid documentation [C:\Users\pierc\source\repos\archanox\LibreRally\LibreRally\LibreRally.csproj::TargetFramework=net10.0-windows]
C:\Users\pierc\source\repos\archanox\LibreRally\LibreRally\Vehicle\JBeam\JBeamData.cs(231,38): warning CSENSE001: The symbol 'Variables' is missing valid documentation [C:\Users\pierc\source\repos\archanox\LibreRally\LibreRally\LibreRally.csproj::TargetFramework=net10.0-windows]
C:\Users\pierc\source\repos\archanox\LibreRally\LibreRally\Vehicle\JBeam\JBeamData.cs(232,42): warning CSENSE001: The symbol 'VariableDefinitions' is missing valid documentation [C:\Users\pierc\source\repos\archanox\LibreRally\LibreRally\LibreRally.csproj::TargetFramework=net10.0-windows]
C:\Users\pierc\source\repos\archanox\LibreRally\LibreRally\Vehicle\JBeam\JBeamData.cs(233,40): warning CSENSE001: The symbol 'PowertrainDevices' is missing valid documentation [C:\Users\pierc\source\repos\archanox\LibreRally\LibreRally\LibreRally.csproj::TargetFramework=net10.0-windows]
C:\Users\pierc\source\repos\archanox\LibreRally\LibreRally\Vehicle\JBeam\JBeamData.cs(234,37): warning CSENSE001: The symbol 'PressureWheels' is missing valid documentation [C:\Users\pierc\source\repos\archanox\LibreRally\LibreRally\LibreRally.csproj::TargetFramework=net10.0-windows]
C:\Users\pierc\source\repos\archanox\LibreRally\LibreRally\Vehicle\JBeam\JBeamData.cs(235,39): warning CSENSE001: The symbol 'PressureWheelOptions' is missing valid documentation [C:\Users\pierc\source\repos\archanox\LibreRally\LibreRally\LibreRally.csproj::TargetFramework=net10.0-windows]
C:\Users\pierc\source\repos\archanox\LibreRally\LibreRally\Vehicle\JBeam\JBeamData.cs(236,19): warning CSENSE001: The symbol 'GearRatio' is missing valid documentation [C:\Users\pierc\source\repos\archanox\LibreRally\LibreRally\LibreRally.csproj::TargetFramework=net10.0-windows]
C:\Users\pierc\source\repos\archanox\LibreRally\LibreRally\Vehicle\JBeam\JBeamData.cs(237,35): warning CSENSE001: The symbol 'Engine' is missing valid documentation [C:\Users\pierc\source\repos\archanox\LibreRally\LibreRally\LibreRally.csproj::TargetFramework=net10.0-windows]
C:\Users\pierc\source\repos\archanox\LibreRally\LibreRally\Vehicle\JBeam\JBeamData.cs(240,41): warning CSENSE001: The symbol 'BrakeControl' is missing valid documentation [C:\Users\pierc\source\repos\archanox\LibreRally\LibreRally\LibreRally.csproj::TargetFramework=net10.0-windows]
C:\Users\pierc\source\repos\archanox\LibreRally\LibreRally\Vehicle\JBeam\JBeamData.cs(239,46): warning CSENSE001: The symbol 'VehicleController' is missing valid documentation [C:\Users\pierc\source\repos\archanox\LibreRally\LibreRally\LibreRally.csproj::TargetFramework=net10.0-windows]
C:\Users\pierc\source\repos\archanox\LibreRally\LibreRally\Vehicle\JBeam\JBeamData.cs(238,36): warning CSENSE001: The symbol 'Gearbox' is missing valid documentation [C:\Users\pierc\source\repos\archanox\LibreRally\LibreRally\LibreRally.csproj::TargetFramework=net10.0-windows]
C:\Users\pierc\source\repos\archanox\LibreRally\LibreRally\Vehicle\JBeam\JBeamData.cs(241,44): warning CSENSE001: The symbol 'TractionControl' is missing valid documentation [C:\Users\pierc\source\repos\archanox\LibreRally\LibreRally\LibreRally.csproj::TargetFramework=net10.0-windows]
C:\Users\pierc\source\repos\archanox\LibreRally\LibreRally\Vehicle\JBeam\JBeamData.cs(242,37): warning CSENSE001: The symbol 'FuelTank' is missing valid documentation [C:\Users\pierc\source\repos\archanox\LibreRally\LibreRally\LibreRally.csproj::TargetFramework=net10.0-windows]
C:\Users\pierc\source\repos\archanox\LibreRally\LibreRally\Vehicle\Physics\SurfaceDefinition.cs(15,5): warning CSENSE001: The symbol 'Tarmac' is missing valid documentation [C:\Users\pierc\source\repos\archanox\LibreRally\LibreRally\LibreRally.csproj::TargetFramework=net10.0-windows]
C:\Users\pierc\source\repos\archanox\LibreRally\LibreRally\Vehicle\VehicleDefinition.cs(12,12): warning CSENSE002: The parameter 'Id' is missing documentation [C:\Users\pierc\source\repos\archanox\LibreRally\LibreRally\LibreRally.csproj::TargetFramework=net10.0-windows]
C:\Users\pierc\source\repos\archanox\LibreRally\LibreRally\Vehicle\VehicleDefinition.cs(13,13): warning CSENSE002: The parameter 'Position' is missing documentation [C:\Users\pierc\source\repos\archanox\LibreRally\LibreRally\LibreRally.csproj::TargetFramework=net10.0-windows]
C:\Users\pierc\source\repos\archanox\LibreRally\LibreRally\Vehicle\VehicleDefinition.cs(14,11): warning CSENSE002: The parameter 'Weight' is missing documentation [C:\Users\pierc\source\repos\archanox\LibreRally\LibreRally\LibreRally.csproj::TargetFramework=net10.0-windows]
C:\Users\pierc\source\repos\archanox\LibreRally\LibreRally\Vehicle\VehicleDefinition.cs(15,18): warning CSENSE002: The parameter 'Groups' is missing documentation [C:\Users\pierc\source\repos\archanox\LibreRally\LibreRally\LibreRally.csproj::TargetFramework=net10.0-windows]
C:\Users\pierc\source\repos\archanox\LibreRally\LibreRally\Vehicle\VehicleDefinition.cs(16,10): warning CSENSE002: The parameter 'Collision' is missing documentation [C:\Users\pierc\source\repos\archanox\LibreRally\LibreRally\LibreRally.csproj::TargetFramework=net10.0-windows]
C:\Users\pierc\source\repos\archanox\LibreRally\LibreRally\Vehicle\VehicleDefinition.cs(9,5): warning CSENSE020: The word 'Position' matches a parameter name and should be wrapped in <paramref name="Position" /> [C:\Users\pierc\source\repos\archanox\LibreRally\LibreRally\LibreRally.csproj::TargetFramework=net10.0-windows]
C:\Users\pierc\source\repos\archanox\LibreRally\LibreRally\Vehicle\JBeam\JBeamData.cs(169,46): warning CSENSE002: The parameter 'Throttle' is missing documentation [C:\Users\pierc\source\repos\archanox\LibreRally\LibreRally\LibreRally.csproj::TargetFramework=net10.0-windows]
C:\Users\pierc\source\repos\archanox\LibreRally\LibreRally\Vehicle\JBeam\JBeamData.cs(169,62): warning CSENSE002: The parameter 'Efficiency' is missing documentation [C:\Users\pierc\source\repos\archanox\LibreRally\LibreRally\LibreRally.csproj::TargetFramework=net10.0-windows]
C:\Users\pierc\source\repos\archanox\LibreRally\LibreRally\Vehicle\JBeam\JBeamData.cs(168,19): warning CSENSE020: The word 'efficiency' matches a parameter name and should be wrapped in <paramref name="Efficiency" /> [C:\Users\pierc\source\repos\archanox\LibreRally\LibreRally\LibreRally.csproj::TargetFramework=net10.0-windows]
C:\Users\pierc\source\repos\archanox\LibreRally\LibreRally\Vehicle\JBeam\JBeamData.cs(168,37): warning CSENSE020: The word 'throttle' matches a parameter name and should be wrapped in <paramref name="Throttle" /> [C:\Users\pierc\source\repos\archanox\LibreRally\LibreRally\LibreRally.csproj::TargetFramework=net10.0-windows]
C:\Users\pierc\source\repos\archanox\LibreRally\LibreRally\Vehicle\JBeam\JBeamData.cs(168,65): warning CSENSE020: The word 'efficiency' matches a parameter name and should be wrapped in <paramref name="Efficiency" /> [C:\Users\pierc\source\repos\archanox\LibreRally\LibreRally\LibreRally.csproj::TargetFramework=net10.0-windows]
C:\Users\pierc\source\repos\archanox\LibreRally\LibreRally\Vehicle\JBeam\JBeamData.cs(174,18): warning CSENSE001: The symbol 'WastegatePressure' is missing valid documentation [C:\Users\pierc\source\repos\archanox\LibreRally\LibreRally\LibreRally.csproj::TargetFramework=net10.0-windows]
C:\Users\pierc\source\repos\archanox\LibreRally\LibreRally\Vehicle\JBeam\JBeamData.cs(175,18): warning CSENSE001: The symbol 'FrictionCoef' is missing valid documentation [C:\Users\pierc\source\repos\archanox\LibreRally\LibreRally\LibreRally.csproj::TargetFramework=net10.0-windows]
C:\Users\pierc\source\repos\archanox\LibreRally\LibreRally\Vehicle\JBeam\JBeamData.cs(178,18): warning CSENSE001: The symbol 'GammaOut' is missing valid documentation [C:\Users\pierc\source\repos\archanox\LibreRally\LibreRally\LibreRally.csproj::TargetFramework=net10.0-windows]
C:\Users\pierc\source\repos\archanox\LibreRally\LibreRally\Vehicle\JBeam\JBeamData.cs(177,18): warning CSENSE001: The symbol 'GammaIn' is missing valid documentation [C:\Users\pierc\source\repos\archanox\LibreRally\LibreRally\LibreRally.csproj::TargetFramework=net10.0-windows]
C:\Users\pierc\source\repos\archanox\LibreRally\LibreRally\Vehicle\JBeam\JBeamData.cs(176,18): warning CSENSE001: The symbol 'Inertia' is missing valid documentation [C:\Users\pierc\source\repos\archanox\LibreRally\LibreRally\LibreRally.csproj::TargetFramework=net10.0-windows]
C:\Users\pierc\source\repos\archanox\LibreRally\LibreRally\Vehicle\JBeam\JBeamData.cs(179,18): warning CSENSE001: The symbol 'PressureRatePsi' is missing valid documentation [C:\Users\pierc\source\repos\archanox\LibreRally\LibreRally\LibreRally.csproj::TargetFramework=net10.0-windows]
C:\Users\pierc\source\repos\archanox\LibreRally\LibreRally\Vehicle\JBeam\JBeamData.cs(185,19): warning CSENSE001: The symbol 'EnergyType' is missing valid documentation [C:\Users\pierc\source\repos\archanox\LibreRally\LibreRally\LibreRally.csproj::TargetFramework=net10.0-windows]
C:\Users\pierc\source\repos\archanox\LibreRally\LibreRally\Vehicle\JBeam\JBeamData.cs(186,18): warning CSENSE001: The symbol 'FuelCapacity' is missing valid documentation [C:\Users\pierc\source\repos\archanox\LibreRally\LibreRally\LibreRally.csproj::TargetFramework=net10.0-windows]
C:\Users\pierc\source\repos\archanox\LibreRally\LibreRally\Vehicle\JBeam\JBeamData.cs(187,18): warning CSENSE001: The symbol 'StartingFuelCapacity' is missing valid documentation [C:\Users\pierc\source\repos\archanox\LibreRally\LibreRally\LibreRally.csproj::TargetFramework=net10.0-windows]
C:\Users\pierc\source\repos\archanox\LibreRally\LibreRally\Vehicle\Physics\BreakablePartComponent.cs(10,40): warning CSENSE007: The cref reference 'BodyComponent' could not be resolved [C:\Users\pierc\source\repos\archanox\LibreRally\LibreRally\LibreRally.csproj::TargetFramework=net10.0-windows]
C:\Users\pierc\source\repos\archanox\LibreRally\LibreRally\Vehicle\Physics\BreakablePartComponent.cs(14,27): warning CSENSE007: The cref reference 'BodyComponent' could not be resolved [C:\Users\pierc\source\repos\archanox\LibreRally\LibreRally\LibreRally.csproj::TargetFramework=net10.0-windows]
C:\Users\pierc\source\repos\archanox\LibreRally\LibreRally\Vehicle\JBeam\JBeamParser.cs(19,16): warning CSENSE025: The cref reference 'string JBeamParser.PreprocessJBeam(string input)' is less accessible than the member 'JBeamParser' [C:\Users\pierc\source\repos\archanox\LibreRally\LibreRally\LibreRally.csproj::TargetFramework=net10.0-windows]
C:\Users\pierc\source\repos\archanox\LibreRally\LibreRally\Vehicle\Physics\SurfaceDefinition.cs(16,5): warning CSENSE001: The symbol 'Gravel' is missing valid documentation [C:\Users\pierc\source\repos\archanox\LibreRally\LibreRally\LibreRally.csproj::TargetFramework=net10.0-windows]
C:\Users\pierc\source\repos\archanox\LibreRally\LibreRally\Vehicle\Physics\SurfaceDefinition.cs(17,5): warning CSENSE001: The symbol 'Mud' is missing valid documentation [C:\Users\pierc\source\repos\archanox\LibreRally\LibreRally\LibreRally.csproj::TargetFramework=net10.0-windows]
C:\Users\pierc\source\repos\archanox\LibreRally\LibreRally\Vehicle\Physics\SurfaceDefinition.cs(18,5): warning CSENSE001: The symbol 'Snow' is missing valid documentation [C:\Users\pierc\source\repos\archanox\LibreRally\LibreRally\LibreRally.csproj::TargetFramework=net10.0-windows]
C:\Users\pierc\source\repos\archanox\LibreRally\LibreRally\Vehicle\Physics\SurfaceDefinition.cs(19,5): warning CSENSE001: The symbol 'Ice' is missing valid documentation [C:\Users\pierc\source\repos\archanox\LibreRally\LibreRally\LibreRally.csproj::TargetFramework=net10.0-windows]
C:\Users\pierc\source\repos\archanox\LibreRally\LibreRally\Vehicle\Physics\SurfaceDefinition.cs(55,18): warning CSENSE001: The symbol 'FrictionCoefficient' is missing valid documentation [C:\Users\pierc\source\repos\archanox\LibreRally\LibreRally\LibreRally.csproj::TargetFramework=net10.0-windows]
C:\Users\pierc\source\repos\archanox\LibreRally\LibreRally\Vehicle\Physics\SurfaceDefinition.cs(81,18): warning CSENSE001: The symbol 'RollingResistance' is missing valid documentation [C:\Users\pierc\source\repos\archanox\LibreRally\LibreRally\LibreRally.csproj::TargetFramework=net10.0-windows]
C:\Users\pierc\source\repos\archanox\LibreRally\LibreRally\Vehicle\Physics\SurfaceDefinition.cs(83,18): warning CSENSE001: The symbol 'NoiseFactor' is missing valid documentation [C:\Users\pierc\source\repos\archanox\LibreRally\LibreRally\LibreRally.csproj::TargetFramework=net10.0-windows]
C:\Users\pierc\source\repos\archanox\LibreRally\LibreRally\Vehicle\Physics\SurfaceDefinition.cs(82,18): warning CSENSE001: The symbol 'DeformationFactor' is missing valid documentation [C:\Users\pierc\source\repos\archanox\LibreRally\LibreRally\LibreRally.csproj::TargetFramework=net10.0-windows]
C:\Users\pierc\source\repos\archanox\LibreRally\LibreRally\Vehicle\Physics\VehicleDynamicsSystem.cs(40,22): warning CSENSE001: The symbol 'FL' is missing valid documentation [C:\Users\pierc\source\repos\archanox\LibreRally\LibreRally\LibreRally.csproj::TargetFramework=net10.0-windows]
C:\Users\pierc\source\repos\archanox\LibreRally\LibreRally\Vehicle\Physics\VehicleDynamicsSystem.cs(44,22): warning CSENSE001: The symbol 'WheelCount' is missing valid documentation [C:\Users\pierc\source\repos\archanox\LibreRally\LibreRally\LibreRally.csproj::TargetFramework=net10.0-windows]
C:\Users\pierc\source\repos\archanox\LibreRally\LibreRally\Vehicle\Physics\VehicleDynamicsSystem.cs(42,22): warning CSENSE001: The symbol 'RL' is missing valid documentation [C:\Users\pierc\source\repos\archanox\LibreRally\LibreRally\LibreRally.csproj::TargetFramework=net10.0-windows]
C:\Users\pierc\source\repos\archanox\LibreRally\LibreRally\Vehicle\Physics\VehicleDynamicsSystem.cs(41,22): warning CSENSE001: The symbol 'FR' is missing valid documentation [C:\Users\pierc\source\repos\archanox\LibreRally\LibreRally\LibreRally.csproj::TargetFramework=net10.0-windows]
C:\Users\pierc\source\repos\archanox\LibreRally\LibreRally\Vehicle\VehicleLoader.cs(1760,45): warning CSENSE002: The parameter 'VehicleFolderPath' is missing documentation [C:\Users\pierc\source\repos\archanox\LibreRally\LibreRally\LibreRally.csproj::TargetFramework=net10.0-windows]
C:\Users\pierc\source\repos\archanox\LibreRally\LibreRally\Vehicle\VehicleLoader.cs(1760,72): warning CSENSE002: The parameter 'ConfigPath' is missing documentation [C:\Users\pierc\source\repos\archanox\LibreRally\LibreRally\LibreRally.csproj::TargetFramework=net10.0-windows]
C:\Users\pierc\source\repos\archanox\LibreRally\LibreRally\Vehicle\VehicleLoader.cs(1760,90): warning CSENSE002: The parameter 'EstimatedMassKg' is missing documentation [C:\Users\pierc\source\repos\archanox\LibreRally\LibreRally\LibreRally.csproj::TargetFramework=net10.0-windows]
C:\Users\pierc\source\repos\archanox\LibreRally\LibreRally\Vehicle\Physics\VehicleDynamicsSystem.cs(43,22): warning CSENSE001: The symbol 'RR' is missing valid documentation [C:\Users\pierc\source\repos\archanox\LibreRally\LibreRally\LibreRally.csproj::TargetFramework=net10.0-windows]
C:\Users\pierc\source\repos\archanox\LibreRally\LibreRally\Vehicle\VehicleLoader.cs(1762,15): warning CSENSE001: The symbol 'LoadedVehicle' is missing valid documentation [C:\Users\pierc\source\repos\archanox\LibreRally\LibreRally\LibreRally.csproj::TargetFramework=net10.0-windows]
C:\Users\pierc\source\repos\archanox\LibreRally\LibreRally\CodeFirstSceneFactory.cs(19,39): warning CSENSE001: The symbol 'CreateMainSceneSetup' is missing valid documentation [C:\Users\pierc\source\repos\archanox\LibreRally\LibreRally\LibreRally.csproj::TargetFramework=net10.0-windows]
C:\Users\pierc\source\repos\archanox\LibreRally\LibreRally\HUD\VehicleSelectionOverlay.cs(78,12): warning CSENSE001: The symbol 'VehicleSelectionOverlay(IServiceRegistry)' is missing valid documentation [C:\Users\pierc\source\repos\archanox\LibreRally\LibreRally\LibreRally.csproj::TargetFramework=net10.0-windows]
C:\Users\pierc\source\repos\archanox\LibreRally\LibreRally\HUD\DrivingHudOverlay.cs(78,12): warning CSENSE001: The symbol 'DrivingHudOverlay(IServiceRegistry)' is missing valid documentation [C:\Users\pierc\source\repos\archanox\LibreRally\LibreRally\LibreRally.csproj::TargetFramework=net10.0-windows]
C:\Users\pierc\source\repos\archanox\LibreRally\LibreRally\CodeFirstSceneFactory.cs(21,39): warning CSENSE001: The symbol 'CreateMainSceneSetup' is missing valid documentation [C:\Users\pierc\source\repos\archanox\LibreRally\LibreRally\LibreRally.csproj::TargetFramework=net10.0-windows]
C:\Users\pierc\source\repos\archanox\LibreRally\LibreRally\CodeFirstSceneFactory.cs(17,25): warning CSENSE001: The symbol 'CreateMainScene' is missing valid documentation [C:\Users\pierc\source\repos\archanox\LibreRally\LibreRally\LibreRally.csproj::TargetFramework=net10.0-windows]
C:\Users\pierc\source\repos\archanox\LibreRally\LibreRally\CodeFirstSceneFactory.cs(15,25): warning CSENSE001: The symbol 'CreateMainScene' is missing valid documentation [C:\Users\pierc\source\repos\archanox\LibreRally\LibreRally\LibreRally.csproj::TargetFramework=net10.0-windows]
C:\Users\pierc\source\repos\archanox\LibreRally\LibreRally\Race\RaceTimer.cs(15,17): warning CSENSE001: The symbol 'StartTimer' is missing valid documentation [C:\Users\pierc\source\repos\archanox\LibreRally\LibreRally\LibreRally.csproj::TargetFramework=net10.0-windows]
C:\Users\pierc\source\repos\archanox\LibreRally\LibreRally\Race\RaceTimer.cs(16,17): warning CSENSE001: The symbol 'StopTimer' is missing valid documentation [C:\Users\pierc\source\repos\archanox\LibreRally\LibreRally\LibreRally.csproj::TargetFramework=net10.0-windows]
C:\Users\pierc\source\repos\archanox\LibreRally\LibreRally\Race\RaceTimer.cs(17,17): warning CSENSE001: The symbol 'ResetTimer' is missing valid documentation [C:\Users\pierc\source\repos\archanox\LibreRally\LibreRally\LibreRally.csproj::TargetFramework=net10.0-windows]
C:\Users\pierc\source\repos\archanox\LibreRally\LibreRally\Race\RaceTimer.cs(19,19): warning CSENSE001: The symbol 'GetTimeString' is missing valid documentation [C:\Users\pierc\source\repos\archanox\LibreRally\LibreRally\LibreRally.csproj::TargetFramework=net10.0-windows]
C:\Users\pierc\source\repos\archanox\LibreRally\LibreRally\HUD\PauseMenuOverlay.cs(89,12): warning CSENSE001: The symbol 'PauseMenuOverlay(IServiceRegistry)' is missing valid documentation [C:\Users\pierc\source\repos\archanox\LibreRally\LibreRally\LibreRally.csproj::TargetFramework=net10.0-windows]
C:\Users\pierc\source\repos\archanox\LibreRally\LibreRally\Vehicle\VehicleSetupOverrides.cs(22,17): warning CSENSE001: The symbol 'Clear' is missing valid documentation [C:\Users\pierc\source\repos\archanox\LibreRally\LibreRally\LibreRally.csproj::TargetFramework=net10.0-windows]
C:\Users\pierc\source\repos\archanox\LibreRally\LibreRally\Vehicle\VehicleSetupOverrides.cs(28,34): warning CSENSE001: The symbol 'Clone' is missing valid documentation [C:\Users\pierc\source\repos\archanox\LibreRally\LibreRally\LibreRally.csproj::TargetFramework=net10.0-windows]
C:\Users\pierc\source\repos\archanox\LibreRally\LibreRally\HUD\SetupUiShellOverlay.cs(98,12): warning CSENSE001: The symbol 'SetupUiShellOverlay(IServiceRegistry)' is missing valid documentation [C:\Users\pierc\source\repos\archanox\LibreRally\LibreRally\LibreRally.csproj::TargetFramework=net10.0-windows]
C:\Users\pierc\source\repos\archanox\LibreRally\LibreRally\HUD\SetupUiShellOverlay.cs(134,17): warning CSENSE001: The symbol 'BindVehicle' is missing valid documentation [C:\Users\pierc\source\repos\archanox\LibreRally\LibreRally\LibreRally.csproj::TargetFramework=net10.0-windows]
C:\Users\pierc\source\repos\archanox\LibreRally\LibreRally\Vehicle\VehicleSetupCatalog.cs(60,55): warning CSENSE001: The symbol 'BuildCategories' is missing valid documentation [C:\Users\pierc\source\repos\archanox\LibreRally\LibreRally\LibreRally.csproj::TargetFramework=net10.0-windows]
C:\Users\pierc\source\repos\archanox\LibreRally\LibreRally\HUD\SetupUiShellModel.cs(61,17): warning CSENSE001: The symbol 'SelectCategory' is missing valid documentation [C:\Users\pierc\source\repos\archanox\LibreRally\LibreRally\LibreRally.csproj::TargetFramework=net10.0-windows]
C:\Users\pierc\source\repos\archanox\LibreRally\LibreRally\HUD\SetupUiShellModel.cs(66,17): warning CSENSE001: The symbol 'UpdateVehicleContext' is missing valid documentation [C:\Users\pierc\source\repos\archanox\LibreRally\LibreRally\LibreRally.csproj::TargetFramework=net10.0-windows]
C:\Users\pierc\source\repos\archanox\LibreRally\LibreRally\HUD\SetupUiShellModel.cs(72,32): warning CSENSE001: The symbol 'CreateApplyPayload' is missing valid documentation [C:\Users\pierc\source\repos\archanox\LibreRally\LibreRally\LibreRally.csproj::TargetFramework=net10.0-windows]
C:\Users\pierc\source\repos\archanox\LibreRally\LibreRally\Vehicle\Content\BeamNgVehicleCatalog.cs(76,12): warning CSENSE001: The symbol 'BeamNgVehicleCatalog(string, string, string)' is missing valid documentation [C:\Users\pierc\source\repos\archanox\LibreRally\LibreRally\LibreRally.csproj::TargetFramework=net10.0-windows]
C:\Users\pierc\source\repos\archanox\LibreRally\LibreRally\Vehicle\Content\BeamNgVehicleCatalog.cs(86,27): warning CSENSE001: The symbol 'DetectBeamNgContentVehiclesRoot' is missing valid documentation [C:\Users\pierc\source\repos\archanox\LibreRally\LibreRally\LibreRally.csproj::TargetFramework=net10.0-windows]
C:\Users\pierc\source\repos\archanox\LibreRally\LibreRally\HUD\SetupUiShellModel.cs(386,17): warning CSENSE001: The symbol 'SetNumericValue' is missing valid documentation [C:\Users\pierc\source\repos\archanox\LibreRally\LibreRally\LibreRally.csproj::TargetFramework=net10.0-windows]
C:\Users\pierc\source\repos\archanox\LibreRally\LibreRally\HUD\SetupUiShellModel.cs(392,17): warning CSENSE001: The symbol 'SetToggleValue' is missing valid documentation [C:\Users\pierc\source\repos\archanox\LibreRally\LibreRally\LibreRally.csproj::TargetFramework=net10.0-windows]
C:\Users\pierc\source\repos\archanox\LibreRally\LibreRally\HUD\SetupUiShellModel.cs(397,17): warning CSENSE001: The symbol 'CycleChoice' is missing valid documentation [C:\Users\pierc\source\repos\archanox\LibreRally\LibreRally\LibreRally.csproj::TargetFramework=net10.0-windows]
C:\Users\pierc\source\repos\archanox\LibreRally\LibreRally\HUD\SetupUiShellModel.cs(414,17): warning CSENSE001: The symbol 'ResetToCommittedValue' is missing valid documentation [C:\Users\pierc\source\repos\archanox\LibreRally\LibreRally\LibreRally.csproj::TargetFramework=net10.0-windows]
C:\Users\pierc\source\repos\archanox\LibreRally\LibreRally\HUD\SetupUiShellModel.cs(422,17): warning CSENSE001: The symbol 'AcceptPendingValue' is missing valid documentation [C:\Users\pierc\source\repos\archanox\LibreRally\LibreRally\LibreRally.csproj::TargetFramework=net10.0-windows]
C:\Users\pierc\source\repos\archanox\LibreRally\LibreRally\HUD\SetupUiShellModel.cs(429,17): warning CSENSE001: The symbol 'ResetToDefaultValue' is missing valid documentation [C:\Users\pierc\source\repos\archanox\LibreRally\LibreRally\LibreRally.csproj::TargetFramework=net10.0-windows]
C:\Users\pierc\source\repos\archanox\LibreRally\LibreRally\HUD\SetupUiShellModel.cs(95,17): warning CSENSE001: The symbol 'ResetPendingChanges' is missing valid documentation [C:\Users\pierc\source\repos\archanox\LibreRally\LibreRally\LibreRally.csproj::TargetFramework=net10.0-windows]
C:\Users\pierc\source\repos\archanox\LibreRally\LibreRally\HUD\SetupUiShellModel.cs(103,17): warning CSENSE001: The symbol 'AcceptPendingChanges' is missing valid documentation [C:\Users\pierc\source\repos\archanox\LibreRally\LibreRally\LibreRally.csproj::TargetFramework=net10.0-windows]
C:\Users\pierc\source\repos\archanox\LibreRally\LibreRally\HUD\SetupUiShellModel.cs(111,17): warning CSENSE001: The symbol 'ResetToDefaults' is missing valid documentation [C:\Users\pierc\source\repos\archanox\LibreRally\LibreRally\LibreRally.csproj::TargetFramework=net10.0-windows]
C:\Users\pierc\source\repos\archanox\LibreRally\LibreRally\HUD\SetupUiShellModel.cs(437,37): warning CSENSE001: The symbol 'Numeric' is missing valid documentation [C:\Users\pierc\source\repos\archanox\LibreRally\LibreRally\LibreRally.csproj::TargetFramework=net10.0-windows]
C:\Users\pierc\source\repos\archanox\LibreRally\LibreRally\HUD\SetupUiShellModel.cs(440,37): warning CSENSE001: The symbol 'Choice' is missing valid documentation [C:\Users\pierc\source\repos\archanox\LibreRally\LibreRally\LibreRally.csproj::TargetFramework=net10.0-windows]
C:\Users\pierc\source\repos\archanox\LibreRally\LibreRally\Vehicle\Content\BeamNgVehicleCatalog.cs(97,51): warning CSENSE001: The symbol 'DiscoverBundledVehicles' is missing valid documentation [C:\Users\pierc\source\repos\archanox\LibreRally\LibreRally\LibreRally.csproj::TargetFramework=net10.0-windows]
C:\Users\pierc\source\repos\archanox\LibreRally\LibreRally\HUD\SetupUiShellModel.cs(443,37): warning CSENSE001: The symbol 'Toggle' is missing valid documentation [C:\Users\pierc\source\repos\archanox\LibreRally\LibreRally\LibreRally.csproj::TargetFramework=net10.0-windows]
C:\Users\pierc\source\repos\archanox\LibreRally\LibreRally\HUD\SetupUiShellModel.cs(119,37): warning CSENSE001: The symbol 'CreatePreview' is missing valid documentation [C:\Users\pierc\source\repos\archanox\LibreRally\LibreRally\LibreRally.csproj::TargetFramework=net10.0-windows]
C:\Users\pierc\source\repos\archanox\LibreRally\LibreRally\HUD\SetupUiShellModel.cs(446,37): warning CSENSE001: The symbol 'FromVehicleSetupEntry' is missing valid documentation [C:\Users\pierc\source\repos\archanox\LibreRally\LibreRally\LibreRally.csproj::TargetFramework=net10.0-windows]
C:\Users\pierc\source\repos\archanox\LibreRally\LibreRally\HUD\SetupUiShellModel.cs(190,37): warning CSENSE001: The symbol 'CreateFromVehicleSetup' is missing valid documentation [C:\Users\pierc\source\repos\archanox\LibreRally\LibreRally\LibreRally.csproj::TargetFramework=net10.0-windows]
C:\Users\pierc\source\repos\archanox\LibreRally\LibreRally\Vehicle\Content\BeamNgVehicleCatalog.cs(145,34): warning CSENSE001: The symbol 'ResolveVehicle' is missing valid documentation [C:\Users\pierc\source\repos\archanox\LibreRally\LibreRally\LibreRally.csproj::TargetFramework=net10.0-windows]
C:\Users\pierc\source\repos\archanox\LibreRally\LibreRally\Vehicle\JBeam\PcConfigLoader.cs(40,28): warning CSENSE001: The symbol 'Load' is missing valid documentation [C:\Users\pierc\source\repos\archanox\LibreRally\LibreRally\LibreRally.csproj::TargetFramework=net10.0-windows]
C:\Users\pierc\source\repos\archanox\LibreRally\LibreRally\Vehicle\JBeam\PcConfigLoader.cs(88,49): warning CSENSE002: The parameter 'vehicleFolder' is missing documentation [C:\Users\pierc\source\repos\archanox\LibreRally\LibreRally\LibreRally.csproj::TargetFramework=net10.0-windows]
C:\Users\pierc\source\repos\archanox\LibreRally\LibreRally\Vehicle\JBeam\PcConfigLoader.cs(88,72): warning CSENSE002: The parameter 'preferredName' is missing documentation [C:\Users\pierc\source\repos\archanox\LibreRally\LibreRally\LibreRally.csproj::TargetFramework=net10.0-windows]
C:\Users\pierc\source\repos\archanox\LibreRally\LibreRally\Vehicle\JBeam\PcConfigLoader.cs(88,27): warning CSENSE006: The symbol 'FindBestConfig' is missing return value documentation [C:\Users\pierc\source\repos\archanox\LibreRally\LibreRally\LibreRally.csproj::TargetFramework=net10.0-windows]
C:\Users\pierc\source\repos\archanox\LibreRally\LibreRally\Vehicle\JBeam\JBeamParser.cs(37,59): warning CSENSE002: The parameter 'vars' is missing documentation [C:\Users\pierc\source\repos\archanox\LibreRally\LibreRally\LibreRally.csproj::TargetFramework=net10.0-windows]
C:\Users\pierc\source\repos\archanox\LibreRally\LibreRally\Vehicle\JBeam\JBeamParser.cs(39,35): warning CSENSE001: The symbol 'ParseFile' is missing valid documentation [C:\Users\pierc\source\repos\archanox\LibreRally\LibreRally\LibreRally.csproj::TargetFramework=net10.0-windows]
C:\Users\pierc\source\repos\archanox\LibreRally\LibreRally\Vehicle\JBeam\JBeamParser.cs(46,45): warning CSENSE001: The symbol 'ParseVariableDefaultsFile' is missing valid documentation [C:\Users\pierc\source\repos\archanox\LibreRally\LibreRally\LibreRally.csproj::TargetFramework=net10.0-windows]
C:\Users\pierc\source\repos\archanox\LibreRally\LibreRally\Vehicle\JBeam\JBeamParser.cs(60,35): warning CSENSE001: The symbol 'Parse' is missing valid documentation [C:\Users\pierc\source\repos\archanox\LibreRally\LibreRally\LibreRally.csproj::TargetFramework=net10.0-windows]
C:\Users\pierc\source\repos\archanox\LibreRally\LibreRally\Vehicle\VehiclePowertrainResolver.cs(52,42): warning CSENSE001: The symbol 'Resolve' is missing valid documentation [C:\Users\pierc\source\repos\archanox\LibreRally\LibreRally\LibreRally.csproj::TargetFramework=net10.0-windows]
C:\Users\pierc\source\repos\archanox\LibreRally\LibreRally\Vehicle\Rendering\DtsLoader.cs(19,37): warning CSENSE001: The symbol 'Load' is missing valid documentation [C:\Users\pierc\source\repos\archanox\LibreRally\LibreRally\LibreRally.csproj::TargetFramework=net10.0-windows]
C:\Users\pierc\source\repos\archanox\LibreRally\LibreRally\Vehicle\JBeam\JBeamAssembler.cs(22,53): warning CSENSE002: The parameter 'vehicleFolder' is missing documentation [C:\Users\pierc\source\repos\archanox\LibreRally\LibreRally\LibreRally.csproj::TargetFramework=net10.0-windows]
C:\Users\pierc\source\repos\archanox\LibreRally\LibreRally\Vehicle\JBeam\JBeamAssembler.cs(22,78): warning CSENSE002: The parameter 'pcConfig' is missing documentation [C:\Users\pierc\source\repos\archanox\LibreRally\LibreRally\LibreRally.csproj::TargetFramework=net10.0-windows]
C:\Users\pierc\source\repos\archanox\LibreRally\LibreRally\Vehicle\JBeam\JBeamAssembler.cs(22,37): warning CSENSE006: The symbol 'Assemble' is missing return value documentation [C:\Users\pierc\source\repos\archanox\LibreRally\LibreRally\LibreRally.csproj::TargetFramework=net10.0-windows]
C:\Users\pierc\source\repos\archanox\LibreRally\LibreRally\Vehicle\JBeam\JBeamAssembler.cs(32,29): warning CSENSE002: The parameter 'searchFolders' is missing documentation [C:\Users\pierc\source\repos\archanox\LibreRally\LibreRally\LibreRally.csproj::TargetFramework=net10.0-windows]
C:\Users\pierc\source\repos\archanox\LibreRally\LibreRally\Vehicle\JBeam\JBeamAssembler.cs(33,16): warning CSENSE002: The parameter 'vehicleFolder' is missing documentation [C:\Users\pierc\source\repos\archanox\LibreRally\LibreRally\LibreRally.csproj::TargetFramework=net10.0-windows]
C:\Users\pierc\source\repos\archanox\LibreRally\LibreRally\Vehicle\JBeam\JBeamAssembler.cs(34,19): warning CSENSE002: The parameter 'pcConfig' is missing documentation [C:\Users\pierc\source\repos\archanox\LibreRally\LibreRally\LibreRally.csproj::TargetFramework=net10.0-windows]
C:\Users\pierc\source\repos\archanox\LibreRally\LibreRally\Vehicle\JBeam\JBeamAssembler.cs(31,37): warning CSENSE006: The symbol 'Assemble' is missing return value documentation [C:\Users\pierc\source\repos\archanox\LibreRally\LibreRally\LibreRally.csproj::TargetFramework=net10.0-windows]
C:\Users\pierc\source\repos\archanox\LibreRally\LibreRally\Vehicle\JBeam\JBeamAssembler.cs(31,37): warning CSENSE012: The exception type 'InvalidOperationException' is thrown but not documented [C:\Users\pierc\source\repos\archanox\LibreRally\LibreRally\LibreRally.csproj::TargetFramework=net10.0-windows]
C:\Users\pierc\source\repos\archanox\LibreRally\LibreRally\Vehicle\Content\BeamNgVehicleCatalog.cs(54,20): warning CSENSE001: The symbol 'ResolveVehicleAssetPath' is missing valid documentation [C:\Users\pierc\source\repos\archanox\LibreRally\LibreRally\LibreRally.csproj::TargetFramework=net10.0-windows]
C:\Users\pierc\source\repos\archanox\LibreRally\LibreRally\Vehicle\Content\BeamNgVehicleCatalog.cs(59,34): warning CSENSE001: The symbol 'ResolveColladaFilesForMeshes' is missing valid documentation [C:\Users\pierc\source\repos\archanox\LibreRally\LibreRally\LibreRally.csproj::TargetFramework=net10.0-windows]
C:\Users\pierc\source\repos\archanox\LibreRally\LibreRally\Vehicle\Physics\Differential.cs(69,38): warning CSENSE006: The symbol 'CreateOpen' is missing return value documentation [C:\Users\pierc\source\repos\archanox\LibreRally\LibreRally\LibreRally.csproj::TargetFramework=net10.0-windows]
C:\Users\pierc\source\repos\archanox\LibreRally\LibreRally\Vehicle\Physics\Differential.cs(79,62): warning CSENSE002: The parameter 'biasRatio' is missing documentation [C:\Users\pierc\source\repos\archanox\LibreRally\LibreRally\LibreRally.csproj::TargetFramework=net10.0-windows]
C:\Users\pierc\source\repos\archanox\LibreRally\LibreRally\Vehicle\Physics\Differential.cs(79,86): warning CSENSE002: The parameter 'lockingCoeff' is missing documentation [C:\Users\pierc\source\repos\archanox\LibreRally\LibreRally\LibreRally.csproj::TargetFramework=net10.0-windows]
C:\Users\pierc\source\repos\archanox\LibreRally\LibreRally\Vehicle\Physics\Differential.cs(79,113): warning CSENSE002: The parameter 'coastLockingCoeff' is missing documentation [C:\Users\pierc\source\repos\archanox\LibreRally\LibreRally\LibreRally.csproj::TargetFramework=net10.0-windows]
C:\Users\pierc\source\repos\archanox\LibreRally\LibreRally\Vehicle\Physics\Differential.cs(79,143): warning CSENSE002: The parameter 'preloadTorque' is missing documentation [C:\Users\pierc\source\repos\archanox\LibreRally\LibreRally\LibreRally.csproj::TargetFramework=net10.0-windows]
C:\Users\pierc\source\repos\archanox\LibreRally\LibreRally\Vehicle\Physics\Differential.cs(79,38): warning CSENSE006: The symbol 'CreateLimitedSlip' is missing return value documentation [C:\Users\pierc\source\repos\archanox\LibreRally\LibreRally\LibreRally.csproj::TargetFramework=net10.0-windows]
C:\Users\pierc\source\repos\archanox\LibreRally\LibreRally\Vehicle\Physics\Differential.cs(89,38): warning CSENSE006: The symbol 'CreateLocking' is missing return value documentation [C:\Users\pierc\source\repos\archanox\LibreRally\LibreRally\LibreRally.csproj::TargetFramework=net10.0-windows]
C:\Users\pierc\source\repos\archanox\LibreRally\LibreRally\Vehicle\Physics\SurfaceDefinition.cs(92,57): warning CSENSE002: The parameter 'surfaceType' is missing documentation [C:\Users\pierc\source\repos\archanox\LibreRally\LibreRally\LibreRally.csproj::TargetFramework=net10.0-windows]
C:\Users\pierc\source\repos\archanox\LibreRally\LibreRally\Vehicle\Physics\SurfaceDefinition.cs(92,37): warning CSENSE006: The symbol 'ForType' is missing return value documentation [C:\Users\pierc\source\repos\archanox\LibreRally\LibreRally\LibreRally.csproj::TargetFramework=net10.0-windows]
C:\Users\pierc\source\repos\archanox\LibreRally\LibreRally\Vehicle\VehicleLoader.cs(59,26): warning CSENSE001: The symbol 'Load' is missing valid documentation [C:\Users\pierc\source\repos\archanox\LibreRally\LibreRally\LibreRally.csproj::TargetFramework=net10.0-windows]
C:\Users\pierc\source\repos\archanox\LibreRally\LibreRally\Vehicle\Rendering\ColladaLoader.cs(35,37): warning CSENSE001: The symbol 'Load' is missing valid documentation [C:\Users\pierc\source\repos\archanox\LibreRally\LibreRally\LibreRally.csproj::TargetFramework=net10.0-windows]
C:\Users\pierc\source\repos\archanox\LibreRally\LibreRally\Vehicle\Physics\VehicleDynamicsSystem.cs(128,12): warning CSENSE001: The symbol 'VehicleDynamicsSystem()' is missing valid documentation [C:\Users\pierc\source\repos\archanox\LibreRally\LibreRally\LibreRally.csproj::TargetFramework=net10.0-windows]
C:\Users\pierc\source\repos\archanox\LibreRally\LibreRally\Vehicle\VehicleLoader.cs(31,12): warning CSENSE001: The symbol 'VehicleLoader(Game)' is missing valid documentation [C:\Users\pierc\source\repos\archanox\LibreRally\LibreRally\LibreRally.csproj::TargetFramework=net10.0-windows]
C:\Users\pierc\source\repos\archanox\LibreRally\LibreRally\Vehicle\VehicleLoader.cs(45,111): warning CSENSE002: The parameter 'setupOverrides' is missing documentation [C:\Users\pierc\source\repos\archanox\LibreRally\LibreRally\LibreRally.csproj::TargetFramework=net10.0-windows]
C:\Users\pierc\source\repos\archanox\LibreRally\LibreRally\Vehicle\VehicleLoader.cs(45,26): warning CSENSE006: The symbol 'Load' is missing return value documentation [C:\Users\pierc\source\repos\archanox\LibreRally\LibreRally\LibreRally.csproj::TargetFramework=net10.0-windows]
C:\Users\pierc\source\repos\archanox\LibreRally\LibreRally\Vehicle\VehicleLoader.cs(43,12): warning CSENSE019: The word 'null' should be replaced with <see langword="null" /> [C:\Users\pierc\source\repos\archanox\LibreRally\LibreRally\LibreRally.csproj::TargetFramework=net10.0-windows]
C:\Users\pierc\source\repos\archanox\LibreRally\LibreRally\Vehicle\Physics\VehicleDynamicsSystem.cs(515,18): warning CSENSE006: The symbol 'GetTotalSelfAligningTorque' is missing return value documentation [C:\Users\pierc\source\repos\archanox\LibreRally\LibreRally\LibreRally.csproj::TargetFramework=net10.0-windows]
C:\Users\pierc\source\repos\archanox\LibreRally\LibreRally\Vehicle\Rendering\ColladaLoader.cs(570,68): warning CSENSE002: The parameter 'daeFilePath' is missing documentation [C:\Users\pierc\source\repos\archanox\LibreRally\LibreRally\LibreRally.csproj::TargetFramework=net10.0-windows]
C:\Users\pierc\source\repos\archanox\LibreRally\LibreRally\Vehicle\Rendering\ColladaLoader.cs(570,46): warning CSENSE006: The symbol 'LoadTextureMap' is missing return value documentation [C:\Users\pierc\source\repos\archanox\LibreRally\LibreRally\LibreRally.csproj::TargetFramework=net10.0-windows]
  Patch for assembly [LibreRally, Version=1.0.0.0, Culture=neutral, PublicKeyToken=null]
  LibreRally -> C:\Users\pierc\source\repos\archanox\LibreRally\LibreRally\bin\Debug\net10.0-windows\LibreRally.dll
  Patch for assembly [LibreRally.Linux, Version=1.0.0.0, Culture=neutral, PublicKeyToken=null]
  Patch for assembly [LibreRally.Windows, Version=1.0.0.0, Culture=neutral, PublicKeyToken=null]
  LibreRally.Linux -> C:\Users\pierc\source\repos\archanox\LibreRally\Bin\Linux\Debug\linux-x64\LibreRally.Linux.dll
C:\Users\pierc\source\repos\archanox\LibreRally\LibreRally.Tests\BasicCarPipelineTests.cs(16,14): warning CSENSE001: The symbol 'BasicCarPipelineTests' is missing valid documentation [C:\Users\pierc\source\repos\archanox\LibreRally\LibreRally.Tests\LibreRally.Tests.csproj]
C:\Users\pierc\source\repos\archanox\LibreRally\LibreRally.Tests\BeamNgTyreAndTractionMetadataTests.cs(9,14): warning CSENSE001: The symbol 'BeamNgTyreAndTractionMetadataTests' is missing valid documentation [C:\Users\pierc\source\repos\archanox\LibreRally\LibreRally.Tests\LibreRally.Tests.csproj]
C:\Users\pierc\source\repos\archanox\LibreRally\LibreRally.Tests\BeamNgVehicleCatalogTests.cs(12,21): warning CSENSE001: The symbol 'BeamNgVehicleCatalogTests' is missing valid documentation [C:\Users\pierc\source\repos\archanox\LibreRally\LibreRally.Tests\LibreRally.Tests.csproj]
C:\Users\pierc\source\repos\archanox\LibreRally\LibreRally.Tests\BeamNgBrakeControlMetadataTests.cs(9,14): warning CSENSE001: The symbol 'BeamNgBrakeControlMetadataTests' is missing valid documentation [C:\Users\pierc\source\repos\archanox\LibreRally\LibreRally.Tests\LibreRally.Tests.csproj]
C:\Users\pierc\source\repos\archanox\LibreRally\LibreRally.Tests\CodeFirstSceneFactoryTests.cs(9,14): warning CSENSE001: The symbol 'CodeFirstSceneFactoryTests' is missing valid documentation [C:\Users\pierc\source\repos\archanox\LibreRally\LibreRally.Tests\LibreRally.Tests.csproj]
C:\Users\pierc\source\repos\archanox\LibreRally\LibreRally.Tests\DifferentialAndPowertrainTests.cs(9,21): warning CSENSE001: The symbol 'DifferentialAndPowertrainTests' is missing valid documentation [C:\Users\pierc\source\repos\archanox\LibreRally\LibreRally.Tests\LibreRally.Tests.csproj]
C:\Users\pierc\source\repos\archanox\LibreRally\LibreRally.Tests\OutGaugeProtocolTests.cs(8,14): warning CSENSE001: The symbol 'OutGaugeProtocolTests' is missing valid documentation [C:\Users\pierc\source\repos\archanox\LibreRally\LibreRally.Tests\LibreRally.Tests.csproj]
C:\Users\pierc\source\repos\archanox\LibreRally\LibreRally.Tests\ColladaLoaderTests.cs(8,14): warning CSENSE001: The symbol 'ColladaLoaderTests' is missing valid documentation [C:\Users\pierc\source\repos\archanox\LibreRally\LibreRally.Tests\LibreRally.Tests.csproj]
C:\Users\pierc\source\repos\archanox\LibreRally\LibreRally.Tests\JBeamParserTests.cs(8,21): warning CSENSE001: The symbol 'JBeamParserTests' is missing valid documentation [C:\Users\pierc\source\repos\archanox\LibreRally\LibreRally.Tests\LibreRally.Tests.csproj]
C:\Users\pierc\source\repos\archanox\LibreRally\LibreRally.Tests\OutSimProtocolTests.cs(7,14): warning CSENSE001: The symbol 'OutSimProtocolTests' is missing valid documentation [C:\Users\pierc\source\repos\archanox\LibreRally\LibreRally.Tests\LibreRally.Tests.csproj]
C:\Users\pierc\source\repos\archanox\LibreRally\LibreRally.Tests\DtsLoaderTests.cs(9,14): warning CSENSE001: The symbol 'DtsLoaderTests' is missing valid documentation [C:\Users\pierc\source\repos\archanox\LibreRally\LibreRally.Tests\LibreRally.Tests.csproj]
C:\Users\pierc\source\repos\archanox\LibreRally\LibreRally.Tests\RallyCarComponentControlTests.cs(7,14): warning CSENSE001: The symbol 'RallyCarComponentControlTests' is missing valid documentation [C:\Users\pierc\source\repos\archanox\LibreRally\LibreRally.Tests\LibreRally.Tests.csproj]
C:\Users\pierc\source\repos\archanox\LibreRally\LibreRally.Tests\VehicleLoaderTests.cs(9,14): warning CSENSE001: The symbol 'VehicleLoaderTests' is missing valid documentation [C:\Users\pierc\source\repos\archanox\LibreRally\LibreRally.Tests\LibreRally.Tests.csproj]
C:\Users\pierc\source\repos\archanox\LibreRally\LibreRally.Tests\VehicleSpawnerInputTests.cs(5,14): warning CSENSE001: The symbol 'VehicleSpawnerInputTests' is missing valid documentation [C:\Users\pierc\source\repos\archanox\LibreRally\LibreRally.Tests\LibreRally.Tests.csproj]
C:\Users\pierc\source\repos\archanox\LibreRally\LibreRally.Tests\SetupUiShellModelTests.cs(9,14): warning CSENSE001: The symbol 'SetupUiShellModelTests' is missing valid documentation [C:\Users\pierc\source\repos\archanox\LibreRally\LibreRally.Tests\LibreRally.Tests.csproj]
C:\Users\pierc\source\repos\archanox\LibreRally\LibreRally.Tests\TyreModelTests.cs(5,14): warning CSENSE001: The symbol 'TyreModelTests' is missing valid documentation [C:\Users\pierc\source\repos\archanox\LibreRally\LibreRally.Tests\LibreRally.Tests.csproj]
C:\Users\pierc\source\repos\archanox\LibreRally\LibreRally.Tests\VehicleSpawnerPauseMenuTests.cs(5,14): warning CSENSE001: The symbol 'VehicleSpawnerPauseMenuTests' is missing valid documentation [C:\Users\pierc\source\repos\archanox\LibreRally\LibreRally.Tests\LibreRally.Tests.csproj]
C:\Users\pierc\source\repos\archanox\LibreRally\LibreRally.Tests\BeamNgBrakeControlMetadataTests.cs(39,17): warning CSENSE001: The symbol 'BasicCar_DoesNotEnableAbsByDefault' is missing valid documentation [C:\Users\pierc\source\repos\archanox\LibreRally\LibreRally.Tests\LibreRally.Tests.csproj]
C:\Users\pierc\source\repos\archanox\LibreRally\LibreRally.Tests\ChassisBodyRollSystemTests.cs(36,65): warning CSENSE002: The parameter 'fl' is missing documentation [C:\Users\pierc\source\repos\archanox\LibreRally\LibreRally.Tests\LibreRally.Tests.csproj]
C:\Users\pierc\source\repos\archanox\LibreRally\LibreRally.Tests\ChassisBodyRollSystemTests.cs(36,75): warning CSENSE002: The parameter 'fr' is missing documentation [C:\Users\pierc\source\repos\archanox\LibreRally\LibreRally.Tests\LibreRally.Tests.csproj]
C:\Users\pierc\source\repos\archanox\LibreRally\LibreRally.Tests\ChassisBodyRollSystemTests.cs(36,85): warning CSENSE002: The parameter 'rl' is missing documentation [C:\Users\pierc\source\repos\archanox\LibreRally\LibreRally.Tests\LibreRally.Tests.csproj]
C:\Users\pierc\source\repos\archanox\LibreRally\LibreRally.Tests\ChassisBodyRollSystemTests.cs(36,95): warning CSENSE002: The parameter 'rr' is missing documentation [C:\Users\pierc\source\repos\archanox\LibreRally\LibreRally.Tests\LibreRally.Tests.csproj]
C:\Users\pierc\source\repos\archanox\LibreRally\LibreRally.Tests\BasicCarPipelineTests.cs(44,17): warning CSENSE001: The symbol 'BasicCar_ShouldSelectTemplatePartTree' is missing valid documentation [C:\Users\pierc\source\repos\archanox\LibreRally\LibreRally.Tests\LibreRally.Tests.csproj]
C:\Users\pierc\source\repos\archanox\LibreRally\LibreRally.Tests\BeamNgTyreAndTractionMetadataTests.cs(12,17): warning CSENSE001: The symbol 'ParsePressureWheels_ParsesBeamNgTyreOptionObjects' is missing valid documentation [C:\Users\pierc\source\repos\archanox\LibreRally\LibreRally.Tests\LibreRally.Tests.csproj]
C:\Users\pierc\source\repos\archanox\LibreRally\LibreRally.Tests\BeamNgBrakeControlMetadataTests.cs(50,17): warning CSENSE001: The symbol 'Sunburst2_ModernAbsPart_ParsesEnableFlag' is missing valid documentation [C:\Users\pierc\source\repos\archanox\LibreRally\LibreRally.Tests\LibreRally.Tests.csproj]
C:\Users\pierc\source\repos\archanox\LibreRally\LibreRally.Tests\DifferentialAndPowertrainTests.cs(12,17): warning CSENSE001: The symbol 'Resolve_MapsLsdPreloadAndCoastLockCoefficients' is missing valid documentation [C:\Users\pierc\source\repos\archanox\LibreRally\LibreRally.Tests\LibreRally.Tests.csproj]
C:\Users\pierc\source\repos\archanox\LibreRally\LibreRally.Tests\VehicleSpawnerPauseMenuTests.cs(8,17): warning CSENSE001: The symbol 'PauseMenuEntries_ExposeRespawnSetupAndVehicleSelectActions' is missing valid documentation [C:\Users\pierc\source\repos\archanox\LibreRally\LibreRally.Tests\LibreRally.Tests.csproj]
C:\Users\pierc\source\repos\archanox\LibreRally\LibreRally.Tests\JBeamParserTests.cs(11,17): warning CSENSE001: The symbol 'ParseVariableDefaultsFile_AllowsTrailingStrayRootPunctuation' is missing valid documentation [C:\Users\pierc\source\repos\archanox\LibreRally\LibreRally.Tests\LibreRally.Tests.csproj]
C:\Users\pierc\source\repos\archanox\LibreRally\LibreRally.Tests\ColladaLoaderTests.cs(11,17): warning CSENSE001: The symbol 'Load_UsesVisualSceneInstancesAndSkipsUninstancedGeometry' is missing valid documentation [C:\Users\pierc\source\repos\archanox\LibreRally\LibreRally.Tests\LibreRally.Tests.csproj]
C:\Users\pierc\source\repos\archanox\LibreRally\LibreRally.Tests\JBeamParserTests.cs(41,17): warning CSENSE001: The symbol 'ParseVariableDefaultsFile_AllowsLeadingZeroNumberLiteralsInUnrelatedSections' is missing valid documentation [C:\Users\pierc\source\repos\archanox\LibreRally\LibreRally.Tests\LibreRally.Tests.csproj]
C:\Users\pierc\source\repos\archanox\LibreRally\LibreRally.Tests\BeamNgTyreAndTractionMetadataTests.cs(59,17): warning CSENSE001: The symbol 'ParsePressureWheels_ParsesSteerAxisMetadata' is missing valid documentation [C:\Users\pierc\source\repos\archanox\LibreRally\LibreRally.Tests\LibreRally.Tests.csproj]
C:\Users\pierc\source\repos\archanox\LibreRally\LibreRally.Tests\DtsLoaderTests.cs(12,17): warning CSENSE001: The symbol 'Load_ReadsBasicV24StaticMesh' is missing valid documentation [C:\Users\pierc\source\repos\archanox\LibreRally\LibreRally.Tests\LibreRally.Tests.csproj]
C:\Users\pierc\source\repos\archanox\LibreRally\LibreRally.Tests\BeamNgTyreAndTractionMetadataTests.cs(80,17): warning CSENSE001: The symbol 'ParsePart_ParsesTopLevelGearRatio' is missing valid documentation [C:\Users\pierc\source\repos\archanox\LibreRally\LibreRally.Tests\LibreRally.Tests.csproj]
C:\Users\pierc\source\repos\archanox\LibreRally\LibreRally.Tests\ColladaLoaderTests.cs(53,17): warning CSENSE001: The symbol 'Load_ComposesParentAndChildNodeTransforms' is missing valid documentation [C:\Users\pierc\source\repos\archanox\LibreRally\LibreRally.Tests\LibreRally.Tests.csproj]
C:\Users\pierc\source\repos\archanox\LibreRally\LibreRally.Tests\VehicleSpawnerPauseMenuTests.cs(30,17): warning CSENSE001: The symbol 'ResolvePauseMenuAction_ReturnsGarageSetupForThirdSlot' is missing valid documentation [C:\Users\pierc\source\repos\archanox\LibreRally\LibreRally.Tests\LibreRally.Tests.csproj]
C:\Users\pierc\source\repos\archanox\LibreRally\LibreRally.Tests\VehicleSpawnerInputTests.cs(8,17): warning CSENSE001: The symbol 'IsPauseMenuToggleRequested_AcceptsControllerStart' is missing valid documentation [C:\Users\pierc\source\repos\archanox\LibreRally\LibreRally.Tests\LibreRally.Tests.csproj]
C:\Users\pierc\source\repos\archanox\LibreRally\LibreRally.Tests\DtsLoaderTests.cs(34,17): warning CSENSE001: The symbol 'Load_ReadsBasicV26StaticMesh' is missing valid documentation [C:\Users\pierc\source\repos\archanox\LibreRally\LibreRally.Tests\LibreRally.Tests.csproj]
C:\Users\pierc\source\repos\archanox\LibreRally\LibreRally.Tests\VehicleSpawnerInputTests.cs(18,17): warning CSENSE001: The symbol 'IsVehicleMenuShortcutRequested_OnlyAcceptsKeyboardShortcut' is missing valid documentation [C:\Users\pierc\source\repos\archanox\LibreRally\LibreRally.Tests\LibreRally.Tests.csproj]
C:\Users\pierc\source\repos\archanox\LibreRally\LibreRally.Tests\VehicleSpawnerInputTests.cs(25,17): warning CSENSE001: The symbol 'ResolvePauseMenuToggle_RoutesStartToPauseFlow' is missing valid documentation [C:\Users\pierc\source\repos\archanox\LibreRally\LibreRally.Tests\LibreRally.Tests.csproj]
C:\Users\pierc\source\repos\archanox\LibreRally\LibreRally.Tests\JBeamParserTests.cs(76,17): warning CSENSE001: The symbol 'ParseFile_IgnoresUnparseableStringNodeBooleans' is missing valid documentation [C:\Users\pierc\source\repos\archanox\LibreRally\LibreRally.Tests\LibreRally.Tests.csproj]
C:\Users\pierc\source\repos\archanox\LibreRally\LibreRally.Tests\DifferentialAndPowertrainTests.cs(34,17): warning CSENSE001: The symbol 'SplitTorque_UsesPreloadAndHigherCoastLock' is missing valid documentation [C:\Users\pierc\source\repos\archanox\LibreRally\LibreRally.Tests\LibreRally.Tests.csproj]
C:\Users\pierc\source\repos\archanox\LibreRally\LibreRally.Tests\ColladaLoaderTests.cs(93,17): warning CSENSE001: The symbol 'Load_FallsBackToRawGeometry_WhenVisualSceneIsMissing' is missing valid documentation [C:\Users\pierc\source\repos\archanox\LibreRally\LibreRally.Tests\LibreRally.Tests.csproj]
C:\Users\pierc\source\repos\archanox\LibreRally\LibreRally.Tests\BeamNgTyreAndTractionMetadataTests.cs(96,17): warning CSENSE001: The symbol 'ParseTractionControlDefinition_ParsesSlipThresholdAndWindow' is missing valid documentation [C:\Users\pierc\source\repos\archanox\LibreRally\LibreRally.Tests\LibreRally.Tests.csproj]
C:\Users\pierc\source\repos\archanox\LibreRally\LibreRally.Tests\DifferentialAndPowertrainTests.cs(53,17): warning CSENSE001: The symbol 'SplitTorque_WithCoastLockSetToZero_DoesNotFallbackToDriveLock' is missing valid documentation [C:\Users\pierc\source\repos\archanox\LibreRally\LibreRally.Tests\LibreRally.Tests.csproj]
C:\Users\pierc\source\repos\archanox\LibreRally\LibreRally.Tests\ColladaLoaderTests.cs(120,17): warning CSENSE001: The symbol 'Load_FlipsRawGeometryTriangleWindingForStrideFrontFaces' is missing valid documentation [C:\Users\pierc\source\repos\archanox\LibreRally\LibreRally.Tests\LibreRally.Tests.csproj]
C:\Users\pierc\source\repos\archanox\LibreRally\LibreRally.Tests\RallyCarComponentControlTests.cs(10,17): warning CSENSE001: The symbol 'ClampShiftRpmForSlip_CapsExcessWheelspinAboveRoadSpeed' is missing valid documentation [C:\Users\pierc\source\repos\archanox\LibreRally\LibreRally.Tests\LibreRally.Tests.csproj]
C:\Users\pierc\source\repos\archanox\LibreRally\LibreRally.Tests\RallyCarComponentControlTests.cs(18,17): warning CSENSE001: The symbol 'ClampShiftRpmForSlip_DoesNotDropBelowRoadSpeed' is missing valid documentation [C:\Users\pierc\source\repos\archanox\LibreRally\LibreRally.Tests\LibreRally.Tests.csproj]
C:\Users\pierc\source\repos\archanox\LibreRally\LibreRally.Tests\VehicleSpawnerInputTests.cs(33,17): warning CSENSE001: The symbol 'ResolveVehicleSelectionCloseTarget_ReturnsPauseOnlyWhenOpenedFromPause' is missing valid documentation [C:\Users\pierc\source\repos\archanox\LibreRally\LibreRally.Tests\LibreRally.Tests.csproj]
C:\Users\pierc\source\repos\archanox\LibreRally\LibreRally.Tests\VehicleSpawnerInputTests.cs(40,17): warning CSENSE001: The symbol 'IsVehicleMenuConfirmRequested_AcceptsControllerA' is missing valid documentation [C:\Users\pierc\source\repos\archanox\LibreRally\LibreRally.Tests\LibreRally.Tests.csproj]
C:\Users\pierc\source\repos\archanox\LibreRally\LibreRally.Tests\VehicleSpawnerInputTests.cs(50,17): warning CSENSE001: The symbol 'IsVehicleMenuCancelRequested_AcceptsControllerB' is missing valid documentation [C:\Users\pierc\source\repos\archanox\LibreRally\LibreRally.Tests\LibreRally.Tests.csproj]
C:\Users\pierc\source\repos\archanox\LibreRally\LibreRally.Tests\VehicleSpawnerInputTests.cs(60,17): warning CSENSE001: The symbol 'IsVehicleMenuMoveDownRequested_AcceptsControllerDPadDown' is missing valid documentation [C:\Users\pierc\source\repos\archanox\LibreRally\LibreRally.Tests\LibreRally.Tests.csproj]
C:\Users\pierc\source\repos\archanox\LibreRally\LibreRally.Tests\VehicleSpawnerInputTests.cs(70,17): warning CSENSE001: The symbol 'IsVehicleMenuMoveUpRequested_AcceptsControllerDPadUp' is missing valid documentation [C:\Users\pierc\source\repos\archanox\LibreRally\LibreRally.Tests\LibreRally.Tests.csproj]
C:\Users\pierc\source\repos\archanox\LibreRally\LibreRally.Tests\OutSimProtocolTests.cs(10,17): warning CSENSE001: The symbol 'Encode_UsesLfsOutSimPacketLayout_WithoutOptionalId' is missing valid documentation [C:\Users\pierc\source\repos\archanox\LibreRally\LibreRally.Tests\LibreRally.Tests.csproj]
C:\Users\pierc\source\repos\archanox\LibreRally\LibreRally.Tests\CodeFirstSceneFactoryTests.cs(41,17): warning CSENSE001: The symbol 'CreateMainSceneSetup_BindsMainCameraToGraphicsCompositorSlot' is missing valid documentation [C:\Users\pierc\source\repos\archanox\LibreRally\LibreRally.Tests\LibreRally.Tests.csproj]
C:\Users\pierc\source\repos\archanox\LibreRally\LibreRally.Tests\OutSimProtocolTests.cs(42,17): warning CSENSE001: The symbol 'Encode_AppendsIdentifier_WhenOutSimIdIsConfigured' is missing valid documentation [C:\Users\pierc\source\repos\archanox\LibreRally\LibreRally.Tests\LibreRally.Tests.csproj]
C:\Users\pierc\source\repos\archanox\LibreRally\LibreRally.Tests\JBeamParserTests.cs(104,17): warning CSENSE001: The symbol 'Assemble_IgnoresBrokenSupplementalFilesDuringVariableDefaultPass' is missing valid documentation [C:\Users\pierc\source\repos\archanox\LibreRally\LibreRally.Tests\LibreRally.Tests.csproj]
C:\Users\pierc\source\repos\archanox\LibreRally\LibreRally.Tests\CodeFirstSceneFactoryTests.cs(12,17): warning CSENSE001: The symbol 'CreateMainScene_CreatesExpectedRootEntities' is missing valid documentation [C:\Users\pierc\source\repos\archanox\LibreRally\LibreRally.Tests\LibreRally.Tests.csproj]
C:\Users\pierc\source\repos\archanox\LibreRally\LibreRally.Tests\BeamNgBrakeControlMetadataTests.cs(63,17): warning CSENSE001: The symbol 'Sunburst2_BrakeParts_ParseAbsTargetAndLegacyController' is missing valid documentation [C:\Users\pierc\source\repos\archanox\LibreRally\LibreRally.Tests\LibreRally.Tests.csproj]
C:\Users\pierc\source\repos\archanox\LibreRally\LibreRally.Tests\BeamNgVehicleCatalogTests.cs(15,17): warning CSENSE001: The symbol 'DiscoverBundledVehicles_FindsLooseFoldersAndZipPackages' is missing valid documentation [C:\Users\pierc\source\repos\archanox\LibreRally\LibreRally.Tests\LibreRally.Tests.csproj]
C:\Users\pierc\source\repos\archanox\LibreRally\LibreRally.Tests\BeamNgTyreAndTractionMetadataTests.cs(140,17): warning CSENSE001: The symbol 'ResolveTyreSpec_UsesAxleSpecificBeamNgTyreMetadata' is missing valid documentation [C:\Users\pierc\source\repos\archanox\LibreRally\LibreRally.Tests\LibreRally.Tests.csproj]
C:\Users\pierc\source\repos\archanox\LibreRally\LibreRally.Tests\TyreModelTests.cs(11,17): warning CSENSE001: The symbol 'ContactPatchLength_GrowsWithLoad_AndShrinksWithPressure' is missing valid documentation [C:\Users\pierc\source\repos\archanox\LibreRally\LibreRally.Tests\LibreRally.Tests.csproj]
C:\Users\pierc\source\repos\archanox\LibreRally\LibreRally.Tests\VehicleLoaderTests.cs(12,17): warning CSENSE001: The symbol 'SelectChassisMeshes_ForDtsSources_KeepsOnlyActiveNonWheelFlexbodies' is missing valid documentation [C:\Users\pierc\source\repos\archanox\LibreRally\LibreRally.Tests\LibreRally.Tests.csproj]
C:\Users\pierc\source\repos\archanox\LibreRally\LibreRally.Tests\BasicCarPipelineTests.cs(57,17): warning CSENSE001: The symbol 'BasicCar_ShouldParseTemplateNodesAndWheelGroups' is missing valid documentation [C:\Users\pierc\source\repos\archanox\LibreRally\LibreRally.Tests\LibreRally.Tests.csproj]
C:\Users\pierc\source\repos\archanox\LibreRally\LibreRally.Tests\TyreModelTests.cs(31,17): warning CSENSE001: The symbol 'EffectiveRollingRadius_DecreasesUnderLoad' is missing valid documentation [C:\Users\pierc\source\repos\archanox\LibreRally\LibreRally.Tests\LibreRally.Tests.csproj]
C:\Users\pierc\source\repos\archanox\LibreRally\LibreRally.Tests\TyreModelTests.cs(48,17): warning CSENSE001: The symbol 'BrushStiffness_IncreasesWithPressureAndWidth' is missing valid documentation [C:\Users\pierc\source\repos\archanox\LibreRally\LibreRally.Tests\LibreRally.Tests.csproj]
C:\Users\pierc\source\repos\archanox\LibreRally\LibreRally.Tests\TyreModelTests.cs(70,17): warning CSENSE001: The symbol 'StandingWaveResistanceFactor_GrowsWithSpeed' is missing valid documentation [C:\Users\pierc\source\repos\archanox\LibreRally\LibreRally.Tests\LibreRally.Tests.csproj]
C:\Users\pierc\source\repos\archanox\LibreRally\LibreRally.Tests\ColladaLoaderTests.cs(145,17): warning CSENSE001: The symbol 'Load_NegativeDeterminantSceneTransform_FlipsWindingBack' is missing valid documentation [C:\Users\pierc\source\repos\archanox\LibreRally\LibreRally.Tests\LibreRally.Tests.csproj]
C:\Users\pierc\source\repos\archanox\LibreRally\LibreRally.Tests\DtsLoaderTests.cs(54,17): warning CSENSE001: The symbol 'Load_ReadsStripPrimitiveWithoutDuplicatingVertices' is missing valid documentation [C:\Users\pierc\source\repos\archanox\LibreRally\LibreRally.Tests\LibreRally.Tests.csproj]
  info 0.049s: [AssetCompiler] BuildEngine arguments: --disable-auto-compile --project-configuration Debug --platform=Linux --project-configuration=Debug --compile-property:StrideGraphicsApi=OpenGL --output-path=C:\Users\pierc\source\repos\archanox\LibreRally\Bin\Linux\Debug\linux-x64\data --build-path=C:\Users\pierc\source\repos\archanox\LibreRally\LibreRally.Linux\obj\stride\assetbuild\data --package-file=C:\Users\pierc\source\repos\archanox\LibreRally\LibreRally.Linux\LibreRally.Linux.csproj --msbuild-uptodatecheck-filebase=C:\Users\pierc\source\repos\archanox\LibreRally\LibreRally.Linux\obj\Debug\linux-x64\stride\assetcompiler-uptodatecheck
C:\Users\pierc\source\repos\archanox\LibreRally\LibreRally.Tests\TyreModelTests.cs(86,17): warning CSENSE001: The symbol 'ContactPatchLengthAlias_MapsToScaleProperty' is missing valid documentation [C:\Users\pierc\source\repos\archanox\LibreRally\LibreRally.Tests\LibreRally.Tests.csproj]
  info 0.054s: [AssetCompiler] Starting builder.
C:\Users\pierc\source\repos\archanox\LibreRally\LibreRally.Tests\DifferentialAndPowertrainTests.cs(68,17): warning CSENSE001: The symbol 'SplitTorque_WithPreload_RampsContinuouslyAtSmallDeltaOmega' is missing valid documentation [C:\Users\pierc\source\repos\archanox\LibreRally\LibreRally.Tests\LibreRally.Tests.csproj]
C:\Users\pierc\source\repos\archanox\LibreRally\LibreRally.Tests\CodeFirstSceneFactoryTests.cs(18,22): warning xUnit2031: Do not use a Where clause to filter before calling Assert.Single. Use the overload of Assert.Single that accepts a filtering function. (https://xunit.net/xunit.analyzers/rules/xUnit2031) [C:\Users\pierc\source\repos\archanox\LibreRally\LibreRally.Tests\LibreRally.Tests.csproj]
C:\Users\pierc\source\repos\archanox\LibreRally\LibreRally.Tests\CodeFirstSceneFactoryTests.cs(22,22): warning xUnit2031: Do not use a Where clause to filter before calling Assert.Single. Use the overload of Assert.Single that accepts a filtering function. (https://xunit.net/xunit.analyzers/rules/xUnit2031) [C:\Users\pierc\source\repos\archanox\LibreRally\LibreRally.Tests\LibreRally.Tests.csproj]
C:\Users\pierc\source\repos\archanox\LibreRally\LibreRally.Tests\CodeFirstSceneFactoryTests.cs(28,32): warning xUnit2031: Do not use a Where clause to filter before calling Assert.Single. Use the overload of Assert.Single that accepts a filtering function. (https://xunit.net/xunit.analyzers/rules/xUnit2031) [C:\Users\pierc\source\repos\archanox\LibreRally\LibreRally.Tests\LibreRally.Tests.csproj]
C:\Users\pierc\source\repos\archanox\LibreRally\LibreRally.Tests\CodeFirstSceneFactoryTests.cs(33,28): warning xUnit2031: Do not use a Where clause to filter before calling Assert.Single. Use the overload of Assert.Single that accepts a filtering function. (https://xunit.net/xunit.analyzers/rules/xUnit2031) [C:\Users\pierc\source\repos\archanox\LibreRally\LibreRally.Tests\LibreRally.Tests.csproj]
C:\Users\pierc\source\repos\archanox\LibreRally\LibreRally.Tests\RallyCarComponentControlTests.cs(26,17): warning CSENSE001: The symbol 'ClampDrivenWheelOmegaForSlip_PreservesReverseDirectionWhileCappingSlip' is missing valid documentation [C:\Users\pierc\source\repos\archanox\LibreRally\LibreRally.Tests\LibreRally.Tests.csproj]
C:\Users\pierc\source\repos\archanox\LibreRally\LibreRally.Tests\VehicleLoaderTests.cs(36,17): warning CSENSE001: The symbol 'SelectChassisMeshes_ForNonDtsSources_PreservesFallbackMeshesWhenNamesDoNotMatch' is missing valid documentation [C:\Users\pierc\source\repos\archanox\LibreRally\LibreRally.Tests\LibreRally.Tests.csproj]
C:\Users\pierc\source\repos\archanox\LibreRally\LibreRally.Tests\DifferentialAndPowertrainTests.cs(88,17): warning CSENSE001: The symbol 'ResolveFinalDrive_UsesSelectedFinalDrivePartRatioWhenIntermediateDevicesStayAtUnitRatio' is missing valid documentation [C:\Users\pierc\source\repos\archanox\LibreRally\LibreRally.Tests\LibreRally.Tests.csproj]
C:\Users\pierc\source\repos\archanox\LibreRally\LibreRally.Tests\OutGaugeProtocolTests.cs(11,17): warning CSENSE001: The symbol 'Encode_UsesLfsOutGaugePacketLayout_WithoutOptionalId' is missing valid documentation [C:\Users\pierc\source\repos\archanox\LibreRally\LibreRally.Tests\LibreRally.Tests.csproj]
C:\Users\pierc\source\repos\archanox\LibreRally\LibreRally.Tests\RallyCarComponentControlTests.cs(45,17): warning CSENSE001: The symbol 'ResolveDrivenWheelOmega_PreservesGroundedWheelDirection' is missing valid documentation [C:\Users\pierc\source\repos\archanox\LibreRally\LibreRally.Tests\LibreRally.Tests.csproj]
C:\Users\pierc\source\repos\archanox\LibreRally\LibreRally.Tests\RallyCarComponentControlTests.cs(57,17): warning CSENSE001: The symbol 'ResolveDrivenWheelOmega_FallsBackToRoadOmega_WhenOnlyUngroundedWheelspinExistsAtStandstill' is missing valid documentation [C:\Users\pierc\source\repos\archanox\LibreRally\LibreRally.Tests\LibreRally.Tests.csproj]
C:\Users\pierc\source\repos\archanox\LibreRally\LibreRally.Tests\RallyCarComponentControlTests.cs(69,17): warning CSENSE001: The symbol 'ResolveAutoClutchDrivenWheelOmega_UsesSlowestGroundedDrivenWheel' is missing valid documentation [C:\Users\pierc\source\repos\archanox\LibreRally\LibreRally.Tests\LibreRally.Tests.csproj]
C:\Users\pierc\source\repos\archanox\LibreRally\LibreRally.Tests\ChassisBodyRollSystemTests.cs(265,17): warning CSENSE001: The symbol 'EqualFrontRearCompression_ProducesNoPitchTorque' is missing valid documentation [C:\Users\pierc\source\repos\archanox\LibreRally\LibreRally.Tests\LibreRally.Tests.csproj]
C:\Users\pierc\source\repos\archanox\LibreRally\LibreRally.Tests\SetupUiShellModelTests.cs(12,17): warning CSENSE001: The symbol 'CreateFromVehicleSetup_UsesOverridesAndCreatesApplyPayload' is missing valid documentation [C:\Users\pierc\source\repos\archanox\LibreRally\LibreRally.Tests\LibreRally.Tests.csproj]
C:\Users\pierc\source\repos\archanox\LibreRally\LibreRally.Tests\BeamNgVehicleCatalogTests.cs(41,17): warning CSENSE001: The symbol 'ResolveVehicle_ExtractsZipPackagesAndCommonMetadata' is missing valid documentation [C:\Users\pierc\source\repos\archanox\LibreRally\LibreRally.Tests\LibreRally.Tests.csproj]
C:\Users\pierc\source\repos\archanox\LibreRally\LibreRally.Tests\ChassisBodyRollSystemTests.cs(283,17): warning CSENSE001: The symbol 'FrontRearCompressionBias_ProducesCorrectPitchSign' is missing valid documentation [C:\Users\pierc\source\repos\archanox\LibreRally\LibreRally.Tests\LibreRally.Tests.csproj]
C:\Users\pierc\source\repos\archanox\LibreRally\LibreRally.Tests\VehicleLoaderTests.cs(59,17): warning CSENSE001: The symbol 'SelectSupplementalChassisMeshes_KeepsOnlyRequestedNonWheelMeshes' is missing valid documentation [C:\Users\pierc\source\repos\archanox\LibreRally\LibreRally.Tests\LibreRally.Tests.csproj]
C:\Users\pierc\source\repos\archanox\LibreRally\LibreRally.Tests\ChassisBodyRollSystemTests.cs(298,17): warning CSENSE001: The symbol 'PitchDamping_OpposesPositivePitchRate' is missing valid documentation [C:\Users\pierc\source\repos\archanox\LibreRally\LibreRally.Tests\LibreRally.Tests.csproj]
C:\Users\pierc\source\repos\archanox\LibreRally\LibreRally.Tests\BeamNgVehicleCatalogTests.cs(71,17): warning CSENSE001: The symbol 'ResolveVehicle_DoesNotExtractUnsafeZipPathsOutsideCache' is missing valid documentation [C:\Users\pierc\source\repos\archanox\LibreRally\LibreRally.Tests\LibreRally.Tests.csproj]
C:\Users\pierc\source\repos\archanox\LibreRally\LibreRally.Tests\TyreModelTests.cs(98,17): warning CSENSE001: The symbol 'EffectiveFriction_UsesPowerLawLoadSensitivity' is missing valid documentation [C:\Users\pierc\source\repos\archanox\LibreRally\LibreRally.Tests\LibreRally.Tests.csproj]
C:\Users\pierc\source\repos\archanox\LibreRally\LibreRally.Tests\DtsLoaderTests.cs(73,17): warning CSENSE001: The symbol 'Load_UsesOnlyHighestDetailMeshPerObject' is missing valid documentation [C:\Users\pierc\source\repos\archanox\LibreRally\LibreRally.Tests\LibreRally.Tests.csproj]
C:\Users\pierc\source\repos\archanox\LibreRally\LibreRally.Tests\TyreModelTests.cs(122,17): warning CSENSE001: The symbol 'EffectiveFriction_UsesBeamNgLoadCurveWhenProvided' is missing valid documentation [C:\Users\pierc\source\repos\archanox\LibreRally\LibreRally.Tests\LibreRally.Tests.csproj]
C:\Users\pierc\source\repos\archanox\LibreRally\LibreRally.Tests\OutGaugeProtocolTests.cs(51,17): warning CSENSE001: The symbol 'Encode_AppendsIdentifier_WhenOutGaugeIdIsConfigured' is missing valid documentation [C:\Users\pierc\source\repos\archanox\LibreRally\LibreRally.Tests\LibreRally.Tests.csproj]
C:\Users\pierc\source\repos\archanox\LibreRally\LibreRally.Tests\VehicleLoaderTests.cs(82,17): warning CSENSE001: The symbol 'ShouldTreatWheelGeometryAsPrePositioned_RequiresGeometryToMatchFlexbodyPosition' is missing valid documentation [C:\Users\pierc\source\repos\archanox\LibreRally\LibreRally.Tests\LibreRally.Tests.csproj]
C:\Users\pierc\source\repos\archanox\LibreRally\LibreRally.Tests\BasicCarPipelineTests.cs(83,17): warning CSENSE001: The symbol 'BasicCar_ShouldAssembleVehicle' is missing valid documentation [C:\Users\pierc\source\repos\archanox\LibreRally\LibreRally.Tests\LibreRally.Tests.csproj]
C:\Users\pierc\source\repos\archanox\LibreRally\LibreRally.Tests\RallyCarComponentControlTests.cs(80,17): warning CSENSE001: The symbol 'ComputeAutoClutchTorqueScale_DoesNotPunishSingleGroundedWheelspinOutlier' is missing valid documentation [C:\Users\pierc\source\repos\archanox\LibreRally\LibreRally.Tests\LibreRally.Tests.csproj]
C:\Users\pierc\source\repos\archanox\LibreRally\LibreRally.Tests\OutGaugeProtocolTests.cs(63,17): warning CSENSE001: The symbol 'MapGear_ConvertsGearIndicesToOutGaugeConvention' is missing valid documentation [C:\Users\pierc\source\repos\archanox\LibreRally\LibreRally.Tests\LibreRally.Tests.csproj]
C:\Users\pierc\source\repos\archanox\LibreRally\LibreRally.Tests\VehicleLoaderTests.cs(103,17): warning CSENSE001: The symbol 'ShouldTreatWheelGeometryAsPrePositioned_AcceptsGeometryAlreadyAtFlexbodyPosition' is missing valid documentation [C:\Users\pierc\source\repos\archanox\LibreRally\LibreRally.Tests\LibreRally.Tests.csproj]
C:\Users\pierc\source\repos\archanox\LibreRally\LibreRally.Tests\DtsLoaderTests.cs(97,17): warning CSENSE001: The symbol 'Load_AppliesNodeTranslationToObjectMesh' is missing valid documentation [C:\Users\pierc\source\repos\archanox\LibreRally\LibreRally.Tests\LibreRally.Tests.csproj]
C:\Users\pierc\source\repos\archanox\LibreRally\LibreRally.Tests\BeamNgVehicleCatalogTests.cs(65,37): warning xUnit2031: Do not use a Where clause to filter before calling Assert.Single. Use the overload of Assert.Single that accepts a filtering function. (https://xunit.net/xunit.analyzers/rules/xUnit2031) [C:\Users\pierc\source\repos\archanox\LibreRally\LibreRally.Tests\LibreRally.Tests.csproj]
C:\Users\pierc\source\repos\archanox\LibreRally\LibreRally.Tests\RallyCarComponentControlTests.cs(102,17): warning CSENSE001: The symbol 'ComputePointVelocity_AddsAngularContributionAtWheelPoint' is missing valid documentation [C:\Users\pierc\source\repos\archanox\LibreRally\LibreRally.Tests\LibreRally.Tests.csproj]
C:\Users\pierc\source\repos\archanox\LibreRally\LibreRally.Tests\TyreModelTests.cs(149,17): warning CSENSE001: The symbol 'EffectiveFriction_IncreasesWithLargerPatchArea' is missing valid documentation [C:\Users\pierc\source\repos\archanox\LibreRally\LibreRally.Tests\LibreRally.Tests.csproj]
C:\Users\pierc\source\repos\archanox\LibreRally\LibreRally.Tests\RallyCarComponentControlTests.cs(113,17): warning CSENSE001: The symbol 'ComputePointVelocity_ReturnsLinearVelocity_WhenAngularRateIsZero' is missing valid documentation [C:\Users\pierc\source\repos\archanox\LibreRally\LibreRally.Tests\LibreRally.Tests.csproj]
C:\Users\pierc\source\repos\archanox\LibreRally\LibreRally.Tests\TyreModelTests.cs(171,17): warning CSENSE001: The symbol 'FrictionEllipse_CapsCombinedSlipAtEllipseBoundary' is missing valid documentation [C:\Users\pierc\source\repos\archanox\LibreRally\LibreRally.Tests\LibreRally.Tests.csproj]
C:\Users\pierc\source\repos\archanox\LibreRally\LibreRally.Tests\DtsLoaderTests.cs(123,17): warning CSENSE001: The symbol 'Load_AppliesNodeRotationToObjectMesh' is missing valid documentation [C:\Users\pierc\source\repos\archanox\LibreRally\LibreRally.Tests\LibreRally.Tests.csproj]
C:\Users\pierc\source\repos\archanox\LibreRally\LibreRally.Tests\SetupUiShellModelTests.cs(68,17): warning CSENSE001: The symbol 'CreateFromVehicleSetup_UsesDisplayRangeHintsForPercentLikeVariables' is missing valid documentation [C:\Users\pierc\source\repos\archanox\LibreRally\LibreRally.Tests\LibreRally.Tests.csproj]
C:\Users\pierc\source\repos\archanox\LibreRally\LibreRally.Tests\TyreModelTests.cs(225,17): warning CSENSE001: The symbol 'HigherPressure_IncreasesSteadyStateCorneringForce' is missing valid documentation [C:\Users\pierc\source\repos\archanox\LibreRally\LibreRally.Tests\LibreRally.Tests.csproj]
C:\Users\pierc\source\repos\archanox\LibreRally\LibreRally.Tests\TyreModelTests.cs(270,17): warning CSENSE001: The symbol 'EffectiveFriction_ClampsReferencePatchAreaLoad' is missing valid documentation [C:\Users\pierc\source\repos\archanox\LibreRally\LibreRally.Tests\LibreRally.Tests.csproj]
C:\Users\pierc\source\repos\archanox\LibreRally\LibreRally.Tests\BeamNgVehicleCatalogTests.cs(93,17): warning CSENSE001: The symbol 'ResolveVehicleAssetPath_MaterializesBeamNgContentAssetsOnDemand' is missing valid documentation [C:\Users\pierc\source\repos\archanox\LibreRally\LibreRally.Tests\LibreRally.Tests.csproj]
C:\Users\pierc\source\repos\archanox\LibreRally\LibreRally.Tests\RallyCarComponentControlTests.cs(124,17): warning CSENSE001: The symbol 'ConvertCamberPrecompressionToRadians_MapsBeamPrecompressionAroundUnity' is missing valid documentation [C:\Users\pierc\source\repos\archanox\LibreRally\LibreRally.Tests\LibreRally.Tests.csproj]
C:\Users\pierc\source\repos\archanox\LibreRally\LibreRally.Tests\TyreModelTests.cs(290,17): warning CSENSE001: The symbol 'FrictionEllipse_RespectsVeryLowPeakForce' is missing valid documentation [C:\Users\pierc\source\repos\archanox\LibreRally\LibreRally.Tests\LibreRally.Tests.csproj]
C:\Users\pierc\source\repos\archanox\LibreRally\LibreRally.Tests\RallyCarComponentControlTests.cs(132,17): warning CSENSE001: The symbol 'ComputeAlignmentCamberAngle_AddsCompressionGainToStaticCamber' is missing valid documentation [C:\Users\pierc\source\repos\archanox\LibreRally\LibreRally.Tests\LibreRally.Tests.csproj]
C:\Users\pierc\source\repos\archanox\LibreRally\LibreRally.Tests\RallyCarComponentControlTests.cs(143,17): warning CSENSE001: The symbol 'ComputeAlignmentCamberAngle_UsesOppositeSignsAcrossWheelSides' is missing valid documentation [C:\Users\pierc\source\repos\archanox\LibreRally\LibreRally.Tests\LibreRally.Tests.csproj]
C:\Users\pierc\source\repos\archanox\LibreRally\LibreRally.Tests\RallyCarComponentControlTests.cs(157,17): warning CSENSE001: The symbol 'ComputeAutoClutchTorqueScale_RemainsFull_WhenWheelspinMatchesSlipLimit' is missing valid documentation [C:\Users\pierc\source\repos\archanox\LibreRally\LibreRally.Tests\LibreRally.Tests.csproj]
C:\Users\pierc\source\repos\archanox\LibreRally\LibreRally.Tests\RallyCarComponentControlTests.cs(170,17): warning CSENSE001: The symbol 'ComputeAutoClutchTorqueScale_ReachesFloor_WhenWheelspinGreatlyExceedsSlipLimit' is missing valid documentation [C:\Users\pierc\source\repos\archanox\LibreRally\LibreRally.Tests\LibreRally.Tests.csproj]
C:\Users\pierc\source\repos\archanox\LibreRally\LibreRally.Tests\RallyCarComponentControlTests.cs(183,17): warning CSENSE001: The symbol 'ComputeTractionControlTorqueScale_RemainsFull_WhenDriveWheelMatchesRoadSpeed' is missing valid documentation [C:\Users\pierc\source\repos\archanox\LibreRally\LibreRally.Tests\LibreRally.Tests.csproj]
C:\Users\pierc\source\repos\archanox\LibreRally\LibreRally.Tests\TyreModelTests.cs(322,17): warning CSENSE001: The symbol 'FrictionEllipse_ClampsFinalAppliedForcesAfterCamberAndRollingResistance' is missing valid documentation [C:\Users\pierc\source\repos\archanox\LibreRally\LibreRally.Tests\LibreRally.Tests.csproj]
C:\Users\pierc\source\repos\archanox\LibreRally\LibreRally.Tests\DtsLoaderTests.cs(149,17): warning CSENSE001: The symbol 'Load_FgxDts_ContainsExpectedBodyMeshes' is missing valid documentation [C:\Users\pierc\source\repos\archanox\LibreRally\LibreRally.Tests\LibreRally.Tests.csproj]
C:\Users\pierc\source\repos\archanox\LibreRally\LibreRally.Tests\TyreModelTests.cs(356,17): warning CSENSE001: The symbol 'BrushPneumaticTrail_FullAdhesion_ReturnsOneThirdHalfPatch' is missing valid documentation [C:\Users\pierc\source\repos\archanox\LibreRally\LibreRally.Tests\LibreRally.Tests.csproj]
C:\Users\pierc\source\repos\archanox\LibreRally\LibreRally.Tests\TyreModelTests.cs(365,17): warning CSENSE001: The symbol 'BrushPneumaticTrail_FullSliding_ReturnsZero' is missing valid documentation [C:\Users\pierc\source\repos\archanox\LibreRally\LibreRally.Tests\LibreRally.Tests.csproj]
C:\Users\pierc\source\repos\archanox\LibreRally\LibreRally.Tests\BeamNgVehicleCatalogTests.cs(121,17): warning CSENSE001: The symbol 'ResolveColladaFilesForMeshes_MaterializesSharedCommonDaeOnDemand' is missing valid documentation [C:\Users\pierc\source\repos\archanox\LibreRally\LibreRally.Tests\LibreRally.Tests.csproj]
C:\Users\pierc\source\repos\archanox\LibreRally\LibreRally.Tests\TyreModelTests.cs(374,17): warning CSENSE001: The symbol 'BrushPneumaticTrail_PeaksBeforeCollapsing' is missing valid documentation [C:\Users\pierc\source\repos\archanox\LibreRally\LibreRally.Tests\LibreRally.Tests.csproj]
C:\Users\pierc\source\repos\archanox\LibreRally\LibreRally.Tests\BasicCarPipelineTests.cs(113,17): warning CSENSE001: The symbol 'BasicCar_ShouldResolveTemplateRearDrivePowertrain' is missing valid documentation [C:\Users\pierc\source\repos\archanox\LibreRally\LibreRally.Tests\LibreRally.Tests.csproj]
C:\Users\pierc\source\repos\archanox\LibreRally\LibreRally.Tests\RallyCarComponentControlTests.cs(195,17): warning CSENSE001: The symbol 'ComputeTractionControlTorqueScale_ReachesFloor_WhenSingleDrivenWheelRunsFarAhead' is missing valid documentation [C:\Users\pierc\source\repos\archanox\LibreRally\LibreRally.Tests\LibreRally.Tests.csproj]
C:\Users\pierc\source\repos\archanox\LibreRally\LibreRally.Tests\RallyCarComponentControlTests.cs(207,17): warning CSENSE001: The symbol 'ComputeAbsBrakeTorqueScale_RemainsFull_WhenWheelSlipIsBelowTarget' is missing valid documentation [C:\Users\pierc\source\repos\archanox\LibreRally\LibreRally.Tests\LibreRally.Tests.csproj]
C:\Users\pierc\source\repos\archanox\LibreRally\LibreRally.Tests\RallyCarComponentControlTests.cs(220,17): warning CSENSE001: The symbol 'ComputeAbsBrakeTorqueScale_ReachesFloor_WhenForwardWheelApproachesLockup' is missing valid documentation [C:\Users\pierc\source\repos\archanox\LibreRally\LibreRally.Tests\LibreRally.Tests.csproj]
C:\Users\pierc\source\repos\archanox\LibreRally\LibreRally.Tests\RallyCarComponentControlTests.cs(233,17): warning CSENSE001: The symbol 'ComputeAbsBrakeTorqueScale_UsesTravelDirectionForReverseBraking' is missing valid documentation [C:\Users\pierc\source\repos\archanox\LibreRally\LibreRally.Tests\LibreRally.Tests.csproj]
C:\Users\pierc\source\repos\archanox\LibreRally\LibreRally.Tests\RallyCarComponentControlTests.cs(246,17): warning CSENSE001: The symbol 'ComputeGroundProbeContactScale_IsFullAtNominalContact' is missing valid documentation [C:\Users\pierc\source\repos\archanox\LibreRally\LibreRally.Tests\LibreRally.Tests.csproj]
C:\Users\pierc\source\repos\archanox\LibreRally\LibreRally.Tests\TyreModelTests.cs(391,17): warning CSENSE001: The symbol 'SelfAligningTorque_CollapsesAtHighSlipAngle' is missing valid documentation [C:\Users\pierc\source\repos\archanox\LibreRally\LibreRally.Tests\LibreRally.Tests.csproj]
C:\Users\pierc\source\repos\archanox\LibreRally\LibreRally.Tests\TyreModelTests.cs(425,17): warning CSENSE001: The symbol 'AdhesionFraction_FullAdhesion_AtLowSlip' is missing valid documentation [C:\Users\pierc\source\repos\archanox\LibreRally\LibreRally.Tests\LibreRally.Tests.csproj]
C:\Users\pierc\source\repos\archanox\LibreRally\LibreRally.Tests\TyreModelTests.cs(435,17): warning CSENSE001: The symbol 'AdhesionFraction_DecreasesWithHigherSlip' is missing valid documentation [C:\Users\pierc\source\repos\archanox\LibreRally\LibreRally.Tests\LibreRally.Tests.csproj]
C:\Users\pierc\source\repos\archanox\LibreRally\LibreRally.Tests\BeamNgVehicleCatalogTests.cs(161,17): warning CSENSE001: The symbol 'ResolveColladaFilesForMeshes_SearchesOtherInstalledVehiclePackages' is missing valid documentation [C:\Users\pierc\source\repos\archanox\LibreRally\LibreRally.Tests\LibreRally.Tests.csproj]
C:\Users\pierc\source\repos\archanox\LibreRally\LibreRally.Tests\TyreModelTests.cs(452,17): warning CSENSE001: The symbol 'LongitudinalDeflection_BuildsUnderBraking' is missing valid documentation [C:\Users\pierc\source\repos\archanox\LibreRally\LibreRally.Tests\LibreRally.Tests.csproj]
C:\Users\pierc\source\repos\archanox\LibreRally\LibreRally.Tests\RallyCarComponentControlTests.cs(257,17): warning CSENSE001: The symbol 'ComputeGroundProbeContactScale_FadesOutAcrossProbeMargin' is missing valid documentation [C:\Users\pierc\source\repos\archanox\LibreRally\LibreRally.Tests\LibreRally.Tests.csproj]
C:\Users\pierc\source\repos\archanox\LibreRally\LibreRally.Tests\RallyCarComponentControlTests.cs(281,17): warning CSENSE001: The symbol 'ComputeWheelSurfaceVfxIntensity_ActivatesForBurnoutOnTarmac' is missing valid documentation [C:\Users\pierc\source\repos\archanox\LibreRally\LibreRally.Tests\LibreRally.Tests.csproj]
C:\Users\pierc\source\repos\archanox\LibreRally\LibreRally.Tests\RallyCarComponentControlTests.cs(268,17): warning CSENSE001: The symbol 'ComputeWheelSurfaceVfxIntensity_StaysOffForLowTarmacSlip' is missing valid documentation [C:\Users\pierc\source\repos\archanox\LibreRally\LibreRally.Tests\LibreRally.Tests.csproj]
C:\Users\pierc\source\repos\archanox\LibreRally\LibreRally.Tests\TyreModelTests.cs(489,17): warning CSENSE001: The symbol 'LongitudinalDeflection_ResetsWhenAirborne' is missing valid documentation [C:\Users\pierc\source\repos\archanox\LibreRally\LibreRally.Tests\LibreRally.Tests.csproj]
C:\Users\pierc\source\repos\archanox\LibreRally\LibreRally.Tests\TyreModelTests.cs(506,17): warning CSENSE001: The symbol 'CarcassShearForce_IncreasesWithDeflection' is missing valid documentation [C:\Users\pierc\source\repos\archanox\LibreRally\LibreRally.Tests\LibreRally.Tests.csproj]
C:\Users\pierc\source\repos\archanox\LibreRally\LibreRally.Tests\RallyCarComponentControlTests.cs(294,17): warning CSENSE001: The symbol 'ComputeWheelSurfaceVfxIntensity_ActivatesEarlierOnGravel' is missing valid documentation [C:\Users\pierc\source\repos\archanox\LibreRally\LibreRally.Tests\LibreRally.Tests.csproj]
C:\Users\pierc\source\repos\archanox\LibreRally\LibreRally.Tests\TyreModelTests.cs(525,17): warning CSENSE001: The symbol 'CarcassShearForce_ZeroWhenNoDeflection' is missing valid documentation [C:\Users\pierc\source\repos\archanox\LibreRally\LibreRally.Tests\LibreRally.Tests.csproj]
C:\Users\pierc\source\repos\archanox\LibreRally\LibreRally.Tests\RallyCarComponentControlTests.cs(307,17): warning CSENSE001: The symbol 'ComputeWheelSurfaceVfxIntensity_IsClampedToOneForSpawnScaling' is missing valid documentation [C:\Users\pierc\source\repos\archanox\LibreRally\LibreRally.Tests\LibreRally.Tests.csproj]
C:\Users\pierc\source\repos\archanox\LibreRally\LibreRally.Tests\TyreModelTests.cs(538,17): warning CSENSE001: The symbol 'CarcassShearForce_ZeroWhenCoefficientIsZero' is missing valid documentation [C:\Users\pierc\source\repos\archanox\LibreRally\LibreRally.Tests\LibreRally.Tests.csproj]
C:\Users\pierc\source\repos\archanox\LibreRally\LibreRally.Tests\RallyCarComponentControlTests.cs(320,17): warning CSENSE001: The symbol 'ComputeWheelSurfaceVfxIntensity_IsClampedToOneForSpawnScalingOnGravel' is missing valid documentation [C:\Users\pierc\source\repos\archanox\LibreRally\LibreRally.Tests\LibreRally.Tests.csproj]
C:\Users\pierc\source\repos\archanox\LibreRally\LibreRally.Tests\BeamNgVehicleCatalogTests.cs(196,17): warning CSENSE001: The symbol 'ResolveColladaFilesForMeshes_PrefersPlainDaeOverCompressedCdae' is missing valid documentation [C:\Users\pierc\source\repos\archanox\LibreRally\LibreRally.Tests\LibreRally.Tests.csproj]
C:\Users\pierc\source\repos\archanox\LibreRally\LibreRally.Tests\RallyCarComponentControlTests.cs(333,17): warning CSENSE001: The symbol 'ComputeLowSpeedYawAssistRate_UsesDriveDirectionForReverseLaunch' is missing valid documentation [C:\Users\pierc\source\repos\archanox\LibreRally\LibreRally.Tests\LibreRally.Tests.csproj]
C:\Users\pierc\source\repos\archanox\LibreRally\LibreRally.Tests\BeamNgVehicleCatalogTests.cs(228,17): warning CSENSE001: The symbol 'Assemble_SearchFolders_ResolvesSupplementalCommonParts' is missing valid documentation [C:\Users\pierc\source\repos\archanox\LibreRally\LibreRally.Tests\LibreRally.Tests.csproj]
C:\Users\pierc\source\repos\archanox\LibreRally\LibreRally.Tests\TyreModelTests.cs(553,17): warning CSENSE001: The symbol 'WetGripFactor_DryReturnsOne' is missing valid documentation [C:\Users\pierc\source\repos\archanox\LibreRally\LibreRally.Tests\LibreRally.Tests.csproj]
C:\Users\pierc\source\repos\archanox\LibreRally\LibreRally.Tests\TyreModelTests.cs(561,17): warning CSENSE001: The symbol 'WetGripFactor_DecreasesWithWaterDepth' is missing valid documentation [C:\Users\pierc\source\repos\archanox\LibreRally\LibreRally.Tests\LibreRally.Tests.csproj]
C:\Users\pierc\source\repos\archanox\LibreRally\LibreRally.Tests\RallyCarComponentControlTests.cs(346,17): warning CSENSE001: The symbol 'ComputeLowSpeedYawAssistRate_FadesOutOnceTyreForcesShouldDominate' is missing valid documentation [C:\Users\pierc\source\repos\archanox\LibreRally\LibreRally.Tests\LibreRally.Tests.csproj]
C:\Users\pierc\source\repos\archanox\LibreRally\LibreRally.Tests\TyreModelTests.cs(571,17): warning CSENSE001: The symbol 'WetGripFactor_MacrotextureImprovesDrainage' is missing valid documentation [C:\Users\pierc\source\repos\archanox\LibreRally\LibreRally.Tests\LibreRally.Tests.csproj]
C:\Users\pierc\source\repos\archanox\LibreRally\LibreRally.Tests\TyreModelTests.cs(580,17): warning CSENSE001: The symbol 'WetGripFactor_DecreasesWithSpeed' is missing valid documentation [C:\Users\pierc\source\repos\archanox\LibreRally\LibreRally.Tests\LibreRally.Tests.csproj]
C:\Users\pierc\source\repos\archanox\LibreRally\LibreRally.Tests\TyreModelTests.cs(589,17): warning CSENSE001: The symbol 'WetGripFactor_HydroplaningCollapsesGrip' is missing valid documentation [C:\Users\pierc\source\repos\archanox\LibreRally\LibreRally.Tests\LibreRally.Tests.csproj]
C:\Users\pierc\source\repos\archanox\LibreRally\LibreRally.Tests\TyreModelTests.cs(599,17): warning CSENSE001: The symbol 'WetGripFactor_NeverBelowMinimum' is missing valid documentation [C:\Users\pierc\source\repos\archanox\LibreRally\LibreRally.Tests\LibreRally.Tests.csproj]
C:\Users\pierc\source\repos\archanox\LibreRally\LibreRally.Tests\TyreModelTests.cs(610,17): warning CSENSE001: The symbol 'EffectiveFriction_MacrotextureImprovesWetGripViaDrainage' is missing valid documentation [C:\Users\pierc\source\repos\archanox\LibreRally\LibreRally.Tests\LibreRally.Tests.csproj]
C:\Users\pierc\source\repos\archanox\LibreRally\LibreRally.Tests\RallyCarComponentControlTests.cs(370,17): warning CSENSE001: The symbol 'ApplyTriggerDeadzone_RejectsSmallTriggerNoise' is missing valid documentation [C:\Users\pierc\source\repos\archanox\LibreRally\LibreRally.Tests\LibreRally.Tests.csproj]
C:\Users\pierc\source\repos\archanox\LibreRally\LibreRally.Tests\RallyCarComponentControlTests.cs(378,17): warning CSENSE001: The symbol 'ApplyTriggerDeadzone_ReScalesRemainingTriggerTravel' is missing valid documentation [C:\Users\pierc\source\repos\archanox\LibreRally\LibreRally.Tests\LibreRally.Tests.csproj]
C:\Users\pierc\source\repos\archanox\LibreRally\LibreRally.Tests\RallyCarComponentControlTests.cs(359,17): warning CSENSE001: The symbol 'ApplyYawAssistTopUp_DoesNotDampExistingYawInSameDirection' is missing valid documentation [C:\Users\pierc\source\repos\archanox\LibreRally\LibreRally.Tests\LibreRally.Tests.csproj]
C:\Users\pierc\source\repos\archanox\LibreRally\LibreRally.Tests\TyreModelTests.cs(652,17): warning CSENSE001: The symbol 'WetTarmac_ProducesLessGripThanDryTarmac' is missing valid documentation [C:\Users\pierc\source\repos\archanox\LibreRally\LibreRally.Tests\LibreRally.Tests.csproj]
C:\Users\pierc\source\repos\archanox\LibreRally\LibreRally.Tests\TyreModelTests.cs(684,17): warning CSENSE001: The symbol 'RoadNoiseGripFactor_ReturnsNearUnity' is missing valid documentation [C:\Users\pierc\source\repos\archanox\LibreRally\LibreRally.Tests\LibreRally.Tests.csproj]
C:\Users\pierc\source\repos\archanox\LibreRally\LibreRally.Tests\TyreModelTests.cs(693,17): warning CSENSE001: The symbol 'RoadNoiseGripFactor_BoundedByAmplitude' is missing valid documentation [C:\Users\pierc\source\repos\archanox\LibreRally\LibreRally.Tests\LibreRally.Tests.csproj]
C:\Users\pierc\source\repos\archanox\LibreRally\LibreRally.Tests\RallyCarComponentControlTests.cs(386,17): warning CSENSE001: The symbol 'ApplySignedAxisDeadzone_RejectsSmallStickDrift' is missing valid documentation [C:\Users\pierc\source\repos\archanox\LibreRally\LibreRally.Tests\LibreRally.Tests.csproj]
C:\Users\pierc\source\repos\archanox\LibreRally\LibreRally.Tests\TyreModelTests.cs(704,17): warning CSENSE001: The symbol 'RoadNoiseGripFactor_ReturnsUnityAtZeroSpeed' is missing valid documentation [C:\Users\pierc\source\repos\archanox\LibreRally\LibreRally.Tests\LibreRally.Tests.csproj]
C:\Users\pierc\source\repos\archanox\LibreRally\LibreRally.Tests\TyreModelTests.cs(715,17): warning CSENSE001: The symbol 'SurfaceDefaults_WetTarmacHasWaterAndLowerFriction' is missing valid documentation [C:\Users\pierc\source\repos\archanox\LibreRally\LibreRally.Tests\LibreRally.Tests.csproj]
C:\Users\pierc\source\repos\archanox\LibreRally\LibreRally.Tests\RallyCarComponentControlTests.cs(394,17): warning CSENSE001: The symbol 'ApplySignedAxisDeadzone_PreservesSignAfterDeadzone' is missing valid documentation [C:\Users\pierc\source\repos\archanox\LibreRally\LibreRally.Tests\LibreRally.Tests.csproj]
C:\Users\pierc\source\repos\archanox\LibreRally\LibreRally.Tests\BasicCarPipelineTests.cs(135,17): warning CSENSE001: The symbol 'BasicCar_ShouldBuildPhysics' is missing valid documentation [C:\Users\pierc\source\repos\archanox\LibreRally\LibreRally.Tests\LibreRally.Tests.csproj]
C:\Users\pierc\source\repos\archanox\LibreRally\LibreRally.Tests\RallyCarComponentControlTests.cs(402,17): warning CSENSE001: The symbol 'ShouldKeepVehicleAwake_IsFalse_WhenStoppedAndNoInput' is missing valid documentation [C:\Users\pierc\source\repos\archanox\LibreRally\LibreRally.Tests\LibreRally.Tests.csproj]
C:\Users\pierc\source\repos\archanox\LibreRally\LibreRally.Tests\RallyCarComponentControlTests.cs(416,17): warning CSENSE001: The symbol 'ShouldKeepVehicleAwake_IsTrue_WhenDriverAppliesInput' is missing valid documentation [C:\Users\pierc\source\repos\archanox\LibreRally\LibreRally.Tests\LibreRally.Tests.csproj]
C:\Users\pierc\source\repos\archanox\LibreRally\LibreRally.Tests\BeamNgVehicleCatalogTests.cs(270,17): warning CSENSE001: The symbol 'Assemble_BlankPcOverride_FallsBackToSlotDefault' is missing valid documentation [C:\Users\pierc\source\repos\archanox\LibreRally\LibreRally.Tests\LibreRally.Tests.csproj]
C:\Users\pierc\source\repos\archanox\LibreRally\LibreRally.Tests\RallyCarComponentControlTests.cs(430,17): warning CSENSE001: The symbol 'ResolveStandingGearSelection_EntersReverse_WhenBrakingAtStandstill' is missing valid documentation [C:\Users\pierc\source\repos\archanox\LibreRally\LibreRally.Tests\LibreRally.Tests.csproj]
C:\Users\pierc\source\repos\archanox\LibreRally\LibreRally.Tests\TyreModelTests.cs(726,17): warning CSENSE001: The symbol 'SurfaceDefaults_AllSurfacesHaveTexture' is missing valid documentation [C:\Users\pierc\source\repos\archanox\LibreRally\LibreRally.Tests\LibreRally.Tests.csproj]
C:\Users\pierc\source\repos\archanox\LibreRally\LibreRally.Tests\TyreModelTests.cs(738,17): warning CSENSE001: The symbol 'SurfaceDefaults_IceHasVeryLowTexture' is missing valid documentation [C:\Users\pierc\source\repos\archanox\LibreRally\LibreRally.Tests\LibreRally.Tests.csproj]
C:\Users\pierc\source\repos\archanox\LibreRally\LibreRally.Tests\TyreModelTests.cs(747,17): warning CSENSE001: The symbol 'SurfaceDefaults_GravelHasHighMacrotexture' is missing valid documentation [C:\Users\pierc\source\repos\archanox\LibreRally\LibreRally.Tests\LibreRally.Tests.csproj]
C:\Users\pierc\source\repos\archanox\LibreRally\LibreRally.Tests\BeamNgVehicleCatalogTests.cs(313,17): warning CSENSE001: The symbol 'Assemble_WheelSlotOffset_AppliesOutwardPerSide' is missing valid documentation [C:\Users\pierc\source\repos\archanox\LibreRally\LibreRally.Tests\LibreRally.Tests.csproj]
C:\Users\pierc\source\repos\archanox\LibreRally\LibreRally.Tests\BasicCarPipelineTests.cs(183,17): warning CSENSE001: The symbol 'BasicCar_ShouldApplySignedSpringHeightToSuspensionTargetOffset' is missing valid documentation [C:\Users\pierc\source\repos\archanox\LibreRally\LibreRally.Tests\LibreRally.Tests.csproj]
C:\Users\pierc\source\repos\archanox\LibreRally\LibreRally.Tests\BasicCarPipelineTests.cs(203,17): warning CSENSE001: The symbol 'BasicCar_ShouldIncludeFormulaBeeColladaMesh' is missing valid documentation [C:\Users\pierc\source\repos\archanox\LibreRally\LibreRally.Tests\LibreRally.Tests.csproj]
C:\Users\pierc\source\repos\archanox\LibreRally\LibreRally.Tests\BasicCarPipelineTests.cs(212,17): warning CSENSE001: The symbol 'BasicCar_ShouldMatchBrakeDiscFlexbodyNamesToColladaGeometry' is missing valid documentation [C:\Users\pierc\source\repos\archanox\LibreRally\LibreRally.Tests\LibreRally.Tests.csproj]
C:\Users\pierc\source\repos\archanox\LibreRally\LibreRally.Tests\RallyCarComponentControlTests.cs(446,17): warning CSENSE001: The symbol 'ResolveStandingGearSelection_DoesNotEnterReverse_WhileStillRolling' is missing valid documentation [C:\Users\pierc\source\repos\archanox\LibreRally\LibreRally.Tests\LibreRally.Tests.csproj]
  Patch for assembly [LibreRally.Tests, Version=1.0.0.0, Culture=neutral, PublicKeyToken=null]
  LibreRally.Windows -> C:\Users\pierc\source\repos\archanox\LibreRally\Bin\Windows\Debug\win-x64\LibreRally.Windows.dll
  LibreRally.Tests -> C:\Users\pierc\source\repos\archanox\LibreRally\LibreRally.Tests\bin\Debug\net10.0-windows\LibreRally.Tests.dll
  Patch for assembly [LibreRally.macOS, Version=1.0.0.0, Culture=neutral, PublicKeyToken=null]
  info 0.028s: [AssetCompiler] BuildEngine arguments: --disable-auto-compile --project-configuration Debug --platform=Windows --project-configuration=Debug --compile-property:StrideGraphicsApi=Direct3D11 --output-path=C:\Users\pierc\source\repos\archanox\LibreRally\Bin\Windows\Debug\win-x64\data --build-path=C:\Users\pierc\source\repos\archanox\LibreRally\LibreRally.Windows\obj\stride\assetbuild\data --package-file=C:\Users\pierc\source\repos\archanox\LibreRally\LibreRally.Windows\LibreRally.Windows.csproj --msbuild-uptodatecheck-filebase=C:\Users\pierc\source\repos\archanox\LibreRally\LibreRally.Windows\obj\Debug\win-x64\stride\assetcompiler-uptodatecheck
  info 0.029s: [AssetCompiler] Starting builder.
  LibreRally.macOS -> C:\Users\pierc\source\repos\archanox\LibreRally\Bin\macOS\Debug\osx-x64\LibreRally.macOS.dll
  info 0.025s: [AssetCompiler] BuildEngine arguments: --disable-auto-compile --project-configuration Debug --platform=macOS --project-configuration=Debug --compile-property:StrideGraphicsApi=Vulkan --output-path=C:\Users\pierc\source\repos\archanox\LibreRally\Bin\macOS\Debug\osx-x64\data --build-path=C:\Users\pierc\source\repos\archanox\LibreRally\LibreRally.macOS\obj\stride\assetbuild\data --package-file=C:\Users\pierc\source\repos\archanox\LibreRally\LibreRally.macOS\LibreRally.macOS.csproj --msbuild-uptodatecheck-filebase=C:\Users\pierc\source\repos\archanox\LibreRally\LibreRally.macOS\obj\Debug\osx-x64\stride\assetcompiler-uptodatecheck
  info 0.029s: [AssetCompiler] Starting builder.
EXEC : warning 17.766s: [AssetCompiler] C:\Users\pierc\.nuget\packages\stride.core.assets.compilerapp\4.3.0.2507\lib\net10.0\log\shader_RadiancePrefilteringGGXNoComputeEffect_3b42dc19fe144f55e87a1c10c0c53a3f.hlsl(212,5-48): warning X3557: loop doesn't seem to do anything, forcing loop to unroll [C:\Users\pierc\source\repos\archanox\LibreRally\LibreRally.Linux\LibreRally.Linux.csproj]
  
EXEC : warning 17.767s: [AssetCompiler] C:\Users\pierc\.nuget\packages\stride.core.assets.compilerapp\4.3.0.2507\lib\net10.0\log\shader_RadiancePrefilteringGGXNoComputeEffect_3b42dc19fe144f55e87a1c10c0c53a3f.hlsl(212,5-48): warning X3557: loop doesn't seem to do anything, forcing loop to unroll [C:\Users\pierc\source\repos\archanox\LibreRally\LibreRally.Linux\LibreRally.Linux.csproj]
  
  info 18.257s: [AssetCompiler] Build finished in 843 steps. Command results: 843 succeeded, 0 up-to-date, 0 failed, 0 not triggered due to previous failure.
  info 18.257s: [AssetCompiler] Build is successful.
  info 18.315s: [AssetCompiler] Generate bundles: Scan assets and their dependencies...
  info 18.317s: [AssetCompiler] Generate bundles: Assign assets to bundles...
  info 19.176s: [AssetCompiler] Generate bundles: Compress and save bundles to HDD...
  info 19.191s: [AssetCompiler] Generate bundles: Tried to load previous 'default' bundle but it was invalid. Deleting it...
EXEC : warning 17.342s: [AssetCompiler] C:\Users\pierc\.nuget\packages\stride.core.assets.compilerapp\4.3.0.2507\lib\net10.0-windows7.0\log\shader_RadiancePrefilteringGGXNoComputeEffect_3b42dc19fe144f55e87a1c10c0c53a3f.hlsl(212,5-48): warning X3557: loop doesn't seem to do anything, forcing loop to unroll [C:\Users\pierc\source\repos\archanox\LibreRally\LibreRally.Windows\LibreRally.Windows.csproj]
  
EXEC : warning 17.342s: [AssetCompiler] C:\Users\pierc\.nuget\packages\stride.core.assets.compilerapp\4.3.0.2507\lib\net10.0-windows7.0\log\shader_RadiancePrefilteringGGXNoComputeEffect_3b42dc19fe144f55e87a1c10c0c53a3f.hlsl(212,5-48): warning X3557: loop doesn't seem to do anything, forcing loop to unroll [C:\Users\pierc\source\repos\archanox\LibreRally\LibreRally.Windows\LibreRally.Windows.csproj]
  
  info 17.823s: [AssetCompiler] Build finished in 843 steps. Command results: 843 succeeded, 0 up-to-date, 0 failed, 0 not triggered due to previous failure.
  info 17.823s: [AssetCompiler] Build is successful.
  info 17.892s: [AssetCompiler] Generate bundles: Scan assets and their dependencies...
  info 17.895s: [AssetCompiler] Generate bundles: Assign assets to bundles...
  info 18.924s: [AssetCompiler] Generate bundles: Compress and save bundles to HDD...
  info 18.936s: [AssetCompiler] Generate bundles: Tried to load previous 'default' bundle but it was invalid. Deleting it...
  info 21.761s: [AssetCompiler] Generate bundles: Done
  info 20.807s: [AssetCompiler] Generate bundles: Done
EXEC : warning 22.783s: [AssetCompiler] C:\Users\pierc\.nuget\packages\stride.core.assets.compilerapp\4.3.0.2507\lib\net10.0\log\shader_RadiancePrefilteringGGXNoComputeEffect_3b42dc19fe144f55e87a1c10c0c53a3f.hlsl(212,5-48): warning X3557: loop doesn't seem to do anything, forcing loop to unroll [C:\Users\pierc\source\repos\archanox\LibreRally\LibreRally.macOS\LibreRally.macOS.csproj]
  
EXEC : warning 22.784s: [AssetCompiler] C:\Users\pierc\.nuget\packages\stride.core.assets.compilerapp\4.3.0.2507\lib\net10.0\log\shader_RadiancePrefilteringGGXNoComputeEffect_3b42dc19fe144f55e87a1c10c0c53a3f.hlsl(212,5-48): warning X3557: loop doesn't seem to do anything, forcing loop to unroll [C:\Users\pierc\source\repos\archanox\LibreRally\LibreRally.macOS\LibreRally.macOS.csproj]
  
  info 23.106s: [AssetCompiler] Build finished in 843 steps. Command results: 843 succeeded, 0 up-to-date, 0 failed, 0 not triggered due to previous failure.
  info 23.106s: [AssetCompiler] Build is successful.
  info 23.141s: [AssetCompiler] Generate bundles: Scan assets and their dependencies...
  info 23.143s: [AssetCompiler] Generate bundles: Assign assets to bundles...
  info 23.548s: [AssetCompiler] Generate bundles: Compress and save bundles to HDD...
  info 23.556s: [AssetCompiler] Generate bundles: Tried to load previous 'default' bundle but it was invalid. Deleting it...
  info 24.704s: [AssetCompiler] Generate bundles: Done

Build succeeded.

C:\Users\pierc\source\repos\archanox\LibreRally\LibreRally.Linux\LibreRally.Linux.csproj : warning NU1901: Package 'NuGet.Packaging' 7.0.0 has a known low severity vulnerability, https://github.com/advisories/GHSA-g4vj-cjjj-v7hg [C:\Users\pierc\source\repos\archanox\LibreRally\LibreRally.sln]
C:\Users\pierc\source\repos\archanox\LibreRally\LibreRally.Linux\LibreRally.Linux.csproj : warning NU1901: Package 'NuGet.Protocol' 7.0.0 has a known low severity vulnerability, https://github.com/advisories/GHSA-g4vj-cjjj-v7hg [C:\Users\pierc\source\repos\archanox\LibreRally\LibreRally.sln]
C:\Users\pierc\source\repos\archanox\LibreRally\LibreRally.Linux\LibreRally.Linux.csproj : warning NU1903: Package 'System.Security.Cryptography.Xml' 10.0.1 has a known high severity vulnerability, https://github.com/advisories/GHSA-37gx-xxp4-5rgx [C:\Users\pierc\source\repos\archanox\LibreRally\LibreRally.sln]
C:\Users\pierc\source\repos\archanox\LibreRally\LibreRally.Linux\LibreRally.Linux.csproj : warning NU1903: Package 'System.Security.Cryptography.Xml' 10.0.1 has a known high severity vulnerability, https://github.com/advisories/GHSA-w3x6-4m5h-cxqf [C:\Users\pierc\source\repos\archanox\LibreRally\LibreRally.sln]
C:\Users\pierc\source\repos\archanox\LibreRally\LibreRally.Tests\LibreRally.Tests.csproj : warning NU1901: Package 'NuGet.Packaging' 7.0.0 has a known low severity vulnerability, https://github.com/advisories/GHSA-g4vj-cjjj-v7hg [C:\Users\pierc\source\repos\archanox\LibreRally\LibreRally.sln]
C:\Users\pierc\source\repos\archanox\LibreRally\LibreRally.Windows\LibreRally.Windows.csproj : warning NU1901: Package 'NuGet.Packaging' 7.0.0 has a known low severity vulnerability, https://github.com/advisories/GHSA-g4vj-cjjj-v7hg [C:\Users\pierc\source\repos\archanox\LibreRally\LibreRally.sln]
C:\Users\pierc\source\repos\archanox\LibreRally\LibreRally.macOS\LibreRally.macOS.csproj : warning NU1901: Package 'NuGet.Packaging' 7.0.0 has a known low severity vulnerability, https://github.com/advisories/GHSA-g4vj-cjjj-v7hg [C:\Users\pierc\source\repos\archanox\LibreRally\LibreRally.sln]
C:\Users\pierc\source\repos\archanox\LibreRally\LibreRally.Tests\LibreRally.Tests.csproj : warning NU1901: Package 'NuGet.Protocol' 7.0.0 has a known low severity vulnerability, https://github.com/advisories/GHSA-g4vj-cjjj-v7hg [C:\Users\pierc\source\repos\archanox\LibreRally\LibreRally.sln]
C:\Users\pierc\source\repos\archanox\LibreRally\LibreRally.Tests\LibreRally.Tests.csproj : warning NU1903: Package 'System.Security.Cryptography.Xml' 10.0.1 has a known high severity vulnerability, https://github.com/advisories/GHSA-37gx-xxp4-5rgx [C:\Users\pierc\source\repos\archanox\LibreRally\LibreRally.sln]
C:\Users\pierc\source\repos\archanox\LibreRally\LibreRally.macOS\LibreRally.macOS.csproj : warning NU1901: Package 'NuGet.Protocol' 7.0.0 has a known low severity vulnerability, https://github.com/advisories/GHSA-g4vj-cjjj-v7hg [C:\Users\pierc\source\repos\archanox\LibreRally\LibreRally.sln]
C:\Users\pierc\source\repos\archanox\LibreRally\LibreRally.Windows\LibreRally.Windows.csproj : warning NU1901: Package 'NuGet.Protocol' 7.0.0 has a known low severity vulnerability, https://github.com/advisories/GHSA-g4vj-cjjj-v7hg [C:\Users\pierc\source\repos\archanox\LibreRally\LibreRally.sln]
C:\Users\pierc\source\repos\archanox\LibreRally\LibreRally.Tests\LibreRally.Tests.csproj : warning NU1903: Package 'System.Security.Cryptography.Xml' 10.0.1 has a known high severity vulnerability, https://github.com/advisories/GHSA-w3x6-4m5h-cxqf [C:\Users\pierc\source\repos\archanox\LibreRally\LibreRally.sln]
C:\Users\pierc\source\repos\archanox\LibreRally\LibreRally\LibreRally.csproj : warning NU1901: Package 'NuGet.Packaging' 7.0.0 has a known low severity vulnerability, https://github.com/advisories/GHSA-g4vj-cjjj-v7hg [C:\Users\pierc\source\repos\archanox\LibreRally\LibreRally.sln]
C:\Users\pierc\source\repos\archanox\LibreRally\LibreRally.macOS\LibreRally.macOS.csproj : warning NU1903: Package 'System.Security.Cryptography.Xml' 10.0.1 has a known high severity vulnerability, https://github.com/advisories/GHSA-37gx-xxp4-5rgx [C:\Users\pierc\source\repos\archanox\LibreRally\LibreRally.sln]
C:\Users\pierc\source\repos\archanox\LibreRally\LibreRally.Windows\LibreRally.Windows.csproj : warning NU1903: Package 'System.Security.Cryptography.Xml' 10.0.1 has a known high severity vulnerability, https://github.com/advisories/GHSA-37gx-xxp4-5rgx [C:\Users\pierc\source\repos\archanox\LibreRally\LibreRally.sln]
C:\Users\pierc\source\repos\archanox\LibreRally\LibreRally.macOS\LibreRally.macOS.csproj : warning NU1903: Package 'System.Security.Cryptography.Xml' 10.0.1 has a known high severity vulnerability, https://github.com/advisories/GHSA-w3x6-4m5h-cxqf [C:\Users\pierc\source\repos\archanox\LibreRally\LibreRally.sln]
C:\Users\pierc\source\repos\archanox\LibreRally\LibreRally.Windows\LibreRally.Windows.csproj : warning NU1903: Package 'System.Security.Cryptography.Xml' 10.0.1 has a known high severity vulnerability, https://github.com/advisories/GHSA-w3x6-4m5h-cxqf [C:\Users\pierc\source\repos\archanox\LibreRally\LibreRally.sln]
C:\Users\pierc\source\repos\archanox\LibreRally\LibreRally\LibreRally.csproj : warning NU1901: Package 'NuGet.Protocol' 7.0.0 has a known low severity vulnerability, https://github.com/advisories/GHSA-g4vj-cjjj-v7hg [C:\Users\pierc\source\repos\archanox\LibreRally\LibreRally.sln]
C:\Users\pierc\source\repos\archanox\LibreRally\LibreRally\LibreRally.csproj : warning NU1903: Package 'System.Security.Cryptography.Xml' 10.0.1 has a known high severity vulnerability, https://github.com/advisories/GHSA-37gx-xxp4-5rgx [C:\Users\pierc\source\repos\archanox\LibreRally\LibreRally.sln]
C:\Users\pierc\source\repos\archanox\LibreRally\LibreRally\LibreRally.csproj : warning NU1903: Package 'System.Security.Cryptography.Xml' 10.0.1 has a known high severity vulnerability, https://github.com/advisories/GHSA-w3x6-4m5h-cxqf [C:\Users\pierc\source\repos\archanox\LibreRally\LibreRally.sln]
C:\Users\pierc\source\repos\archanox\LibreRally\LibreRally.Windows\LibreRally.Windows.csproj : warning NU1901: Package 'NuGet.Packaging' 7.0.0 has a known low severity vulnerability, https://github.com/advisories/GHSA-g4vj-cjjj-v7hg
C:\Users\pierc\source\repos\archanox\LibreRally\LibreRally.Windows\LibreRally.Windows.csproj : warning NU1901: Package 'NuGet.Protocol' 7.0.0 has a known low severity vulnerability, https://github.com/advisories/GHSA-g4vj-cjjj-v7hg
C:\Users\pierc\source\repos\archanox\LibreRally\LibreRally.Windows\LibreRally.Windows.csproj : warning NU1903: Package 'System.Security.Cryptography.Xml' 10.0.1 has a known high severity vulnerability, https://github.com/advisories/GHSA-37gx-xxp4-5rgx
C:\Users\pierc\source\repos\archanox\LibreRally\LibreRally.Windows\LibreRally.Windows.csproj : warning NU1903: Package 'System.Security.Cryptography.Xml' 10.0.1 has a known high severity vulnerability, https://github.com/advisories/GHSA-w3x6-4m5h-cxqf
C:\Users\pierc\source\repos\archanox\LibreRally\LibreRally.Tests\LibreRally.Tests.csproj : warning NU1901: Package 'NuGet.Packaging' 7.0.0 has a known low severity vulnerability, https://github.com/advisories/GHSA-g4vj-cjjj-v7hg
C:\Users\pierc\source\repos\archanox\LibreRally\LibreRally.Tests\LibreRally.Tests.csproj : warning NU1901: Package 'NuGet.Protocol' 7.0.0 has a known low severity vulnerability, https://github.com/advisories/GHSA-g4vj-cjjj-v7hg
C:\Users\pierc\source\repos\archanox\LibreRally\LibreRally.Tests\LibreRally.Tests.csproj : warning NU1903: Package 'System.Security.Cryptography.Xml' 10.0.1 has a known high severity vulnerability, https://github.com/advisories/GHSA-37gx-xxp4-5rgx
C:\Users\pierc\source\repos\archanox\LibreRally\LibreRally.Tests\LibreRally.Tests.csproj : warning NU1903: Package 'System.Security.Cryptography.Xml' 10.0.1 has a known high severity vulnerability, https://github.com/advisories/GHSA-w3x6-4m5h-cxqf
C:\Users\pierc\source\repos\archanox\LibreRally\LibreRally.Linux\LibreRally.Linux.csproj : warning NU1901: Package 'NuGet.Packaging' 7.0.0 has a known low severity vulnerability, https://github.com/advisories/GHSA-g4vj-cjjj-v7hg
C:\Users\pierc\source\repos\archanox\LibreRally\LibreRally.Linux\LibreRally.Linux.csproj : warning NU1901: Package 'NuGet.Protocol' 7.0.0 has a known low severity vulnerability, https://github.com/advisories/GHSA-g4vj-cjjj-v7hg
C:\Users\pierc\source\repos\archanox\LibreRally\LibreRally.Linux\LibreRally.Linux.csproj : warning NU1903: Package 'System.Security.Cryptography.Xml' 10.0.1 has a known high severity vulnerability, https://github.com/advisories/GHSA-37gx-xxp4-5rgx
C:\Users\pierc\source\repos\archanox\LibreRally\LibreRally.Linux\LibreRally.Linux.csproj : warning NU1903: Package 'System.Security.Cryptography.Xml' 10.0.1 has a known high severity vulnerability, https://github.com/advisories/GHSA-w3x6-4m5h-cxqf
C:\Users\pierc\source\repos\archanox\LibreRally\LibreRally\BasicCameraController.cs(25,17): warning CSENSE001: The symbol 'Gamepad' is missing valid documentation [C:\Users\pierc\source\repos\archanox\LibreRally\LibreRally\LibreRally.csproj::TargetFramework=net10.0]
C:\Users\pierc\source\repos\archanox\LibreRally\LibreRally\BasicCameraController.cs(27,20): warning CSENSE001: The symbol 'KeyboardMovementSpeed' is missing valid documentation [C:\Users\pierc\source\repos\archanox\LibreRally\LibreRally\LibreRally.csproj::TargetFramework=net10.0]
C:\Users\pierc\source\repos\archanox\LibreRally\LibreRally\BasicCameraController.cs(29,20): warning CSENSE001: The symbol 'TouchMovementSpeed' is missing valid documentation [C:\Users\pierc\source\repos\archanox\LibreRally\LibreRally\LibreRally.csproj::TargetFramework=net10.0]
C:\Users\pierc\source\repos\archanox\LibreRally\LibreRally\BasicCameraController.cs(31,18): warning CSENSE001: The symbol 'SpeedFactor' is missing valid documentation [C:\Users\pierc\source\repos\archanox\LibreRally\LibreRally\LibreRally.csproj::TargetFramework=net10.0]
C:\Users\pierc\source\repos\archanox\LibreRally\LibreRally\BasicCameraController.cs(33,20): warning CSENSE001: The symbol 'KeyboardRotationSpeed' is missing valid documentation [C:\Users\pierc\source\repos\archanox\LibreRally\LibreRally\LibreRally.csproj::TargetFramework=net10.0]
C:\Users\pierc\source\repos\archanox\LibreRally\LibreRally\BasicCameraController.cs(35,20): warning CSENSE001: The symbol 'MouseRotationSpeed' is missing valid documentation [C:\Users\pierc\source\repos\archanox\LibreRally\LibreRally\LibreRally.csproj::TargetFramework=net10.0]
C:\Users\pierc\source\repos\archanox\LibreRally\LibreRally\BasicCameraController.cs(37,20): warning CSENSE001: The symbol 'TouchRotationSpeed' is missing valid documentation [C:\Users\pierc\source\repos\archanox\LibreRally\LibreRally\LibreRally.csproj::TargetFramework=net10.0]
C:\Users\pierc\source\repos\archanox\LibreRally\LibreRally\CodeFirstSceneFactory.cs(108,21): warning CSENSE001: The symbol 'LibreRallyGame' is missing valid documentation [C:\Users\pierc\source\repos\archanox\LibreRally\LibreRally\LibreRally.csproj::TargetFramework=net10.0]
C:\Users\pierc\source\repos\archanox\LibreRally\LibreRally\CodeFirstSceneFactory.cs(13,21): warning CSENSE001: The symbol 'CodeFirstSceneFactory' is missing valid documentation [C:\Users\pierc\source\repos\archanox\LibreRally\LibreRally\LibreRally.csproj::TargetFramework=net10.0]
C:\Users\pierc\source\repos\archanox\LibreRally\LibreRally\CodeFirstSceneFactory.cs(127,22): warning CSENSE001: The symbol 'CodeFirstSceneSetup' is missing valid documentation [C:\Users\pierc\source\repos\archanox\LibreRally\LibreRally\LibreRally.csproj::TargetFramework=net10.0]
C:\Users\pierc\source\repos\archanox\LibreRally\LibreRally\Camera\RallyCameraScript.cs(13,20): warning CSENSE001: The symbol 'Target' is missing valid documentation [C:\Users\pierc\source\repos\archanox\LibreRally\LibreRally\LibreRally.csproj::TargetFramework=net10.0]
C:\Users\pierc\source\repos\archanox\LibreRally\LibreRally\Camera\RallyCameraScript.cs(14,31): warning CSENSE001: The symbol 'CarComponent' is missing valid documentation [C:\Users\pierc\source\repos\archanox\LibreRally\LibreRally\LibreRally.csproj::TargetFramework=net10.0]
C:\Users\pierc\source\repos\archanox\LibreRally\LibreRally\Camera\RallyCameraScript.cs(17,20): warning CSENSE001: The symbol 'FollowOffset' is missing valid documentation [C:\Users\pierc\source\repos\archanox\LibreRally\LibreRally\LibreRally.csproj::TargetFramework=net10.0]
C:\Users\pierc\source\repos\archanox\LibreRally\LibreRally\Camera\RallyCameraScript.cs(18,18): warning CSENSE001: The symbol 'FollowLerpSpeed' is missing valid documentation [C:\Users\pierc\source\repos\archanox\LibreRally\LibreRally\LibreRally.csproj::TargetFramework=net10.0]
C:\Users\pierc\source\repos\archanox\LibreRally\LibreRally\Race\CheckpointTrigger.cs(11,14): warning CSENSE001: The symbol 'CheckpointTrigger' is missing valid documentation [C:\Users\pierc\source\repos\archanox\LibreRally\LibreRally\LibreRally.csproj::TargetFramework=net10.0]
C:\Users\pierc\source\repos\archanox\LibreRally\LibreRally\Race\CheckpointTrigger.cs(13,16): warning CSENSE001: The symbol 'CheckpointIndex' is missing valid documentation [C:\Users\pierc\source\repos\archanox\LibreRally\LibreRally\LibreRally.csproj::TargetFramework=net10.0]
C:\Users\pierc\source\repos\archanox\LibreRally\LibreRally\Race\CheckpointTrigger.cs(14,20): warning CSENSE001: The symbol 'Size' is missing valid documentation [C:\Users\pierc\source\repos\archanox\LibreRally\LibreRally\LibreRally.csproj::TargetFramework=net10.0]
C:\Users\pierc\source\repos\archanox\LibreRally\LibreRally\Race\CheckpointTrigger.cs(15,31): warning CSENSE001: The symbol 'Triggered' is missing valid documentation [C:\Users\pierc\source\repos\archanox\LibreRally\LibreRally\LibreRally.csproj::TargetFramework=net10.0]
C:\Users\pierc\source\repos\archanox\LibreRally\LibreRally\Race\RaceController.cs(8,14): warning CSENSE001: The symbol 'RaceController' is missing valid documentation [C:\Users\pierc\source\repos\archanox\LibreRally\LibreRally\LibreRally.csproj::TargetFramework=net10.0]
C:\Users\pierc\source\repos\archanox\LibreRally\LibreRally\Race\RaceController.cs(10,23): warning CSENSE001: The symbol 'Timer' is missing valid documentation [C:\Users\pierc\source\repos\archanox\LibreRally\LibreRally\LibreRally.csproj::TargetFramework=net10.0]
C:\Users\pierc\source\repos\archanox\LibreRally\LibreRally\Camera\RallyCameraScript.cs(11,14): warning CSENSE001: The symbol 'RallyCameraScript' is missing valid documentation [C:\Users\pierc\source\repos\archanox\LibreRally\LibreRally\LibreRally.csproj::TargetFramework=net10.0]
C:\Users\pierc\source\repos\archanox\LibreRally\LibreRally\Race\RaceController.cs(11,36): warning CSENSE001: The symbol 'Checkpoints' is missing valid documentation [C:\Users\pierc\source\repos\archanox\LibreRally\LibreRally\LibreRally.csproj::TargetFramework=net10.0]
C:\Users\pierc\source\repos\archanox\LibreRally\LibreRally\Race\RaceController.cs(12,18): warning CSENSE001: The symbol 'CountdownDuration' is missing valid documentation [C:\Users\pierc\source\repos\archanox\LibreRally\LibreRally\LibreRally.csproj::TargetFramework=net10.0]
C:\Users\pierc\source\repos\archanox\LibreRally\LibreRally\Race\RaceController.cs(18,25): warning CSENSE001: The symbol 'SplitTimes' is missing valid documentation [C:\Users\pierc\source\repos\archanox\LibreRally\LibreRally\LibreRally.csproj::TargetFramework=net10.0]
C:\Users\pierc\source\repos\archanox\LibreRally\LibreRally\Race\RaceController.cs(20,17): warning CSENSE001: The symbol 'IsRacing' is missing valid documentation [C:\Users\pierc\source\repos\archanox\LibreRally\LibreRally\LibreRally.csproj::TargetFramework=net10.0]
C:\Users\pierc\source\repos\archanox\LibreRally\LibreRally\Race\RaceController.cs(21,18): warning CSENSE001: The symbol 'CountdownRemaining' is missing valid documentation [C:\Users\pierc\source\repos\archanox\LibreRally\LibreRally\LibreRally.csproj::TargetFramework=net10.0]
C:\Users\pierc\source\repos\archanox\LibreRally\LibreRally\Race\RaceController.cs(22,16): warning CSENSE001: The symbol 'CountdownBeats' is missing valid documentation [C:\Users\pierc\source\repos\archanox\LibreRally\LibreRally\LibreRally.csproj::TargetFramework=net10.0]
C:\Users\pierc\source\repos\archanox\LibreRally\LibreRally\Race\RaceController.cs(24,26): warning CSENSE001: The symbol 'RaceStarted' is missing valid documentation [C:\Users\pierc\source\repos\archanox\LibreRally\LibreRally\LibreRally.csproj::TargetFramework=net10.0]
C:\Users\pierc\source\repos\archanox\LibreRally\LibreRally\Race\RaceController.cs(25,26): warning CSENSE001: The symbol 'RaceFinished' is missing valid documentation [C:\Users\pierc\source\repos\archanox\LibreRally\LibreRally\LibreRally.csproj::TargetFramework=net10.0]
C:\Users\pierc\source\repos\archanox\LibreRally\LibreRally\Race\RaceTimer.cs(7,14): warning CSENSE001: The symbol 'RaceTimer' is missing valid documentation [C:\Users\pierc\source\repos\archanox\LibreRally\LibreRally\LibreRally.csproj::TargetFramework=net10.0]
C:\Users\pierc\source\repos\archanox\LibreRally\LibreRally\Race\RaceTimer.cs(12,17): warning CSENSE001: The symbol 'IsRunning' is missing valid documentation [C:\Users\pierc\source\repos\archanox\LibreRally\LibreRally\LibreRally.csproj::TargetFramework=net10.0]
C:\Users\pierc\source\repos\archanox\LibreRally\LibreRally\Race\RaceTimer.cs(13,19): warning CSENSE001: The symbol 'ElapsedSeconds' is missing valid documentation [C:\Users\pierc\source\repos\archanox\LibreRally\LibreRally\LibreRally.csproj::TargetFramework=net10.0]
C:\Users\pierc\source\repos\archanox\LibreRally\LibreRally\HUD\PauseMenuOverlay.cs(13,31): warning CSENSE001: The symbol 'PauseMenuItem' is missing valid documentation [C:\Users\pierc\source\repos\archanox\LibreRally\LibreRally\LibreRally.csproj::TargetFramework=net10.0]
C:\Users\pierc\source\repos\archanox\LibreRally\LibreRally\HUD\PauseMenuOverlay.cs(15,21): warning CSENSE001: The symbol 'PauseMenuOverlay' is missing valid documentation [C:\Users\pierc\source\repos\archanox\LibreRally\LibreRally\LibreRally.csproj::TargetFramework=net10.0]
C:\Users\pierc\source\repos\archanox\LibreRally\LibreRally\HUD\PauseMenuOverlay.cs(47,16): warning CSENSE001: The symbol 'SelectedIndex' is missing valid documentation [C:\Users\pierc\source\repos\archanox\LibreRally\LibreRally\LibreRally.csproj::TargetFramework=net10.0]
C:\Users\pierc\source\repos\archanox\LibreRally\LibreRally\HUD\PauseMenuOverlay.cs(37,41): warning CSENSE001: The symbol 'Items' is missing valid documentation [C:\Users\pierc\source\repos\archanox\LibreRally\LibreRally\LibreRally.csproj::TargetFramework=net10.0]
C:\Users\pierc\source\repos\archanox\LibreRally\LibreRally\HUD\PauseMenuOverlay.cs(57,17): warning CSENSE001: The symbol 'OverlayVisible' is missing valid documentation [C:\Users\pierc\source\repos\archanox\LibreRally\LibreRally\LibreRally.csproj::TargetFramework=net10.0]
C:\Users\pierc\source\repos\archanox\LibreRally\LibreRally\HUD\PauseMenuOverlay.cs(77,19): warning CSENSE001: The symbol 'VehicleName' is missing valid documentation [C:\Users\pierc\source\repos\archanox\LibreRally\LibreRally\LibreRally.csproj::TargetFramework=net10.0]
C:\Users\pierc\source\repos\archanox\LibreRally\LibreRally\HUD\PauseMenuOverlay.cs(67,19): warning CSENSE001: The symbol 'StatusText' is missing valid documentation [C:\Users\pierc\source\repos\archanox\LibreRally\LibreRally\LibreRally.csproj::TargetFramework=net10.0]
C:\Users\pierc\source\repos\archanox\LibreRally\LibreRally\HUD\PauseMenuOverlay.cs(87,25): warning CSENSE001: The symbol 'ItemActivated' is missing valid documentation [C:\Users\pierc\source\repos\archanox\LibreRally\LibreRally\LibreRally.csproj::TargetFramework=net10.0]
C:\Users\pierc\source\repos\archanox\LibreRally\LibreRally\HUD\SetupUiShellModel.cs(9,13): warning CSENSE001: The symbol 'SetupUiEditorKind' is missing valid documentation [C:\Users\pierc\source\repos\archanox\LibreRally\LibreRally\LibreRally.csproj::TargetFramework=net10.0]
C:\Users\pierc\source\repos\archanox\LibreRally\LibreRally\HUD\SetupUiShellModel.cs(11,5): warning CSENSE001: The symbol 'Numeric' is missing valid documentation [C:\Users\pierc\source\repos\archanox\LibreRally\LibreRally\LibreRally.csproj::TargetFramework=net10.0]
C:\Users\pierc\source\repos\archanox\LibreRally\LibreRally\HUD\SetupUiShellModel.cs(13,5): warning CSENSE001: The symbol 'Toggle' is missing valid documentation [C:\Users\pierc\source\repos\archanox\LibreRally\LibreRally\LibreRally.csproj::TargetFramework=net10.0]
C:\Users\pierc\source\repos\archanox\LibreRally\LibreRally\HUD\SetupUiShellModel.cs(18,5): warning CSENSE001: The symbol 'Live' is missing valid documentation [C:\Users\pierc\source\repos\archanox\LibreRally\LibreRally\LibreRally.csproj::TargetFramework=net10.0]
C:\Users\pierc\source\repos\archanox\LibreRally\LibreRally\HUD\SetupUiShellModel.cs(16,13): warning CSENSE001: The symbol 'SetupUiApplyMode' is missing valid documentation [C:\Users\pierc\source\repos\archanox\LibreRally\LibreRally\LibreRally.csproj::TargetFramework=net10.0]
C:\Users\pierc\source\repos\archanox\LibreRally\LibreRally\HUD\SetupUiShellModel.cs(19,5): warning CSENSE001: The symbol 'Reload' is missing valid documentation [C:\Users\pierc\source\repos\archanox\LibreRally\LibreRally\LibreRally.csproj::TargetFramework=net10.0]
C:\Users\pierc\source\repos\archanox\LibreRally\LibreRally\HUD\SetupUiShellModel.cs(12,5): warning CSENSE001: The symbol 'Choice' is missing valid documentation [C:\Users\pierc\source\repos\archanox\LibreRally\LibreRally\LibreRally.csproj::TargetFramework=net10.0]
C:\Users\pierc\source\repos\archanox\LibreRally\LibreRally\HUD\SetupUiShellModel.cs(22,21): warning CSENSE001: The symbol 'SetupUiApplyPayload' is missing valid documentation [C:\Users\pierc\source\repos\archanox\LibreRally\LibreRally\LibreRally.csproj::TargetFramework=net10.0]
C:\Users\pierc\source\repos\archanox\LibreRally\LibreRally\HUD\SetupUiShellModel.cs(24,38): warning CSENSE001: The symbol 'VariableOverrides' is missing valid documentation [C:\Users\pierc\source\repos\archanox\LibreRally\LibreRally\LibreRally.csproj::TargetFramework=net10.0]
C:\Users\pierc\source\repos\archanox\LibreRally\LibreRally\HUD\DrivingHudOverlay.cs(16,21): warning CSENSE001: The symbol 'DrivingHudOverlay' is missing valid documentation [C:\Users\pierc\source\repos\archanox\LibreRally\LibreRally\LibreRally.csproj::TargetFramework=net10.0]
C:\Users\pierc\source\repos\archanox\LibreRally\LibreRally\HUD\SetupUiShellModel.cs(25,48): warning CSENSE001: The symbol 'PressureOverrides' is missing valid documentation [C:\Users\pierc\source\repos\archanox\LibreRally\LibreRally\LibreRally.csproj::TargetFramework=net10.0]
C:\Users\pierc\source\repos\archanox\LibreRally\LibreRally\HUD\DrivingHudOverlay.cs(43,31): warning CSENSE001: The symbol 'Car' is missing valid documentation [C:\Users\pierc\source\repos\archanox\LibreRally\LibreRally\LibreRally.csproj::TargetFramework=net10.0]
C:\Users\pierc\source\repos\archanox\LibreRally\LibreRally\HUD\DrivingHudOverlay.cs(44,23): warning CSENSE001: The symbol 'Timer' is missing valid documentation [C:\Users\pierc\source\repos\archanox\LibreRally\LibreRally\LibreRally.csproj::TargetFramework=net10.0]
C:\Users\pierc\source\repos\archanox\LibreRally\LibreRally\HUD\DrivingHudOverlay.cs(45,28): warning CSENSE001: The symbol 'RaceController' is missing valid documentation [C:\Users\pierc\source\repos\archanox\LibreRally\LibreRally\LibreRally.csproj::TargetFramework=net10.0]
C:\Users\pierc\source\repos\archanox\LibreRally\LibreRally\HUD\SetupUiShellModel.cs(26,19): warning CSENSE001: The symbol 'SummaryText' is missing valid documentation [C:\Users\pierc\source\repos\archanox\LibreRally\LibreRally\LibreRally.csproj::TargetFramework=net10.0]
C:\Users\pierc\source\repos\archanox\LibreRally\LibreRally\HUD\DrivingHudOverlay.cs(46,19): warning CSENSE001: The symbol 'StatusText' is missing valid documentation [C:\Users\pierc\source\repos\archanox\LibreRally\LibreRally\LibreRally.csproj::TargetFramework=net10.0]
C:\Users\pierc\source\repos\archanox\LibreRally\LibreRally\HUD\SetupUiShellModel.cs(27,17): warning CSENSE001: The symbol 'HasChanges' is missing valid documentation [C:\Users\pierc\source\repos\archanox\LibreRally\LibreRally\LibreRally.csproj::TargetFramework=net10.0]
C:\Users\pierc\source\repos\archanox\LibreRally\LibreRally\HUD\DrivingHudOverlay.cs(47,17): warning CSENSE001: The symbol 'DebugOverlayVisible' is missing valid documentation [C:\Users\pierc\source\repos\archanox\LibreRally\LibreRally\LibreRally.csproj::TargetFramework=net10.0]
C:\Users\pierc\source\repos\archanox\LibreRally\LibreRally\HUD\SetupUiShellModel.cs(28,17): warning CSENSE001: The symbol 'RequiresReload' is missing valid documentation [C:\Users\pierc\source\repos\archanox\LibreRally\LibreRally\LibreRally.csproj::TargetFramework=net10.0]
C:\Users\pierc\source\repos\archanox\LibreRally\LibreRally\VehicleSpawner.cs(24,13): warning CSENSE001: The symbol 'PauseMenuAction' is missing valid documentation [C:\Users\pierc\source\repos\archanox\LibreRally\LibreRally\LibreRally.csproj::TargetFramework=net10.0]
C:\Users\pierc\source\repos\archanox\LibreRally\LibreRally\VehicleSpawner.cs(26,5): warning CSENSE001: The symbol 'ResumeDriving' is missing valid documentation [C:\Users\pierc\source\repos\archanox\LibreRally\LibreRally\LibreRally.csproj::TargetFramework=net10.0]
C:\Users\pierc\source\repos\archanox\LibreRally\LibreRally\VehicleSpawner.cs(29,5): warning CSENSE001: The symbol 'VehicleSelect' is missing valid documentation [C:\Users\pierc\source\repos\archanox\LibreRally\LibreRally\LibreRally.csproj::TargetFramework=net10.0]
C:\Users\pierc\source\repos\archanox\LibreRally\LibreRally\HUD\SetupUiShellModel.cs(253,21): warning CSENSE001: The symbol 'SetupUiCategoryModel' is missing valid documentation [C:\Users\pierc\source\repos\archanox\LibreRally\LibreRally\LibreRally.csproj::TargetFramework=net10.0]
C:\Users\pierc\source\repos\archanox\LibreRally\LibreRally\HUD\SetupUiShellModel.cs(260,19): warning CSENSE001: The symbol 'Id' is missing valid documentation [C:\Users\pierc\source\repos\archanox\LibreRally\LibreRally\LibreRally.csproj::TargetFramework=net10.0]
C:\Users\pierc\source\repos\archanox\LibreRally\LibreRally\HUD\SetupUiShellModel.cs(261,19): warning CSENSE001: The symbol 'Title' is missing valid documentation [C:\Users\pierc\source\repos\archanox\LibreRally\LibreRally\LibreRally.csproj::TargetFramework=net10.0]
C:\Users\pierc\source\repos\archanox\LibreRally\LibreRally\HUD\SetupUiShellModel.cs(262,19): warning CSENSE001: The symbol 'Tagline' is missing valid documentation [C:\Users\pierc\source\repos\archanox\LibreRally\LibreRally\LibreRally.csproj::TargetFramework=net10.0]
C:\Users\pierc\source\repos\archanox\LibreRally\LibreRally\HUD\SetupUiShellModel.cs(263,19): warning CSENSE001: The symbol 'Description' is missing valid documentation [C:\Users\pierc\source\repos\archanox\LibreRally\LibreRally\LibreRally.csproj::TargetFramework=net10.0]
C:\Users\pierc\source\repos\archanox\LibreRally\LibreRally\HUD\SetupUiShellModel.cs(264,45): warning CSENSE001: The symbol 'Fields' is missing valid documentation [C:\Users\pierc\source\repos\archanox\LibreRally\LibreRally\LibreRally.csproj::TargetFramework=net10.0]
C:\Users\pierc\source\repos\archanox\LibreRally\LibreRally\HUD\SetupUiShellModel.cs(265,16): warning CSENSE001: The symbol 'PendingChangeCount' is missing valid documentation [C:\Users\pierc\source\repos\archanox\LibreRally\LibreRally\LibreRally.csproj::TargetFramework=net10.0]
C:\Users\pierc\source\repos\archanox\LibreRally\LibreRally\HUD\SetupUiShellModel.cs(267,16): warning CSENSE001: The symbol 'PendingReloadChangeCount' is missing valid documentation [C:\Users\pierc\source\repos\archanox\LibreRally\LibreRally\LibreRally.csproj::TargetFramework=net10.0]
C:\Users\pierc\source\repos\archanox\LibreRally\LibreRally\HUD\SetupUiShellModel.cs(268,16): warning CSENSE001: The symbol 'NonDefaultChangeCount' is missing valid documentation [C:\Users\pierc\source\repos\archanox\LibreRally\LibreRally\LibreRally.csproj::TargetFramework=net10.0]
C:\Users\pierc\source\repos\archanox\LibreRally\LibreRally.macOS\LibreRally.macOS.csproj : warning NU1901: Package 'NuGet.Packaging' 7.0.0 has a known low severity vulnerability, https://github.com/advisories/GHSA-g4vj-cjjj-v7hg
C:\Users\pierc\source\repos\archanox\LibreRally\LibreRally.macOS\LibreRally.macOS.csproj : warning NU1901: Package 'NuGet.Protocol' 7.0.0 has a known low severity vulnerability, https://github.com/advisories/GHSA-g4vj-cjjj-v7hg
C:\Users\pierc\source\repos\archanox\LibreRally\LibreRally.macOS\LibreRally.macOS.csproj : warning NU1903: Package 'System.Security.Cryptography.Xml' 10.0.1 has a known high severity vulnerability, https://github.com/advisories/GHSA-37gx-xxp4-5rgx
C:\Users\pierc\source\repos\archanox\LibreRally\LibreRally.macOS\LibreRally.macOS.csproj : warning NU1903: Package 'System.Security.Cryptography.Xml' 10.0.1 has a known high severity vulnerability, https://github.com/advisories/GHSA-w3x6-4m5h-cxqf
C:\Users\pierc\source\repos\archanox\LibreRally\LibreRally\HUD\SetupUiShellModel.cs(31,21): warning CSENSE001: The symbol 'SetupUiShellModel' is missing valid documentation [C:\Users\pierc\source\repos\archanox\LibreRally\LibreRally\LibreRally.csproj::TargetFramework=net10.0]
C:\Users\pierc\source\repos\archanox\LibreRally\LibreRally\HUD\SetupUiShellModel.cs(33,19): warning CSENSE001: The symbol 'Title' is missing valid documentation [C:\Users\pierc\source\repos\archanox\LibreRally\LibreRally\LibreRally.csproj::TargetFramework=net10.0]
C:\Users\pierc\source\repos\archanox\LibreRally\LibreRally\HUD\SetupUiShellModel.cs(266,16): warning CSENSE001: The symbol 'PendingLiveChangeCount' is missing valid documentation [C:\Users\pierc\source\repos\archanox\LibreRally\LibreRally\LibreRally.csproj::TargetFramework=net10.0]
C:\Users\pierc\source\repos\archanox\LibreRally\LibreRally\HUD\SetupUiShellModel.cs(34,19): warning CSENSE001: The symbol 'Subtitle' is missing valid documentation [C:\Users\pierc\source\repos\archanox\LibreRally\LibreRally\LibreRally.csproj::TargetFramework=net10.0]
C:\Users\pierc\source\repos\archanox\LibreRally\LibreRally\HUD\SetupUiShellModel.cs(36,19): warning CSENSE001: The symbol 'StatusText' is missing valid documentation [C:\Users\pierc\source\repos\archanox\LibreRally\LibreRally\LibreRally.csproj::TargetFramework=net10.0]
C:\Users\pierc\source\repos\archanox\LibreRally\LibreRally\HUD\SetupUiShellModel.cs(37,48): warning CSENSE001: The symbol 'Categories' is missing valid documentation [C:\Users\pierc\source\repos\archanox\LibreRally\LibreRally\LibreRally.csproj::TargetFramework=net10.0]
C:\Users\pierc\source\repos\archanox\LibreRally\LibreRally\VehicleSpawner.cs(27,5): warning CSENSE001: The symbol 'ResetVehicle' is missing valid documentation [C:\Users\pierc\source\repos\archanox\LibreRally\LibreRally\LibreRally.csproj::TargetFramework=net10.0]
C:\Users\pierc\source\repos\archanox\LibreRally\LibreRally\HUD\SetupUiShellModel.cs(38,16): warning CSENSE001: The symbol 'SelectedCategoryIndex' is missing valid documentation [C:\Users\pierc\source\repos\archanox\LibreRally\LibreRally\LibreRally.csproj::TargetFramework=net10.0]
C:\Users\pierc\source\repos\archanox\LibreRally\LibreRally\HUD\SetupUiShellModel.cs(35,19): warning CSENSE001: The symbol 'VehicleName' is missing valid documentation [C:\Users\pierc\source\repos\archanox\LibreRally\LibreRally\LibreRally.csproj::TargetFramework=net10.0]
C:\Users\pierc\source\repos\archanox\LibreRally\LibreRally\HUD\SetupUiShellModel.cs(39,33): warning CSENSE001: The symbol 'SelectedCategory' is missing valid documentation [C:\Users\pierc\source\repos\archanox\LibreRally\LibreRally\LibreRally.csproj::TargetFramework=net10.0]
C:\Users\pierc\source\repos\archanox\LibreRally\LibreRally\HUD\SetupUiShellModel.cs(40,16): warning CSENSE001: The symbol 'PendingChangeCount' is missing valid documentation [C:\Users\pierc\source\repos\archanox\LibreRally\LibreRally\LibreRally.csproj::TargetFramework=net10.0]
C:\Users\pierc\source\repos\archanox\LibreRally\LibreRally\HUD\SetupUiShellModel.cs(42,16): warning CSENSE001: The symbol 'PendingReloadChangeCount' is missing valid documentation [C:\Users\pierc\source\repos\archanox\LibreRally\LibreRally\LibreRally.csproj::TargetFramework=net10.0]
C:\Users\pierc\source\repos\archanox\LibreRally\LibreRally\HUD\SetupUiShellModel.cs(41,16): warning CSENSE001: The symbol 'PendingLiveChangeCount' is missing valid documentation [C:\Users\pierc\source\repos\archanox\LibreRally\LibreRally\LibreRally.csproj::TargetFramework=net10.0]
C:\Users\pierc\source\repos\archanox\LibreRally\LibreRally\HUD\SetupUiShellModel.cs(44,17): warning CSENSE001: The symbol 'CanApply' is missing valid documentation [C:\Users\pierc\source\repos\archanox\LibreRally\LibreRally\LibreRally.csproj::TargetFramework=net10.0]
C:\Users\pierc\source\repos\archanox\LibreRally\LibreRally\HUD\SetupUiShellModel.cs(45,17): warning CSENSE001: The symbol 'CanResetToDefaults' is missing valid documentation [C:\Users\pierc\source\repos\archanox\LibreRally\LibreRally\LibreRally.csproj::TargetFramework=net10.0]
C:\Users\pierc\source\repos\archanox\LibreRally\LibreRally\HUD\SetupUiShellModel.cs(43,16): warning CSENSE001: The symbol 'NonDefaultChangeCount' is missing valid documentation [C:\Users\pierc\source\repos\archanox\LibreRally\LibreRally\LibreRally.csproj::TargetFramework=net10.0]
C:\Users\pierc\source\repos\archanox\LibreRally\LibreRally\HUD\SetupUiShellModel.cs(273,19): warning CSENSE001: The symbol 'Id' is missing valid documentation [C:\Users\pierc\source\repos\archanox\LibreRally\LibreRally\LibreRally.csproj::TargetFramework=net10.0]
C:\Users\pierc\source\repos\archanox\LibreRally\LibreRally\HUD\SetupUiShellModel.cs(271,21): warning CSENSE001: The symbol 'SetupUiFieldModel' is missing valid documentation [C:\Users\pierc\source\repos\archanox\LibreRally\LibreRally\LibreRally.csproj::TargetFramework=net10.0]
C:\Users\pierc\source\repos\archanox\LibreRally\LibreRally\HUD\SetupUiShellModel.cs(274,19): warning CSENSE001: The symbol 'Label' is missing valid documentation [C:\Users\pierc\source\repos\archanox\LibreRally\LibreRally\LibreRally.csproj::TargetFramework=net10.0]
C:\Users\pierc\source\repos\archanox\LibreRally\LibreRally\HUD\SetupUiShellModel.cs(275,19): warning CSENSE001: The symbol 'Description' is missing valid documentation [C:\Users\pierc\source\repos\archanox\LibreRally\LibreRally\LibreRally.csproj::TargetFramework=net10.0]
C:\Users\pierc\source\repos\archanox\LibreRally\LibreRally\HUD\SetupUiShellModel.cs(277,29): warning CSENSE001: The symbol 'ApplyMode' is missing valid documentation [C:\Users\pierc\source\repos\archanox\LibreRally\LibreRally\LibreRally.csproj::TargetFramework=net10.0]
C:\Users\pierc\source\repos\archanox\LibreRally\LibreRally\HUD\SetupUiShellModel.cs(276,30): warning CSENSE001: The symbol 'EditorKind' is missing valid documentation [C:\Users\pierc\source\repos\archanox\LibreRally\LibreRally\LibreRally.csproj::TargetFramework=net10.0]
C:\Users\pierc\source\repos\archanox\LibreRally\LibreRally\VehicleSpawner.cs(32,31): warning CSENSE001: The symbol 'PauseMenuEntry' is missing valid documentation [C:\Users\pierc\source\repos\archanox\LibreRally\LibreRally\LibreRally.csproj::TargetFramework=net10.0]
C:\Users\pierc\source\repos\archanox\LibreRally\LibreRally\HUD\SetupUiShellModel.cs(278,18): warning CSENSE001: The symbol 'NumericValue' is missing valid documentation [C:\Users\pierc\source\repos\archanox\LibreRally\LibreRally\LibreRally.csproj::TargetFramework=net10.0]
C:\Users\pierc\source\repos\archanox\LibreRally\LibreRally\HUD\SetupUiShellModel.cs(279,18): warning CSENSE001: The symbol 'RawNumericValue' is missing valid documentation [C:\Users\pierc\source\repos\archanox\LibreRally\LibreRally\LibreRally.csproj::TargetFramework=net10.0]
C:\Users\pierc\source\repos\archanox\LibreRally\LibreRally\HUD\SetupUiShellModel.cs(280,18): warning CSENSE001: The symbol 'Minimum' is missing valid documentation [C:\Users\pierc\source\repos\archanox\LibreRally\LibreRally\LibreRally.csproj::TargetFramework=net10.0]
C:\Users\pierc\source\repos\archanox\LibreRally\LibreRally\HUD\SetupUiShellModel.cs(281,18): warning CSENSE001: The symbol 'Maximum' is missing valid documentation [C:\Users\pierc\source\repos\archanox\LibreRally\LibreRally\LibreRally.csproj::TargetFramework=net10.0]
C:\Users\pierc\source\repos\archanox\LibreRally\LibreRally\HUD\SetupUiShellModel.cs(282,18): warning CSENSE001: The symbol 'Step' is missing valid documentation [C:\Users\pierc\source\repos\archanox\LibreRally\LibreRally\LibreRally.csproj::TargetFramework=net10.0]
C:\Users\pierc\source\repos\archanox\LibreRally\LibreRally\HUD\SetupUiShellModel.cs(283,19): warning CSENSE001: The symbol 'Unit' is missing valid documentation [C:\Users\pierc\source\repos\archanox\LibreRally\LibreRally\LibreRally.csproj::TargetFramework=net10.0]
C:\Users\pierc\source\repos\archanox\LibreRally\LibreRally\HUD\SetupUiShellModel.cs(284,17): warning CSENSE001: The symbol 'ToggleValue' is missing valid documentation [C:\Users\pierc\source\repos\archanox\LibreRally\LibreRally\LibreRally.csproj::TargetFramework=net10.0]
C:\Users\pierc\source\repos\archanox\LibreRally\LibreRally\HUD\SetupUiShellModel.cs(285,19): warning CSENSE001: The symbol 'ToggleOnLabel' is missing valid documentation [C:\Users\pierc\source\repos\archanox\LibreRally\LibreRally\LibreRally.csproj::TargetFramework=net10.0]
C:\Users\pierc\source\repos\archanox\LibreRally\LibreRally\HUD\SetupUiShellModel.cs(286,19): warning CSENSE001: The symbol 'ToggleOffLabel' is missing valid documentation [C:\Users\pierc\source\repos\archanox\LibreRally\LibreRally\LibreRally.csproj::TargetFramework=net10.0]
C:\Users\pierc\source\repos\archanox\LibreRally\LibreRally\HUD\SetupUiShellModel.cs(287,34): warning CSENSE001: The symbol 'ChoiceOptions' is missing valid documentation [C:\Users\pierc\source\repos\archanox\LibreRally\LibreRally\LibreRally.csproj::TargetFramework=net10.0]
C:\Users\pierc\source\repos\archanox\LibreRally\LibreRally\HUD\SetupUiShellModel.cs(288,16): warning CSENSE001: The symbol 'ChoiceIndex' is missing valid documentation [C:\Users\pierc\source\repos\archanox\LibreRally\LibreRally\LibreRally.csproj::TargetFramework=net10.0]
C:\Users\pierc\source\repos\archanox\LibreRally\LibreRally\HUD\SetupUiShellModel.cs(289,20): warning CSENSE001: The symbol 'BoundKey' is missing valid documentation [C:\Users\pierc\source\repos\archanox\LibreRally\LibreRally\LibreRally.csproj::TargetFramework=net10.0]
C:\Users\pierc\source\repos\archanox\LibreRally\LibreRally\HUD\SetupUiShellModel.cs(290,35): warning CSENSE001: The symbol 'BindingKind' is missing valid documentation [C:\Users\pierc\source\repos\archanox\LibreRally\LibreRally\LibreRally.csproj::TargetFramework=net10.0]
C:\Users\pierc\source\repos\archanox\LibreRally\LibreRally\VehicleSpawner.cs(28,5): warning CSENSE001: The symbol 'GarageSetup' is missing valid documentation [C:\Users\pierc\source\repos\archanox\LibreRally\LibreRally\LibreRally.csproj::TargetFramework=net10.0]
C:\Users\pierc\source\repos\archanox\LibreRally\LibreRally\HUD\SetupUiShellModel.cs(291,29): warning CSENSE001: The symbol 'Axle' is missing valid documentation [C:\Users\pierc\source\repos\archanox\LibreRally\LibreRally\LibreRally.csproj::TargetFramework=net10.0]
C:\Users\pierc\source\repos\archanox\LibreRally\LibreRally\HUD\SetupUiShellModel.cs(292,17): warning CSENSE001: The symbol 'IsBoundNumericField' is missing valid documentation [C:\Users\pierc\source\repos\archanox\LibreRally\LibreRally\LibreRally.csproj::TargetFramework=net10.0]
C:\Users\pierc\source\repos\archanox\LibreRally\LibreRally\HUD\SetupUiShellModel.cs(300,17): warning CSENSE001: The symbol 'CanResetToDefault' is missing valid documentation [C:\Users\pierc\source\repos\archanox\LibreRally\LibreRally\LibreRally.csproj::TargetFramework=net10.0]
C:\Users\pierc\source\repos\archanox\LibreRally\LibreRally\HUD\SetupUiShellModel.cs(293,19): warning CSENSE001: The symbol 'DefaultDisplayValue' is missing valid documentation [C:\Users\pierc\source\repos\archanox\LibreRally\LibreRally\LibreRally.csproj::TargetFramework=net10.0]
C:\Users\pierc\source\repos\archanox\LibreRally\LibreRally\HUD\SetupUiShellModel.cs(307,17): warning CSENSE001: The symbol 'IsDirty' is missing valid documentation [C:\Users\pierc\source\repos\archanox\LibreRally\LibreRally\LibreRally.csproj::TargetFramework=net10.0]
C:\Users\pierc\source\repos\archanox\LibreRally\LibreRally\Vehicle\VehicleSetupOverrides.cs(7,5): warning CSENSE001: The symbol 'Unspecified' is missing valid documentation [C:\Users\pierc\source\repos\archanox\LibreRally\LibreRally\LibreRally.csproj::TargetFramework=net10.0]
C:\Users\pierc\source\repos\archanox\LibreRally\LibreRally\HUD\SetupUiShellModel.cs(376,19): warning CSENSE001: The symbol 'DisplayValue' is missing valid documentation [C:\Users\pierc\source\repos\archanox\LibreRally\LibreRally\LibreRally.csproj::TargetFramework=net10.0]
C:\Users\pierc\source\repos\archanox\LibreRally\LibreRally\Vehicle\Content\BeamNgVehicleCatalog.cs(11,13): warning CSENSE001: The symbol 'BeamNgVehicleSourceKind' is missing valid documentation [C:\Users\pierc\source\repos\archanox\LibreRally\LibreRally\LibreRally.csproj::TargetFramework=net10.0]
C:\Users\pierc\source\repos\archanox\LibreRally\LibreRally\Vehicle\Content\BeamNgVehicleCatalog.cs(13,5): warning CSENSE001: The symbol 'Folder' is missing valid documentation [C:\Users\pierc\source\repos\archanox\LibreRally\LibreRally\LibreRally.csproj::TargetFramework=net10.0]
C:\Users\pierc\source\repos\archanox\LibreRally\LibreRally\Vehicle\Content\BeamNgVehicleCatalog.cs(17,22): warning CSENSE001: The symbol 'BeamNgVehicleDescriptor' is missing valid documentation [C:\Users\pierc\source\repos\archanox\LibreRally\LibreRally\LibreRally.csproj::TargetFramework=net10.0]
C:\Users\pierc\source\repos\archanox\LibreRally\LibreRally\Vehicle\Content\BeamNgVehicleCatalog.cs(23,19): warning CSENSE001: The symbol 'DisplayName' is missing valid documentation [C:\Users\pierc\source\repos\archanox\LibreRally\LibreRally\LibreRally.csproj::TargetFramework=net10.0]
C:\Users\pierc\source\repos\archanox\LibreRally\LibreRally\Vehicle\Content\BeamNgVehicleCatalog.cs(28,21): warning CSENSE001: The symbol 'BeamNgResolvedVehicle' is missing valid documentation [C:\Users\pierc\source\repos\archanox\LibreRally\LibreRally\LibreRally.csproj::TargetFramework=net10.0]
C:\Users\pierc\source\repos\archanox\LibreRally\LibreRally\Vehicle\Content\BeamNgVehicleCatalog.cs(14,5): warning CSENSE001: The symbol 'ZipArchive' is missing valid documentation [C:\Users\pierc\source\repos\archanox\LibreRally\LibreRally\LibreRally.csproj::TargetFramework=net10.0]
C:\Users\pierc\source\repos\archanox\LibreRally\LibreRally\Vehicle\Content\BeamNgVehicleCatalog.cs(48,19): warning CSENSE001: The symbol 'VehicleId' is missing valid documentation [C:\Users\pierc\source\repos\archanox\LibreRally\LibreRally\LibreRally.csproj::TargetFramework=net10.0]
C:\Users\pierc\source\repos\archanox\LibreRally\LibreRally\Vehicle\Content\BeamNgVehicleCatalog.cs(49,19): warning CSENSE001: The symbol 'VehicleFolderPath' is missing valid documentation [C:\Users\pierc\source\repos\archanox\LibreRally\LibreRally\LibreRally.csproj::TargetFramework=net10.0]
C:\Users\pierc\source\repos\archanox\LibreRally\LibreRally\HUD\SetupUiShellModel.cs(384,19): warning CSENSE001: The symbol 'ApplyHint' is missing valid documentation [C:\Users\pierc\source\repos\archanox\LibreRally\LibreRally\LibreRally.csproj::TargetFramework=net10.0]
C:\Users\pierc\source\repos\archanox\LibreRally\LibreRally\Vehicle\Content\BeamNgVehicleCatalog.cs(51,34): warning CSENSE001: The symbol 'VehiclesRootDirectories' is missing valid documentation [C:\Users\pierc\source\repos\archanox\LibreRally\LibreRally\LibreRally.csproj::TargetFramework=net10.0]
C:\Users\pierc\source\repos\archanox\LibreRally\LibreRally\Vehicle\Content\BeamNgVehicleCatalog.cs(50,34): warning CSENSE001: The symbol 'JBeamSearchFolders' is missing valid documentation [C:\Users\pierc\source\repos\archanox\LibreRally\LibreRally\LibreRally.csproj::TargetFramework=net10.0]
C:\Users\pierc\source\repos\archanox\LibreRally\LibreRally\Vehicle\Content\BeamNgVehicleCatalog.cs(52,19): warning CSENSE001: The symbol 'SourceDescription' is missing valid documentation [C:\Users\pierc\source\repos\archanox\LibreRally\LibreRally\LibreRally.csproj::TargetFramework=net10.0]
C:\Users\pierc\source\repos\archanox\LibreRally\LibreRally\HUD\SetupUiShellOverlay.cs(16,21): warning CSENSE001: The symbol 'SetupUiShellOverlay' is missing valid documentation [C:\Users\pierc\source\repos\archanox\LibreRally\LibreRally\LibreRally.csproj::TargetFramework=net10.0]
C:\Users\pierc\source\repos\archanox\LibreRally\LibreRally\HUD\SetupUiShellOverlay.cs(62,41): warning CSENSE001: The symbol 'ApplyRequested' is missing valid documentation [C:\Users\pierc\source\repos\archanox\LibreRally\LibreRally\LibreRally.csproj::TargetFramework=net10.0]
C:\Users\pierc\source\repos\archanox\LibreRally\LibreRally\HUD\SetupUiShellOverlay.cs(63,20): warning CSENSE001: The symbol 'CloseRequested' is missing valid documentation [C:\Users\pierc\source\repos\archanox\LibreRally\LibreRally\LibreRally.csproj::TargetFramework=net10.0]
C:\Users\pierc\source\repos\archanox\LibreRally\LibreRally\HUD\SetupUiShellOverlay.cs(78,19): warning CSENSE001: The symbol 'StatusText' is missing valid documentation [C:\Users\pierc\source\repos\archanox\LibreRally\LibreRally\LibreRally.csproj::TargetFramework=net10.0]
C:\Users\pierc\source\repos\archanox\LibreRally\LibreRally\HUD\SetupUiShellOverlay.cs(88,19): warning CSENSE001: The symbol 'VehicleName' is missing valid documentation [C:\Users\pierc\source\repos\archanox\LibreRally\LibreRally\LibreRally.csproj::TargetFramework=net10.0]
C:\Users\pierc\source\repos\archanox\LibreRally\LibreRally\HUD\SetupUiShellOverlay.cs(65,17): warning CSENSE001: The symbol 'OverlayVisible' is missing valid documentation [C:\Users\pierc\source\repos\archanox\LibreRally\LibreRally\LibreRally.csproj::TargetFramework=net10.0]
C:\Users\pierc\source\repos\archanox\LibreRally\LibreRally\VehicleSpawner.cs(35,14): warning CSENSE001: The symbol 'VehicleSpawner' is missing valid documentation [C:\Users\pierc\source\repos\archanox\LibreRally\LibreRally\LibreRally.csproj::TargetFramework=net10.0]
C:\Users\pierc\source\repos\archanox\LibreRally\LibreRally\VehicleSpawner.cs(37,19): warning CSENSE001: The symbol 'VehicleFolderPath' is missing valid documentation [C:\Users\pierc\source\repos\archanox\LibreRally\LibreRally\LibreRally.csproj::TargetFramework=net10.0]
C:\Users\pierc\source\repos\archanox\LibreRally\LibreRally\VehicleSpawner.cs(46,20): warning CSENSE001: The symbol 'SpawnPosition' is missing valid documentation [C:\Users\pierc\source\repos\archanox\LibreRally\LibreRally\LibreRally.csproj::TargetFramework=net10.0]
C:\Users\pierc\source\repos\archanox\LibreRally\LibreRally\VehicleSpawner.cs(48,16): warning CSENSE001: The symbol 'OutGaugeDelayCentiseconds' is missing valid documentation [C:\Users\pierc\source\repos\archanox\LibreRally\LibreRally\LibreRally.csproj::TargetFramework=net10.0]
C:\Users\pierc\source\repos\archanox\LibreRally\LibreRally\VehicleSpawner.cs(50,16): warning CSENSE001: The symbol 'OutGaugePort' is missing valid documentation [C:\Users\pierc\source\repos\archanox\LibreRally\LibreRally\LibreRally.csproj::TargetFramework=net10.0]
C:\Users\pierc\source\repos\archanox\LibreRally\LibreRally\VehicleSpawner.cs(51,16): warning CSENSE001: The symbol 'OutGaugeId' is missing valid documentation [C:\Users\pierc\source\repos\archanox\LibreRally\LibreRally\LibreRally.csproj::TargetFramework=net10.0]
C:\Users\pierc\source\repos\archanox\LibreRally\LibreRally\VehicleSpawner.cs(52,17): warning CSENSE001: The symbol 'OutSimEnabled' is missing valid documentation [C:\Users\pierc\source\repos\archanox\LibreRally\LibreRally\LibreRally.csproj::TargetFramework=net10.0]
C:\Users\pierc\source\repos\archanox\LibreRally\LibreRally\VehicleSpawner.cs(49,19): warning CSENSE001: The symbol 'OutGaugeIp' is missing valid documentation [C:\Users\pierc\source\repos\archanox\LibreRally\LibreRally\LibreRally.csproj::TargetFramework=net10.0]
C:\Users\pierc\source\repos\archanox\LibreRally\LibreRally\VehicleSpawner.cs(53,16): warning CSENSE001: The symbol 'OutSimDelayCentiseconds' is missing valid documentation [C:\Users\pierc\source\repos\archanox\LibreRally\LibreRally\LibreRally.csproj::TargetFramework=net10.0]
C:\Users\pierc\source\repos\archanox\LibreRally\LibreRally\Vehicle\VehicleDefinition.cs(22,12): warning CSENSE002: The parameter 'Id1' is missing documentation [C:\Users\pierc\source\repos\archanox\LibreRally\LibreRally\LibreRally.csproj::TargetFramework=net10.0]
C:\Users\pierc\source\repos\archanox\LibreRally\LibreRally\Vehicle\VehicleDefinition.cs(23,12): warning CSENSE002: The parameter 'Id2' is missing documentation [C:\Users\pierc\source\repos\archanox\LibreRally\LibreRally\LibreRally.csproj::TargetFramework=net10.0]
C:\Users\pierc\source\repos\archanox\LibreRally\LibreRally\Vehicle\VehicleDefinition.cs(24,11): warning CSENSE002: The parameter 'Spring' is missing documentation [C:\Users\pierc\source\repos\archanox\LibreRally\LibreRally\LibreRally.csproj::TargetFramework=net10.0]
C:\Users\pierc\source\repos\archanox\LibreRally\LibreRally\Vehicle\VehicleDefinition.cs(25,11): warning CSENSE002: The parameter 'Damp' is missing documentation [C:\Users\pierc\source\repos\archanox\LibreRally\LibreRally\LibreRally.csproj::TargetFramework=net10.0]
C:\Users\pierc\source\repos\archanox\LibreRally\LibreRally\Vehicle\VehicleDefinition.cs(26,11): warning CSENSE002: The parameter 'DeformThreshold' is missing documentation [C:\Users\pierc\source\repos\archanox\LibreRally\LibreRally\LibreRally.csproj::TargetFramework=net10.0]
C:\Users\pierc\source\repos\archanox\LibreRally\LibreRally\Vehicle\VehicleDefinition.cs(27,11): warning CSENSE002: The parameter 'BreakStrength' is missing documentation [C:\Users\pierc\source\repos\archanox\LibreRally\LibreRally\LibreRally.csproj::TargetFramework=net10.0]
C:\Users\pierc\source\repos\archanox\LibreRally\LibreRally\Vehicle\VehicleDefinition.cs(28,12): warning CSENSE002: The parameter 'BeamType' is missing documentation [C:\Users\pierc\source\repos\archanox\LibreRally\LibreRally\LibreRally.csproj::TargetFramework=net10.0]
C:\Users\pierc\source\repos\archanox\LibreRally\LibreRally\Vehicle\VehicleDefinition.cs(29,12): warning CSENSE002: The parameter 'DeformGroup' is missing documentation [C:\Users\pierc\source\repos\archanox\LibreRally\LibreRally\LibreRally.csproj::TargetFramework=net10.0]
C:\Users\pierc\source\repos\archanox\LibreRally\LibreRally\VehicleSpawner.cs(54,19): warning CSENSE001: The symbol 'OutSimIp' is missing valid documentation [C:\Users\pierc\source\repos\archanox\LibreRally\LibreRally\LibreRally.csproj::TargetFramework=net10.0]
C:\Users\pierc\source\repos\archanox\LibreRally\LibreRally\VehicleSpawner.cs(55,16): warning CSENSE001: The symbol 'OutSimPort' is missing valid documentation [C:\Users\pierc\source\repos\archanox\LibreRally\LibreRally\LibreRally.csproj::TargetFramework=net10.0]
C:\Users\pierc\source\repos\archanox\LibreRally\LibreRally\VehicleSpawner.cs(56,16): warning CSENSE001: The symbol 'OutSimId' is missing valid documentation [C:\Users\pierc\source\repos\archanox\LibreRally\LibreRally\LibreRally.csproj::TargetFramework=net10.0]
C:\Users\pierc\source\repos\archanox\LibreRally\LibreRally\Vehicle\Content\BeamNgVehicleCatalog.cs(65,21): warning CSENSE001: The symbol 'BeamNgVehicleCatalog' is missing valid documentation [C:\Users\pierc\source\repos\archanox\LibreRally\LibreRally\LibreRally.csproj::TargetFramework=net10.0]
C:\Users\pierc\source\repos\archanox\LibreRally\LibreRally\VehicleSpawner.cs(47,17): warning CSENSE001: The symbol 'OutGaugeEnabled' is missing valid documentation [C:\Users\pierc\source\repos\archanox\LibreRally\LibreRally\LibreRally.csproj::TargetFramework=net10.0]
C:\Users\pierc\source\repos\archanox\LibreRally\LibreRally\Vehicle\VehicleDefinition.cs(49,15): warning CSENSE001: The symbol 'AssembledPartGearRatio' is missing valid documentation [C:\Users\pierc\source\repos\archanox\LibreRally\LibreRally\LibreRally.csproj::TargetFramework=net10.0]
C:\Users\pierc\source\repos\archanox\LibreRally\LibreRally\Vehicle\VehicleDefinition.cs(36,12): warning CSENSE002: The parameter 'MeshName' is missing documentation [C:\Users\pierc\source\repos\archanox\LibreRally\LibreRally\LibreRally.csproj::TargetFramework=net10.0]
C:\Users\pierc\source\repos\archanox\LibreRally\LibreRally\Vehicle\VehicleDefinition.cs(37,18): warning CSENSE002: The parameter 'NodeGroups' is missing documentation [C:\Users\pierc\source\repos\archanox\LibreRally\LibreRally\LibreRally.csproj::TargetFramework=net10.0]
C:\Users\pierc\source\repos\archanox\LibreRally\LibreRally\Vehicle\VehicleDefinition.cs(38,30): warning CSENSE002: The parameter 'Position' is missing documentation [C:\Users\pierc\source\repos\archanox\LibreRally\LibreRally\LibreRally.csproj::TargetFramework=net10.0]
C:\Users\pierc\source\repos\archanox\LibreRally\LibreRally\Vehicle\VehicleDefinition.cs(39,30): warning CSENSE002: The parameter 'Rotation' is missing documentation [C:\Users\pierc\source\repos\archanox\LibreRally\LibreRally\LibreRally.csproj::TargetFramework=net10.0]
C:\Users\pierc\source\repos\archanox\LibreRally\LibreRally\Vehicle\VehicleDefinition.cs(40,30): warning CSENSE002: The parameter 'Scale' is missing documentation [C:\Users\pierc\source\repos\archanox\LibreRally\LibreRally\LibreRally.csproj::TargetFramework=net10.0]
C:\Users\pierc\source\repos\archanox\LibreRally\LibreRally\Vehicle\VehicleDefinition.cs(41,12): warning CSENSE002: The parameter 'SourcePartName' is missing documentation [C:\Users\pierc\source\repos\archanox\LibreRally\LibreRally\LibreRally.csproj::TargetFramework=net10.0]
C:\Users\pierc\source\repos\archanox\LibreRally\LibreRally\Vehicle\VehicleDefinition.cs(42,12): warning CSENSE002: The parameter 'SourceSlotType' is missing documentation [C:\Users\pierc\source\repos\archanox\LibreRally\LibreRally\LibreRally.csproj::TargetFramework=net10.0]
C:\Users\pierc\source\repos\archanox\LibreRally\LibreRally\Vehicle\VehicleDefinition.cs(33,5): warning CSENSE020: The word 'Position' matches a parameter name and should be wrapped in <paramref name="Position" /> [C:\Users\pierc\source\repos\archanox\LibreRally\LibreRally\LibreRally.csproj::TargetFramework=net10.0]
C:\Users\pierc\source\repos\archanox\LibreRally\LibreRally\Vehicle\VehicleDefinition.cs(60,19): warning CSENSE001: The symbol 'Name' is missing valid documentation [C:\Users\pierc\source\repos\archanox\LibreRally\LibreRally\LibreRally.csproj::TargetFramework=net10.0]
C:\Users\pierc\source\repos\archanox\LibreRally\LibreRally\Vehicle\VehicleDefinition.cs(62,18): warning CSENSE019: The word 'True' should be replaced with <see langword="True" /> [C:\Users\pierc\source\repos\archanox\LibreRally\LibreRally\LibreRally.csproj::TargetFramework=net10.0]
C:\Users\pierc\source\repos\archanox\LibreRally\LibreRally\Vehicle\RallyCarComponent.cs(20,14): warning CSENSE001: The symbol 'RallyCarComponent' is missing valid documentation [C:\Users\pierc\source\repos\archanox\LibreRally\LibreRally\LibreRally.csproj::TargetFramework=net10.0]
C:\Users\pierc\source\repos\archanox\LibreRally\LibreRally\Vehicle\RallyCarComponent.cs(90,25): warning CSENSE001: The symbol 'BreakWheels' is missing valid documentation [C:\Users\pierc\source\repos\archanox\LibreRally\LibreRally\LibreRally.csproj::TargetFramework=net10.0]
C:\Users\pierc\source\repos\archanox\LibreRally\LibreRally\Vehicle\RallyCarComponent.cs(86,19): warning CSENSE001: The symbol 'CarBody' is missing valid documentation [C:\Users\pierc\source\repos\archanox\LibreRally\LibreRally\LibreRally.csproj::TargetFramework=net10.0]
C:\Users\pierc\source\repos\archanox\LibreRally\LibreRally\Vehicle\RallyCarComponent.cs(88,25): warning CSENSE001: The symbol 'SteerWheels' is missing valid documentation [C:\Users\pierc\source\repos\archanox\LibreRally\LibreRally\LibreRally.csproj::TargetFramework=net10.0]
C:\Users\pierc\source\repos\archanox\LibreRally\LibreRally\Vehicle\RallyCarComponent.cs(276,18): warning CSENSE001: The symbol 'SpeedKmh' is missing valid documentation [C:\Users\pierc\source\repos\archanox\LibreRally\LibreRally\LibreRally.csproj::TargetFramework=net10.0]
C:\Users\pierc\source\repos\archanox\LibreRally\LibreRally\Vehicle\RallyCarComponent.cs(277,18): warning CSENSE001: The symbol 'ForwardSpeedMs' is missing valid documentation [C:\Users\pierc\source\repos\archanox\LibreRally\LibreRally\LibreRally.csproj::TargetFramework=net10.0]
C:\Users\pierc\source\repos\archanox\LibreRally\LibreRally\Vehicle\RallyCarComponent.cs(278,18): warning CSENSE001: The symbol 'LateralSpeedMs' is missing valid documentation [C:\Users\pierc\source\repos\archanox\LibreRally\LibreRally\LibreRally.csproj::TargetFramework=net10.0]
C:\Users\pierc\source\repos\archanox\LibreRally\LibreRally\Vehicle\RallyCarComponent.cs(279,18): warning CSENSE001: The symbol 'YawRateRad' is missing valid documentation [C:\Users\pierc\source\repos\archanox\LibreRally\LibreRally\LibreRally.csproj::TargetFramework=net10.0]
C:\Users\pierc\source\repos\archanox\LibreRally\LibreRally\Vehicle\RallyCarComponent.cs(281,18): warning CSENSE001: The symbol 'ThrottleInput' is missing valid documentation [C:\Users\pierc\source\repos\archanox\LibreRally\LibreRally\LibreRally.csproj::TargetFramework=net10.0]
C:\Users\pierc\source\repos\archanox\LibreRally\LibreRally\Vehicle\RallyCarComponent.cs(282,18): warning CSENSE001: The symbol 'BrakeInput' is missing valid documentation [C:\Users\pierc\source\repos\archanox\LibreRally\LibreRally\LibreRally.csproj::TargetFramework=net10.0]
C:\Users\pierc\source\repos\archanox\LibreRally\LibreRally\Vehicle\RallyCarComponent.cs(280,18): warning CSENSE001: The symbol 'EngineRpm' is missing valid documentation [C:\Users\pierc\source\repos\archanox\LibreRally\LibreRally\LibreRally.csproj::TargetFramework=net10.0]
C:\Users\pierc\source\repos\archanox\LibreRally\LibreRally\Vehicle\RallyCarComponent.cs(284,18): warning CSENSE001: The symbol 'ServiceBrakeInput' is missing valid documentation [C:\Users\pierc\source\repos\archanox\LibreRally\LibreRally\LibreRally.csproj::TargetFramework=net10.0]
C:\Users\pierc\source\repos\archanox\LibreRally\LibreRally\Vehicle\RallyCarComponent.cs(285,18): warning CSENSE001: The symbol 'SteeringInput' is missing valid documentation [C:\Users\pierc\source\repos\archanox\LibreRally\LibreRally\LibreRally.csproj::TargetFramework=net10.0]
C:\Users\pierc\source\repos\archanox\LibreRally\LibreRally\Vehicle\RallyCarComponent.cs(283,18): warning CSENSE001: The symbol 'DriveInput' is missing valid documentation [C:\Users\pierc\source\repos\archanox\LibreRally\LibreRally\LibreRally.csproj::TargetFramework=net10.0]
C:\Users\pierc\source\repos\archanox\LibreRally\LibreRally\Vehicle\RallyCarComponent.cs(286,18): warning CSENSE001: The symbol 'SteeringRack' is missing valid documentation [C:\Users\pierc\source\repos\archanox\LibreRally\LibreRally\LibreRally.csproj::TargetFramework=net10.0]
C:\Users\pierc\source\repos\archanox\LibreRally\LibreRally\Vehicle\RallyCarComponent.cs(288,17): warning CSENSE001: The symbol 'HandbrakeEngaged' is missing valid documentation [C:\Users\pierc\source\repos\archanox\LibreRally\LibreRally\LibreRally.csproj::TargetFramework=net10.0]
C:\Users\pierc\source\repos\archanox\LibreRally\LibreRally\Vehicle\RallyCarComponent.cs(287,18): warning CSENSE001: The symbol 'DrivelineRpm' is missing valid documentation [C:\Users\pierc\source\repos\archanox\LibreRally\LibreRally\LibreRally.csproj::TargetFramework=net10.0]
C:\Users\pierc\source\repos\archanox\LibreRally\LibreRally\Vehicle\RallyCarComponent.cs(289,17): warning CSENSE001: The symbol 'TractionLossDetected' is missing valid documentation [C:\Users\pierc\source\repos\archanox\LibreRally\LibreRally\LibreRally.csproj::TargetFramework=net10.0]
C:\Users\pierc\source\repos\archanox\LibreRally\LibreRally\Vehicle\RallyCarComponent.cs(290,17): warning CSENSE001: The symbol 'TractionControlActive' is missing valid documentation [C:\Users\pierc\source\repos\archanox\LibreRally\LibreRally\LibreRally.csproj::TargetFramework=net10.0]
C:\Users\pierc\source\repos\archanox\LibreRally\LibreRally\Vehicle\RallyCarComponent.cs(87,25): warning CSENSE001: The symbol 'Wheels' is missing valid documentation [C:\Users\pierc\source\repos\archanox\LibreRally\LibreRally\LibreRally.csproj::TargetFramework=net10.0]
C:\Users\pierc\source\repos\archanox\LibreRally\LibreRally\Vehicle\RallyCarComponent.cs(291,17): warning CSENSE001: The symbol 'AbsActive' is missing valid documentation [C:\Users\pierc\source\repos\archanox\LibreRally\LibreRally\LibreRally.csproj::TargetFramework=net10.0]
C:\Users\pierc\source\repos\archanox\LibreRally\LibreRally\Vehicle\RallyCarComponent.cs(293,18): warning CSENSE001: The symbol 'TractionControlTorqueScale' is missing valid documentation [C:\Users\pierc\source\repos\archanox\LibreRally\LibreRally\LibreRally.csproj::TargetFramework=net10.0]
C:\Users\pierc\source\repos\archanox\LibreRally\LibreRally\Vehicle\RallyCarComponent.cs(292,18): warning CSENSE001: The symbol 'DrivenWheelSlipRatio' is missing valid documentation [C:\Users\pierc\source\repos\archanox\LibreRally\LibreRally\LibreRally.csproj::TargetFramework=net10.0]
C:\Users\pierc\source\repos\archanox\LibreRally\LibreRally\Vehicle\RallyCarComponent.cs(294,16): warning CSENSE001: The symbol 'CurrentGear' is missing valid documentation [C:\Users\pierc\source\repos\archanox\LibreRally\LibreRally\LibreRally.csproj::TargetFramework=net10.0]
C:\Users\pierc\source\repos\archanox\LibreRally\LibreRally\Vehicle\RallyCarComponent.cs(312,18): warning CSENSE001: The symbol 'DriveRatio' is missing valid documentation [C:\Users\pierc\source\repos\archanox\LibreRally\LibreRally\LibreRally.csproj::TargetFramework=net10.0]
C:\Users\pierc\source\repos\archanox\LibreRally\LibreRally\Vehicle\RallyCarComponent.cs(89,25): warning CSENSE001: The symbol 'DriveWheels' is missing valid documentation [C:\Users\pierc\source\repos\archanox\LibreRally\LibreRally\LibreRally.csproj::TargetFramework=net10.0]
C:\Users\pierc\source\repos\archanox\LibreRally\LibreRally\Vehicle\VehicleDefinition.cs(44,15): warning CSENSE001: The symbol 'AssembledPressureWheelOptions' is missing valid documentation [C:\Users\pierc\source\repos\archanox\LibreRally\LibreRally\LibreRally.csproj::TargetFramework=net10.0]
C:\Users\pierc\source\repos\archanox\LibreRally\LibreRally\Vehicle\VehicleDefinition.cs(85,19): warning CSENSE001: The symbol 'VehicleName' is missing valid documentation [C:\Users\pierc\source\repos\archanox\LibreRally\LibreRally\LibreRally.csproj::TargetFramework=net10.0]
C:\Users\pierc\source\repos\archanox\LibreRally\LibreRally\Vehicle\VehiclePowertrainResolver.cs(12,17): warning CSENSE001: The symbol 'DriveRearAxle' is missing valid documentation [C:\Users\pierc\source\repos\archanox\LibreRally\LibreRally\LibreRally.csproj::TargetFramework=net10.0]
C:\Users\pierc\source\repos\archanox\LibreRally\LibreRally\Vehicle\VehiclePowertrainResolver.cs(13,21): warning CSENSE001: The symbol 'DrivenWheelKeys' is missing valid documentation [C:\Users\pierc\source\repos\archanox\LibreRally\LibreRally\LibreRally.csproj::TargetFramework=net10.0]
C:\Users\pierc\source\repos\archanox\LibreRally\LibreRally\Vehicle\VehiclePowertrainResolver.cs(9,21): warning CSENSE001: The symbol 'VehiclePowertrainSetup' is missing valid documentation [C:\Users\pierc\source\repos\archanox\LibreRally\LibreRally\LibreRally.csproj::TargetFramework=net10.0]
C:\Users\pierc\source\repos\archanox\LibreRally\LibreRally\Vehicle\VehiclePowertrainResolver.cs(14,20): warning CSENSE001: The symbol 'GearRatios' is missing valid documentation [C:\Users\pierc\source\repos\archanox\LibreRally\LibreRally\LibreRally.csproj::TargetFramework=net10.0]
C:\Users\pierc\source\repos\archanox\LibreRally\LibreRally\Vehicle\VehiclePowertrainResolver.cs(15,18): warning CSENSE001: The symbol 'FinalDrive' is missing valid documentation [C:\Users\pierc\source\repos\archanox\LibreRally\LibreRally\LibreRally.csproj::TargetFramework=net10.0]
C:\Users\pierc\source\repos\archanox\LibreRally\LibreRally\Vehicle\VehiclePowertrainResolver.cs(16,20): warning CSENSE001: The symbol 'TorqueCurveRpm' is missing valid documentation [C:\Users\pierc\source\repos\archanox\LibreRally\LibreRally\LibreRally.csproj::TargetFramework=net10.0]
C:\Users\pierc\source\repos\archanox\LibreRally\LibreRally\Vehicle\VehiclePowertrainResolver.cs(17,20): warning CSENSE001: The symbol 'TorqueCurveNm' is missing valid documentation [C:\Users\pierc\source\repos\archanox\LibreRally\LibreRally\LibreRally.csproj::TargetFramework=net10.0]
C:\Users\pierc\source\repos\archanox\LibreRally\LibreRally\Vehicle\VehiclePowertrainResolver.cs(18,18): warning CSENSE001: The symbol 'MaxRpm' is missing valid documentation [C:\Users\pierc\source\repos\archanox\LibreRally\LibreRally\LibreRally.csproj::TargetFramework=net10.0]
C:\Users\pierc\source\repos\archanox\LibreRally\LibreRally\Vehicle\VehiclePowertrainResolver.cs(19,18): warning CSENSE001: The symbol 'IdleRpm' is missing valid documentation [C:\Users\pierc\source\repos\archanox\LibreRally\LibreRally\LibreRally.csproj::TargetFramework=net10.0]
C:\Users\pierc\source\repos\archanox\LibreRally\LibreRally\Vehicle\VehiclePowertrainResolver.cs(20,18): warning CSENSE001: The symbol 'EngineInertia' is missing valid documentation [C:\Users\pierc\source\repos\archanox\LibreRally\LibreRally\LibreRally.csproj::TargetFramework=net10.0]
C:\Users\pierc\source\repos\archanox\LibreRally\LibreRally\Vehicle\VehiclePowertrainResolver.cs(21,18): warning CSENSE001: The symbol 'EngineFriction' is missing valid documentation [C:\Users\pierc\source\repos\archanox\LibreRally\LibreRally\LibreRally.csproj::TargetFramework=net10.0]
C:\Users\pierc\source\repos\archanox\LibreRally\LibreRally\Vehicle\VehiclePowertrainResolver.cs(23,18): warning CSENSE001: The symbol 'EngineBrakeTorque' is missing valid documentation [C:\Users\pierc\source\repos\archanox\LibreRally\LibreRally\LibreRally.csproj::TargetFramework=net10.0]
C:\Users\pierc\source\repos\archanox\LibreRally\LibreRally\Vehicle\VehiclePowertrainResolver.cs(22,18): warning CSENSE001: The symbol 'EngineDynamicFriction' is missing valid documentation [C:\Users\pierc\source\repos\archanox\LibreRally\LibreRally\LibreRally.csproj::TargetFramework=net10.0]
C:\Users\pierc\source\repos\archanox\LibreRally\LibreRally\Vehicle\VehiclePowertrainResolver.cs(24,18): warning CSENSE001: The symbol 'AutoClutchLaunchRpm' is missing valid documentation [C:\Users\pierc\source\repos\archanox\LibreRally\LibreRally\LibreRally.csproj::TargetFramework=net10.0]
C:\Users\pierc\source\repos\archanox\LibreRally\LibreRally\Vehicle\VehiclePowertrainResolver.cs(26,18): warning CSENSE001: The symbol 'ShiftDownRpm' is missing valid documentation [C:\Users\pierc\source\repos\archanox\LibreRally\LibreRally\LibreRally.csproj::TargetFramework=net10.0]
C:\Users\pierc\source\repos\archanox\LibreRally\LibreRally\Vehicle\VehiclePowertrainResolver.cs(25,18): warning CSENSE001: The symbol 'ShiftUpRpm' is missing valid documentation [C:\Users\pierc\source\repos\archanox\LibreRally\LibreRally\LibreRally.csproj::TargetFramework=net10.0]
C:\Users\pierc\source\repos\archanox\LibreRally\LibreRally\Vehicle\VehiclePowertrainResolver.cs(27,31): warning CSENSE001: The symbol 'FrontDiff' is missing valid documentation [C:\Users\pierc\source\repos\archanox\LibreRally\LibreRally\LibreRally.csproj::TargetFramework=net10.0]
C:\Users\pierc\source\repos\archanox\LibreRally\LibreRally\Vehicle\VehiclePowertrainResolver.cs(28,31): warning CSENSE001: The symbol 'RearDiff' is missing valid documentation [C:\Users\pierc\source\repos\archanox\LibreRally\LibreRally\LibreRally.csproj::TargetFramework=net10.0]
C:\Users\pierc\source\repos\archanox\LibreRally\LibreRally\Vehicle\VehiclePowertrainResolver.cs(32,18): warning CSENSE001: The symbol 'OilVolumeLiters' is missing valid documentation [C:\Users\pierc\source\repos\archanox\LibreRally\LibreRally\LibreRally.csproj::TargetFramework=net10.0]
C:\Users\pierc\source\repos\archanox\LibreRally\LibreRally\Vehicle\VehiclePowertrainResolver.cs(29,31): warning CSENSE001: The symbol 'CenterDiff' is missing valid documentation [C:\Users\pierc\source\repos\archanox\LibreRally\LibreRally\LibreRally.csproj::TargetFramework=net10.0]
C:\Users\pierc\source\repos\archanox\LibreRally\LibreRally\Vehicle\VehiclePowertrainResolver.cs(33,18): warning CSENSE001: The symbol 'FuelCapacityLiters' is missing valid documentation [C:\Users\pierc\source\repos\archanox\LibreRally\LibreRally\LibreRally.csproj::TargetFramework=net10.0]
C:\Users\pierc\source\repos\archanox\LibreRally\LibreRally\Vehicle\VehiclePowertrainResolver.cs(34,18): warning CSENSE001: The symbol 'StartingFuelLiters' is missing valid documentation [C:\Users\pierc\source\repos\archanox\LibreRally\LibreRally\LibreRally.csproj::TargetFramework=net10.0]
C:\Users\pierc\source\repos\archanox\LibreRally\LibreRally\Vehicle\VehiclePowertrainResolver.cs(35,18): warning CSENSE001: The symbol 'EngineBlockTempDamageThreshold' is missing valid documentation [C:\Users\pierc\source\repos\archanox\LibreRally\LibreRally\LibreRally.csproj::TargetFramework=net10.0]
C:\Users\pierc\source\repos\archanox\LibreRally\LibreRally\Vehicle\VehiclePowertrainResolver.cs(36,18): warning CSENSE001: The symbol 'AirRegulatorTemperature' is missing valid documentation [C:\Users\pierc\source\repos\archanox\LibreRally\LibreRally\LibreRally.csproj::TargetFramework=net10.0]
C:\Users\pierc\source\repos\archanox\LibreRally\LibreRally\Vehicle\VehiclePowertrainResolver.cs(37,18): warning CSENSE001: The symbol 'EngineBlockAirCoolingEfficiency' is missing valid documentation [C:\Users\pierc\source\repos\archanox\LibreRally\LibreRally\LibreRally.csproj::TargetFramework=net10.0]
C:\Users\pierc\source\repos\archanox\LibreRally\LibreRally\Vehicle\VehiclePowertrainResolver.cs(11,17): warning CSENSE001: The symbol 'DriveFrontAxle' is missing valid documentation [C:\Users\pierc\source\repos\archanox\LibreRally\LibreRally\LibreRally.csproj::TargetFramework=net10.0]
C:\Users\pierc\source\repos\archanox\LibreRally\LibreRally\Vehicle\VehiclePowertrainResolver.cs(38,20): warning CSENSE001: The symbol 'BurnEfficiencyThrottle' is missing valid documentation [C:\Users\pierc\source\repos\archanox\LibreRally\LibreRally\LibreRally.csproj::TargetFramework=net10.0]
C:\Users\pierc\source\repos\archanox\LibreRally\LibreRally\Vehicle\VehiclePowertrainResolver.cs(39,20): warning CSENSE001: The symbol 'BurnEfficiencyValues' is missing valid documentation [C:\Users\pierc\source\repos\archanox\LibreRally\LibreRally\LibreRally.csproj::TargetFramework=net10.0]
C:\Users\pierc\source\repos\archanox\LibreRally\LibreRally\Vehicle\VehiclePowertrainResolver.cs(42,17): warning CSENSE001: The symbol 'HasTurbo' is missing valid documentation [C:\Users\pierc\source\repos\archanox\LibreRally\LibreRally\LibreRally.csproj::TargetFramework=net10.0]
C:\Users\pierc\source\repos\archanox\LibreRally\LibreRally\Vehicle\VehiclePowertrainResolver.cs(43,18): warning CSENSE001: The symbol 'TurboMaxBoostPsi' is missing valid documentation [C:\Users\pierc\source\repos\archanox\LibreRally\LibreRally\LibreRally.csproj::TargetFramework=net10.0]
C:\Users\pierc\source\repos\archanox\LibreRally\LibreRally\Vehicle\Rendering\ColladaLoader.cs(18,19): warning CSENSE001: The symbol 'MaterialName' is missing valid documentation [C:\Users\pierc\source\repos\archanox\LibreRally\LibreRally\LibreRally.csproj::TargetFramework=net10.0]
C:\Users\pierc\source\repos\archanox\LibreRally\LibreRally\Vehicle\Rendering\ColladaLoader.cs(16,19): warning CSENSE001: The symbol 'Name' is missing valid documentation [C:\Users\pierc\source\repos\archanox\LibreRally\LibreRally\LibreRally.csproj::TargetFramework=net10.0]
C:\Users\pierc\source\repos\archanox\LibreRally\LibreRally\Vehicle\Rendering\ColladaLoader.cs(17,19): warning CSENSE001: The symbol 'GeometryName' is missing valid documentation [C:\Users\pierc\source\repos\archanox\LibreRally\LibreRally\LibreRally.csproj::TargetFramework=net10.0]
C:\Users\pierc\source\repos\archanox\LibreRally\LibreRally\Vehicle\Rendering\ColladaLoader.cs(11,37): warning CSENSE002: The parameter 'Position' is missing documentation [C:\Users\pierc\source\repos\archanox\LibreRally\LibreRally\LibreRally.csproj::TargetFramework=net10.0]
C:\Users\pierc\source\repos\archanox\LibreRally\LibreRally\Vehicle\Rendering\ColladaLoader.cs(11,55): warning CSENSE002: The parameter 'Normal' is missing documentation [C:\Users\pierc\source\repos\archanox\LibreRally\LibreRally\LibreRally.csproj::TargetFramework=net10.0]
C:\Users\pierc\source\repos\archanox\LibreRally\LibreRally\Vehicle\Rendering\ColladaLoader.cs(11,71): warning CSENSE002: The parameter 'TexCoord' is missing documentation [C:\Users\pierc\source\repos\archanox\LibreRally\LibreRally\LibreRally.csproj::TargetFramework=net10.0]
C:\Users\pierc\source\repos\archanox\LibreRally\LibreRally\Vehicle\Rendering\ColladaLoader.cs(10,26): warning CSENSE020: The word 'position' matches a parameter name and should be wrapped in <paramref name="Position" /> [C:\Users\pierc\source\repos\archanox\LibreRally\LibreRally\LibreRally.csproj::TargetFramework=net10.0]
C:\Users\pierc\source\repos\archanox\LibreRally\LibreRally\Vehicle\Rendering\ColladaLoader.cs(10,36): warning CSENSE020: The word 'normal' matches a parameter name and should be wrapped in <paramref name="Normal" /> [C:\Users\pierc\source\repos\archanox\LibreRally\LibreRally\LibreRally.csproj::TargetFramework=net10.0]
C:\Users\pierc\source\repos\archanox\LibreRally\LibreRally\Vehicle\Rendering\ColladaLoader.cs(20,17): warning CSENSE001: The symbol 'HasBakedTransform' is missing valid documentation [C:\Users\pierc\source\repos\archanox\LibreRally\LibreRally\LibreRally.csproj::TargetFramework=net10.0]
C:\Users\pierc\source\repos\archanox\LibreRally\LibreRally\Vehicle\Rendering\ColladaLoader.cs(21,32): warning CSENSE001: The symbol 'Vertices' is missing valid documentation [C:\Users\pierc\source\repos\archanox\LibreRally\LibreRally\LibreRally.csproj::TargetFramework=net10.0]
C:\Users\pierc\source\repos\archanox\LibreRally\LibreRally\Vehicle\Rendering\ColladaLoader.cs(22,22): warning CSENSE001: The symbol 'Indices' is missing valid documentation [C:\Users\pierc\source\repos\archanox\LibreRally\LibreRally\LibreRally.csproj::TargetFramework=net10.0]
C:\Users\pierc\source\repos\archanox\LibreRally\LibreRally\Vehicle\Rendering\ColladaLoader.cs(19,19): warning CSENSE001: The symbol 'SceneNodeName' is missing valid documentation [C:\Users\pierc\source\repos\archanox\LibreRally\LibreRally\LibreRally.csproj::TargetFramework=net10.0]
C:\Users\pierc\source\repos\archanox\LibreRally\LibreRally\Vehicle\VehiclePowertrainResolver.cs(46,21): warning CSENSE001: The symbol 'VehiclePowertrainResolver' is missing valid documentation [C:\Users\pierc\source\repos\archanox\LibreRally\LibreRally\LibreRally.csproj::TargetFramework=net10.0]
C:\Users\pierc\source\repos\archanox\LibreRally\LibreRally\Vehicle\JBeam\JBeamAssembler.cs(15,16): warning CSENSE007: The cref reference 'VehiclePhysicsBuilder' could not be resolved [C:\Users\pierc\source\repos\archanox\LibreRally\LibreRally\LibreRally.csproj::TargetFramework=net10.0]
C:\Users\pierc\source\repos\archanox\LibreRally\LibreRally\Vehicle\JBeam\JBeamData.cs(8,11): warning CSENSE002: The parameter 'Weight' is missing documentation [C:\Users\pierc\source\repos\archanox\LibreRally\LibreRally\LibreRally.csproj::TargetFramework=net10.0]
C:\Users\pierc\source\repos\archanox\LibreRally\LibreRally\Vehicle\JBeam\JBeamData.cs(9,10): warning CSENSE002: The parameter 'Collision' is missing documentation [C:\Users\pierc\source\repos\archanox\LibreRally\LibreRally\LibreRally.csproj::TargetFramework=net10.0]
C:\Users\pierc\source\repos\archanox\LibreRally\LibreRally\Vehicle\JBeam\JBeamData.cs(10,10): warning CSENSE002: The parameter 'SelfCollision' is missing documentation [C:\Users\pierc\source\repos\archanox\LibreRally\LibreRally\LibreRally.csproj::TargetFramework=net10.0]
C:\Users\pierc\source\repos\archanox\LibreRally\LibreRally\Vehicle\JBeam\JBeamData.cs(11,12): warning CSENSE002: The parameter 'Material' is missing documentation [C:\Users\pierc\source\repos\archanox\LibreRally\LibreRally\LibreRally.csproj::TargetFramework=net10.0]
C:\Users\pierc\source\repos\archanox\LibreRally\LibreRally\Vehicle\JBeam\JBeamData.cs(12,11): warning CSENSE002: The parameter 'FrictionCoef' is missing documentation [C:\Users\pierc\source\repos\archanox\LibreRally\LibreRally\LibreRally.csproj::TargetFramework=net10.0]
C:\Users\pierc\source\repos\archanox\LibreRally\LibreRally\Vehicle\JBeam\JBeamData.cs(13,18): warning CSENSE002: The parameter 'Groups' is missing documentation [C:\Users\pierc\source\repos\archanox\LibreRally\LibreRally\LibreRally.csproj::TargetFramework=net10.0]
C:\Users\pierc\source\repos\archanox\LibreRally\LibreRally\Vehicle\VehicleSetupCatalog.cs(8,13): warning CSENSE001: The symbol 'VehicleSetupApplyMode' is missing valid documentation [C:\Users\pierc\source\repos\archanox\LibreRally\LibreRally\LibreRally.csproj::TargetFramework=net10.0]
C:\Users\pierc\source\repos\archanox\LibreRally\LibreRally\Vehicle\VehicleSetupCatalog.cs(14,13): warning CSENSE001: The symbol 'VehicleSetupEntryKind' is missing valid documentation [C:\Users\pierc\source\repos\archanox\LibreRally\LibreRally\LibreRally.csproj::TargetFramework=net10.0]
C:\Users\pierc\source\repos\archanox\LibreRally\LibreRally\Vehicle\VehicleSetupCatalog.cs(16,5): warning CSENSE001: The symbol 'Variable' is missing valid documentation [C:\Users\pierc\source\repos\archanox\LibreRally\LibreRally\LibreRally.csproj::TargetFramework=net10.0]
C:\Users\pierc\source\repos\archanox\LibreRally\LibreRally\Vehicle\VehicleSetupCatalog.cs(17,5): warning CSENSE001: The symbol 'TyrePressure' is missing valid documentation [C:\Users\pierc\source\repos\archanox\LibreRally\LibreRally\LibreRally.csproj::TargetFramework=net10.0]
C:\Users\pierc\source\repos\archanox\LibreRally\LibreRally\Vehicle\JBeam\JBeamData.cs(15,21): warning CSENSE001: The symbol 'NodeDefaults' is missing valid documentation [C:\Users\pierc\source\repos\archanox\LibreRally\LibreRally\LibreRally.csproj::TargetFramework=net10.0]
C:\Users\pierc\source\repos\archanox\LibreRally\LibreRally\Vehicle\JBeam\JBeamData.cs(17,34): warning CSENSE001: The symbol 'Default' is missing valid documentation [C:\Users\pierc\source\repos\archanox\LibreRally\LibreRally\LibreRally.csproj::TargetFramework=net10.0]
C:\Users\pierc\source\repos\archanox\LibreRally\LibreRally\Vehicle\JBeam\JBeamData.cs(28,12): warning CSENSE002: The parameter 'Id' is missing documentation [C:\Users\pierc\source\repos\archanox\LibreRally\LibreRally\LibreRally.csproj::TargetFramework=net10.0]
C:\Users\pierc\source\repos\archanox\LibreRally\LibreRally\Vehicle\JBeam\JBeamData.cs(29,13): warning CSENSE002: The parameter 'Position' is missing documentation [C:\Users\pierc\source\repos\archanox\LibreRally\LibreRally\LibreRally.csproj::TargetFramework=net10.0]
C:\Users\pierc\source\repos\archanox\LibreRally\LibreRally\Vehicle\JBeam\JBeamData.cs(30,20): warning CSENSE002: The parameter 'Properties' is missing documentation [C:\Users\pierc\source\repos\archanox\LibreRally\LibreRally\LibreRally.csproj::TargetFramework=net10.0]
C:\Users\pierc\source\repos\archanox\LibreRally\LibreRally\Vehicle\VehicleSetupCatalog.cs(10,5): warning CSENSE001: The symbol 'Live' is missing valid documentation [C:\Users\pierc\source\repos\archanox\LibreRally\LibreRally\LibreRally.csproj::TargetFramework=net10.0]
C:\Users\pierc\source\repos\archanox\LibreRally\LibreRally\Vehicle\VehicleSetupCatalog.cs(20,22): warning CSENSE001: The symbol 'VehicleSetupEntry' is missing valid documentation [C:\Users\pierc\source\repos\archanox\LibreRally\LibreRally\LibreRally.csproj::TargetFramework=net10.0]
C:\Users\pierc\source\repos\archanox\LibreRally\LibreRally\Vehicle\JBeam\JBeamData.cs(43,21): warning CSENSE001: The symbol 'BeamDefaults' is missing valid documentation [C:\Users\pierc\source\repos\archanox\LibreRally\LibreRally\LibreRally.csproj::TargetFramework=net10.0]
C:\Users\pierc\source\repos\archanox\LibreRally\LibreRally\Vehicle\JBeam\JBeamData.cs(45,34): warning CSENSE001: The symbol 'Default' is missing valid documentation [C:\Users\pierc\source\repos\archanox\LibreRally\LibreRally\LibreRally.csproj::TargetFramework=net10.0]
C:\Users\pierc\source\repos\archanox\LibreRally\LibreRally\Vehicle\JBeam\JBeamData.cs(58,12): warning CSENSE002: The parameter 'Id1' is missing documentation [C:\Users\pierc\source\repos\archanox\LibreRally\LibreRally\LibreRally.csproj::TargetFramework=net10.0]
C:\Users\pierc\source\repos\archanox\LibreRally\LibreRally\Vehicle\JBeam\JBeamData.cs(59,12): warning CSENSE002: The parameter 'Id2' is missing documentation [C:\Users\pierc\source\repos\archanox\LibreRally\LibreRally\LibreRally.csproj::TargetFramework=net10.0]
C:\Users\pierc\source\repos\archanox\LibreRally\LibreRally\Vehicle\JBeam\JBeamData.cs(60,20): warning CSENSE002: The parameter 'Properties' is missing documentation [C:\Users\pierc\source\repos\archanox\LibreRally\LibreRally\LibreRally.csproj::TargetFramework=net10.0]
C:\Users\pierc\source\repos\archanox\LibreRally\LibreRally\Vehicle\VehicleSetupCatalog.cs(39,22): warning CSENSE001: The symbol 'VehicleSetupCategory' is missing valid documentation [C:\Users\pierc\source\repos\archanox\LibreRally\LibreRally\LibreRally.csproj::TargetFramework=net10.0]
C:\Users\pierc\source\repos\archanox\LibreRally\LibreRally\Vehicle\JBeam\JBeamData.cs(34,11): warning CSENSE002: The parameter 'Spring' is missing documentation [C:\Users\pierc\source\repos\archanox\LibreRally\LibreRally\LibreRally.csproj::TargetFramework=net10.0]
C:\Users\pierc\source\repos\archanox\LibreRally\LibreRally\Vehicle\JBeam\JBeamData.cs(35,11): warning CSENSE002: The parameter 'Damp' is missing documentation [C:\Users\pierc\source\repos\archanox\LibreRally\LibreRally\LibreRally.csproj::TargetFramework=net10.0]
C:\Users\pierc\source\repos\archanox\LibreRally\LibreRally\Vehicle\JBeam\JBeamData.cs(36,11): warning CSENSE002: The parameter 'Deform' is missing documentation [C:\Users\pierc\source\repos\archanox\LibreRally\LibreRally\LibreRally.csproj::TargetFramework=net10.0]
C:\Users\pierc\source\repos\archanox\LibreRally\LibreRally\Vehicle\JBeam\JBeamData.cs(37,11): warning CSENSE002: The parameter 'Strength' is missing documentation [C:\Users\pierc\source\repos\archanox\LibreRally\LibreRally\LibreRally.csproj::TargetFramework=net10.0]
C:\Users\pierc\source\repos\archanox\LibreRally\LibreRally\Vehicle\JBeam\JBeamData.cs(38,12): warning CSENSE002: The parameter 'BeamType' is missing documentation [C:\Users\pierc\source\repos\archanox\LibreRally\LibreRally\LibreRally.csproj::TargetFramework=net10.0]
C:\Users\pierc\source\repos\archanox\LibreRally\LibreRally\Vehicle\JBeam\JBeamData.cs(39,12): warning CSENSE002: The parameter 'DeformGroup' is missing documentation [C:\Users\pierc\source\repos\archanox\LibreRally\LibreRally\LibreRally.csproj::TargetFramework=net10.0]
C:\Users\pierc\source\repos\archanox\LibreRally\LibreRally\Vehicle\JBeam\JBeamData.cs(40,11): warning CSENSE002: The parameter 'DeformationTriggerRatio' is missing documentation [C:\Users\pierc\source\repos\archanox\LibreRally\LibreRally\LibreRally.csproj::TargetFramework=net10.0]
C:\Users\pierc\source\repos\archanox\LibreRally\LibreRally\Vehicle\JBeam\JBeamData.cs(41,10): warning CSENSE002: The parameter 'Optional' is missing documentation [C:\Users\pierc\source\repos\archanox\LibreRally\LibreRally\LibreRally.csproj::TargetFramework=net10.0]
C:\Users\pierc\source\repos\archanox\LibreRally\LibreRally\Vehicle\JBeam\JBeamData.cs(64,12): warning CSENSE002: The parameter 'Mesh' is missing documentation [C:\Users\pierc\source\repos\archanox\LibreRally\LibreRally\LibreRally.csproj::TargetFramework=net10.0]
C:\Users\pierc\source\repos\archanox\LibreRally\LibreRally\Vehicle\JBeam\JBeamData.cs(65,18): warning CSENSE002: The parameter 'Groups' is missing documentation [C:\Users\pierc\source\repos\archanox\LibreRally\LibreRally\LibreRally.csproj::TargetFramework=net10.0]
C:\Users\pierc\source\repos\archanox\LibreRally\LibreRally\Vehicle\JBeam\JBeamData.cs(66,30): warning CSENSE002: The parameter 'Position' is missing documentation [C:\Users\pierc\source\repos\archanox\LibreRally\LibreRally\LibreRally.csproj::TargetFramework=net10.0]
C:\Users\pierc\source\repos\archanox\LibreRally\LibreRally\Vehicle\JBeam\JBeamData.cs(67,30): warning CSENSE002: The parameter 'Rotation' is missing documentation [C:\Users\pierc\source\repos\archanox\LibreRally\LibreRally\LibreRally.csproj::TargetFramework=net10.0]
C:\Users\pierc\source\repos\archanox\LibreRally\LibreRally\Vehicle\JBeam\JBeamData.cs(68,30): warning CSENSE002: The parameter 'Scale' is missing documentation [C:\Users\pierc\source\repos\archanox\LibreRally\LibreRally\LibreRally.csproj::TargetFramework=net10.0]
C:\Users\pierc\source\repos\archanox\LibreRally\LibreRally\Vehicle\VehicleSetupCatalog.cs(46,21): warning CSENSE001: The symbol 'VehicleSetupCatalogBuilder' is missing valid documentation [C:\Users\pierc\source\repos\archanox\LibreRally\LibreRally\LibreRally.csproj::TargetFramework=net10.0]
C:\Users\pierc\source\repos\archanox\LibreRally\LibreRally\Vehicle\JBeam\JBeamData.cs(62,21): warning CSENSE020: The word 'mesh' matches a parameter name and should be wrapped in <paramref name="Mesh" /> [C:\Users\pierc\source\repos\archanox\LibreRally\LibreRally\LibreRally.csproj::TargetFramework=net10.0]
C:\Users\pierc\source\repos\archanox\LibreRally\LibreRally\Vehicle\JBeam\JBeamData.cs(62,58): warning CSENSE020: The word 'groups' matches a parameter name and should be wrapped in <paramref name="Groups" /> [C:\Users\pierc\source\repos\archanox\LibreRally\LibreRally\LibreRally.csproj::TargetFramework=net10.0]
C:\Users\pierc\source\repos\archanox\LibreRally\LibreRally\Vehicle\VehicleSetupOverrides.cs(5,13): warning CSENSE001: The symbol 'VehicleSetupAxle' is missing valid documentation [C:\Users\pierc\source\repos\archanox\LibreRally\LibreRally\LibreRally.csproj::TargetFramework=net10.0]
C:\Users\pierc\source\repos\archanox\LibreRally\LibreRally\Vehicle\VehicleSetupOverrides.cs(8,5): warning CSENSE001: The symbol 'Front' is missing valid documentation [C:\Users\pierc\source\repos\archanox\LibreRally\LibreRally\LibreRally.csproj::TargetFramework=net10.0]
C:\Users\pierc\source\repos\archanox\LibreRally\LibreRally\Vehicle\VehicleSetupOverrides.cs(9,5): warning CSENSE001: The symbol 'Rear' is missing valid documentation [C:\Users\pierc\source\repos\archanox\LibreRally\LibreRally\LibreRally.csproj::TargetFramework=net10.0]
C:\Users\pierc\source\repos\archanox\LibreRally\LibreRally\Vehicle\VehicleSetupOverrides.cs(12,21): warning CSENSE001: The symbol 'VehiclePressureWheelOverrides' is missing valid documentation [C:\Users\pierc\source\repos\archanox\LibreRally\LibreRally\LibreRally.csproj::TargetFramework=net10.0]
C:\Users\pierc\source\repos\archanox\LibreRally\LibreRally\Vehicle\VehicleSetupOverrides.cs(14,19): warning CSENSE001: The symbol 'PressurePsi' is missing valid documentation [C:\Users\pierc\source\repos\archanox\LibreRally\LibreRally\LibreRally.csproj::TargetFramework=net10.0]
C:\Users\pierc\source\repos\archanox\LibreRally\LibreRally\HUD\VehicleSelectionOverlay.cs(14,21): warning CSENSE001: The symbol 'VehicleSelectionOverlay' is missing valid documentation [C:\Users\pierc\source\repos\archanox\LibreRally\LibreRally\LibreRally.csproj::TargetFramework=net10.0]
C:\Users\pierc\source\repos\archanox\LibreRally\LibreRally\HUD\VehicleSelectionOverlay.cs(56,17): warning CSENSE001: The symbol 'OverlayVisible' is missing valid documentation [C:\Users\pierc\source\repos\archanox\LibreRally\LibreRally\LibreRally.csproj::TargetFramework=net10.0]
C:\Users\pierc\source\repos\archanox\LibreRally\LibreRally\HUD\VehicleSelectionOverlay.cs(34,51): warning CSENSE001: The symbol 'Vehicles' is missing valid documentation [C:\Users\pierc\source\repos\archanox\LibreRally\LibreRally\LibreRally.csproj::TargetFramework=net10.0]
C:\Users\pierc\source\repos\archanox\LibreRally\LibreRally\HUD\VehicleSelectionOverlay.cs(44,16): warning CSENSE001: The symbol 'SelectedIndex' is missing valid documentation [C:\Users\pierc\source\repos\archanox\LibreRally\LibreRally\LibreRally.csproj::TargetFramework=net10.0]
C:\Users\pierc\source\repos\archanox\LibreRally\LibreRally\HUD\VehicleSelectionOverlay.cs(76,25): warning CSENSE001: The symbol 'ItemActivated' is missing valid documentation [C:\Users\pierc\source\repos\archanox\LibreRally\LibreRally\LibreRally.csproj::TargetFramework=net10.0]
C:\Users\pierc\source\repos\archanox\LibreRally\LibreRally\Vehicle\VehicleSetupOverrides.cs(17,21): warning CSENSE001: The symbol 'VehicleSetupOverrides' is missing valid documentation [C:\Users\pierc\source\repos\archanox\LibreRally\LibreRally\LibreRally.csproj::TargetFramework=net10.0]
C:\Users\pierc\source\repos\archanox\LibreRally\LibreRally\Vehicle\VehicleSetupOverrides.cs(19,38): warning CSENSE001: The symbol 'VariableOverrides' is missing valid documentation [C:\Users\pierc\source\repos\archanox\LibreRally\LibreRally\LibreRally.csproj::TargetFramework=net10.0]
C:\Users\pierc\source\repos\archanox\LibreRally\LibreRally\Vehicle\VehicleSetupOverrides.cs(20,72): warning CSENSE001: The symbol 'PressureWheelOverrides' is missing valid documentation [C:\Users\pierc\source\repos\archanox\LibreRally\LibreRally\LibreRally.csproj::TargetFramework=net10.0]
C:\Users\pierc\source\repos\archanox\LibreRally\LibreRally\HUD\VehicleSelectionOverlay.cs(66,19): warning CSENSE001: The symbol 'StatusText' is missing valid documentation [C:\Users\pierc\source\repos\archanox\LibreRally\LibreRally\LibreRally.csproj::TargetFramework=net10.0]
C:\Users\pierc\source\repos\archanox\LibreRally\LibreRally\Vehicle\JBeam\JBeamData.cs(72,12): warning CSENSE002: The parameter 'Type' is missing documentation [C:\Users\pierc\source\repos\archanox\LibreRally\LibreRally\LibreRally.csproj::TargetFramework=net10.0]
C:\Users\pierc\source\repos\archanox\LibreRally\LibreRally\Vehicle\JBeam\JBeamData.cs(73,12): warning CSENSE002: The parameter 'Default' is missing documentation [C:\Users\pierc\source\repos\archanox\LibreRally\LibreRally\LibreRally.csproj::TargetFramework=net10.0]
C:\Users\pierc\source\repos\archanox\LibreRally\LibreRally\Vehicle\JBeam\JBeamData.cs(74,12): warning CSENSE002: The parameter 'Description' is missing documentation [C:\Users\pierc\source\repos\archanox\LibreRally\LibreRally\LibreRally.csproj::TargetFramework=net10.0]
C:\Users\pierc\source\repos\archanox\LibreRally\LibreRally\Vehicle\JBeam\JBeamData.cs(75,10): warning CSENSE002: The parameter 'CoreSlot' is missing documentation [C:\Users\pierc\source\repos\archanox\LibreRally\LibreRally\LibreRally.csproj::TargetFramework=net10.0]
C:\Users\pierc\source\repos\archanox\LibreRally\LibreRally\Vehicle\JBeam\JBeamData.cs(76,30): warning CSENSE002: The parameter 'NodeOffset' is missing documentation [C:\Users\pierc\source\repos\archanox\LibreRally\LibreRally\LibreRally.csproj::TargetFramework=net10.0]
C:\Users\pierc\source\repos\archanox\LibreRally\LibreRally\Vehicle\JBeam\JBeamData.cs(70,33): warning CSENSE020: The word 'type' matches a parameter name and should be wrapped in <paramref name="Type" /> [C:\Users\pierc\source\repos\archanox\LibreRally\LibreRally\LibreRally.csproj::TargetFramework=net10.0]
C:\Users\pierc\source\repos\archanox\LibreRally\LibreRally\Vehicle\JBeam\JBeamData.cs(70,39): warning CSENSE020: The word 'default' matches a parameter name and should be wrapped in <paramref name="Default" /> [C:\Users\pierc\source\repos\archanox\LibreRally\LibreRally\LibreRally.csproj::TargetFramework=net10.0]
C:\Users\pierc\source\repos\archanox\LibreRally\LibreRally\Vehicle\JBeam\JBeamData.cs(70,55): warning CSENSE020: The word 'description' matches a parameter name and should be wrapped in <paramref name="Description" /> [C:\Users\pierc\source\repos\archanox\LibreRally\LibreRally\LibreRally.csproj::TargetFramework=net10.0]
C:\Users\pierc\source\repos\archanox\LibreRally\LibreRally\Vehicle\JBeam\JBeamData.cs(78,15): warning CSENSE001: The symbol 'JBeamPowertrainDevice' is missing valid documentation [C:\Users\pierc\source\repos\archanox\LibreRally\LibreRally\LibreRally.csproj::TargetFramework=net10.0]
C:\Users\pierc\source\repos\archanox\LibreRally\LibreRally\Vehicle\JBeam\JBeamData.cs(90,15): warning CSENSE001: The symbol 'JBeamPressureWheel' is missing valid documentation [C:\Users\pierc\source\repos\archanox\LibreRally\LibreRally\LibreRally.csproj::TargetFramework=net10.0]
C:\Users\pierc\source\repos\archanox\LibreRally\LibreRally\Vehicle\VehicleSetupCatalog.cs(11,5): warning CSENSE001: The symbol 'Reload' is missing valid documentation [C:\Users\pierc\source\repos\archanox\LibreRally\LibreRally\LibreRally.csproj::TargetFramework=net10.0]
C:\Users\pierc\source\repos\archanox\LibreRally\LibreRally\Vehicle\JBeam\JBeamData.cs(102,14): warning CSENSE001: The symbol 'JBeamPressureWheelOptions' is missing valid documentation [C:\Users\pierc\source\repos\archanox\LibreRally\LibreRally\LibreRally.csproj::TargetFramework=net10.0]
C:\Users\pierc\source\repos\archanox\LibreRally\LibreRally\Vehicle\JBeam\JBeamData.cs(104,18): warning CSENSE001: The symbol 'HasTire' is missing valid documentation [C:\Users\pierc\source\repos\archanox\LibreRally\LibreRally\LibreRally.csproj::TargetFramework=net10.0]
C:\Users\pierc\source\repos\archanox\LibreRally\LibreRally\Vehicle\JBeam\JBeamData.cs(105,19): warning CSENSE001: The symbol 'Radius' is missing valid documentation [C:\Users\pierc\source\repos\archanox\LibreRally\LibreRally\LibreRally.csproj::TargetFramework=net10.0]
C:\Users\pierc\source\repos\archanox\LibreRally\LibreRally\Vehicle\JBeam\JBeamData.cs(106,19): warning CSENSE001: The symbol 'TireWidth' is missing valid documentation [C:\Users\pierc\source\repos\archanox\LibreRally\LibreRally\LibreRally.csproj::TargetFramework=net10.0]
C:\Users\pierc\source\repos\archanox\LibreRally\LibreRally\Vehicle\JBeam\JBeamData.cs(107,19): warning CSENSE001: The symbol 'PressurePsi' is missing valid documentation [C:\Users\pierc\source\repos\archanox\LibreRally\LibreRally\LibreRally.csproj::TargetFramework=net10.0]
C:\Users\pierc\source\repos\archanox\LibreRally\LibreRally\Vehicle\JBeam\JBeamData.cs(108,19): warning CSENSE001: The symbol 'FrictionCoef' is missing valid documentation [C:\Users\pierc\source\repos\archanox\LibreRally\LibreRally\LibreRally.csproj::TargetFramework=net10.0]
C:\Users\pierc\source\repos\archanox\LibreRally\LibreRally\Vehicle\JBeam\JBeamData.cs(109,19): warning CSENSE001: The symbol 'SlidingFrictionCoef' is missing valid documentation [C:\Users\pierc\source\repos\archanox\LibreRally\LibreRally\LibreRally.csproj::TargetFramework=net10.0]
C:\Users\pierc\source\repos\archanox\LibreRally\LibreRally\Vehicle\JBeam\JBeamData.cs(110,19): warning CSENSE001: The symbol 'TreadCoef' is missing valid documentation [C:\Users\pierc\source\repos\archanox\LibreRally\LibreRally\LibreRally.csproj::TargetFramework=net10.0]
C:\Users\pierc\source\repos\archanox\LibreRally\LibreRally\Vehicle\JBeam\JBeamData.cs(112,19): warning CSENSE001: The symbol 'LoadSensitivitySlope' is missing valid documentation [C:\Users\pierc\source\repos\archanox\LibreRally\LibreRally\LibreRally.csproj::TargetFramework=net10.0]
C:\Users\pierc\source\repos\archanox\LibreRally\LibreRally\Vehicle\JBeam\JBeamData.cs(113,19): warning CSENSE001: The symbol 'FullLoadCoef' is missing valid documentation [C:\Users\pierc\source\repos\archanox\LibreRally\LibreRally\LibreRally.csproj::TargetFramework=net10.0]
C:\Users\pierc\source\repos\archanox\LibreRally\LibreRally\Vehicle\JBeam\JBeamData.cs(111,19): warning CSENSE001: The symbol 'NoLoadCoef' is missing valid documentation [C:\Users\pierc\source\repos\archanox\LibreRally\LibreRally\LibreRally.csproj::TargetFramework=net10.0]
C:\Users\pierc\source\repos\archanox\LibreRally\LibreRally\Vehicle\JBeam\JBeamData.cs(115,19): warning CSENSE001: The symbol 'HubRadius' is missing valid documentation [C:\Users\pierc\source\repos\archanox\LibreRally\LibreRally\LibreRally.csproj::TargetFramework=net10.0]
C:\Users\pierc\source\repos\archanox\LibreRally\LibreRally\Vehicle\JBeam\JBeamData.cs(114,19): warning CSENSE001: The symbol 'SoftnessCoef' is missing valid documentation [C:\Users\pierc\source\repos\archanox\LibreRally\LibreRally\LibreRally.csproj::TargetFramework=net10.0]
C:\Users\pierc\source\repos\archanox\LibreRally\LibreRally\Vehicle\JBeam\JBeamData.cs(116,19): warning CSENSE001: The symbol 'HubWidth' is missing valid documentation [C:\Users\pierc\source\repos\archanox\LibreRally\LibreRally\LibreRally.csproj::TargetFramework=net10.0]
C:\Users\pierc\source\repos\archanox\LibreRally\LibreRally\Vehicle\JBeam\JBeamData.cs(117,19): warning CSENSE001: The symbol 'WheelOffset' is missing valid documentation [C:\Users\pierc\source\repos\archanox\LibreRally\LibreRally\LibreRally.csproj::TargetFramework=net10.0]
C:\Users\pierc\source\repos\archanox\LibreRally\LibreRally\Vehicle\JBeam\JBeamData.cs(120,21): warning CSENSE001: The symbol 'JBeamVariableDefinition' is missing valid documentation [C:\Users\pierc\source\repos\archanox\LibreRally\LibreRally\LibreRally.csproj::TargetFramework=net10.0]
C:\Users\pierc\source\repos\archanox\LibreRally\LibreRally\Vehicle\JBeam\JBeamData.cs(122,19): warning CSENSE001: The symbol 'Name' is missing valid documentation [C:\Users\pierc\source\repos\archanox\LibreRally\LibreRally\LibreRally.csproj::TargetFramework=net10.0]
C:\Users\pierc\source\repos\archanox\LibreRally\LibreRally\Vehicle\JBeam\JBeamData.cs(123,19): warning CSENSE001: The symbol 'Type' is missing valid documentation [C:\Users\pierc\source\repos\archanox\LibreRally\LibreRally\LibreRally.csproj::TargetFramework=net10.0]
C:\Users\pierc\source\repos\archanox\LibreRally\LibreRally\Vehicle\JBeam\JBeamData.cs(124,19): warning CSENSE001: The symbol 'Unit' is missing valid documentation [C:\Users\pierc\source\repos\archanox\LibreRally\LibreRally\LibreRally.csproj::TargetFramework=net10.0]
C:\Users\pierc\source\repos\archanox\LibreRally\LibreRally\Vehicle\JBeam\JBeamData.cs(125,19): warning CSENSE001: The symbol 'Category' is missing valid documentation [C:\Users\pierc\source\repos\archanox\LibreRally\LibreRally\LibreRally.csproj::TargetFramework=net10.0]
C:\Users\pierc\source\repos\archanox\LibreRally\LibreRally\Vehicle\JBeam\JBeamData.cs(126,18): warning CSENSE001: The symbol 'DefaultValue' is missing valid documentation [C:\Users\pierc\source\repos\archanox\LibreRally\LibreRally\LibreRally.csproj::TargetFramework=net10.0]
C:\Users\pierc\source\repos\archanox\LibreRally\LibreRally\Vehicle\JBeam\JBeamData.cs(127,18): warning CSENSE001: The symbol 'MinValue' is missing valid documentation [C:\Users\pierc\source\repos\archanox\LibreRally\LibreRally\LibreRally.csproj::TargetFramework=net10.0]
C:\Users\pierc\source\repos\archanox\LibreRally\LibreRally\Vehicle\JBeam\JBeamData.cs(129,19): warning CSENSE001: The symbol 'Title' is missing valid documentation [C:\Users\pierc\source\repos\archanox\LibreRally\LibreRally\LibreRally.csproj::TargetFramework=net10.0]
C:\Users\pierc\source\repos\archanox\LibreRally\LibreRally\Vehicle\JBeam\JBeamData.cs(131,19): warning CSENSE001: The symbol 'SubCategory' is missing valid documentation [C:\Users\pierc\source\repos\archanox\LibreRally\LibreRally\LibreRally.csproj::TargetFramework=net10.0]
C:\Users\pierc\source\repos\archanox\LibreRally\LibreRally\Vehicle\JBeam\JBeamData.cs(130,19): warning CSENSE001: The symbol 'Description' is missing valid documentation [C:\Users\pierc\source\repos\archanox\LibreRally\LibreRally\LibreRally.csproj::TargetFramework=net10.0]
C:\Users\pierc\source\repos\archanox\LibreRally\LibreRally\Vehicle\JBeam\JBeamData.cs(132,19): warning CSENSE001: The symbol 'MinDisplayValue' is missing valid documentation [C:\Users\pierc\source\repos\archanox\LibreRally\LibreRally\LibreRally.csproj::TargetFramework=net10.0]
C:\Users\pierc\source\repos\archanox\LibreRally\LibreRally\Vehicle\JBeam\JBeamData.cs(128,18): warning CSENSE001: The symbol 'MaxValue' is missing valid documentation [C:\Users\pierc\source\repos\archanox\LibreRally\LibreRally\LibreRally.csproj::TargetFramework=net10.0]
C:\Users\pierc\source\repos\archanox\LibreRally\LibreRally\Vehicle\JBeam\JBeamData.cs(133,19): warning CSENSE001: The symbol 'MaxDisplayValue' is missing valid documentation [C:\Users\pierc\source\repos\archanox\LibreRally\LibreRally\LibreRally.csproj::TargetFramework=net10.0]
C:\Users\pierc\source\repos\archanox\LibreRally\LibreRally\Vehicle\JBeam\JBeamData.cs(134,19): warning CSENSE001: The symbol 'StepDisplayValue' is missing valid documentation [C:\Users\pierc\source\repos\archanox\LibreRally\LibreRally\LibreRally.csproj::TargetFramework=net10.0]
C:\Users\pierc\source\repos\archanox\LibreRally\LibreRally\Vehicle\JBeam\JBeamData.cs(137,15): warning CSENSE001: The symbol 'JBeamTorquePoint' is missing valid documentation [C:\Users\pierc\source\repos\archanox\LibreRally\LibreRally\LibreRally.csproj::TargetFramework=net10.0]
C:\Users\pierc\source\repos\archanox\LibreRally\LibreRally\Vehicle\JBeam\JBeamData.cs(139,14): warning CSENSE001: The symbol 'JBeamEngineDefinition' is missing valid documentation [C:\Users\pierc\source\repos\archanox\LibreRally\LibreRally\LibreRally.csproj::TargetFramework=net10.0]
C:\Users\pierc\source\repos\archanox\LibreRally\LibreRally\Vehicle\JBeam\JBeamData.cs(141,35): warning CSENSE001: The symbol 'TorqueCurve' is missing valid documentation [C:\Users\pierc\source\repos\archanox\LibreRally\LibreRally\LibreRally.csproj::TargetFramework=net10.0]
C:\Users\pierc\source\repos\archanox\LibreRally\LibreRally\Vehicle\JBeam\JBeamData.cs(142,18): warning CSENSE001: The symbol 'IdleRpm' is missing valid documentation [C:\Users\pierc\source\repos\archanox\LibreRally\LibreRally\LibreRally.csproj::TargetFramework=net10.0]
C:\Users\pierc\source\repos\archanox\LibreRally\LibreRally\Vehicle\JBeam\JBeamData.cs(144,18): warning CSENSE001: The symbol 'Inertia' is missing valid documentation [C:\Users\pierc\source\repos\archanox\LibreRally\LibreRally\LibreRally.csproj::TargetFramework=net10.0]
C:\Users\pierc\source\repos\archanox\LibreRally\LibreRally\Vehicle\JBeam\JBeamData.cs(143,18): warning CSENSE001: The symbol 'MaxRpm' is missing valid documentation [C:\Users\pierc\source\repos\archanox\LibreRally\LibreRally\LibreRally.csproj::TargetFramework=net10.0]
C:\Users\pierc\source\repos\archanox\LibreRally\LibreRally\Vehicle\JBeam\JBeamData.cs(145,18): warning CSENSE001: The symbol 'Friction' is missing valid documentation [C:\Users\pierc\source\repos\archanox\LibreRally\LibreRally\LibreRally.csproj::TargetFramework=net10.0]
C:\Users\pierc\source\repos\archanox\LibreRally\LibreRally\Vehicle\JBeam\JBeamData.cs(146,18): warning CSENSE001: The symbol 'DynamicFriction' is missing valid documentation [C:\Users\pierc\source\repos\archanox\LibreRally\LibreRally\LibreRally.csproj::TargetFramework=net10.0]
C:\Users\pierc\source\repos\archanox\LibreRally\LibreRally\Vehicle\JBeam\JBeamData.cs(147,18): warning CSENSE001: The symbol 'EngineBrakeTorque' is missing valid documentation [C:\Users\pierc\source\repos\archanox\LibreRally\LibreRally\LibreRally.csproj::TargetFramework=net10.0]
C:\Users\pierc\source\repos\archanox\LibreRally\LibreRally\Vehicle\JBeam\JBeamData.cs(150,17): warning CSENSE001: The symbol 'ThermalsEnabled' is missing valid documentation [C:\Users\pierc\source\repos\archanox\LibreRally\LibreRally\LibreRally.csproj::TargetFramework=net10.0]
C:\Users\pierc\source\repos\archanox\LibreRally\LibreRally\Vehicle\JBeam\JBeamData.cs(151,18): warning CSENSE001: The symbol 'OilVolume' is missing valid documentation [C:\Users\pierc\source\repos\archanox\LibreRally\LibreRally\LibreRally.csproj::TargetFramework=net10.0]
C:\Users\pierc\source\repos\archanox\LibreRally\LibreRally\Vehicle\JBeam\JBeamData.cs(153,18): warning CSENSE001: The symbol 'EngineBlockTemperatureDamageThreshold' is missing valid documentation [C:\Users\pierc\source\repos\archanox\LibreRally\LibreRally\LibreRally.csproj::TargetFramework=net10.0]
C:\Users\pierc\source\repos\archanox\LibreRally\LibreRally\Vehicle\JBeam\JBeamData.cs(169,46): warning CSENSE002: The parameter 'Throttle' is missing documentation [C:\Users\pierc\source\repos\archanox\LibreRally\LibreRally\LibreRally.csproj::TargetFramework=net10.0]
C:\Users\pierc\source\repos\archanox\LibreRally\LibreRally\Vehicle\JBeam\JBeamData.cs(169,62): warning CSENSE002: The parameter 'Efficiency' is missing documentation [C:\Users\pierc\source\repos\archanox\LibreRally\LibreRally\LibreRally.csproj::TargetFramework=net10.0]
C:\Users\pierc\source\repos\archanox\LibreRally\LibreRally\Vehicle\JBeam\JBeamData.cs(154,18): warning CSENSE001: The symbol 'CylinderWallTemperatureDamageThreshold' is missing valid documentation [C:\Users\pierc\source\repos\archanox\LibreRally\LibreRally\LibreRally.csproj::TargetFramework=net10.0]
C:\Users\pierc\source\repos\archanox\LibreRally\LibreRally\Vehicle\JBeam\JBeamData.cs(152,19): warning CSENSE001: The symbol 'EngineBlockMaterial' is missing valid documentation [C:\Users\pierc\source\repos\archanox\LibreRally\LibreRally\LibreRally.csproj::TargetFramework=net10.0]
C:\Users\pierc\source\repos\archanox\LibreRally\LibreRally\Vehicle\JBeam\JBeamData.cs(157,43): warning CSENSE001: The symbol 'BurnEfficiency' is missing valid documentation [C:\Users\pierc\source\repos\archanox\LibreRally\LibreRally\LibreRally.csproj::TargetFramework=net10.0]
C:\Users\pierc\source\repos\archanox\LibreRally\LibreRally\Vehicle\JBeam\JBeamData.cs(168,19): warning CSENSE020: The word 'efficiency' matches a parameter name and should be wrapped in <paramref name="Efficiency" /> [C:\Users\pierc\source\repos\archanox\LibreRally\LibreRally\LibreRally.csproj::TargetFramework=net10.0]
C:\Users\pierc\source\repos\archanox\LibreRally\LibreRally\Vehicle\JBeam\JBeamData.cs(168,37): warning CSENSE020: The word 'throttle' matches a parameter name and should be wrapped in <paramref name="Throttle" /> [C:\Users\pierc\source\repos\archanox\LibreRally\LibreRally\LibreRally.csproj::TargetFramework=net10.0]
C:\Users\pierc\source\repos\archanox\LibreRally\LibreRally\Vehicle\JBeam\JBeamData.cs(168,65): warning CSENSE020: The word 'efficiency' matches a parameter name and should be wrapped in <paramref name="Efficiency" /> [C:\Users\pierc\source\repos\archanox\LibreRally\LibreRally\LibreRally.csproj::TargetFramework=net10.0]
C:\Users\pierc\source\repos\archanox\LibreRally\LibreRally\Vehicle\JBeam\JBeamData.cs(160,17): warning CSENSE001: The symbol 'IsAirCooledOnly' is missing valid documentation [C:\Users\pierc\source\repos\archanox\LibreRally\LibreRally\LibreRally.csproj::TargetFramework=net10.0]
C:\Users\pierc\source\repos\archanox\LibreRally\LibreRally\Vehicle\JBeam\JBeamData.cs(161,18): warning CSENSE001: The symbol 'AirRegulatorTemperature' is missing valid documentation [C:\Users\pierc\source\repos\archanox\LibreRally\LibreRally\LibreRally.csproj::TargetFramework=net10.0]
C:\Users\pierc\source\repos\archanox\LibreRally\LibreRally\Vehicle\JBeam\JBeamData.cs(162,18): warning CSENSE001: The symbol 'EngineBlockAirCoolingEfficiency' is missing valid documentation [C:\Users\pierc\source\repos\archanox\LibreRally\LibreRally\LibreRally.csproj::TargetFramework=net10.0]
C:\Users\pierc\source\repos\archanox\LibreRally\LibreRally\Vehicle\JBeam\JBeamData.cs(165,34): warning CSENSE001: The symbol 'Turbo' is missing valid documentation [C:\Users\pierc\source\repos\archanox\LibreRally\LibreRally\LibreRally.csproj::TargetFramework=net10.0]
C:\Users\pierc\source\repos\archanox\LibreRally\LibreRally\Vehicle\JBeam\JBeamData.cs(190,14): warning CSENSE001: The symbol 'JBeamGearboxDefinition' is missing valid documentation [C:\Users\pierc\source\repos\archanox\LibreRally\LibreRally\LibreRally.csproj::TargetFramework=net10.0]
C:\Users\pierc\source\repos\archanox\LibreRally\LibreRally\Vehicle\JBeam\JBeamData.cs(174,18): warning CSENSE001: The symbol 'WastegatePressure' is missing valid documentation [C:\Users\pierc\source\repos\archanox\LibreRally\LibreRally\LibreRally.csproj::TargetFramework=net10.0]
C:\Users\pierc\source\repos\archanox\LibreRally\LibreRally\Vehicle\JBeam\JBeamData.cs(192,24): warning CSENSE001: The symbol 'GearRatios' is missing valid documentation [C:\Users\pierc\source\repos\archanox\LibreRally\LibreRally\LibreRally.csproj::TargetFramework=net10.0]
C:\Users\pierc\source\repos\archanox\LibreRally\LibreRally\Vehicle\JBeam\JBeamData.cs(175,18): warning CSENSE001: The symbol 'FrictionCoef' is missing valid documentation [C:\Users\pierc\source\repos\archanox\LibreRally\LibreRally\LibreRally.csproj::TargetFramework=net10.0]
C:\Users\pierc\source\repos\archanox\LibreRally\LibreRally\Vehicle\JBeam\JBeamData.cs(176,18): warning CSENSE001: The symbol 'Inertia' is missing valid documentation [C:\Users\pierc\source\repos\archanox\LibreRally\LibreRally\LibreRally.csproj::TargetFramework=net10.0]
C:\Users\pierc\source\repos\archanox\LibreRally\LibreRally\Vehicle\JBeam\JBeamData.cs(177,18): warning CSENSE001: The symbol 'GammaIn' is missing valid documentation [C:\Users\pierc\source\repos\archanox\LibreRally\LibreRally\LibreRally.csproj::TargetFramework=net10.0]
C:\Users\pierc\source\repos\archanox\LibreRally\LibreRally\Vehicle\JBeam\JBeamData.cs(178,18): warning CSENSE001: The symbol 'GammaOut' is missing valid documentation [C:\Users\pierc\source\repos\archanox\LibreRally\LibreRally\LibreRally.csproj::TargetFramework=net10.0]
C:\Users\pierc\source\repos\archanox\LibreRally\LibreRally\Vehicle\JBeam\JBeamData.cs(179,18): warning CSENSE001: The symbol 'PressureRatePsi' is missing valid documentation [C:\Users\pierc\source\repos\archanox\LibreRally\LibreRally\LibreRally.csproj::TargetFramework=net10.0]
C:\Users\pierc\source\repos\archanox\LibreRally\LibreRally\Vehicle\JBeam\JBeamData.cs(185,19): warning CSENSE001: The symbol 'EnergyType' is missing valid documentation [C:\Users\pierc\source\repos\archanox\LibreRally\LibreRally\LibreRally.csproj::TargetFramework=net10.0]
C:\Users\pierc\source\repos\archanox\LibreRally\LibreRally\Vehicle\JBeam\JBeamData.cs(186,18): warning CSENSE001: The symbol 'FuelCapacity' is missing valid documentation [C:\Users\pierc\source\repos\archanox\LibreRally\LibreRally\LibreRally.csproj::TargetFramework=net10.0]
C:\Users\pierc\source\repos\archanox\LibreRally\LibreRally\Vehicle\JBeam\JBeamData.cs(187,18): warning CSENSE001: The symbol 'StartingFuelCapacity' is missing valid documentation [C:\Users\pierc\source\repos\archanox\LibreRally\LibreRally\LibreRally.csproj::TargetFramework=net10.0]
C:\Users\pierc\source\repos\archanox\LibreRally\LibreRally\Vehicle\VehicleDefinition.cs(12,12): warning CSENSE002: The parameter 'Id' is missing documentation [C:\Users\pierc\source\repos\archanox\LibreRally\LibreRally\LibreRally.csproj::TargetFramework=net10.0]
C:\Users\pierc\source\repos\archanox\LibreRally\LibreRally\Vehicle\VehicleDefinition.cs(13,13): warning CSENSE002: The parameter 'Position' is missing documentation [C:\Users\pierc\source\repos\archanox\LibreRally\LibreRally\LibreRally.csproj::TargetFramework=net10.0]
C:\Users\pierc\source\repos\archanox\LibreRally\LibreRally\Vehicle\VehicleDefinition.cs(14,11): warning CSENSE002: The parameter 'Weight' is missing documentation [C:\Users\pierc\source\repos\archanox\LibreRally\LibreRally\LibreRally.csproj::TargetFramework=net10.0]
C:\Users\pierc\source\repos\archanox\LibreRally\LibreRally\Vehicle\VehicleDefinition.cs(15,18): warning CSENSE002: The parameter 'Groups' is missing documentation [C:\Users\pierc\source\repos\archanox\LibreRally\LibreRally\LibreRally.csproj::TargetFramework=net10.0]
C:\Users\pierc\source\repos\archanox\LibreRally\LibreRally\Vehicle\VehicleDefinition.cs(16,10): warning CSENSE002: The parameter 'Collision' is missing documentation [C:\Users\pierc\source\repos\archanox\LibreRally\LibreRally\LibreRally.csproj::TargetFramework=net10.0]
C:\Users\pierc\source\repos\archanox\LibreRally\LibreRally\Vehicle\JBeam\JBeamData.cs(197,19): warning CSENSE001: The symbol 'ClutchLaunchStartRpm' is missing valid documentation [C:\Users\pierc\source\repos\archanox\LibreRally\LibreRally\LibreRally.csproj::TargetFramework=net10.0]
C:\Users\pierc\source\repos\archanox\LibreRally\LibreRally\Vehicle\VehicleDefinition.cs(9,5): warning CSENSE020: The word 'Position' matches a parameter name and should be wrapped in <paramref name="Position" /> [C:\Users\pierc\source\repos\archanox\LibreRally\LibreRally\LibreRally.csproj::TargetFramework=net10.0]
C:\Users\pierc\source\repos\archanox\LibreRally\LibreRally\Vehicle\JBeam\JBeamData.cs(212,14): warning CSENSE001: The symbol 'JBeamTractionControlDefinition' is missing valid documentation [C:\Users\pierc\source\repos\archanox\LibreRally\LibreRally\LibreRally.csproj::TargetFramework=net10.0]
C:\Users\pierc\source\repos\archanox\LibreRally\LibreRally\Vehicle\JBeam\JBeamData.cs(214,18): warning CSENSE001: The symbol 'EnableTractionControl' is missing valid documentation [C:\Users\pierc\source\repos\archanox\LibreRally\LibreRally\LibreRally.csproj::TargetFramework=net10.0]
C:\Users\pierc\source\repos\archanox\LibreRally\LibreRally\Vehicle\JBeam\JBeamData.cs(216,19): warning CSENSE001: The symbol 'SlipRangeThreshold' is missing valid documentation [C:\Users\pierc\source\repos\archanox\LibreRally\LibreRally\LibreRally.csproj::TargetFramework=net10.0]
C:\Users\pierc\source\repos\archanox\LibreRally\LibreRally\Vehicle\JBeam\JBeamData.cs(217,19): warning CSENSE001: The symbol 'MaxVelocity' is missing valid documentation [C:\Users\pierc\source\repos\archanox\LibreRally\LibreRally\LibreRally.csproj::TargetFramework=net10.0]
C:\Users\pierc\source\repos\archanox\LibreRally\LibreRally\Vehicle\JBeam\JBeamData.cs(198,19): warning CSENSE001: The symbol 'ClutchLaunchTargetRpm' is missing valid documentation [C:\Users\pierc\source\repos\archanox\LibreRally\LibreRally\LibreRally.csproj::TargetFramework=net10.0]
C:\Users\pierc\source\repos\archanox\LibreRally\LibreRally\Vehicle\JBeam\JBeamData.cs(215,19): warning CSENSE001: The symbol 'SlipThreshold' is missing valid documentation [C:\Users\pierc\source\repos\archanox\LibreRally\LibreRally\LibreRally.csproj::TargetFramework=net10.0]
C:\Users\pierc\source\repos\archanox\LibreRally\LibreRally\Vehicle\JBeam\JBeamData.cs(195,14): warning CSENSE001: The symbol 'JBeamVehicleControllerDefinition' is missing valid documentation [C:\Users\pierc\source\repos\archanox\LibreRally\LibreRally\LibreRally.csproj::TargetFramework=net10.0]
C:\Users\pierc\source\repos\archanox\LibreRally\LibreRally\Vehicle\JBeam\JBeamData.cs(200,24): warning CSENSE001: The symbol 'HighShiftDownRpm' is missing valid documentation [C:\Users\pierc\source\repos\archanox\LibreRally\LibreRally\LibreRally.csproj::TargetFramework=net10.0]
C:\Users\pierc\source\repos\archanox\LibreRally\LibreRally\Vehicle\JBeam\JBeamData.cs(199,19): warning CSENSE001: The symbol 'HighShiftUpRpm' is missing valid documentation [C:\Users\pierc\source\repos\archanox\LibreRally\LibreRally\LibreRally.csproj::TargetFramework=net10.0]
C:\Users\pierc\source\repos\archanox\LibreRally\LibreRally\Vehicle\JBeam\JBeamData.cs(202,24): warning CSENSE001: The symbol 'LowShiftDownRpm' is missing valid documentation [C:\Users\pierc\source\repos\archanox\LibreRally\LibreRally\LibreRally.csproj::TargetFramework=net10.0]
C:\Users\pierc\source\repos\archanox\LibreRally\LibreRally\Vehicle\JBeam\JBeamData.cs(201,24): warning CSENSE001: The symbol 'LowShiftUpRpm' is missing valid documentation [C:\Users\pierc\source\repos\archanox\LibreRally\LibreRally\LibreRally.csproj::TargetFramework=net10.0]
C:\Users\pierc\source\repos\archanox\LibreRally\LibreRally\Vehicle\JBeam\JBeamData.cs(205,14): warning CSENSE001: The symbol 'JBeamBrakeControlDefinition' is missing valid documentation [C:\Users\pierc\source\repos\archanox\LibreRally\LibreRally\LibreRally.csproj::TargetFramework=net10.0]
C:\Users\pierc\source\repos\archanox\LibreRally\LibreRally\Vehicle\JBeam\JBeamData.cs(207,18): warning CSENSE001: The symbol 'EnableAbs' is missing valid documentation [C:\Users\pierc\source\repos\archanox\LibreRally\LibreRally\LibreRally.csproj::TargetFramework=net10.0]
C:\Users\pierc\source\repos\archanox\LibreRally\LibreRally\Vehicle\JBeam\JBeamData.cs(208,19): warning CSENSE001: The symbol 'AbsSlipRatioTarget' is missing valid documentation [C:\Users\pierc\source\repos\archanox\LibreRally\LibreRally\LibreRally.csproj::TargetFramework=net10.0]
C:\Users\pierc\source\repos\archanox\LibreRally\LibreRally\Vehicle\JBeam\JBeamData.cs(209,17): warning CSENSE001: The symbol 'HasLegacyAbsController' is missing valid documentation [C:\Users\pierc\source\repos\archanox\LibreRally\LibreRally\LibreRally.csproj::TargetFramework=net10.0]
C:\Users\pierc\source\repos\archanox\LibreRally\LibreRally\Vehicle\Physics\SurfaceDefinition.cs(15,5): warning CSENSE001: The symbol 'Tarmac' is missing valid documentation [C:\Users\pierc\source\repos\archanox\LibreRally\LibreRally\LibreRally.csproj::TargetFramework=net10.0]
C:\Users\pierc\source\repos\archanox\LibreRally\LibreRally\Vehicle\JBeam\JBeamData.cs(223,19): warning CSENSE001: The symbol 'Name' is missing valid documentation [C:\Users\pierc\source\repos\archanox\LibreRally\LibreRally\LibreRally.csproj::TargetFramework=net10.0]
C:\Users\pierc\source\repos\archanox\LibreRally\LibreRally\Vehicle\JBeam\JBeamData.cs(224,19): warning CSENSE001: The symbol 'SlotType' is missing valid documentation [C:\Users\pierc\source\repos\archanox\LibreRally\LibreRally\LibreRally.csproj::TargetFramework=net10.0]
C:\Users\pierc\source\repos\archanox\LibreRally\LibreRally\Vehicle\JBeam\JBeamData.cs(225,17): warning CSENSE001: The symbol 'IsMain' is missing valid documentation [C:\Users\pierc\source\repos\archanox\LibreRally\LibreRally\LibreRally.csproj::TargetFramework=net10.0]
C:\Users\pierc\source\repos\archanox\LibreRally\LibreRally\Vehicle\JBeam\JBeamData.cs(227,28): warning CSENSE001: The symbol 'Slots' is missing valid documentation [C:\Users\pierc\source\repos\archanox\LibreRally\LibreRally\LibreRally.csproj::TargetFramework=net10.0]
C:\Users\pierc\source\repos\archanox\LibreRally\LibreRally\Vehicle\JBeam\JBeamData.cs(228,28): warning CSENSE001: The symbol 'Nodes' is missing valid documentation [C:\Users\pierc\source\repos\archanox\LibreRally\LibreRally\LibreRally.csproj::TargetFramework=net10.0]
C:\Users\pierc\source\repos\archanox\LibreRally\LibreRally\Vehicle\JBeam\JBeamData.cs(229,28): warning CSENSE001: The symbol 'Beams' is missing valid documentation [C:\Users\pierc\source\repos\archanox\LibreRally\LibreRally\LibreRally.csproj::TargetFramework=net10.0]
C:\Users\pierc\source\repos\archanox\LibreRally\LibreRally\Vehicle\JBeam\JBeamData.cs(230,32): warning CSENSE001: The symbol 'FlexBodies' is missing valid documentation [C:\Users\pierc\source\repos\archanox\LibreRally\LibreRally\LibreRally.csproj::TargetFramework=net10.0]
C:\Users\pierc\source\repos\archanox\LibreRally\LibreRally\Vehicle\JBeam\JBeamData.cs(231,38): warning CSENSE001: The symbol 'Variables' is missing valid documentation [C:\Users\pierc\source\repos\archanox\LibreRally\LibreRally\LibreRally.csproj::TargetFramework=net10.0]
C:\Users\pierc\source\repos\archanox\LibreRally\LibreRally\Vehicle\JBeam\JBeamData.cs(232,42): warning CSENSE001: The symbol 'VariableDefinitions' is missing valid documentation [C:\Users\pierc\source\repos\archanox\LibreRally\LibreRally\LibreRally.csproj::TargetFramework=net10.0]
C:\Users\pierc\source\repos\archanox\LibreRally\LibreRally\Vehicle\JBeam\JBeamData.cs(233,40): warning CSENSE001: The symbol 'PowertrainDevices' is missing valid documentation [C:\Users\pierc\source\repos\archanox\LibreRally\LibreRally\LibreRally.csproj::TargetFramework=net10.0]
C:\Users\pierc\source\repos\archanox\LibreRally\LibreRally\Vehicle\JBeam\JBeamData.cs(235,39): warning CSENSE001: The symbol 'PressureWheelOptions' is missing valid documentation [C:\Users\pierc\source\repos\archanox\LibreRally\LibreRally\LibreRally.csproj::TargetFramework=net10.0]
C:\Users\pierc\source\repos\archanox\LibreRally\LibreRally\Vehicle\JBeam\JBeamData.cs(234,37): warning CSENSE001: The symbol 'PressureWheels' is missing valid documentation [C:\Users\pierc\source\repos\archanox\LibreRally\LibreRally\LibreRally.csproj::TargetFramework=net10.0]
C:\Users\pierc\source\repos\archanox\LibreRally\LibreRally\Vehicle\JBeam\JBeamData.cs(236,19): warning CSENSE001: The symbol 'GearRatio' is missing valid documentation [C:\Users\pierc\source\repos\archanox\LibreRally\LibreRally\LibreRally.csproj::TargetFramework=net10.0]
C:\Users\pierc\source\repos\archanox\LibreRally\LibreRally\Vehicle\JBeam\JBeamData.cs(237,35): warning CSENSE001: The symbol 'Engine' is missing valid documentation [C:\Users\pierc\source\repos\archanox\LibreRally\LibreRally\LibreRally.csproj::TargetFramework=net10.0]
C:\Users\pierc\source\repos\archanox\LibreRally\LibreRally\Vehicle\JBeam\JBeamData.cs(238,36): warning CSENSE001: The symbol 'Gearbox' is missing valid documentation [C:\Users\pierc\source\repos\archanox\LibreRally\LibreRally\LibreRally.csproj::TargetFramework=net10.0]
C:\Users\pierc\source\repos\archanox\LibreRally\LibreRally\Vehicle\JBeam\JBeamData.cs(240,41): warning CSENSE001: The symbol 'BrakeControl' is missing valid documentation [C:\Users\pierc\source\repos\archanox\LibreRally\LibreRally\LibreRally.csproj::TargetFramework=net10.0]
C:\Users\pierc\source\repos\archanox\LibreRally\LibreRally\Vehicle\JBeam\JBeamData.cs(239,46): warning CSENSE001: The symbol 'VehicleController' is missing valid documentation [C:\Users\pierc\source\repos\archanox\LibreRally\LibreRally\LibreRally.csproj::TargetFramework=net10.0]
C:\Users\pierc\source\repos\archanox\LibreRally\LibreRally\Vehicle\JBeam\JBeamData.cs(241,44): warning CSENSE001: The symbol 'TractionControl' is missing valid documentation [C:\Users\pierc\source\repos\archanox\LibreRally\LibreRally\LibreRally.csproj::TargetFramework=net10.0]
C:\Users\pierc\source\repos\archanox\LibreRally\LibreRally\Vehicle\JBeam\JBeamData.cs(242,37): warning CSENSE001: The symbol 'FuelTank' is missing valid documentation [C:\Users\pierc\source\repos\archanox\LibreRally\LibreRally\LibreRally.csproj::TargetFramework=net10.0]
C:\Users\pierc\source\repos\archanox\LibreRally\LibreRally\Vehicle\VehicleLoader.cs(1762,15): warning CSENSE001: The symbol 'LoadedVehicle' is missing valid documentation [C:\Users\pierc\source\repos\archanox\LibreRally\LibreRally\LibreRally.csproj::TargetFramework=net10.0]
C:\Users\pierc\source\repos\archanox\LibreRally\LibreRally\Vehicle\Physics\BreakablePartComponent.cs(10,40): warning CSENSE007: The cref reference 'BodyComponent' could not be resolved [C:\Users\pierc\source\repos\archanox\LibreRally\LibreRally\LibreRally.csproj::TargetFramework=net10.0]
C:\Users\pierc\source\repos\archanox\LibreRally\LibreRally\Vehicle\Physics\BreakablePartComponent.cs(14,27): warning CSENSE007: The cref reference 'BodyComponent' could not be resolved [C:\Users\pierc\source\repos\archanox\LibreRally\LibreRally\LibreRally.csproj::TargetFramework=net10.0]
C:\Users\pierc\source\repos\archanox\LibreRally\LibreRally\Vehicle\Physics\SurfaceDefinition.cs(16,5): warning CSENSE001: The symbol 'Gravel' is missing valid documentation [C:\Users\pierc\source\repos\archanox\LibreRally\LibreRally\LibreRally.csproj::TargetFramework=net10.0]
C:\Users\pierc\source\repos\archanox\LibreRally\LibreRally\Vehicle\Physics\SurfaceDefinition.cs(18,5): warning CSENSE001: The symbol 'Snow' is missing valid documentation [C:\Users\pierc\source\repos\archanox\LibreRally\LibreRally\LibreRally.csproj::TargetFramework=net10.0]
C:\Users\pierc\source\repos\archanox\LibreRally\LibreRally\Vehicle\Physics\SurfaceDefinition.cs(17,5): warning CSENSE001: The symbol 'Mud' is missing valid documentation [C:\Users\pierc\source\repos\archanox\LibreRally\LibreRally\LibreRally.csproj::TargetFramework=net10.0]
C:\Users\pierc\source\repos\archanox\LibreRally\LibreRally\Vehicle\Physics\SurfaceDefinition.cs(19,5): warning CSENSE001: The symbol 'Ice' is missing valid documentation [C:\Users\pierc\source\repos\archanox\LibreRally\LibreRally\LibreRally.csproj::TargetFramework=net10.0]
C:\Users\pierc\source\repos\archanox\LibreRally\LibreRally\Vehicle\Physics\SurfaceDefinition.cs(55,18): warning CSENSE001: The symbol 'FrictionCoefficient' is missing valid documentation [C:\Users\pierc\source\repos\archanox\LibreRally\LibreRally\LibreRally.csproj::TargetFramework=net10.0]
C:\Users\pierc\source\repos\archanox\LibreRally\LibreRally\Vehicle\Physics\SurfaceDefinition.cs(81,18): warning CSENSE001: The symbol 'RollingResistance' is missing valid documentation [C:\Users\pierc\source\repos\archanox\LibreRally\LibreRally\LibreRally.csproj::TargetFramework=net10.0]
C:\Users\pierc\source\repos\archanox\LibreRally\LibreRally\Vehicle\Physics\SurfaceDefinition.cs(82,18): warning CSENSE001: The symbol 'DeformationFactor' is missing valid documentation [C:\Users\pierc\source\repos\archanox\LibreRally\LibreRally\LibreRally.csproj::TargetFramework=net10.0]
C:\Users\pierc\source\repos\archanox\LibreRally\LibreRally\Vehicle\Physics\SurfaceDefinition.cs(83,18): warning CSENSE001: The symbol 'NoiseFactor' is missing valid documentation [C:\Users\pierc\source\repos\archanox\LibreRally\LibreRally\LibreRally.csproj::TargetFramework=net10.0]
C:\Users\pierc\source\repos\archanox\LibreRally\LibreRally\Vehicle\JBeam\JBeamParser.cs(19,16): warning CSENSE025: The cref reference 'string JBeamParser.PreprocessJBeam(string input)' is less accessible than the member 'JBeamParser' [C:\Users\pierc\source\repos\archanox\LibreRally\LibreRally\LibreRally.csproj::TargetFramework=net10.0]
C:\Users\pierc\source\repos\archanox\LibreRally\LibreRally\Vehicle\VehicleLoader.cs(1760,45): warning CSENSE002: The parameter 'VehicleFolderPath' is missing documentation [C:\Users\pierc\source\repos\archanox\LibreRally\LibreRally\LibreRally.csproj::TargetFramework=net10.0]
C:\Users\pierc\source\repos\archanox\LibreRally\LibreRally\Vehicle\VehicleLoader.cs(1760,72): warning CSENSE002: The parameter 'ConfigPath' is missing documentation [C:\Users\pierc\source\repos\archanox\LibreRally\LibreRally\LibreRally.csproj::TargetFramework=net10.0]
C:\Users\pierc\source\repos\archanox\LibreRally\LibreRally\Vehicle\VehicleLoader.cs(1760,90): warning CSENSE002: The parameter 'EstimatedMassKg' is missing documentation [C:\Users\pierc\source\repos\archanox\LibreRally\LibreRally\LibreRally.csproj::TargetFramework=net10.0]
C:\Users\pierc\source\repos\archanox\LibreRally\LibreRally\Vehicle\Physics\VehicleDynamicsSystem.cs(44,22): warning CSENSE001: The symbol 'WheelCount' is missing valid documentation [C:\Users\pierc\source\repos\archanox\LibreRally\LibreRally\LibreRally.csproj::TargetFramework=net10.0]
C:\Users\pierc\source\repos\archanox\LibreRally\LibreRally\Vehicle\Physics\VehicleDynamicsSystem.cs(42,22): warning CSENSE001: The symbol 'RL' is missing valid documentation [C:\Users\pierc\source\repos\archanox\LibreRally\LibreRally\LibreRally.csproj::TargetFramework=net10.0]
C:\Users\pierc\source\repos\archanox\LibreRally\LibreRally\Vehicle\Physics\VehicleDynamicsSystem.cs(43,22): warning CSENSE001: The symbol 'RR' is missing valid documentation [C:\Users\pierc\source\repos\archanox\LibreRally\LibreRally\LibreRally.csproj::TargetFramework=net10.0]
C:\Users\pierc\source\repos\archanox\LibreRally\LibreRally\Vehicle\Physics\VehicleDynamicsSystem.cs(40,22): warning CSENSE001: The symbol 'FL' is missing valid documentation [C:\Users\pierc\source\repos\archanox\LibreRally\LibreRally\LibreRally.csproj::TargetFramework=net10.0]
C:\Users\pierc\source\repos\archanox\LibreRally\LibreRally\Vehicle\Physics\VehicleDynamicsSystem.cs(41,22): warning CSENSE001: The symbol 'FR' is missing valid documentation [C:\Users\pierc\source\repos\archanox\LibreRally\LibreRally\LibreRally.csproj::TargetFramework=net10.0]
C:\Users\pierc\source\repos\archanox\LibreRally\LibreRally\HUD\VehicleSelectionOverlay.cs(78,12): warning CSENSE001: The symbol 'VehicleSelectionOverlay(IServiceRegistry)' is missing valid documentation [C:\Users\pierc\source\repos\archanox\LibreRally\LibreRally\LibreRally.csproj::TargetFramework=net10.0]
C:\Users\pierc\source\repos\archanox\LibreRally\LibreRally\CodeFirstSceneFactory.cs(21,39): warning CSENSE001: The symbol 'CreateMainSceneSetup' is missing valid documentation [C:\Users\pierc\source\repos\archanox\LibreRally\LibreRally\LibreRally.csproj::TargetFramework=net10.0]
C:\Users\pierc\source\repos\archanox\LibreRally\LibreRally\Race\RaceTimer.cs(15,17): warning CSENSE001: The symbol 'StartTimer' is missing valid documentation [C:\Users\pierc\source\repos\archanox\LibreRally\LibreRally\LibreRally.csproj::TargetFramework=net10.0]
C:\Users\pierc\source\repos\archanox\LibreRally\LibreRally\Race\RaceTimer.cs(16,17): warning CSENSE001: The symbol 'StopTimer' is missing valid documentation [C:\Users\pierc\source\repos\archanox\LibreRally\LibreRally\LibreRally.csproj::TargetFramework=net10.0]
C:\Users\pierc\source\repos\archanox\LibreRally\LibreRally\Race\RaceTimer.cs(17,17): warning CSENSE001: The symbol 'ResetTimer' is missing valid documentation [C:\Users\pierc\source\repos\archanox\LibreRally\LibreRally\LibreRally.csproj::TargetFramework=net10.0]
C:\Users\pierc\source\repos\archanox\LibreRally\LibreRally\HUD\DrivingHudOverlay.cs(78,12): warning CSENSE001: The symbol 'DrivingHudOverlay(IServiceRegistry)' is missing valid documentation [C:\Users\pierc\source\repos\archanox\LibreRally\LibreRally\LibreRally.csproj::TargetFramework=net10.0]
C:\Users\pierc\source\repos\archanox\LibreRally\LibreRally\Race\RaceTimer.cs(19,19): warning CSENSE001: The symbol 'GetTimeString' is missing valid documentation [C:\Users\pierc\source\repos\archanox\LibreRally\LibreRally\LibreRally.csproj::TargetFramework=net10.0]
C:\Users\pierc\source\repos\archanox\LibreRally\LibreRally\CodeFirstSceneFactory.cs(19,39): warning CSENSE001: The symbol 'CreateMainSceneSetup' is missing valid documentation [C:\Users\pierc\source\repos\archanox\LibreRally\LibreRally\LibreRally.csproj::TargetFramework=net10.0]
C:\Users\pierc\source\repos\archanox\LibreRally\LibreRally\CodeFirstSceneFactory.cs(17,25): warning CSENSE001: The symbol 'CreateMainScene' is missing valid documentation [C:\Users\pierc\source\repos\archanox\LibreRally\LibreRally\LibreRally.csproj::TargetFramework=net10.0]
C:\Users\pierc\source\repos\archanox\LibreRally\LibreRally\CodeFirstSceneFactory.cs(15,25): warning CSENSE001: The symbol 'CreateMainScene' is missing valid documentation [C:\Users\pierc\source\repos\archanox\LibreRally\LibreRally\LibreRally.csproj::TargetFramework=net10.0]
C:\Users\pierc\source\repos\archanox\LibreRally\LibreRally\HUD\PauseMenuOverlay.cs(89,12): warning CSENSE001: The symbol 'PauseMenuOverlay(IServiceRegistry)' is missing valid documentation [C:\Users\pierc\source\repos\archanox\LibreRally\LibreRally\LibreRally.csproj::TargetFramework=net10.0]
C:\Users\pierc\source\repos\archanox\LibreRally\LibreRally\Vehicle\VehicleSetupOverrides.cs(22,17): warning CSENSE001: The symbol 'Clear' is missing valid documentation [C:\Users\pierc\source\repos\archanox\LibreRally\LibreRally\LibreRally.csproj::TargetFramework=net10.0]
C:\Users\pierc\source\repos\archanox\LibreRally\LibreRally\Vehicle\VehicleSetupOverrides.cs(28,34): warning CSENSE001: The symbol 'Clone' is missing valid documentation [C:\Users\pierc\source\repos\archanox\LibreRally\LibreRally\LibreRally.csproj::TargetFramework=net10.0]
C:\Users\pierc\source\repos\archanox\LibreRally\LibreRally\HUD\SetupUiShellModel.cs(61,17): warning CSENSE001: The symbol 'SelectCategory' is missing valid documentation [C:\Users\pierc\source\repos\archanox\LibreRally\LibreRally\LibreRally.csproj::TargetFramework=net10.0]
C:\Users\pierc\source\repos\archanox\LibreRally\LibreRally\Vehicle\Content\BeamNgVehicleCatalog.cs(86,27): warning CSENSE001: The symbol 'DetectBeamNgContentVehiclesRoot' is missing valid documentation [C:\Users\pierc\source\repos\archanox\LibreRally\LibreRally\LibreRally.csproj::TargetFramework=net10.0]
C:\Users\pierc\source\repos\archanox\LibreRally\LibreRally\HUD\SetupUiShellModel.cs(66,17): warning CSENSE001: The symbol 'UpdateVehicleContext' is missing valid documentation [C:\Users\pierc\source\repos\archanox\LibreRally\LibreRally\LibreRally.csproj::TargetFramework=net10.0]
C:\Users\pierc\source\repos\archanox\LibreRally\LibreRally\HUD\SetupUiShellOverlay.cs(98,12): warning CSENSE001: The symbol 'SetupUiShellOverlay(IServiceRegistry)' is missing valid documentation [C:\Users\pierc\source\repos\archanox\LibreRally\LibreRally\LibreRally.csproj::TargetFramework=net10.0]
C:\Users\pierc\source\repos\archanox\LibreRally\LibreRally\HUD\SetupUiShellModel.cs(72,32): warning CSENSE001: The symbol 'CreateApplyPayload' is missing valid documentation [C:\Users\pierc\source\repos\archanox\LibreRally\LibreRally\LibreRally.csproj::TargetFramework=net10.0]
C:\Users\pierc\source\repos\archanox\LibreRally\LibreRally\Vehicle\VehicleSetupCatalog.cs(60,55): warning CSENSE001: The symbol 'BuildCategories' is missing valid documentation [C:\Users\pierc\source\repos\archanox\LibreRally\LibreRally\LibreRally.csproj::TargetFramework=net10.0]
C:\Users\pierc\source\repos\archanox\LibreRally\LibreRally\HUD\SetupUiShellOverlay.cs(134,17): warning CSENSE001: The symbol 'BindVehicle' is missing valid documentation [C:\Users\pierc\source\repos\archanox\LibreRally\LibreRally\LibreRally.csproj::TargetFramework=net10.0]
C:\Users\pierc\source\repos\archanox\LibreRally\LibreRally\HUD\SetupUiShellModel.cs(95,17): warning CSENSE001: The symbol 'ResetPendingChanges' is missing valid documentation [C:\Users\pierc\source\repos\archanox\LibreRally\LibreRally\LibreRally.csproj::TargetFramework=net10.0]
C:\Users\pierc\source\repos\archanox\LibreRally\LibreRally\Vehicle\JBeam\PcConfigLoader.cs(40,28): warning CSENSE001: The symbol 'Load' is missing valid documentation [C:\Users\pierc\source\repos\archanox\LibreRally\LibreRally\LibreRally.csproj::TargetFramework=net10.0]
C:\Users\pierc\source\repos\archanox\LibreRally\LibreRally\HUD\SetupUiShellModel.cs(386,17): warning CSENSE001: The symbol 'SetNumericValue' is missing valid documentation [C:\Users\pierc\source\repos\archanox\LibreRally\LibreRally\LibreRally.csproj::TargetFramework=net10.0]
C:\Users\pierc\source\repos\archanox\LibreRally\LibreRally\HUD\SetupUiShellModel.cs(103,17): warning CSENSE001: The symbol 'AcceptPendingChanges' is missing valid documentation [C:\Users\pierc\source\repos\archanox\LibreRally\LibreRally\LibreRally.csproj::TargetFramework=net10.0]
C:\Users\pierc\source\repos\archanox\LibreRally\LibreRally\HUD\SetupUiShellModel.cs(392,17): warning CSENSE001: The symbol 'SetToggleValue' is missing valid documentation [C:\Users\pierc\source\repos\archanox\LibreRally\LibreRally\LibreRally.csproj::TargetFramework=net10.0]
C:\Users\pierc\source\repos\archanox\LibreRally\LibreRally\HUD\SetupUiShellModel.cs(397,17): warning CSENSE001: The symbol 'CycleChoice' is missing valid documentation [C:\Users\pierc\source\repos\archanox\LibreRally\LibreRally\LibreRally.csproj::TargetFramework=net10.0]
C:\Users\pierc\source\repos\archanox\LibreRally\LibreRally\HUD\SetupUiShellModel.cs(414,17): warning CSENSE001: The symbol 'ResetToCommittedValue' is missing valid documentation [C:\Users\pierc\source\repos\archanox\LibreRally\LibreRally\LibreRally.csproj::TargetFramework=net10.0]
C:\Users\pierc\source\repos\archanox\LibreRally\LibreRally\HUD\SetupUiShellModel.cs(111,17): warning CSENSE001: The symbol 'ResetToDefaults' is missing valid documentation [C:\Users\pierc\source\repos\archanox\LibreRally\LibreRally\LibreRally.csproj::TargetFramework=net10.0]
C:\Users\pierc\source\repos\archanox\LibreRally\LibreRally\HUD\SetupUiShellModel.cs(422,17): warning CSENSE001: The symbol 'AcceptPendingValue' is missing valid documentation [C:\Users\pierc\source\repos\archanox\LibreRally\LibreRally\LibreRally.csproj::TargetFramework=net10.0]
C:\Users\pierc\source\repos\archanox\LibreRally\LibreRally\HUD\SetupUiShellModel.cs(429,17): warning CSENSE001: The symbol 'ResetToDefaultValue' is missing valid documentation [C:\Users\pierc\source\repos\archanox\LibreRally\LibreRally\LibreRally.csproj::TargetFramework=net10.0]
C:\Users\pierc\source\repos\archanox\LibreRally\LibreRally\Vehicle\JBeam\PcConfigLoader.cs(88,49): warning CSENSE002: The parameter 'vehicleFolder' is missing documentation [C:\Users\pierc\source\repos\archanox\LibreRally\LibreRally\LibreRally.csproj::TargetFramework=net10.0]
C:\Users\pierc\source\repos\archanox\LibreRally\LibreRally\Vehicle\JBeam\PcConfigLoader.cs(88,72): warning CSENSE002: The parameter 'preferredName' is missing documentation [C:\Users\pierc\source\repos\archanox\LibreRally\LibreRally\LibreRally.csproj::TargetFramework=net10.0]
C:\Users\pierc\source\repos\archanox\LibreRally\LibreRally\Vehicle\JBeam\PcConfigLoader.cs(88,27): warning CSENSE006: The symbol 'FindBestConfig' is missing return value documentation [C:\Users\pierc\source\repos\archanox\LibreRally\LibreRally\LibreRally.csproj::TargetFramework=net10.0]
C:\Users\pierc\source\repos\archanox\LibreRally\LibreRally\HUD\SetupUiShellModel.cs(437,37): warning CSENSE001: The symbol 'Numeric' is missing valid documentation [C:\Users\pierc\source\repos\archanox\LibreRally\LibreRally\LibreRally.csproj::TargetFramework=net10.0]
C:\Users\pierc\source\repos\archanox\LibreRally\LibreRally\Vehicle\Content\BeamNgVehicleCatalog.cs(97,51): warning CSENSE001: The symbol 'DiscoverBundledVehicles' is missing valid documentation [C:\Users\pierc\source\repos\archanox\LibreRally\LibreRally\LibreRally.csproj::TargetFramework=net10.0]
C:\Users\pierc\source\repos\archanox\LibreRally\LibreRally\Vehicle\Content\BeamNgVehicleCatalog.cs(54,20): warning CSENSE001: The symbol 'ResolveVehicleAssetPath' is missing valid documentation [C:\Users\pierc\source\repos\archanox\LibreRally\LibreRally\LibreRally.csproj::TargetFramework=net10.0]
C:\Users\pierc\source\repos\archanox\LibreRally\LibreRally\Vehicle\Content\BeamNgVehicleCatalog.cs(59,34): warning CSENSE001: The symbol 'ResolveColladaFilesForMeshes' is missing valid documentation [C:\Users\pierc\source\repos\archanox\LibreRally\LibreRally\LibreRally.csproj::TargetFramework=net10.0]
C:\Users\pierc\source\repos\archanox\LibreRally\LibreRally\HUD\SetupUiShellModel.cs(440,37): warning CSENSE001: The symbol 'Choice' is missing valid documentation [C:\Users\pierc\source\repos\archanox\LibreRally\LibreRally\LibreRally.csproj::TargetFramework=net10.0]
C:\Users\pierc\source\repos\archanox\LibreRally\LibreRally\Vehicle\JBeam\JBeamAssembler.cs(22,53): warning CSENSE002: The parameter 'vehicleFolder' is missing documentation [C:\Users\pierc\source\repos\archanox\LibreRally\LibreRally\LibreRally.csproj::TargetFramework=net10.0]
C:\Users\pierc\source\repos\archanox\LibreRally\LibreRally\Vehicle\JBeam\JBeamAssembler.cs(22,78): warning CSENSE002: The parameter 'pcConfig' is missing documentation [C:\Users\pierc\source\repos\archanox\LibreRally\LibreRally\LibreRally.csproj::TargetFramework=net10.0]
C:\Users\pierc\source\repos\archanox\LibreRally\LibreRally\Vehicle\JBeam\JBeamAssembler.cs(22,37): warning CSENSE006: The symbol 'Assemble' is missing return value documentation [C:\Users\pierc\source\repos\archanox\LibreRally\LibreRally\LibreRally.csproj::TargetFramework=net10.0]
C:\Users\pierc\source\repos\archanox\LibreRally\LibreRally\Vehicle\Content\BeamNgVehicleCatalog.cs(145,34): warning CSENSE001: The symbol 'ResolveVehicle' is missing valid documentation [C:\Users\pierc\source\repos\archanox\LibreRally\LibreRally\LibreRally.csproj::TargetFramework=net10.0]
C:\Users\pierc\source\repos\archanox\LibreRally\LibreRally\HUD\SetupUiShellModel.cs(443,37): warning CSENSE001: The symbol 'Toggle' is missing valid documentation [C:\Users\pierc\source\repos\archanox\LibreRally\LibreRally\LibreRally.csproj::TargetFramework=net10.0]
C:\Users\pierc\source\repos\archanox\LibreRally\LibreRally\HUD\SetupUiShellModel.cs(446,37): warning CSENSE001: The symbol 'FromVehicleSetupEntry' is missing valid documentation [C:\Users\pierc\source\repos\archanox\LibreRally\LibreRally\LibreRally.csproj::TargetFramework=net10.0]
C:\Users\pierc\source\repos\archanox\LibreRally\LibreRally\HUD\SetupUiShellModel.cs(119,37): warning CSENSE001: The symbol 'CreatePreview' is missing valid documentation [C:\Users\pierc\source\repos\archanox\LibreRally\LibreRally\LibreRally.csproj::TargetFramework=net10.0]
C:\Users\pierc\source\repos\archanox\LibreRally\LibreRally\Vehicle\JBeam\JBeamParser.cs(37,59): warning CSENSE002: The parameter 'vars' is missing documentation [C:\Users\pierc\source\repos\archanox\LibreRally\LibreRally\LibreRally.csproj::TargetFramework=net10.0]
C:\Users\pierc\source\repos\archanox\LibreRally\LibreRally\Vehicle\JBeam\JBeamParser.cs(39,35): warning CSENSE001: The symbol 'ParseFile' is missing valid documentation [C:\Users\pierc\source\repos\archanox\LibreRally\LibreRally\LibreRally.csproj::TargetFramework=net10.0]
C:\Users\pierc\source\repos\archanox\LibreRally\LibreRally\Vehicle\JBeam\JBeamParser.cs(46,45): warning CSENSE001: The symbol 'ParseVariableDefaultsFile' is missing valid documentation [C:\Users\pierc\source\repos\archanox\LibreRally\LibreRally\LibreRally.csproj::TargetFramework=net10.0]
C:\Users\pierc\source\repos\archanox\LibreRally\LibreRally\HUD\SetupUiShellModel.cs(190,37): warning CSENSE001: The symbol 'CreateFromVehicleSetup' is missing valid documentation [C:\Users\pierc\source\repos\archanox\LibreRally\LibreRally\LibreRally.csproj::TargetFramework=net10.0]
C:\Users\pierc\source\repos\archanox\LibreRally\LibreRally\Vehicle\JBeam\JBeamParser.cs(60,35): warning CSENSE001: The symbol 'Parse' is missing valid documentation [C:\Users\pierc\source\repos\archanox\LibreRally\LibreRally\LibreRally.csproj::TargetFramework=net10.0]
C:\Users\pierc\source\repos\archanox\LibreRally\LibreRally\Vehicle\JBeam\JBeamAssembler.cs(32,29): warning CSENSE002: The parameter 'searchFolders' is missing documentation [C:\Users\pierc\source\repos\archanox\LibreRally\LibreRally\LibreRally.csproj::TargetFramework=net10.0]
C:\Users\pierc\source\repos\archanox\LibreRally\LibreRally\Vehicle\JBeam\JBeamAssembler.cs(33,16): warning CSENSE002: The parameter 'vehicleFolder' is missing documentation [C:\Users\pierc\source\repos\archanox\LibreRally\LibreRally\LibreRally.csproj::TargetFramework=net10.0]
C:\Users\pierc\source\repos\archanox\LibreRally\LibreRally\Vehicle\JBeam\JBeamAssembler.cs(34,19): warning CSENSE002: The parameter 'pcConfig' is missing documentation [C:\Users\pierc\source\repos\archanox\LibreRally\LibreRally\LibreRally.csproj::TargetFramework=net10.0]
C:\Users\pierc\source\repos\archanox\LibreRally\LibreRally\Vehicle\JBeam\JBeamAssembler.cs(31,37): warning CSENSE006: The symbol 'Assemble' is missing return value documentation [C:\Users\pierc\source\repos\archanox\LibreRally\LibreRally\LibreRally.csproj::TargetFramework=net10.0]
C:\Users\pierc\source\repos\archanox\LibreRally\LibreRally\Vehicle\JBeam\JBeamAssembler.cs(31,37): warning CSENSE012: The exception type 'InvalidOperationException' is thrown but not documented [C:\Users\pierc\source\repos\archanox\LibreRally\LibreRally\LibreRally.csproj::TargetFramework=net10.0]
C:\Users\pierc\source\repos\archanox\LibreRally\LibreRally\Vehicle\Content\BeamNgVehicleCatalog.cs(76,12): warning CSENSE001: The symbol 'BeamNgVehicleCatalog(string, string, string)' is missing valid documentation [C:\Users\pierc\source\repos\archanox\LibreRally\LibreRally\LibreRally.csproj::TargetFramework=net10.0]
C:\Users\pierc\source\repos\archanox\LibreRally\LibreRally\Vehicle\Physics\Differential.cs(69,38): warning CSENSE006: The symbol 'CreateOpen' is missing return value documentation [C:\Users\pierc\source\repos\archanox\LibreRally\LibreRally\LibreRally.csproj::TargetFramework=net10.0]
C:\Users\pierc\source\repos\archanox\LibreRally\LibreRally\Vehicle\Physics\Differential.cs(79,62): warning CSENSE002: The parameter 'biasRatio' is missing documentation [C:\Users\pierc\source\repos\archanox\LibreRally\LibreRally\LibreRally.csproj::TargetFramework=net10.0]
C:\Users\pierc\source\repos\archanox\LibreRally\LibreRally\Vehicle\Physics\Differential.cs(79,86): warning CSENSE002: The parameter 'lockingCoeff' is missing documentation [C:\Users\pierc\source\repos\archanox\LibreRally\LibreRally\LibreRally.csproj::TargetFramework=net10.0]
C:\Users\pierc\source\repos\archanox\LibreRally\LibreRally\Vehicle\Physics\Differential.cs(79,113): warning CSENSE002: The parameter 'coastLockingCoeff' is missing documentation [C:\Users\pierc\source\repos\archanox\LibreRally\LibreRally\LibreRally.csproj::TargetFramework=net10.0]
C:\Users\pierc\source\repos\archanox\LibreRally\LibreRally\Vehicle\Physics\Differential.cs(79,143): warning CSENSE002: The parameter 'preloadTorque' is missing documentation [C:\Users\pierc\source\repos\archanox\LibreRally\LibreRally\LibreRally.csproj::TargetFramework=net10.0]
C:\Users\pierc\source\repos\archanox\LibreRally\LibreRally\Vehicle\Physics\Differential.cs(79,38): warning CSENSE006: The symbol 'CreateLimitedSlip' is missing return value documentation [C:\Users\pierc\source\repos\archanox\LibreRally\LibreRally\LibreRally.csproj::TargetFramework=net10.0]
C:\Users\pierc\source\repos\archanox\LibreRally\LibreRally\Vehicle\Physics\Differential.cs(89,38): warning CSENSE006: The symbol 'CreateLocking' is missing return value documentation [C:\Users\pierc\source\repos\archanox\LibreRally\LibreRally\LibreRally.csproj::TargetFramework=net10.0]
C:\Users\pierc\source\repos\archanox\LibreRally\LibreRally\Vehicle\Physics\SurfaceDefinition.cs(92,57): warning CSENSE002: The parameter 'surfaceType' is missing documentation [C:\Users\pierc\source\repos\archanox\LibreRally\LibreRally\LibreRally.csproj::TargetFramework=net10.0]
C:\Users\pierc\source\repos\archanox\LibreRally\LibreRally\Vehicle\Physics\SurfaceDefinition.cs(92,37): warning CSENSE006: The symbol 'ForType' is missing return value documentation [C:\Users\pierc\source\repos\archanox\LibreRally\LibreRally\LibreRally.csproj::TargetFramework=net10.0]
C:\Users\pierc\source\repos\archanox\LibreRally\LibreRally\Vehicle\Physics\VehicleDynamicsSystem.cs(128,12): warning CSENSE001: The symbol 'VehicleDynamicsSystem()' is missing valid documentation [C:\Users\pierc\source\repos\archanox\LibreRally\LibreRally\LibreRally.csproj::TargetFramework=net10.0]
C:\Users\pierc\source\repos\archanox\LibreRally\LibreRally\Vehicle\Rendering\DtsLoader.cs(19,37): warning CSENSE001: The symbol 'Load' is missing valid documentation [C:\Users\pierc\source\repos\archanox\LibreRally\LibreRally\LibreRally.csproj::TargetFramework=net10.0]
C:\Users\pierc\source\repos\archanox\LibreRally\LibreRally\Vehicle\Rendering\ColladaLoader.cs(35,37): warning CSENSE001: The symbol 'Load' is missing valid documentation [C:\Users\pierc\source\repos\archanox\LibreRally\LibreRally\LibreRally.csproj::TargetFramework=net10.0]
C:\Users\pierc\source\repos\archanox\LibreRally\LibreRally\Vehicle\VehicleLoader.cs(31,12): warning CSENSE001: The symbol 'VehicleLoader(Game)' is missing valid documentation [C:\Users\pierc\source\repos\archanox\LibreRally\LibreRally\LibreRally.csproj::TargetFramework=net10.0]
C:\Users\pierc\source\repos\archanox\LibreRally\LibreRally\Vehicle\VehicleLoader.cs(45,111): warning CSENSE002: The parameter 'setupOverrides' is missing documentation [C:\Users\pierc\source\repos\archanox\LibreRally\LibreRally\LibreRally.csproj::TargetFramework=net10.0]
C:\Users\pierc\source\repos\archanox\LibreRally\LibreRally\Vehicle\VehicleLoader.cs(45,26): warning CSENSE006: The symbol 'Load' is missing return value documentation [C:\Users\pierc\source\repos\archanox\LibreRally\LibreRally\LibreRally.csproj::TargetFramework=net10.0]
C:\Users\pierc\source\repos\archanox\LibreRally\LibreRally\Vehicle\VehicleLoader.cs(43,12): warning CSENSE019: The word 'null' should be replaced with <see langword="null" /> [C:\Users\pierc\source\repos\archanox\LibreRally\LibreRally\LibreRally.csproj::TargetFramework=net10.0]
C:\Users\pierc\source\repos\archanox\LibreRally\LibreRally\Vehicle\VehicleLoader.cs(59,26): warning CSENSE001: The symbol 'Load' is missing valid documentation [C:\Users\pierc\source\repos\archanox\LibreRally\LibreRally\LibreRally.csproj::TargetFramework=net10.0]
C:\Users\pierc\source\repos\archanox\LibreRally\LibreRally\Vehicle\Physics\VehicleDynamicsSystem.cs(515,18): warning CSENSE006: The symbol 'GetTotalSelfAligningTorque' is missing return value documentation [C:\Users\pierc\source\repos\archanox\LibreRally\LibreRally\LibreRally.csproj::TargetFramework=net10.0]
C:\Users\pierc\source\repos\archanox\LibreRally\LibreRally\Vehicle\Rendering\ColladaLoader.cs(570,68): warning CSENSE002: The parameter 'daeFilePath' is missing documentation [C:\Users\pierc\source\repos\archanox\LibreRally\LibreRally\LibreRally.csproj::TargetFramework=net10.0]
C:\Users\pierc\source\repos\archanox\LibreRally\LibreRally\Vehicle\Rendering\ColladaLoader.cs(570,46): warning CSENSE006: The symbol 'LoadTextureMap' is missing return value documentation [C:\Users\pierc\source\repos\archanox\LibreRally\LibreRally\LibreRally.csproj::TargetFramework=net10.0]
C:\Users\pierc\source\repos\archanox\LibreRally\LibreRally\Vehicle\VehiclePowertrainResolver.cs(52,42): warning CSENSE001: The symbol 'Resolve' is missing valid documentation [C:\Users\pierc\source\repos\archanox\LibreRally\LibreRally\LibreRally.csproj::TargetFramework=net10.0]
C:\Users\pierc\source\repos\archanox\LibreRally\LibreRally\BasicCameraController.cs(25,17): warning CSENSE001: The symbol 'Gamepad' is missing valid documentation [C:\Users\pierc\source\repos\archanox\LibreRally\LibreRally\LibreRally.csproj::TargetFramework=net10.0-windows]
C:\Users\pierc\source\repos\archanox\LibreRally\LibreRally\BasicCameraController.cs(27,20): warning CSENSE001: The symbol 'KeyboardMovementSpeed' is missing valid documentation [C:\Users\pierc\source\repos\archanox\LibreRally\LibreRally\LibreRally.csproj::TargetFramework=net10.0-windows]
C:\Users\pierc\source\repos\archanox\LibreRally\LibreRally\BasicCameraController.cs(29,20): warning CSENSE001: The symbol 'TouchMovementSpeed' is missing valid documentation [C:\Users\pierc\source\repos\archanox\LibreRally\LibreRally\LibreRally.csproj::TargetFramework=net10.0-windows]
C:\Users\pierc\source\repos\archanox\LibreRally\LibreRally\BasicCameraController.cs(31,18): warning CSENSE001: The symbol 'SpeedFactor' is missing valid documentation [C:\Users\pierc\source\repos\archanox\LibreRally\LibreRally\LibreRally.csproj::TargetFramework=net10.0-windows]
C:\Users\pierc\source\repos\archanox\LibreRally\LibreRally\BasicCameraController.cs(33,20): warning CSENSE001: The symbol 'KeyboardRotationSpeed' is missing valid documentation [C:\Users\pierc\source\repos\archanox\LibreRally\LibreRally\LibreRally.csproj::TargetFramework=net10.0-windows]
C:\Users\pierc\source\repos\archanox\LibreRally\LibreRally\BasicCameraController.cs(35,20): warning CSENSE001: The symbol 'MouseRotationSpeed' is missing valid documentation [C:\Users\pierc\source\repos\archanox\LibreRally\LibreRally\LibreRally.csproj::TargetFramework=net10.0-windows]
C:\Users\pierc\source\repos\archanox\LibreRally\LibreRally\BasicCameraController.cs(37,20): warning CSENSE001: The symbol 'TouchRotationSpeed' is missing valid documentation [C:\Users\pierc\source\repos\archanox\LibreRally\LibreRally\LibreRally.csproj::TargetFramework=net10.0-windows]
C:\Users\pierc\source\repos\archanox\LibreRally\LibreRally\Camera\RallyCameraScript.cs(11,14): warning CSENSE001: The symbol 'RallyCameraScript' is missing valid documentation [C:\Users\pierc\source\repos\archanox\LibreRally\LibreRally\LibreRally.csproj::TargetFramework=net10.0-windows]
C:\Users\pierc\source\repos\archanox\LibreRally\LibreRally\Camera\RallyCameraScript.cs(13,20): warning CSENSE001: The symbol 'Target' is missing valid documentation [C:\Users\pierc\source\repos\archanox\LibreRally\LibreRally\LibreRally.csproj::TargetFramework=net10.0-windows]
C:\Users\pierc\source\repos\archanox\LibreRally\LibreRally\Camera\RallyCameraScript.cs(17,20): warning CSENSE001: The symbol 'FollowOffset' is missing valid documentation [C:\Users\pierc\source\repos\archanox\LibreRally\LibreRally\LibreRally.csproj::TargetFramework=net10.0-windows]
C:\Users\pierc\source\repos\archanox\LibreRally\LibreRally\Camera\RallyCameraScript.cs(18,18): warning CSENSE001: The symbol 'FollowLerpSpeed' is missing valid documentation [C:\Users\pierc\source\repos\archanox\LibreRally\LibreRally\LibreRally.csproj::TargetFramework=net10.0-windows]
C:\Users\pierc\source\repos\archanox\LibreRally\LibreRally\Camera\RallyCameraScript.cs(14,31): warning CSENSE001: The symbol 'CarComponent' is missing valid documentation [C:\Users\pierc\source\repos\archanox\LibreRally\LibreRally\LibreRally.csproj::TargetFramework=net10.0-windows]
C:\Users\pierc\source\repos\archanox\LibreRally\LibreRally\CodeFirstSceneFactory.cs(13,21): warning CSENSE001: The symbol 'CodeFirstSceneFactory' is missing valid documentation [C:\Users\pierc\source\repos\archanox\LibreRally\LibreRally\LibreRally.csproj::TargetFramework=net10.0-windows]
C:\Users\pierc\source\repos\archanox\LibreRally\LibreRally\CodeFirstSceneFactory.cs(127,22): warning CSENSE001: The symbol 'CodeFirstSceneSetup' is missing valid documentation [C:\Users\pierc\source\repos\archanox\LibreRally\LibreRally\LibreRally.csproj::TargetFramework=net10.0-windows]
C:\Users\pierc\source\repos\archanox\LibreRally\LibreRally\CodeFirstSceneFactory.cs(108,21): warning CSENSE001: The symbol 'LibreRallyGame' is missing valid documentation [C:\Users\pierc\source\repos\archanox\LibreRally\LibreRally\LibreRally.csproj::TargetFramework=net10.0-windows]
C:\Users\pierc\source\repos\archanox\LibreRally\LibreRally\Race\CheckpointTrigger.cs(11,14): warning CSENSE001: The symbol 'CheckpointTrigger' is missing valid documentation [C:\Users\pierc\source\repos\archanox\LibreRally\LibreRally\LibreRally.csproj::TargetFramework=net10.0-windows]
C:\Users\pierc\source\repos\archanox\LibreRally\LibreRally\Race\CheckpointTrigger.cs(14,20): warning CSENSE001: The symbol 'Size' is missing valid documentation [C:\Users\pierc\source\repos\archanox\LibreRally\LibreRally\LibreRally.csproj::TargetFramework=net10.0-windows]
C:\Users\pierc\source\repos\archanox\LibreRally\LibreRally\Race\CheckpointTrigger.cs(13,16): warning CSENSE001: The symbol 'CheckpointIndex' is missing valid documentation [C:\Users\pierc\source\repos\archanox\LibreRally\LibreRally\LibreRally.csproj::TargetFramework=net10.0-windows]
C:\Users\pierc\source\repos\archanox\LibreRally\LibreRally\Race\CheckpointTrigger.cs(15,31): warning CSENSE001: The symbol 'Triggered' is missing valid documentation [C:\Users\pierc\source\repos\archanox\LibreRally\LibreRally\LibreRally.csproj::TargetFramework=net10.0-windows]
C:\Users\pierc\source\repos\archanox\LibreRally\LibreRally\Race\RaceController.cs(8,14): warning CSENSE001: The symbol 'RaceController' is missing valid documentation [C:\Users\pierc\source\repos\archanox\LibreRally\LibreRally\LibreRally.csproj::TargetFramework=net10.0-windows]
C:\Users\pierc\source\repos\archanox\LibreRally\LibreRally\Race\RaceController.cs(10,23): warning CSENSE001: The symbol 'Timer' is missing valid documentation [C:\Users\pierc\source\repos\archanox\LibreRally\LibreRally\LibreRally.csproj::TargetFramework=net10.0-windows]
C:\Users\pierc\source\repos\archanox\LibreRally\LibreRally\Race\RaceController.cs(11,36): warning CSENSE001: The symbol 'Checkpoints' is missing valid documentation [C:\Users\pierc\source\repos\archanox\LibreRally\LibreRally\LibreRally.csproj::TargetFramework=net10.0-windows]
C:\Users\pierc\source\repos\archanox\LibreRally\LibreRally\Race\RaceController.cs(12,18): warning CSENSE001: The symbol 'CountdownDuration' is missing valid documentation [C:\Users\pierc\source\repos\archanox\LibreRally\LibreRally\LibreRally.csproj::TargetFramework=net10.0-windows]
C:\Users\pierc\source\repos\archanox\LibreRally\LibreRally\Race\RaceController.cs(18,25): warning CSENSE001: The symbol 'SplitTimes' is missing valid documentation [C:\Users\pierc\source\repos\archanox\LibreRally\LibreRally\LibreRally.csproj::TargetFramework=net10.0-windows]
C:\Users\pierc\source\repos\archanox\LibreRally\LibreRally\Race\RaceController.cs(20,17): warning CSENSE001: The symbol 'IsRacing' is missing valid documentation [C:\Users\pierc\source\repos\archanox\LibreRally\LibreRally\LibreRally.csproj::TargetFramework=net10.0-windows]
C:\Users\pierc\source\repos\archanox\LibreRally\LibreRally\Race\RaceController.cs(21,18): warning CSENSE001: The symbol 'CountdownRemaining' is missing valid documentation [C:\Users\pierc\source\repos\archanox\LibreRally\LibreRally\LibreRally.csproj::TargetFramework=net10.0-windows]
C:\Users\pierc\source\repos\archanox\LibreRally\LibreRally\Race\RaceController.cs(22,16): warning CSENSE001: The symbol 'CountdownBeats' is missing valid documentation [C:\Users\pierc\source\repos\archanox\LibreRally\LibreRally\LibreRally.csproj::TargetFramework=net10.0-windows]
C:\Users\pierc\source\repos\archanox\LibreRally\LibreRally\Race\RaceController.cs(24,26): warning CSENSE001: The symbol 'RaceStarted' is missing valid documentation [C:\Users\pierc\source\repos\archanox\LibreRally\LibreRally\LibreRally.csproj::TargetFramework=net10.0-windows]
C:\Users\pierc\source\repos\archanox\LibreRally\LibreRally\Race\RaceController.cs(25,26): warning CSENSE001: The symbol 'RaceFinished' is missing valid documentation [C:\Users\pierc\source\repos\archanox\LibreRally\LibreRally\LibreRally.csproj::TargetFramework=net10.0-windows]
C:\Users\pierc\source\repos\archanox\LibreRally\LibreRally\Race\RaceTimer.cs(7,14): warning CSENSE001: The symbol 'RaceTimer' is missing valid documentation [C:\Users\pierc\source\repos\archanox\LibreRally\LibreRally\LibreRally.csproj::TargetFramework=net10.0-windows]
C:\Users\pierc\source\repos\archanox\LibreRally\LibreRally\HUD\PauseMenuOverlay.cs(13,31): warning CSENSE001: The symbol 'PauseMenuItem' is missing valid documentation [C:\Users\pierc\source\repos\archanox\LibreRally\LibreRally\LibreRally.csproj::TargetFramework=net10.0-windows]
C:\Users\pierc\source\repos\archanox\LibreRally\LibreRally\Race\RaceTimer.cs(12,17): warning CSENSE001: The symbol 'IsRunning' is missing valid documentation [C:\Users\pierc\source\repos\archanox\LibreRally\LibreRally\LibreRally.csproj::TargetFramework=net10.0-windows]
C:\Users\pierc\source\repos\archanox\LibreRally\LibreRally\Race\RaceTimer.cs(13,19): warning CSENSE001: The symbol 'ElapsedSeconds' is missing valid documentation [C:\Users\pierc\source\repos\archanox\LibreRally\LibreRally\LibreRally.csproj::TargetFramework=net10.0-windows]
C:\Users\pierc\source\repos\archanox\LibreRally\LibreRally\HUD\DrivingHudOverlay.cs(16,21): warning CSENSE001: The symbol 'DrivingHudOverlay' is missing valid documentation [C:\Users\pierc\source\repos\archanox\LibreRally\LibreRally\LibreRally.csproj::TargetFramework=net10.0-windows]
C:\Users\pierc\source\repos\archanox\LibreRally\LibreRally\HUD\DrivingHudOverlay.cs(44,23): warning CSENSE001: The symbol 'Timer' is missing valid documentation [C:\Users\pierc\source\repos\archanox\LibreRally\LibreRally\LibreRally.csproj::TargetFramework=net10.0-windows]
C:\Users\pierc\source\repos\archanox\LibreRally\LibreRally\HUD\DrivingHudOverlay.cs(43,31): warning CSENSE001: The symbol 'Car' is missing valid documentation [C:\Users\pierc\source\repos\archanox\LibreRally\LibreRally\LibreRally.csproj::TargetFramework=net10.0-windows]
C:\Users\pierc\source\repos\archanox\LibreRally\LibreRally\HUD\DrivingHudOverlay.cs(47,17): warning CSENSE001: The symbol 'DebugOverlayVisible' is missing valid documentation [C:\Users\pierc\source\repos\archanox\LibreRally\LibreRally\LibreRally.csproj::TargetFramework=net10.0-windows]
C:\Users\pierc\source\repos\archanox\LibreRally\LibreRally\HUD\DrivingHudOverlay.cs(46,19): warning CSENSE001: The symbol 'StatusText' is missing valid documentation [C:\Users\pierc\source\repos\archanox\LibreRally\LibreRally\LibreRally.csproj::TargetFramework=net10.0-windows]
C:\Users\pierc\source\repos\archanox\LibreRally\LibreRally\HUD\DrivingHudOverlay.cs(45,28): warning CSENSE001: The symbol 'RaceController' is missing valid documentation [C:\Users\pierc\source\repos\archanox\LibreRally\LibreRally\LibreRally.csproj::TargetFramework=net10.0-windows]
C:\Users\pierc\source\repos\archanox\LibreRally\LibreRally\HUD\PauseMenuOverlay.cs(15,21): warning CSENSE001: The symbol 'PauseMenuOverlay' is missing valid documentation [C:\Users\pierc\source\repos\archanox\LibreRally\LibreRally\LibreRally.csproj::TargetFramework=net10.0-windows]
C:\Users\pierc\source\repos\archanox\LibreRally\LibreRally\HUD\PauseMenuOverlay.cs(57,17): warning CSENSE001: The symbol 'OverlayVisible' is missing valid documentation [C:\Users\pierc\source\repos\archanox\LibreRally\LibreRally\LibreRally.csproj::TargetFramework=net10.0-windows]
C:\Users\pierc\source\repos\archanox\LibreRally\LibreRally\HUD\PauseMenuOverlay.cs(37,41): warning CSENSE001: The symbol 'Items' is missing valid documentation [C:\Users\pierc\source\repos\archanox\LibreRally\LibreRally\LibreRally.csproj::TargetFramework=net10.0-windows]
C:\Users\pierc\source\repos\archanox\LibreRally\LibreRally\HUD\PauseMenuOverlay.cs(67,19): warning CSENSE001: The symbol 'StatusText' is missing valid documentation [C:\Users\pierc\source\repos\archanox\LibreRally\LibreRally\LibreRally.csproj::TargetFramework=net10.0-windows]
C:\Users\pierc\source\repos\archanox\LibreRally\LibreRally\HUD\PauseMenuOverlay.cs(47,16): warning CSENSE001: The symbol 'SelectedIndex' is missing valid documentation [C:\Users\pierc\source\repos\archanox\LibreRally\LibreRally\LibreRally.csproj::TargetFramework=net10.0-windows]
C:\Users\pierc\source\repos\archanox\LibreRally\LibreRally\HUD\PauseMenuOverlay.cs(87,25): warning CSENSE001: The symbol 'ItemActivated' is missing valid documentation [C:\Users\pierc\source\repos\archanox\LibreRally\LibreRally\LibreRally.csproj::TargetFramework=net10.0-windows]
C:\Users\pierc\source\repos\archanox\LibreRally\LibreRally\HUD\PauseMenuOverlay.cs(77,19): warning CSENSE001: The symbol 'VehicleName' is missing valid documentation [C:\Users\pierc\source\repos\archanox\LibreRally\LibreRally\LibreRally.csproj::TargetFramework=net10.0-windows]
C:\Users\pierc\source\repos\archanox\LibreRally\LibreRally\VehicleSpawner.cs(26,5): warning CSENSE001: The symbol 'ResumeDriving' is missing valid documentation [C:\Users\pierc\source\repos\archanox\LibreRally\LibreRally\LibreRally.csproj::TargetFramework=net10.0-windows]
C:\Users\pierc\source\repos\archanox\LibreRally\LibreRally\VehicleSpawner.cs(27,5): warning CSENSE001: The symbol 'ResetVehicle' is missing valid documentation [C:\Users\pierc\source\repos\archanox\LibreRally\LibreRally\LibreRally.csproj::TargetFramework=net10.0-windows]
C:\Users\pierc\source\repos\archanox\LibreRally\LibreRally\VehicleSpawner.cs(28,5): warning CSENSE001: The symbol 'GarageSetup' is missing valid documentation [C:\Users\pierc\source\repos\archanox\LibreRally\LibreRally\LibreRally.csproj::TargetFramework=net10.0-windows]
C:\Users\pierc\source\repos\archanox\LibreRally\LibreRally\HUD\SetupUiShellModel.cs(9,13): warning CSENSE001: The symbol 'SetupUiEditorKind' is missing valid documentation [C:\Users\pierc\source\repos\archanox\LibreRally\LibreRally\LibreRally.csproj::TargetFramework=net10.0-windows]
C:\Users\pierc\source\repos\archanox\LibreRally\LibreRally\HUD\SetupUiShellModel.cs(11,5): warning CSENSE001: The symbol 'Numeric' is missing valid documentation [C:\Users\pierc\source\repos\archanox\LibreRally\LibreRally\LibreRally.csproj::TargetFramework=net10.0-windows]
C:\Users\pierc\source\repos\archanox\LibreRally\LibreRally\HUD\SetupUiShellModel.cs(12,5): warning CSENSE001: The symbol 'Choice' is missing valid documentation [C:\Users\pierc\source\repos\archanox\LibreRally\LibreRally\LibreRally.csproj::TargetFramework=net10.0-windows]
C:\Users\pierc\source\repos\archanox\LibreRally\LibreRally\HUD\SetupUiShellModel.cs(19,5): warning CSENSE001: The symbol 'Reload' is missing valid documentation [C:\Users\pierc\source\repos\archanox\LibreRally\LibreRally\LibreRally.csproj::TargetFramework=net10.0-windows]
C:\Users\pierc\source\repos\archanox\LibreRally\LibreRally\HUD\SetupUiShellModel.cs(18,5): warning CSENSE001: The symbol 'Live' is missing valid documentation [C:\Users\pierc\source\repos\archanox\LibreRally\LibreRally\LibreRally.csproj::TargetFramework=net10.0-windows]
C:\Users\pierc\source\repos\archanox\LibreRally\LibreRally\VehicleSpawner.cs(29,5): warning CSENSE001: The symbol 'VehicleSelect' is missing valid documentation [C:\Users\pierc\source\repos\archanox\LibreRally\LibreRally\LibreRally.csproj::TargetFramework=net10.0-windows]
C:\Users\pierc\source\repos\archanox\LibreRally\LibreRally\HUD\SetupUiShellModel.cs(13,5): warning CSENSE001: The symbol 'Toggle' is missing valid documentation [C:\Users\pierc\source\repos\archanox\LibreRally\LibreRally\LibreRally.csproj::TargetFramework=net10.0-windows]
C:\Users\pierc\source\repos\archanox\LibreRally\LibreRally\HUD\SetupUiShellModel.cs(22,21): warning CSENSE001: The symbol 'SetupUiApplyPayload' is missing valid documentation [C:\Users\pierc\source\repos\archanox\LibreRally\LibreRally\LibreRally.csproj::TargetFramework=net10.0-windows]
C:\Users\pierc\source\repos\archanox\LibreRally\LibreRally\HUD\SetupUiShellModel.cs(24,38): warning CSENSE001: The symbol 'VariableOverrides' is missing valid documentation [C:\Users\pierc\source\repos\archanox\LibreRally\LibreRally\LibreRally.csproj::TargetFramework=net10.0-windows]
C:\Users\pierc\source\repos\archanox\LibreRally\LibreRally\HUD\SetupUiShellModel.cs(26,19): warning CSENSE001: The symbol 'SummaryText' is missing valid documentation [C:\Users\pierc\source\repos\archanox\LibreRally\LibreRally\LibreRally.csproj::TargetFramework=net10.0-windows]
C:\Users\pierc\source\repos\archanox\LibreRally\LibreRally\HUD\SetupUiShellModel.cs(25,48): warning CSENSE001: The symbol 'PressureOverrides' is missing valid documentation [C:\Users\pierc\source\repos\archanox\LibreRally\LibreRally\LibreRally.csproj::TargetFramework=net10.0-windows]
C:\Users\pierc\source\repos\archanox\LibreRally\LibreRally\HUD\SetupUiShellModel.cs(27,17): warning CSENSE001: The symbol 'HasChanges' is missing valid documentation [C:\Users\pierc\source\repos\archanox\LibreRally\LibreRally\LibreRally.csproj::TargetFramework=net10.0-windows]
C:\Users\pierc\source\repos\archanox\LibreRally\LibreRally\HUD\SetupUiShellModel.cs(28,17): warning CSENSE001: The symbol 'RequiresReload' is missing valid documentation [C:\Users\pierc\source\repos\archanox\LibreRally\LibreRally\LibreRally.csproj::TargetFramework=net10.0-windows]
C:\Users\pierc\source\repos\archanox\LibreRally\LibreRally\VehicleSpawner.cs(32,31): warning CSENSE001: The symbol 'PauseMenuEntry' is missing valid documentation [C:\Users\pierc\source\repos\archanox\LibreRally\LibreRally\LibreRally.csproj::TargetFramework=net10.0-windows]
C:\Users\pierc\source\repos\archanox\LibreRally\LibreRally\HUD\SetupUiShellModel.cs(16,13): warning CSENSE001: The symbol 'SetupUiApplyMode' is missing valid documentation [C:\Users\pierc\source\repos\archanox\LibreRally\LibreRally\LibreRally.csproj::TargetFramework=net10.0-windows]
C:\Users\pierc\source\repos\archanox\LibreRally\LibreRally\HUD\SetupUiShellModel.cs(31,21): warning CSENSE001: The symbol 'SetupUiShellModel' is missing valid documentation [C:\Users\pierc\source\repos\archanox\LibreRally\LibreRally\LibreRally.csproj::TargetFramework=net10.0-windows]
C:\Users\pierc\source\repos\archanox\LibreRally\LibreRally\HUD\SetupUiShellModel.cs(33,19): warning CSENSE001: The symbol 'Title' is missing valid documentation [C:\Users\pierc\source\repos\archanox\LibreRally\LibreRally\LibreRally.csproj::TargetFramework=net10.0-windows]
C:\Users\pierc\source\repos\archanox\LibreRally\LibreRally\HUD\SetupUiShellModel.cs(34,19): warning CSENSE001: The symbol 'Subtitle' is missing valid documentation [C:\Users\pierc\source\repos\archanox\LibreRally\LibreRally\LibreRally.csproj::TargetFramework=net10.0-windows]
C:\Users\pierc\source\repos\archanox\LibreRally\LibreRally\HUD\SetupUiShellModel.cs(35,19): warning CSENSE001: The symbol 'VehicleName' is missing valid documentation [C:\Users\pierc\source\repos\archanox\LibreRally\LibreRally\LibreRally.csproj::TargetFramework=net10.0-windows]
C:\Users\pierc\source\repos\archanox\LibreRally\LibreRally\Vehicle\Content\BeamNgVehicleCatalog.cs(13,5): warning CSENSE001: The symbol 'Folder' is missing valid documentation [C:\Users\pierc\source\repos\archanox\LibreRally\LibreRally\LibreRally.csproj::TargetFramework=net10.0-windows]
C:\Users\pierc\source\repos\archanox\LibreRally\LibreRally\HUD\SetupUiShellModel.cs(36,19): warning CSENSE001: The symbol 'StatusText' is missing valid documentation [C:\Users\pierc\source\repos\archanox\LibreRally\LibreRally\LibreRally.csproj::TargetFramework=net10.0-windows]
C:\Users\pierc\source\repos\archanox\LibreRally\LibreRally\Vehicle\Content\BeamNgVehicleCatalog.cs(14,5): warning CSENSE001: The symbol 'ZipArchive' is missing valid documentation [C:\Users\pierc\source\repos\archanox\LibreRally\LibreRally\LibreRally.csproj::TargetFramework=net10.0-windows]
C:\Users\pierc\source\repos\archanox\LibreRally\LibreRally\Vehicle\Content\BeamNgVehicleCatalog.cs(11,13): warning CSENSE001: The symbol 'BeamNgVehicleSourceKind' is missing valid documentation [C:\Users\pierc\source\repos\archanox\LibreRally\LibreRally\LibreRally.csproj::TargetFramework=net10.0-windows]
C:\Users\pierc\source\repos\archanox\LibreRally\LibreRally\HUD\SetupUiShellModel.cs(37,48): warning CSENSE001: The symbol 'Categories' is missing valid documentation [C:\Users\pierc\source\repos\archanox\LibreRally\LibreRally\LibreRally.csproj::TargetFramework=net10.0-windows]
C:\Users\pierc\source\repos\archanox\LibreRally\LibreRally\HUD\SetupUiShellModel.cs(38,16): warning CSENSE001: The symbol 'SelectedCategoryIndex' is missing valid documentation [C:\Users\pierc\source\repos\archanox\LibreRally\LibreRally\LibreRally.csproj::TargetFramework=net10.0-windows]
C:\Users\pierc\source\repos\archanox\LibreRally\LibreRally\HUD\SetupUiShellModel.cs(39,33): warning CSENSE001: The symbol 'SelectedCategory' is missing valid documentation [C:\Users\pierc\source\repos\archanox\LibreRally\LibreRally\LibreRally.csproj::TargetFramework=net10.0-windows]
C:\Users\pierc\source\repos\archanox\LibreRally\LibreRally\HUD\SetupUiShellModel.cs(40,16): warning CSENSE001: The symbol 'PendingChangeCount' is missing valid documentation [C:\Users\pierc\source\repos\archanox\LibreRally\LibreRally\LibreRally.csproj::TargetFramework=net10.0-windows]
C:\Users\pierc\source\repos\archanox\LibreRally\LibreRally\HUD\SetupUiShellModel.cs(42,16): warning CSENSE001: The symbol 'PendingReloadChangeCount' is missing valid documentation [C:\Users\pierc\source\repos\archanox\LibreRally\LibreRally\LibreRally.csproj::TargetFramework=net10.0-windows]
C:\Users\pierc\source\repos\archanox\LibreRally\LibreRally\HUD\SetupUiShellModel.cs(41,16): warning CSENSE001: The symbol 'PendingLiveChangeCount' is missing valid documentation [C:\Users\pierc\source\repos\archanox\LibreRally\LibreRally\LibreRally.csproj::TargetFramework=net10.0-windows]
C:\Users\pierc\source\repos\archanox\LibreRally\LibreRally\HUD\SetupUiShellModel.cs(43,16): warning CSENSE001: The symbol 'NonDefaultChangeCount' is missing valid documentation [C:\Users\pierc\source\repos\archanox\LibreRally\LibreRally\LibreRally.csproj::TargetFramework=net10.0-windows]
C:\Users\pierc\source\repos\archanox\LibreRally\LibreRally\HUD\SetupUiShellModel.cs(44,17): warning CSENSE001: The symbol 'CanApply' is missing valid documentation [C:\Users\pierc\source\repos\archanox\LibreRally\LibreRally\LibreRally.csproj::TargetFramework=net10.0-windows]
C:\Users\pierc\source\repos\archanox\LibreRally\LibreRally\HUD\SetupUiShellModel.cs(45,17): warning CSENSE001: The symbol 'CanResetToDefaults' is missing valid documentation [C:\Users\pierc\source\repos\archanox\LibreRally\LibreRally\LibreRally.csproj::TargetFramework=net10.0-windows]
C:\Users\pierc\source\repos\archanox\LibreRally\LibreRally\HUD\SetupUiShellModel.cs(271,21): warning CSENSE001: The symbol 'SetupUiFieldModel' is missing valid documentation [C:\Users\pierc\source\repos\archanox\LibreRally\LibreRally\LibreRally.csproj::TargetFramework=net10.0-windows]
C:\Users\pierc\source\repos\archanox\LibreRally\LibreRally\HUD\SetupUiShellModel.cs(273,19): warning CSENSE001: The symbol 'Id' is missing valid documentation [C:\Users\pierc\source\repos\archanox\LibreRally\LibreRally\LibreRally.csproj::TargetFramework=net10.0-windows]
C:\Users\pierc\source\repos\archanox\LibreRally\LibreRally\HUD\SetupUiShellModel.cs(274,19): warning CSENSE001: The symbol 'Label' is missing valid documentation [C:\Users\pierc\source\repos\archanox\LibreRally\LibreRally\LibreRally.csproj::TargetFramework=net10.0-windows]
C:\Users\pierc\source\repos\archanox\LibreRally\LibreRally\HUD\SetupUiShellModel.cs(275,19): warning CSENSE001: The symbol 'Description' is missing valid documentation [C:\Users\pierc\source\repos\archanox\LibreRally\LibreRally\LibreRally.csproj::TargetFramework=net10.0-windows]
C:\Users\pierc\source\repos\archanox\LibreRally\LibreRally\HUD\SetupUiShellModel.cs(276,30): warning CSENSE001: The symbol 'EditorKind' is missing valid documentation [C:\Users\pierc\source\repos\archanox\LibreRally\LibreRally\LibreRally.csproj::TargetFramework=net10.0-windows]
C:\Users\pierc\source\repos\archanox\LibreRally\LibreRally\HUD\SetupUiShellModel.cs(277,29): warning CSENSE001: The symbol 'ApplyMode' is missing valid documentation [C:\Users\pierc\source\repos\archanox\LibreRally\LibreRally\LibreRally.csproj::TargetFramework=net10.0-windows]
C:\Users\pierc\source\repos\archanox\LibreRally\LibreRally\HUD\SetupUiShellModel.cs(278,18): warning CSENSE001: The symbol 'NumericValue' is missing valid documentation [C:\Users\pierc\source\repos\archanox\LibreRally\LibreRally\LibreRally.csproj::TargetFramework=net10.0-windows]
C:\Users\pierc\source\repos\archanox\LibreRally\LibreRally\HUD\SetupUiShellModel.cs(279,18): warning CSENSE001: The symbol 'RawNumericValue' is missing valid documentation [C:\Users\pierc\source\repos\archanox\LibreRally\LibreRally\LibreRally.csproj::TargetFramework=net10.0-windows]
C:\Users\pierc\source\repos\archanox\LibreRally\LibreRally\HUD\SetupUiShellModel.cs(280,18): warning CSENSE001: The symbol 'Minimum' is missing valid documentation [C:\Users\pierc\source\repos\archanox\LibreRally\LibreRally\LibreRally.csproj::TargetFramework=net10.0-windows]
C:\Users\pierc\source\repos\archanox\LibreRally\LibreRally\HUD\SetupUiShellModel.cs(282,18): warning CSENSE001: The symbol 'Step' is missing valid documentation [C:\Users\pierc\source\repos\archanox\LibreRally\LibreRally\LibreRally.csproj::TargetFramework=net10.0-windows]
C:\Users\pierc\source\repos\archanox\LibreRally\LibreRally\HUD\SetupUiShellModel.cs(283,19): warning CSENSE001: The symbol 'Unit' is missing valid documentation [C:\Users\pierc\source\repos\archanox\LibreRally\LibreRally\LibreRally.csproj::TargetFramework=net10.0-windows]
C:\Users\pierc\source\repos\archanox\LibreRally\LibreRally\HUD\SetupUiShellModel.cs(281,18): warning CSENSE001: The symbol 'Maximum' is missing valid documentation [C:\Users\pierc\source\repos\archanox\LibreRally\LibreRally\LibreRally.csproj::TargetFramework=net10.0-windows]
C:\Users\pierc\source\repos\archanox\LibreRally\LibreRally\HUD\SetupUiShellModel.cs(284,17): warning CSENSE001: The symbol 'ToggleValue' is missing valid documentation [C:\Users\pierc\source\repos\archanox\LibreRally\LibreRally\LibreRally.csproj::TargetFramework=net10.0-windows]
C:\Users\pierc\source\repos\archanox\LibreRally\LibreRally\HUD\SetupUiShellModel.cs(285,19): warning CSENSE001: The symbol 'ToggleOnLabel' is missing valid documentation [C:\Users\pierc\source\repos\archanox\LibreRally\LibreRally\LibreRally.csproj::TargetFramework=net10.0-windows]
C:\Users\pierc\source\repos\archanox\LibreRally\LibreRally\HUD\SetupUiShellModel.cs(286,19): warning CSENSE001: The symbol 'ToggleOffLabel' is missing valid documentation [C:\Users\pierc\source\repos\archanox\LibreRally\LibreRally\LibreRally.csproj::TargetFramework=net10.0-windows]
C:\Users\pierc\source\repos\archanox\LibreRally\LibreRally\HUD\SetupUiShellModel.cs(287,34): warning CSENSE001: The symbol 'ChoiceOptions' is missing valid documentation [C:\Users\pierc\source\repos\archanox\LibreRally\LibreRally\LibreRally.csproj::TargetFramework=net10.0-windows]
C:\Users\pierc\source\repos\archanox\LibreRally\LibreRally\HUD\SetupUiShellModel.cs(288,16): warning CSENSE001: The symbol 'ChoiceIndex' is missing valid documentation [C:\Users\pierc\source\repos\archanox\LibreRally\LibreRally\LibreRally.csproj::TargetFramework=net10.0-windows]
C:\Users\pierc\source\repos\archanox\LibreRally\LibreRally\HUD\SetupUiShellModel.cs(289,20): warning CSENSE001: The symbol 'BoundKey' is missing valid documentation [C:\Users\pierc\source\repos\archanox\LibreRally\LibreRally\LibreRally.csproj::TargetFramework=net10.0-windows]
C:\Users\pierc\source\repos\archanox\LibreRally\LibreRally\HUD\SetupUiShellModel.cs(290,35): warning CSENSE001: The symbol 'BindingKind' is missing valid documentation [C:\Users\pierc\source\repos\archanox\LibreRally\LibreRally\LibreRally.csproj::TargetFramework=net10.0-windows]
C:\Users\pierc\source\repos\archanox\LibreRally\LibreRally\HUD\SetupUiShellModel.cs(291,29): warning CSENSE001: The symbol 'Axle' is missing valid documentation [C:\Users\pierc\source\repos\archanox\LibreRally\LibreRally\LibreRally.csproj::TargetFramework=net10.0-windows]
C:\Users\pierc\source\repos\archanox\LibreRally\LibreRally\HUD\SetupUiShellModel.cs(292,17): warning CSENSE001: The symbol 'IsBoundNumericField' is missing valid documentation [C:\Users\pierc\source\repos\archanox\LibreRally\LibreRally\LibreRally.csproj::TargetFramework=net10.0-windows]
C:\Users\pierc\source\repos\archanox\LibreRally\LibreRally\HUD\SetupUiShellModel.cs(293,19): warning CSENSE001: The symbol 'DefaultDisplayValue' is missing valid documentation [C:\Users\pierc\source\repos\archanox\LibreRally\LibreRally\LibreRally.csproj::TargetFramework=net10.0-windows]
C:\Users\pierc\source\repos\archanox\LibreRally\LibreRally\HUD\SetupUiShellModel.cs(300,17): warning CSENSE001: The symbol 'CanResetToDefault' is missing valid documentation [C:\Users\pierc\source\repos\archanox\LibreRally\LibreRally\LibreRally.csproj::TargetFramework=net10.0-windows]
C:\Users\pierc\source\repos\archanox\LibreRally\LibreRally\HUD\SetupUiShellModel.cs(307,17): warning CSENSE001: The symbol 'IsDirty' is missing valid documentation [C:\Users\pierc\source\repos\archanox\LibreRally\LibreRally\LibreRally.csproj::TargetFramework=net10.0-windows]
C:\Users\pierc\source\repos\archanox\LibreRally\LibreRally\Vehicle\Content\BeamNgVehicleCatalog.cs(17,22): warning CSENSE001: The symbol 'BeamNgVehicleDescriptor' is missing valid documentation [C:\Users\pierc\source\repos\archanox\LibreRally\LibreRally\LibreRally.csproj::TargetFramework=net10.0-windows]
C:\Users\pierc\source\repos\archanox\LibreRally\LibreRally\HUD\SetupUiShellModel.cs(376,19): warning CSENSE001: The symbol 'DisplayValue' is missing valid documentation [C:\Users\pierc\source\repos\archanox\LibreRally\LibreRally\LibreRally.csproj::TargetFramework=net10.0-windows]
C:\Users\pierc\source\repos\archanox\LibreRally\LibreRally\HUD\SetupUiShellModel.cs(384,19): warning CSENSE001: The symbol 'ApplyHint' is missing valid documentation [C:\Users\pierc\source\repos\archanox\LibreRally\LibreRally\LibreRally.csproj::TargetFramework=net10.0-windows]
C:\Users\pierc\source\repos\archanox\LibreRally\LibreRally\Vehicle\Content\BeamNgVehicleCatalog.cs(23,19): warning CSENSE001: The symbol 'DisplayName' is missing valid documentation [C:\Users\pierc\source\repos\archanox\LibreRally\LibreRally\LibreRally.csproj::TargetFramework=net10.0-windows]
C:\Users\pierc\source\repos\archanox\LibreRally\LibreRally\Vehicle\Content\BeamNgVehicleCatalog.cs(48,19): warning CSENSE001: The symbol 'VehicleId' is missing valid documentation [C:\Users\pierc\source\repos\archanox\LibreRally\LibreRally\LibreRally.csproj::TargetFramework=net10.0-windows]
C:\Users\pierc\source\repos\archanox\LibreRally\LibreRally\Vehicle\Content\BeamNgVehicleCatalog.cs(28,21): warning CSENSE001: The symbol 'BeamNgResolvedVehicle' is missing valid documentation [C:\Users\pierc\source\repos\archanox\LibreRally\LibreRally\LibreRally.csproj::TargetFramework=net10.0-windows]
C:\Users\pierc\source\repos\archanox\LibreRally\LibreRally\Vehicle\Content\BeamNgVehicleCatalog.cs(50,34): warning CSENSE001: The symbol 'JBeamSearchFolders' is missing valid documentation [C:\Users\pierc\source\repos\archanox\LibreRally\LibreRally\LibreRally.csproj::TargetFramework=net10.0-windows]
C:\Users\pierc\source\repos\archanox\LibreRally\LibreRally\Vehicle\Content\BeamNgVehicleCatalog.cs(49,19): warning CSENSE001: The symbol 'VehicleFolderPath' is missing valid documentation [C:\Users\pierc\source\repos\archanox\LibreRally\LibreRally\LibreRally.csproj::TargetFramework=net10.0-windows]
C:\Users\pierc\source\repos\archanox\LibreRally\LibreRally\Vehicle\Content\BeamNgVehicleCatalog.cs(51,34): warning CSENSE001: The symbol 'VehiclesRootDirectories' is missing valid documentation [C:\Users\pierc\source\repos\archanox\LibreRally\LibreRally\LibreRally.csproj::TargetFramework=net10.0-windows]
C:\Users\pierc\source\repos\archanox\LibreRally\LibreRally\Vehicle\VehicleSetupOverrides.cs(7,5): warning CSENSE001: The symbol 'Unspecified' is missing valid documentation [C:\Users\pierc\source\repos\archanox\LibreRally\LibreRally\LibreRally.csproj::TargetFramework=net10.0-windows]
C:\Users\pierc\source\repos\archanox\LibreRally\LibreRally\Vehicle\Content\BeamNgVehicleCatalog.cs(52,19): warning CSENSE001: The symbol 'SourceDescription' is missing valid documentation [C:\Users\pierc\source\repos\archanox\LibreRally\LibreRally\LibreRally.csproj::TargetFramework=net10.0-windows]
C:\Users\pierc\source\repos\archanox\LibreRally\LibreRally\Vehicle\VehicleDefinition.cs(22,12): warning CSENSE002: The parameter 'Id1' is missing documentation [C:\Users\pierc\source\repos\archanox\LibreRally\LibreRally\LibreRally.csproj::TargetFramework=net10.0-windows]
C:\Users\pierc\source\repos\archanox\LibreRally\LibreRally\Vehicle\VehicleDefinition.cs(23,12): warning CSENSE002: The parameter 'Id2' is missing documentation [C:\Users\pierc\source\repos\archanox\LibreRally\LibreRally\LibreRally.csproj::TargetFramework=net10.0-windows]
C:\Users\pierc\source\repos\archanox\LibreRally\LibreRally\Vehicle\VehicleDefinition.cs(24,11): warning CSENSE002: The parameter 'Spring' is missing documentation [C:\Users\pierc\source\repos\archanox\LibreRally\LibreRally\LibreRally.csproj::TargetFramework=net10.0-windows]
C:\Users\pierc\source\repos\archanox\LibreRally\LibreRally\Vehicle\VehicleDefinition.cs(25,11): warning CSENSE002: The parameter 'Damp' is missing documentation [C:\Users\pierc\source\repos\archanox\LibreRally\LibreRally\LibreRally.csproj::TargetFramework=net10.0-windows]
C:\Users\pierc\source\repos\archanox\LibreRally\LibreRally\Vehicle\VehicleDefinition.cs(26,11): warning CSENSE002: The parameter 'DeformThreshold' is missing documentation [C:\Users\pierc\source\repos\archanox\LibreRally\LibreRally\LibreRally.csproj::TargetFramework=net10.0-windows]
C:\Users\pierc\source\repos\archanox\LibreRally\LibreRally\Vehicle\VehicleDefinition.cs(27,11): warning CSENSE002: The parameter 'BreakStrength' is missing documentation [C:\Users\pierc\source\repos\archanox\LibreRally\LibreRally\LibreRally.csproj::TargetFramework=net10.0-windows]
C:\Users\pierc\source\repos\archanox\LibreRally\LibreRally\Vehicle\VehicleDefinition.cs(28,12): warning CSENSE002: The parameter 'BeamType' is missing documentation [C:\Users\pierc\source\repos\archanox\LibreRally\LibreRally\LibreRally.csproj::TargetFramework=net10.0-windows]
C:\Users\pierc\source\repos\archanox\LibreRally\LibreRally\Vehicle\VehicleDefinition.cs(29,12): warning CSENSE002: The parameter 'DeformGroup' is missing documentation [C:\Users\pierc\source\repos\archanox\LibreRally\LibreRally\LibreRally.csproj::TargetFramework=net10.0-windows]
C:\Users\pierc\source\repos\archanox\LibreRally\LibreRally\HUD\VehicleSelectionOverlay.cs(14,21): warning CSENSE001: The symbol 'VehicleSelectionOverlay' is missing valid documentation [C:\Users\pierc\source\repos\archanox\LibreRally\LibreRally\LibreRally.csproj::TargetFramework=net10.0-windows]
C:\Users\pierc\source\repos\archanox\LibreRally\LibreRally\HUD\VehicleSelectionOverlay.cs(34,51): warning CSENSE001: The symbol 'Vehicles' is missing valid documentation [C:\Users\pierc\source\repos\archanox\LibreRally\LibreRally\LibreRally.csproj::TargetFramework=net10.0-windows]
C:\Users\pierc\source\repos\archanox\LibreRally\LibreRally\HUD\VehicleSelectionOverlay.cs(66,19): warning CSENSE001: The symbol 'StatusText' is missing valid documentation [C:\Users\pierc\source\repos\archanox\LibreRally\LibreRally\LibreRally.csproj::TargetFramework=net10.0-windows]
C:\Users\pierc\source\repos\archanox\LibreRally\LibreRally\HUD\VehicleSelectionOverlay.cs(76,25): warning CSENSE001: The symbol 'ItemActivated' is missing valid documentation [C:\Users\pierc\source\repos\archanox\LibreRally\LibreRally\LibreRally.csproj::TargetFramework=net10.0-windows]
C:\Users\pierc\source\repos\archanox\LibreRally\LibreRally\Vehicle\VehicleDefinition.cs(36,12): warning CSENSE002: The parameter 'MeshName' is missing documentation [C:\Users\pierc\source\repos\archanox\LibreRally\LibreRally\LibreRally.csproj::TargetFramework=net10.0-windows]
C:\Users\pierc\source\repos\archanox\LibreRally\LibreRally\Vehicle\VehicleDefinition.cs(37,18): warning CSENSE002: The parameter 'NodeGroups' is missing documentation [C:\Users\pierc\source\repos\archanox\LibreRally\LibreRally\LibreRally.csproj::TargetFramework=net10.0-windows]
C:\Users\pierc\source\repos\archanox\LibreRally\LibreRally\Vehicle\VehicleDefinition.cs(38,30): warning CSENSE002: The parameter 'Position' is missing documentation [C:\Users\pierc\source\repos\archanox\LibreRally\LibreRally\LibreRally.csproj::TargetFramework=net10.0-windows]
C:\Users\pierc\source\repos\archanox\LibreRally\LibreRally\Vehicle\VehicleDefinition.cs(39,30): warning CSENSE002: The parameter 'Rotation' is missing documentation [C:\Users\pierc\source\repos\archanox\LibreRally\LibreRally\LibreRally.csproj::TargetFramework=net10.0-windows]
C:\Users\pierc\source\repos\archanox\LibreRally\LibreRally\Vehicle\VehicleDefinition.cs(40,30): warning CSENSE002: The parameter 'Scale' is missing documentation [C:\Users\pierc\source\repos\archanox\LibreRally\LibreRally\LibreRally.csproj::TargetFramework=net10.0-windows]
C:\Users\pierc\source\repos\archanox\LibreRally\LibreRally\Vehicle\VehicleDefinition.cs(41,12): warning CSENSE002: The parameter 'SourcePartName' is missing documentation [C:\Users\pierc\source\repos\archanox\LibreRally\LibreRally\LibreRally.csproj::TargetFramework=net10.0-windows]
C:\Users\pierc\source\repos\archanox\LibreRally\LibreRally\Vehicle\VehicleDefinition.cs(42,12): warning CSENSE002: The parameter 'SourceSlotType' is missing documentation [C:\Users\pierc\source\repos\archanox\LibreRally\LibreRally\LibreRally.csproj::TargetFramework=net10.0-windows]
C:\Users\pierc\source\repos\archanox\LibreRally\LibreRally\Vehicle\VehicleDefinition.cs(33,5): warning CSENSE020: The word 'Position' matches a parameter name and should be wrapped in <paramref name="Position" /> [C:\Users\pierc\source\repos\archanox\LibreRally\LibreRally\LibreRally.csproj::TargetFramework=net10.0-windows]
C:\Users\pierc\source\repos\archanox\LibreRally\LibreRally\HUD\VehicleSelectionOverlay.cs(56,17): warning CSENSE001: The symbol 'OverlayVisible' is missing valid documentation [C:\Users\pierc\source\repos\archanox\LibreRally\LibreRally\LibreRally.csproj::TargetFramework=net10.0-windows]
C:\Users\pierc\source\repos\archanox\LibreRally\LibreRally\Vehicle\VehicleDefinition.cs(49,15): warning CSENSE001: The symbol 'AssembledPartGearRatio' is missing valid documentation [C:\Users\pierc\source\repos\archanox\LibreRally\LibreRally\LibreRally.csproj::TargetFramework=net10.0-windows]
C:\Users\pierc\source\repos\archanox\LibreRally\LibreRally\HUD\VehicleSelectionOverlay.cs(44,16): warning CSENSE001: The symbol 'SelectedIndex' is missing valid documentation [C:\Users\pierc\source\repos\archanox\LibreRally\LibreRally\LibreRally.csproj::TargetFramework=net10.0-windows]
C:\Users\pierc\source\repos\archanox\LibreRally\LibreRally\Vehicle\VehicleDefinition.cs(60,19): warning CSENSE001: The symbol 'Name' is missing valid documentation [C:\Users\pierc\source\repos\archanox\LibreRally\LibreRally\LibreRally.csproj::TargetFramework=net10.0-windows]
C:\Users\pierc\source\repos\archanox\LibreRally\LibreRally\Vehicle\VehicleDefinition.cs(62,18): warning CSENSE019: The word 'True' should be replaced with <see langword="True" /> [C:\Users\pierc\source\repos\archanox\LibreRally\LibreRally\LibreRally.csproj::TargetFramework=net10.0-windows]
C:\Users\pierc\source\repos\archanox\LibreRally\LibreRally\Vehicle\VehicleDefinition.cs(44,15): warning CSENSE001: The symbol 'AssembledPressureWheelOptions' is missing valid documentation [C:\Users\pierc\source\repos\archanox\LibreRally\LibreRally\LibreRally.csproj::TargetFramework=net10.0-windows]
C:\Users\pierc\source\repos\archanox\LibreRally\LibreRally\VehicleSpawner.cs(35,14): warning CSENSE001: The symbol 'VehicleSpawner' is missing valid documentation [C:\Users\pierc\source\repos\archanox\LibreRally\LibreRally\LibreRally.csproj::TargetFramework=net10.0-windows]
C:\Users\pierc\source\repos\archanox\LibreRally\LibreRally\VehicleSpawner.cs(37,19): warning CSENSE001: The symbol 'VehicleFolderPath' is missing valid documentation [C:\Users\pierc\source\repos\archanox\LibreRally\LibreRally\LibreRally.csproj::TargetFramework=net10.0-windows]
C:\Users\pierc\source\repos\archanox\LibreRally\LibreRally\VehicleSpawner.cs(46,20): warning CSENSE001: The symbol 'SpawnPosition' is missing valid documentation [C:\Users\pierc\source\repos\archanox\LibreRally\LibreRally\LibreRally.csproj::TargetFramework=net10.0-windows]
C:\Users\pierc\source\repos\archanox\LibreRally\LibreRally\VehicleSpawner.cs(47,17): warning CSENSE001: The symbol 'OutGaugeEnabled' is missing valid documentation [C:\Users\pierc\source\repos\archanox\LibreRally\LibreRally\LibreRally.csproj::TargetFramework=net10.0-windows]
C:\Users\pierc\source\repos\archanox\LibreRally\LibreRally\VehicleSpawner.cs(48,16): warning CSENSE001: The symbol 'OutGaugeDelayCentiseconds' is missing valid documentation [C:\Users\pierc\source\repos\archanox\LibreRally\LibreRally\LibreRally.csproj::TargetFramework=net10.0-windows]
C:\Users\pierc\source\repos\archanox\LibreRally\LibreRally\VehicleSpawner.cs(50,16): warning CSENSE001: The symbol 'OutGaugePort' is missing valid documentation [C:\Users\pierc\source\repos\archanox\LibreRally\LibreRally\LibreRally.csproj::TargetFramework=net10.0-windows]
C:\Users\pierc\source\repos\archanox\LibreRally\LibreRally\VehicleSpawner.cs(49,19): warning CSENSE001: The symbol 'OutGaugeIp' is missing valid documentation [C:\Users\pierc\source\repos\archanox\LibreRally\LibreRally\LibreRally.csproj::TargetFramework=net10.0-windows]
C:\Users\pierc\source\repos\archanox\LibreRally\LibreRally\VehicleSpawner.cs(51,16): warning CSENSE001: The symbol 'OutGaugeId' is missing valid documentation [C:\Users\pierc\source\repos\archanox\LibreRally\LibreRally\LibreRally.csproj::TargetFramework=net10.0-windows]
C:\Users\pierc\source\repos\archanox\LibreRally\LibreRally\VehicleSpawner.cs(54,19): warning CSENSE001: The symbol 'OutSimIp' is missing valid documentation [C:\Users\pierc\source\repos\archanox\LibreRally\LibreRally\LibreRally.csproj::TargetFramework=net10.0-windows]
C:\Users\pierc\source\repos\archanox\LibreRally\LibreRally\VehicleSpawner.cs(52,17): warning CSENSE001: The symbol 'OutSimEnabled' is missing valid documentation [C:\Users\pierc\source\repos\archanox\LibreRally\LibreRally\LibreRally.csproj::TargetFramework=net10.0-windows]
C:\Users\pierc\source\repos\archanox\LibreRally\LibreRally\VehicleSpawner.cs(53,16): warning CSENSE001: The symbol 'OutSimDelayCentiseconds' is missing valid documentation [C:\Users\pierc\source\repos\archanox\LibreRally\LibreRally\LibreRally.csproj::TargetFramework=net10.0-windows]
C:\Users\pierc\source\repos\archanox\LibreRally\LibreRally\VehicleSpawner.cs(55,16): warning CSENSE001: The symbol 'OutSimPort' is missing valid documentation [C:\Users\pierc\source\repos\archanox\LibreRally\LibreRally\LibreRally.csproj::TargetFramework=net10.0-windows]
C:\Users\pierc\source\repos\archanox\LibreRally\LibreRally\VehicleSpawner.cs(56,16): warning CSENSE001: The symbol 'OutSimId' is missing valid documentation [C:\Users\pierc\source\repos\archanox\LibreRally\LibreRally\LibreRally.csproj::TargetFramework=net10.0-windows]
C:\Users\pierc\source\repos\archanox\LibreRally\LibreRally\Vehicle\Content\BeamNgVehicleCatalog.cs(65,21): warning CSENSE001: The symbol 'BeamNgVehicleCatalog' is missing valid documentation [C:\Users\pierc\source\repos\archanox\LibreRally\LibreRally\LibreRally.csproj::TargetFramework=net10.0-windows]
C:\Users\pierc\source\repos\archanox\LibreRally\LibreRally\VehicleSpawner.cs(24,13): warning CSENSE001: The symbol 'PauseMenuAction' is missing valid documentation [C:\Users\pierc\source\repos\archanox\LibreRally\LibreRally\LibreRally.csproj::TargetFramework=net10.0-windows]
C:\Users\pierc\source\repos\archanox\LibreRally\LibreRally\Vehicle\VehicleDefinition.cs(85,19): warning CSENSE001: The symbol 'VehicleName' is missing valid documentation [C:\Users\pierc\source\repos\archanox\LibreRally\LibreRally\LibreRally.csproj::TargetFramework=net10.0-windows]
C:\Users\pierc\source\repos\archanox\LibreRally\LibreRally\HUD\SetupUiShellOverlay.cs(16,21): warning CSENSE001: The symbol 'SetupUiShellOverlay' is missing valid documentation [C:\Users\pierc\source\repos\archanox\LibreRally\LibreRally\LibreRally.csproj::TargetFramework=net10.0-windows]
C:\Users\pierc\source\repos\archanox\LibreRally\LibreRally\HUD\SetupUiShellOverlay.cs(63,20): warning CSENSE001: The symbol 'CloseRequested' is missing valid documentation [C:\Users\pierc\source\repos\archanox\LibreRally\LibreRally\LibreRally.csproj::TargetFramework=net10.0-windows]
C:\Users\pierc\source\repos\archanox\LibreRally\LibreRally\HUD\SetupUiShellOverlay.cs(78,19): warning CSENSE001: The symbol 'StatusText' is missing valid documentation [C:\Users\pierc\source\repos\archanox\LibreRally\LibreRally\LibreRally.csproj::TargetFramework=net10.0-windows]
C:\Users\pierc\source\repos\archanox\LibreRally\LibreRally\HUD\SetupUiShellOverlay.cs(62,41): warning CSENSE001: The symbol 'ApplyRequested' is missing valid documentation [C:\Users\pierc\source\repos\archanox\LibreRally\LibreRally\LibreRally.csproj::TargetFramework=net10.0-windows]
C:\Users\pierc\source\repos\archanox\LibreRally\LibreRally\HUD\SetupUiShellOverlay.cs(65,17): warning CSENSE001: The symbol 'OverlayVisible' is missing valid documentation [C:\Users\pierc\source\repos\archanox\LibreRally\LibreRally\LibreRally.csproj::TargetFramework=net10.0-windows]
C:\Users\pierc\source\repos\archanox\LibreRally\LibreRally\HUD\SetupUiShellOverlay.cs(88,19): warning CSENSE001: The symbol 'VehicleName' is missing valid documentation [C:\Users\pierc\source\repos\archanox\LibreRally\LibreRally\LibreRally.csproj::TargetFramework=net10.0-windows]
C:\Users\pierc\source\repos\archanox\LibreRally\LibreRally\Vehicle\VehiclePowertrainResolver.cs(14,20): warning CSENSE001: The symbol 'GearRatios' is missing valid documentation [C:\Users\pierc\source\repos\archanox\LibreRally\LibreRally\LibreRally.csproj::TargetFramework=net10.0-windows]
C:\Users\pierc\source\repos\archanox\LibreRally\LibreRally\Vehicle\VehiclePowertrainResolver.cs(12,17): warning CSENSE001: The symbol 'DriveRearAxle' is missing valid documentation [C:\Users\pierc\source\repos\archanox\LibreRally\LibreRally\LibreRally.csproj::TargetFramework=net10.0-windows]
C:\Users\pierc\source\repos\archanox\LibreRally\LibreRally\Vehicle\VehiclePowertrainResolver.cs(13,21): warning CSENSE001: The symbol 'DrivenWheelKeys' is missing valid documentation [C:\Users\pierc\source\repos\archanox\LibreRally\LibreRally\LibreRally.csproj::TargetFramework=net10.0-windows]
C:\Users\pierc\source\repos\archanox\LibreRally\LibreRally\Vehicle\VehiclePowertrainResolver.cs(9,21): warning CSENSE001: The symbol 'VehiclePowertrainSetup' is missing valid documentation [C:\Users\pierc\source\repos\archanox\LibreRally\LibreRally\LibreRally.csproj::TargetFramework=net10.0-windows]
C:\Users\pierc\source\repos\archanox\LibreRally\LibreRally\Vehicle\VehiclePowertrainResolver.cs(16,20): warning CSENSE001: The symbol 'TorqueCurveRpm' is missing valid documentation [C:\Users\pierc\source\repos\archanox\LibreRally\LibreRally\LibreRally.csproj::TargetFramework=net10.0-windows]
C:\Users\pierc\source\repos\archanox\LibreRally\LibreRally\Vehicle\VehiclePowertrainResolver.cs(11,17): warning CSENSE001: The symbol 'DriveFrontAxle' is missing valid documentation [C:\Users\pierc\source\repos\archanox\LibreRally\LibreRally\LibreRally.csproj::TargetFramework=net10.0-windows]
C:\Users\pierc\source\repos\archanox\LibreRally\LibreRally\Vehicle\VehiclePowertrainResolver.cs(15,18): warning CSENSE001: The symbol 'FinalDrive' is missing valid documentation [C:\Users\pierc\source\repos\archanox\LibreRally\LibreRally\LibreRally.csproj::TargetFramework=net10.0-windows]
C:\Users\pierc\source\repos\archanox\LibreRally\LibreRally\Vehicle\VehiclePowertrainResolver.cs(17,20): warning CSENSE001: The symbol 'TorqueCurveNm' is missing valid documentation [C:\Users\pierc\source\repos\archanox\LibreRally\LibreRally\LibreRally.csproj::TargetFramework=net10.0-windows]
C:\Users\pierc\source\repos\archanox\LibreRally\LibreRally\Vehicle\VehiclePowertrainResolver.cs(19,18): warning CSENSE001: The symbol 'IdleRpm' is missing valid documentation [C:\Users\pierc\source\repos\archanox\LibreRally\LibreRally\LibreRally.csproj::TargetFramework=net10.0-windows]
C:\Users\pierc\source\repos\archanox\LibreRally\LibreRally\Vehicle\VehiclePowertrainResolver.cs(18,18): warning CSENSE001: The symbol 'MaxRpm' is missing valid documentation [C:\Users\pierc\source\repos\archanox\LibreRally\LibreRally\LibreRally.csproj::TargetFramework=net10.0-windows]
C:\Users\pierc\source\repos\archanox\LibreRally\LibreRally\Vehicle\VehiclePowertrainResolver.cs(20,18): warning CSENSE001: The symbol 'EngineInertia' is missing valid documentation [C:\Users\pierc\source\repos\archanox\LibreRally\LibreRally\LibreRally.csproj::TargetFramework=net10.0-windows]
C:\Users\pierc\source\repos\archanox\LibreRally\LibreRally\Vehicle\VehiclePowertrainResolver.cs(21,18): warning CSENSE001: The symbol 'EngineFriction' is missing valid documentation [C:\Users\pierc\source\repos\archanox\LibreRally\LibreRally\LibreRally.csproj::TargetFramework=net10.0-windows]
C:\Users\pierc\source\repos\archanox\LibreRally\LibreRally\Vehicle\VehiclePowertrainResolver.cs(22,18): warning CSENSE001: The symbol 'EngineDynamicFriction' is missing valid documentation [C:\Users\pierc\source\repos\archanox\LibreRally\LibreRally\LibreRally.csproj::TargetFramework=net10.0-windows]
C:\Users\pierc\source\repos\archanox\LibreRally\LibreRally\Vehicle\VehiclePowertrainResolver.cs(23,18): warning CSENSE001: The symbol 'EngineBrakeTorque' is missing valid documentation [C:\Users\pierc\source\repos\archanox\LibreRally\LibreRally\LibreRally.csproj::TargetFramework=net10.0-windows]
C:\Users\pierc\source\repos\archanox\LibreRally\LibreRally\Vehicle\VehiclePowertrainResolver.cs(24,18): warning CSENSE001: The symbol 'AutoClutchLaunchRpm' is missing valid documentation [C:\Users\pierc\source\repos\archanox\LibreRally\LibreRally\LibreRally.csproj::TargetFramework=net10.0-windows]
C:\Users\pierc\source\repos\archanox\LibreRally\LibreRally\Vehicle\VehiclePowertrainResolver.cs(25,18): warning CSENSE001: The symbol 'ShiftUpRpm' is missing valid documentation [C:\Users\pierc\source\repos\archanox\LibreRally\LibreRally\LibreRally.csproj::TargetFramework=net10.0-windows]
C:\Users\pierc\source\repos\archanox\LibreRally\LibreRally\Vehicle\VehiclePowertrainResolver.cs(26,18): warning CSENSE001: The symbol 'ShiftDownRpm' is missing valid documentation [C:\Users\pierc\source\repos\archanox\LibreRally\LibreRally\LibreRally.csproj::TargetFramework=net10.0-windows]
C:\Users\pierc\source\repos\archanox\LibreRally\LibreRally\Vehicle\VehiclePowertrainResolver.cs(27,31): warning CSENSE001: The symbol 'FrontDiff' is missing valid documentation [C:\Users\pierc\source\repos\archanox\LibreRally\LibreRally\LibreRally.csproj::TargetFramework=net10.0-windows]
C:\Users\pierc\source\repos\archanox\LibreRally\LibreRally\Vehicle\VehiclePowertrainResolver.cs(28,31): warning CSENSE001: The symbol 'RearDiff' is missing valid documentation [C:\Users\pierc\source\repos\archanox\LibreRally\LibreRally\LibreRally.csproj::TargetFramework=net10.0-windows]
C:\Users\pierc\source\repos\archanox\LibreRally\LibreRally\Vehicle\VehiclePowertrainResolver.cs(29,31): warning CSENSE001: The symbol 'CenterDiff' is missing valid documentation [C:\Users\pierc\source\repos\archanox\LibreRally\LibreRally\LibreRally.csproj::TargetFramework=net10.0-windows]
C:\Users\pierc\source\repos\archanox\LibreRally\LibreRally\Vehicle\VehiclePowertrainResolver.cs(32,18): warning CSENSE001: The symbol 'OilVolumeLiters' is missing valid documentation [C:\Users\pierc\source\repos\archanox\LibreRally\LibreRally\LibreRally.csproj::TargetFramework=net10.0-windows]
C:\Users\pierc\source\repos\archanox\LibreRally\LibreRally\Vehicle\VehiclePowertrainResolver.cs(33,18): warning CSENSE001: The symbol 'FuelCapacityLiters' is missing valid documentation [C:\Users\pierc\source\repos\archanox\LibreRally\LibreRally\LibreRally.csproj::TargetFramework=net10.0-windows]
C:\Users\pierc\source\repos\archanox\LibreRally\LibreRally\Vehicle\VehiclePowertrainResolver.cs(34,18): warning CSENSE001: The symbol 'StartingFuelLiters' is missing valid documentation [C:\Users\pierc\source\repos\archanox\LibreRally\LibreRally\LibreRally.csproj::TargetFramework=net10.0-windows]
C:\Users\pierc\source\repos\archanox\LibreRally\LibreRally\Vehicle\VehiclePowertrainResolver.cs(35,18): warning CSENSE001: The symbol 'EngineBlockTempDamageThreshold' is missing valid documentation [C:\Users\pierc\source\repos\archanox\LibreRally\LibreRally\LibreRally.csproj::TargetFramework=net10.0-windows]
C:\Users\pierc\source\repos\archanox\LibreRally\LibreRally\Vehicle\VehiclePowertrainResolver.cs(36,18): warning CSENSE001: The symbol 'AirRegulatorTemperature' is missing valid documentation [C:\Users\pierc\source\repos\archanox\LibreRally\LibreRally\LibreRally.csproj::TargetFramework=net10.0-windows]
C:\Users\pierc\source\repos\archanox\LibreRally\LibreRally\Vehicle\VehiclePowertrainResolver.cs(38,20): warning CSENSE001: The symbol 'BurnEfficiencyThrottle' is missing valid documentation [C:\Users\pierc\source\repos\archanox\LibreRally\LibreRally\LibreRally.csproj::TargetFramework=net10.0-windows]
C:\Users\pierc\source\repos\archanox\LibreRally\LibreRally\Vehicle\VehiclePowertrainResolver.cs(39,20): warning CSENSE001: The symbol 'BurnEfficiencyValues' is missing valid documentation [C:\Users\pierc\source\repos\archanox\LibreRally\LibreRally\LibreRally.csproj::TargetFramework=net10.0-windows]
C:\Users\pierc\source\repos\archanox\LibreRally\LibreRally\Vehicle\VehiclePowertrainResolver.cs(43,18): warning CSENSE001: The symbol 'TurboMaxBoostPsi' is missing valid documentation [C:\Users\pierc\source\repos\archanox\LibreRally\LibreRally\LibreRally.csproj::TargetFramework=net10.0-windows]
C:\Users\pierc\source\repos\archanox\LibreRally\LibreRally\Vehicle\VehiclePowertrainResolver.cs(42,17): warning CSENSE001: The symbol 'HasTurbo' is missing valid documentation [C:\Users\pierc\source\repos\archanox\LibreRally\LibreRally\LibreRally.csproj::TargetFramework=net10.0-windows]
C:\Users\pierc\source\repos\archanox\LibreRally\LibreRally\Vehicle\VehicleSetupCatalog.cs(10,5): warning CSENSE001: The symbol 'Live' is missing valid documentation [C:\Users\pierc\source\repos\archanox\LibreRally\LibreRally\LibreRally.csproj::TargetFramework=net10.0-windows]
C:\Users\pierc\source\repos\archanox\LibreRally\LibreRally\Vehicle\JBeam\JBeamAssembler.cs(15,16): warning CSENSE007: The cref reference 'VehiclePhysicsBuilder' could not be resolved [C:\Users\pierc\source\repos\archanox\LibreRally\LibreRally\LibreRally.csproj::TargetFramework=net10.0-windows]
C:\Users\pierc\source\repos\archanox\LibreRally\LibreRally\Vehicle\VehicleSetupCatalog.cs(17,5): warning CSENSE001: The symbol 'TyrePressure' is missing valid documentation [C:\Users\pierc\source\repos\archanox\LibreRally\LibreRally\LibreRally.csproj::TargetFramework=net10.0-windows]
C:\Users\pierc\source\repos\archanox\LibreRally\LibreRally\Vehicle\VehicleSetupCatalog.cs(16,5): warning CSENSE001: The symbol 'Variable' is missing valid documentation [C:\Users\pierc\source\repos\archanox\LibreRally\LibreRally\LibreRally.csproj::TargetFramework=net10.0-windows]
C:\Users\pierc\source\repos\archanox\LibreRally\LibreRally\Vehicle\VehicleSetupCatalog.cs(14,13): warning CSENSE001: The symbol 'VehicleSetupEntryKind' is missing valid documentation [C:\Users\pierc\source\repos\archanox\LibreRally\LibreRally\LibreRally.csproj::TargetFramework=net10.0-windows]
C:\Users\pierc\source\repos\archanox\LibreRally\LibreRally\Vehicle\VehicleSetupCatalog.cs(8,13): warning CSENSE001: The symbol 'VehicleSetupApplyMode' is missing valid documentation [C:\Users\pierc\source\repos\archanox\LibreRally\LibreRally\LibreRally.csproj::TargetFramework=net10.0-windows]
C:\Users\pierc\source\repos\archanox\LibreRally\LibreRally\Vehicle\VehicleSetupCatalog.cs(11,5): warning CSENSE001: The symbol 'Reload' is missing valid documentation [C:\Users\pierc\source\repos\archanox\LibreRally\LibreRally\LibreRally.csproj::TargetFramework=net10.0-windows]
C:\Users\pierc\source\repos\archanox\LibreRally\LibreRally\Vehicle\JBeam\JBeamData.cs(15,21): warning CSENSE001: The symbol 'NodeDefaults' is missing valid documentation [C:\Users\pierc\source\repos\archanox\LibreRally\LibreRally\LibreRally.csproj::TargetFramework=net10.0-windows]
C:\Users\pierc\source\repos\archanox\LibreRally\LibreRally\Vehicle\JBeam\JBeamData.cs(17,34): warning CSENSE001: The symbol 'Default' is missing valid documentation [C:\Users\pierc\source\repos\archanox\LibreRally\LibreRally\LibreRally.csproj::TargetFramework=net10.0-windows]
C:\Users\pierc\source\repos\archanox\LibreRally\LibreRally\Vehicle\VehicleSetupCatalog.cs(20,22): warning CSENSE001: The symbol 'VehicleSetupEntry' is missing valid documentation [C:\Users\pierc\source\repos\archanox\LibreRally\LibreRally\LibreRally.csproj::TargetFramework=net10.0-windows]
C:\Users\pierc\source\repos\archanox\LibreRally\LibreRally\Vehicle\JBeam\JBeamData.cs(28,12): warning CSENSE002: The parameter 'Id' is missing documentation [C:\Users\pierc\source\repos\archanox\LibreRally\LibreRally\LibreRally.csproj::TargetFramework=net10.0-windows]
C:\Users\pierc\source\repos\archanox\LibreRally\LibreRally\Vehicle\JBeam\JBeamData.cs(29,13): warning CSENSE002: The parameter 'Position' is missing documentation [C:\Users\pierc\source\repos\archanox\LibreRally\LibreRally\LibreRally.csproj::TargetFramework=net10.0-windows]
C:\Users\pierc\source\repos\archanox\LibreRally\LibreRally\Vehicle\JBeam\JBeamData.cs(30,20): warning CSENSE002: The parameter 'Properties' is missing documentation [C:\Users\pierc\source\repos\archanox\LibreRally\LibreRally\LibreRally.csproj::TargetFramework=net10.0-windows]
C:\Users\pierc\source\repos\archanox\LibreRally\LibreRally\Vehicle\VehicleSetupCatalog.cs(39,22): warning CSENSE001: The symbol 'VehicleSetupCategory' is missing valid documentation [C:\Users\pierc\source\repos\archanox\LibreRally\LibreRally\LibreRally.csproj::TargetFramework=net10.0-windows]
C:\Users\pierc\source\repos\archanox\LibreRally\LibreRally\Vehicle\VehicleSetupOverrides.cs(12,21): warning CSENSE001: The symbol 'VehiclePressureWheelOverrides' is missing valid documentation [C:\Users\pierc\source\repos\archanox\LibreRally\LibreRally\LibreRally.csproj::TargetFramework=net10.0-windows]
C:\Users\pierc\source\repos\archanox\LibreRally\LibreRally\Vehicle\VehicleSetupOverrides.cs(14,19): warning CSENSE001: The symbol 'PressurePsi' is missing valid documentation [C:\Users\pierc\source\repos\archanox\LibreRally\LibreRally\LibreRally.csproj::TargetFramework=net10.0-windows]
C:\Users\pierc\source\repos\archanox\LibreRally\LibreRally\Vehicle\RallyCarComponent.cs(20,14): warning CSENSE001: The symbol 'RallyCarComponent' is missing valid documentation [C:\Users\pierc\source\repos\archanox\LibreRally\LibreRally\LibreRally.csproj::TargetFramework=net10.0-windows]
C:\Users\pierc\source\repos\archanox\LibreRally\LibreRally\Vehicle\VehiclePowertrainResolver.cs(37,18): warning CSENSE001: The symbol 'EngineBlockAirCoolingEfficiency' is missing valid documentation [C:\Users\pierc\source\repos\archanox\LibreRally\LibreRally\LibreRally.csproj::TargetFramework=net10.0-windows]
C:\Users\pierc\source\repos\archanox\LibreRally\LibreRally\Vehicle\RallyCarComponent.cs(89,25): warning CSENSE001: The symbol 'DriveWheels' is missing valid documentation [C:\Users\pierc\source\repos\archanox\LibreRally\LibreRally\LibreRally.csproj::TargetFramework=net10.0-windows]
C:\Users\pierc\source\repos\archanox\LibreRally\LibreRally\Vehicle\RallyCarComponent.cs(87,25): warning CSENSE001: The symbol 'Wheels' is missing valid documentation [C:\Users\pierc\source\repos\archanox\LibreRally\LibreRally\LibreRally.csproj::TargetFramework=net10.0-windows]
C:\Users\pierc\source\repos\archanox\LibreRally\LibreRally\Vehicle\JBeam\JBeamData.cs(8,11): warning CSENSE002: The parameter 'Weight' is missing documentation [C:\Users\pierc\source\repos\archanox\LibreRally\LibreRally\LibreRally.csproj::TargetFramework=net10.0-windows]
C:\Users\pierc\source\repos\archanox\LibreRally\LibreRally\Vehicle\JBeam\JBeamData.cs(9,10): warning CSENSE002: The parameter 'Collision' is missing documentation [C:\Users\pierc\source\repos\archanox\LibreRally\LibreRally\LibreRally.csproj::TargetFramework=net10.0-windows]
C:\Users\pierc\source\repos\archanox\LibreRally\LibreRally\Vehicle\JBeam\JBeamData.cs(10,10): warning CSENSE002: The parameter 'SelfCollision' is missing documentation [C:\Users\pierc\source\repos\archanox\LibreRally\LibreRally\LibreRally.csproj::TargetFramework=net10.0-windows]
C:\Users\pierc\source\repos\archanox\LibreRally\LibreRally\Vehicle\JBeam\JBeamData.cs(11,12): warning CSENSE002: The parameter 'Material' is missing documentation [C:\Users\pierc\source\repos\archanox\LibreRally\LibreRally\LibreRally.csproj::TargetFramework=net10.0-windows]
C:\Users\pierc\source\repos\archanox\LibreRally\LibreRally\Vehicle\JBeam\JBeamData.cs(12,11): warning CSENSE002: The parameter 'FrictionCoef' is missing documentation [C:\Users\pierc\source\repos\archanox\LibreRally\LibreRally\LibreRally.csproj::TargetFramework=net10.0-windows]
C:\Users\pierc\source\repos\archanox\LibreRally\LibreRally\Vehicle\JBeam\JBeamData.cs(13,18): warning CSENSE002: The parameter 'Groups' is missing documentation [C:\Users\pierc\source\repos\archanox\LibreRally\LibreRally\LibreRally.csproj::TargetFramework=net10.0-windows]
C:\Users\pierc\source\repos\archanox\LibreRally\LibreRally\Vehicle\RallyCarComponent.cs(88,25): warning CSENSE001: The symbol 'SteerWheels' is missing valid documentation [C:\Users\pierc\source\repos\archanox\LibreRally\LibreRally\LibreRally.csproj::TargetFramework=net10.0-windows]
C:\Users\pierc\source\repos\archanox\LibreRally\LibreRally\Vehicle\RallyCarComponent.cs(86,19): warning CSENSE001: The symbol 'CarBody' is missing valid documentation [C:\Users\pierc\source\repos\archanox\LibreRally\LibreRally\LibreRally.csproj::TargetFramework=net10.0-windows]
C:\Users\pierc\source\repos\archanox\LibreRally\LibreRally\Vehicle\RallyCarComponent.cs(90,25): warning CSENSE001: The symbol 'BreakWheels' is missing valid documentation [C:\Users\pierc\source\repos\archanox\LibreRally\LibreRally\LibreRally.csproj::TargetFramework=net10.0-windows]
C:\Users\pierc\source\repos\archanox\LibreRally\LibreRally\Vehicle\VehicleSetupOverrides.cs(17,21): warning CSENSE001: The symbol 'VehicleSetupOverrides' is missing valid documentation [C:\Users\pierc\source\repos\archanox\LibreRally\LibreRally\LibreRally.csproj::TargetFramework=net10.0-windows]
C:\Users\pierc\source\repos\archanox\LibreRally\LibreRally\Vehicle\VehicleSetupOverrides.cs(19,38): warning CSENSE001: The symbol 'VariableOverrides' is missing valid documentation [C:\Users\pierc\source\repos\archanox\LibreRally\LibreRally\LibreRally.csproj::TargetFramework=net10.0-windows]
C:\Users\pierc\source\repos\archanox\LibreRally\LibreRally\Vehicle\VehicleSetupOverrides.cs(20,72): warning CSENSE001: The symbol 'PressureWheelOverrides' is missing valid documentation [C:\Users\pierc\source\repos\archanox\LibreRally\LibreRally\LibreRally.csproj::TargetFramework=net10.0-windows]
C:\Users\pierc\source\repos\archanox\LibreRally\LibreRally\Vehicle\RallyCarComponent.cs(276,18): warning CSENSE001: The symbol 'SpeedKmh' is missing valid documentation [C:\Users\pierc\source\repos\archanox\LibreRally\LibreRally\LibreRally.csproj::TargetFramework=net10.0-windows]
C:\Users\pierc\source\repos\archanox\LibreRally\LibreRally\Vehicle\RallyCarComponent.cs(277,18): warning CSENSE001: The symbol 'ForwardSpeedMs' is missing valid documentation [C:\Users\pierc\source\repos\archanox\LibreRally\LibreRally\LibreRally.csproj::TargetFramework=net10.0-windows]
C:\Users\pierc\source\repos\archanox\LibreRally\LibreRally\Vehicle\RallyCarComponent.cs(278,18): warning CSENSE001: The symbol 'LateralSpeedMs' is missing valid documentation [C:\Users\pierc\source\repos\archanox\LibreRally\LibreRally\LibreRally.csproj::TargetFramework=net10.0-windows]
C:\Users\pierc\source\repos\archanox\LibreRally\LibreRally\Vehicle\RallyCarComponent.cs(279,18): warning CSENSE001: The symbol 'YawRateRad' is missing valid documentation [C:\Users\pierc\source\repos\archanox\LibreRally\LibreRally\LibreRally.csproj::TargetFramework=net10.0-windows]
C:\Users\pierc\source\repos\archanox\LibreRally\LibreRally\Vehicle\RallyCarComponent.cs(280,18): warning CSENSE001: The symbol 'EngineRpm' is missing valid documentation [C:\Users\pierc\source\repos\archanox\LibreRally\LibreRally\LibreRally.csproj::TargetFramework=net10.0-windows]
C:\Users\pierc\source\repos\archanox\LibreRally\LibreRally\Vehicle\RallyCarComponent.cs(281,18): warning CSENSE001: The symbol 'ThrottleInput' is missing valid documentation [C:\Users\pierc\source\repos\archanox\LibreRally\LibreRally\LibreRally.csproj::TargetFramework=net10.0-windows]
C:\Users\pierc\source\repos\archanox\LibreRally\LibreRally\Vehicle\RallyCarComponent.cs(282,18): warning CSENSE001: The symbol 'BrakeInput' is missing valid documentation [C:\Users\pierc\source\repos\archanox\LibreRally\LibreRally\LibreRally.csproj::TargetFramework=net10.0-windows]
C:\Users\pierc\source\repos\archanox\LibreRally\LibreRally\Vehicle\RallyCarComponent.cs(283,18): warning CSENSE001: The symbol 'DriveInput' is missing valid documentation [C:\Users\pierc\source\repos\archanox\LibreRally\LibreRally\LibreRally.csproj::TargetFramework=net10.0-windows]
C:\Users\pierc\source\repos\archanox\LibreRally\LibreRally\Vehicle\RallyCarComponent.cs(284,18): warning CSENSE001: The symbol 'ServiceBrakeInput' is missing valid documentation [C:\Users\pierc\source\repos\archanox\LibreRally\LibreRally\LibreRally.csproj::TargetFramework=net10.0-windows]
C:\Users\pierc\source\repos\archanox\LibreRally\LibreRally\Vehicle\JBeam\JBeamData.cs(43,21): warning CSENSE001: The symbol 'BeamDefaults' is missing valid documentation [C:\Users\pierc\source\repos\archanox\LibreRally\LibreRally\LibreRally.csproj::TargetFramework=net10.0-windows]
C:\Users\pierc\source\repos\archanox\LibreRally\LibreRally\Vehicle\JBeam\JBeamData.cs(45,34): warning CSENSE001: The symbol 'Default' is missing valid documentation [C:\Users\pierc\source\repos\archanox\LibreRally\LibreRally\LibreRally.csproj::TargetFramework=net10.0-windows]
C:\Users\pierc\source\repos\archanox\LibreRally\LibreRally\Vehicle\RallyCarComponent.cs(285,18): warning CSENSE001: The symbol 'SteeringInput' is missing valid documentation [C:\Users\pierc\source\repos\archanox\LibreRally\LibreRally\LibreRally.csproj::TargetFramework=net10.0-windows]
C:\Users\pierc\source\repos\archanox\LibreRally\LibreRally\Vehicle\RallyCarComponent.cs(287,18): warning CSENSE001: The symbol 'DrivelineRpm' is missing valid documentation [C:\Users\pierc\source\repos\archanox\LibreRally\LibreRally\LibreRally.csproj::TargetFramework=net10.0-windows]
C:\Users\pierc\source\repos\archanox\LibreRally\LibreRally\Vehicle\RallyCarComponent.cs(288,17): warning CSENSE001: The symbol 'HandbrakeEngaged' is missing valid documentation [C:\Users\pierc\source\repos\archanox\LibreRally\LibreRally\LibreRally.csproj::TargetFramework=net10.0-windows]
C:\Users\pierc\source\repos\archanox\LibreRally\LibreRally\Vehicle\RallyCarComponent.cs(286,18): warning CSENSE001: The symbol 'SteeringRack' is missing valid documentation [C:\Users\pierc\source\repos\archanox\LibreRally\LibreRally\LibreRally.csproj::TargetFramework=net10.0-windows]
C:\Users\pierc\source\repos\archanox\LibreRally\LibreRally\Vehicle\RallyCarComponent.cs(289,17): warning CSENSE001: The symbol 'TractionLossDetected' is missing valid documentation [C:\Users\pierc\source\repos\archanox\LibreRally\LibreRally\LibreRally.csproj::TargetFramework=net10.0-windows]
C:\Users\pierc\source\repos\archanox\LibreRally\LibreRally\Vehicle\RallyCarComponent.cs(290,17): warning CSENSE001: The symbol 'TractionControlActive' is missing valid documentation [C:\Users\pierc\source\repos\archanox\LibreRally\LibreRally\LibreRally.csproj::TargetFramework=net10.0-windows]
C:\Users\pierc\source\repos\archanox\LibreRally\LibreRally\Vehicle\RallyCarComponent.cs(292,18): warning CSENSE001: The symbol 'DrivenWheelSlipRatio' is missing valid documentation [C:\Users\pierc\source\repos\archanox\LibreRally\LibreRally\LibreRally.csproj::TargetFramework=net10.0-windows]
C:\Users\pierc\source\repos\archanox\LibreRally\LibreRally\Vehicle\RallyCarComponent.cs(291,17): warning CSENSE001: The symbol 'AbsActive' is missing valid documentation [C:\Users\pierc\source\repos\archanox\LibreRally\LibreRally\LibreRally.csproj::TargetFramework=net10.0-windows]
C:\Users\pierc\source\repos\archanox\LibreRally\LibreRally\Vehicle\RallyCarComponent.cs(293,18): warning CSENSE001: The symbol 'TractionControlTorqueScale' is missing valid documentation [C:\Users\pierc\source\repos\archanox\LibreRally\LibreRally\LibreRally.csproj::TargetFramework=net10.0-windows]
C:\Users\pierc\source\repos\archanox\LibreRally\LibreRally\Vehicle\RallyCarComponent.cs(294,16): warning CSENSE001: The symbol 'CurrentGear' is missing valid documentation [C:\Users\pierc\source\repos\archanox\LibreRally\LibreRally\LibreRally.csproj::TargetFramework=net10.0-windows]
C:\Users\pierc\source\repos\archanox\LibreRally\LibreRally\Vehicle\JBeam\JBeamData.cs(34,11): warning CSENSE002: The parameter 'Spring' is missing documentation [C:\Users\pierc\source\repos\archanox\LibreRally\LibreRally\LibreRally.csproj::TargetFramework=net10.0-windows]
C:\Users\pierc\source\repos\archanox\LibreRally\LibreRally\Vehicle\JBeam\JBeamData.cs(35,11): warning CSENSE002: The parameter 'Damp' is missing documentation [C:\Users\pierc\source\repos\archanox\LibreRally\LibreRally\LibreRally.csproj::TargetFramework=net10.0-windows]
C:\Users\pierc\source\repos\archanox\LibreRally\LibreRally\Vehicle\JBeam\JBeamData.cs(36,11): warning CSENSE002: The parameter 'Deform' is missing documentation [C:\Users\pierc\source\repos\archanox\LibreRally\LibreRally\LibreRally.csproj::TargetFramework=net10.0-windows]
C:\Users\pierc\source\repos\archanox\LibreRally\LibreRally\Vehicle\JBeam\JBeamData.cs(37,11): warning CSENSE002: The parameter 'Strength' is missing documentation [C:\Users\pierc\source\repos\archanox\LibreRally\LibreRally\LibreRally.csproj::TargetFramework=net10.0-windows]
C:\Users\pierc\source\repos\archanox\LibreRally\LibreRally\Vehicle\RallyCarComponent.cs(312,18): warning CSENSE001: The symbol 'DriveRatio' is missing valid documentation [C:\Users\pierc\source\repos\archanox\LibreRally\LibreRally\LibreRally.csproj::TargetFramework=net10.0-windows]
C:\Users\pierc\source\repos\archanox\LibreRally\LibreRally\Vehicle\JBeam\JBeamData.cs(38,12): warning CSENSE002: The parameter 'BeamType' is missing documentation [C:\Users\pierc\source\repos\archanox\LibreRally\LibreRally\LibreRally.csproj::TargetFramework=net10.0-windows]
C:\Users\pierc\source\repos\archanox\LibreRally\LibreRally\Vehicle\JBeam\JBeamData.cs(39,12): warning CSENSE002: The parameter 'DeformGroup' is missing documentation [C:\Users\pierc\source\repos\archanox\LibreRally\LibreRally\LibreRally.csproj::TargetFramework=net10.0-windows]
C:\Users\pierc\source\repos\archanox\LibreRally\LibreRally\Vehicle\JBeam\JBeamData.cs(40,11): warning CSENSE002: The parameter 'DeformationTriggerRatio' is missing documentation [C:\Users\pierc\source\repos\archanox\LibreRally\LibreRally\LibreRally.csproj::TargetFramework=net10.0-windows]
C:\Users\pierc\source\repos\archanox\LibreRally\LibreRally\Vehicle\JBeam\JBeamData.cs(41,10): warning CSENSE002: The parameter 'Optional' is missing documentation [C:\Users\pierc\source\repos\archanox\LibreRally\LibreRally\LibreRally.csproj::TargetFramework=net10.0-windows]
C:\Users\pierc\source\repos\archanox\LibreRally\LibreRally\Vehicle\VehicleSetupCatalog.cs(46,21): warning CSENSE001: The symbol 'VehicleSetupCatalogBuilder' is missing valid documentation [C:\Users\pierc\source\repos\archanox\LibreRally\LibreRally\LibreRally.csproj::TargetFramework=net10.0-windows]
C:\Users\pierc\source\repos\archanox\LibreRally\LibreRally\Vehicle\JBeam\JBeamData.cs(58,12): warning CSENSE002: The parameter 'Id1' is missing documentation [C:\Users\pierc\source\repos\archanox\LibreRally\LibreRally\LibreRally.csproj::TargetFramework=net10.0-windows]
C:\Users\pierc\source\repos\archanox\LibreRally\LibreRally\Vehicle\JBeam\JBeamData.cs(59,12): warning CSENSE002: The parameter 'Id2' is missing documentation [C:\Users\pierc\source\repos\archanox\LibreRally\LibreRally\LibreRally.csproj::TargetFramework=net10.0-windows]
C:\Users\pierc\source\repos\archanox\LibreRally\LibreRally\Vehicle\JBeam\JBeamData.cs(60,20): warning CSENSE002: The parameter 'Properties' is missing documentation [C:\Users\pierc\source\repos\archanox\LibreRally\LibreRally\LibreRally.csproj::TargetFramework=net10.0-windows]
C:\Users\pierc\source\repos\archanox\LibreRally\LibreRally\Vehicle\VehicleSetupOverrides.cs(5,13): warning CSENSE001: The symbol 'VehicleSetupAxle' is missing valid documentation [C:\Users\pierc\source\repos\archanox\LibreRally\LibreRally\LibreRally.csproj::TargetFramework=net10.0-windows]
C:\Users\pierc\source\repos\archanox\LibreRally\LibreRally\Vehicle\VehicleSetupOverrides.cs(8,5): warning CSENSE001: The symbol 'Front' is missing valid documentation [C:\Users\pierc\source\repos\archanox\LibreRally\LibreRally\LibreRally.csproj::TargetFramework=net10.0-windows]
C:\Users\pierc\source\repos\archanox\LibreRally\LibreRally\Vehicle\VehicleSetupOverrides.cs(9,5): warning CSENSE001: The symbol 'Rear' is missing valid documentation [C:\Users\pierc\source\repos\archanox\LibreRally\LibreRally\LibreRally.csproj::TargetFramework=net10.0-windows]
C:\Users\pierc\source\repos\archanox\LibreRally\LibreRally\Vehicle\JBeam\JBeamData.cs(78,15): warning CSENSE001: The symbol 'JBeamPowertrainDevice' is missing valid documentation [C:\Users\pierc\source\repos\archanox\LibreRally\LibreRally\LibreRally.csproj::TargetFramework=net10.0-windows]
C:\Users\pierc\source\repos\archanox\LibreRally\LibreRally\Vehicle\JBeam\JBeamData.cs(64,12): warning CSENSE002: The parameter 'Mesh' is missing documentation [C:\Users\pierc\source\repos\archanox\LibreRally\LibreRally\LibreRally.csproj::TargetFramework=net10.0-windows]
C:\Users\pierc\source\repos\archanox\LibreRally\LibreRally\Vehicle\JBeam\JBeamData.cs(65,18): warning CSENSE002: The parameter 'Groups' is missing documentation [C:\Users\pierc\source\repos\archanox\LibreRally\LibreRally\LibreRally.csproj::TargetFramework=net10.0-windows]
C:\Users\pierc\source\repos\archanox\LibreRally\LibreRally\Vehicle\JBeam\JBeamData.cs(66,30): warning CSENSE002: The parameter 'Position' is missing documentation [C:\Users\pierc\source\repos\archanox\LibreRally\LibreRally\LibreRally.csproj::TargetFramework=net10.0-windows]
C:\Users\pierc\source\repos\archanox\LibreRally\LibreRally\Vehicle\JBeam\JBeamData.cs(67,30): warning CSENSE002: The parameter 'Rotation' is missing documentation [C:\Users\pierc\source\repos\archanox\LibreRally\LibreRally\LibreRally.csproj::TargetFramework=net10.0-windows]
C:\Users\pierc\source\repos\archanox\LibreRally\LibreRally\Vehicle\JBeam\JBeamData.cs(68,30): warning CSENSE002: The parameter 'Scale' is missing documentation [C:\Users\pierc\source\repos\archanox\LibreRally\LibreRally\LibreRally.csproj::TargetFramework=net10.0-windows]
C:\Users\pierc\source\repos\archanox\LibreRally\LibreRally\Vehicle\JBeam\JBeamData.cs(62,21): warning CSENSE020: The word 'mesh' matches a parameter name and should be wrapped in <paramref name="Mesh" /> [C:\Users\pierc\source\repos\archanox\LibreRally\LibreRally\LibreRally.csproj::TargetFramework=net10.0-windows]
C:\Users\pierc\source\repos\archanox\LibreRally\LibreRally\Vehicle\JBeam\JBeamData.cs(62,58): warning CSENSE020: The word 'groups' matches a parameter name and should be wrapped in <paramref name="Groups" /> [C:\Users\pierc\source\repos\archanox\LibreRally\LibreRally\LibreRally.csproj::TargetFramework=net10.0-windows]
C:\Users\pierc\source\repos\archanox\LibreRally\LibreRally\Vehicle\JBeam\JBeamData.cs(72,12): warning CSENSE002: The parameter 'Type' is missing documentation [C:\Users\pierc\source\repos\archanox\LibreRally\LibreRally\LibreRally.csproj::TargetFramework=net10.0-windows]
C:\Users\pierc\source\repos\archanox\LibreRally\LibreRally\Vehicle\JBeam\JBeamData.cs(73,12): warning CSENSE002: The parameter 'Default' is missing documentation [C:\Users\pierc\source\repos\archanox\LibreRally\LibreRally\LibreRally.csproj::TargetFramework=net10.0-windows]
C:\Users\pierc\source\repos\archanox\LibreRally\LibreRally\Vehicle\JBeam\JBeamData.cs(74,12): warning CSENSE002: The parameter 'Description' is missing documentation [C:\Users\pierc\source\repos\archanox\LibreRally\LibreRally\LibreRally.csproj::TargetFramework=net10.0-windows]
C:\Users\pierc\source\repos\archanox\LibreRally\LibreRally\Vehicle\JBeam\JBeamData.cs(75,10): warning CSENSE002: The parameter 'CoreSlot' is missing documentation [C:\Users\pierc\source\repos\archanox\LibreRally\LibreRally\LibreRally.csproj::TargetFramework=net10.0-windows]
C:\Users\pierc\source\repos\archanox\LibreRally\LibreRally\Vehicle\JBeam\JBeamData.cs(76,30): warning CSENSE002: The parameter 'NodeOffset' is missing documentation [C:\Users\pierc\source\repos\archanox\LibreRally\LibreRally\LibreRally.csproj::TargetFramework=net10.0-windows]
C:\Users\pierc\source\repos\archanox\LibreRally\LibreRally\Vehicle\JBeam\JBeamData.cs(90,15): warning CSENSE001: The symbol 'JBeamPressureWheel' is missing valid documentation [C:\Users\pierc\source\repos\archanox\LibreRally\LibreRally\LibreRally.csproj::TargetFramework=net10.0-windows]
C:\Users\pierc\source\repos\archanox\LibreRally\LibreRally\Vehicle\JBeam\JBeamData.cs(70,33): warning CSENSE020: The word 'type' matches a parameter name and should be wrapped in <paramref name="Type" /> [C:\Users\pierc\source\repos\archanox\LibreRally\LibreRally\LibreRally.csproj::TargetFramework=net10.0-windows]
C:\Users\pierc\source\repos\archanox\LibreRally\LibreRally\Vehicle\JBeam\JBeamData.cs(70,39): warning CSENSE020: The word 'default' matches a parameter name and should be wrapped in <paramref name="Default" /> [C:\Users\pierc\source\repos\archanox\LibreRally\LibreRally\LibreRally.csproj::TargetFramework=net10.0-windows]
C:\Users\pierc\source\repos\archanox\LibreRally\LibreRally\Vehicle\JBeam\JBeamData.cs(70,55): warning CSENSE020: The word 'description' matches a parameter name and should be wrapped in <paramref name="Description" /> [C:\Users\pierc\source\repos\archanox\LibreRally\LibreRally\LibreRally.csproj::TargetFramework=net10.0-windows]
C:\Users\pierc\source\repos\archanox\LibreRally\LibreRally\Vehicle\JBeam\JBeamData.cs(120,21): warning CSENSE001: The symbol 'JBeamVariableDefinition' is missing valid documentation [C:\Users\pierc\source\repos\archanox\LibreRally\LibreRally\LibreRally.csproj::TargetFramework=net10.0-windows]
C:\Users\pierc\source\repos\archanox\LibreRally\LibreRally\Vehicle\JBeam\JBeamData.cs(122,19): warning CSENSE001: The symbol 'Name' is missing valid documentation [C:\Users\pierc\source\repos\archanox\LibreRally\LibreRally\LibreRally.csproj::TargetFramework=net10.0-windows]
C:\Users\pierc\source\repos\archanox\LibreRally\LibreRally\Vehicle\JBeam\JBeamData.cs(123,19): warning CSENSE001: The symbol 'Type' is missing valid documentation [C:\Users\pierc\source\repos\archanox\LibreRally\LibreRally\LibreRally.csproj::TargetFramework=net10.0-windows]
C:\Users\pierc\source\repos\archanox\LibreRally\LibreRally\Vehicle\Rendering\ColladaLoader.cs(16,19): warning CSENSE001: The symbol 'Name' is missing valid documentation [C:\Users\pierc\source\repos\archanox\LibreRally\LibreRally\LibreRally.csproj::TargetFramework=net10.0-windows]
C:\Users\pierc\source\repos\archanox\LibreRally\LibreRally\Vehicle\Rendering\ColladaLoader.cs(18,19): warning CSENSE001: The symbol 'MaterialName' is missing valid documentation [C:\Users\pierc\source\repos\archanox\LibreRally\LibreRally\LibreRally.csproj::TargetFramework=net10.0-windows]
C:\Users\pierc\source\repos\archanox\LibreRally\LibreRally\Vehicle\JBeam\JBeamData.cs(124,19): warning CSENSE001: The symbol 'Unit' is missing valid documentation [C:\Users\pierc\source\repos\archanox\LibreRally\LibreRally\LibreRally.csproj::TargetFramework=net10.0-windows]
C:\Users\pierc\source\repos\archanox\LibreRally\LibreRally\Vehicle\Rendering\ColladaLoader.cs(19,19): warning CSENSE001: The symbol 'SceneNodeName' is missing valid documentation [C:\Users\pierc\source\repos\archanox\LibreRally\LibreRally\LibreRally.csproj::TargetFramework=net10.0-windows]
C:\Users\pierc\source\repos\archanox\LibreRally\LibreRally\Vehicle\Rendering\ColladaLoader.cs(20,17): warning CSENSE001: The symbol 'HasBakedTransform' is missing valid documentation [C:\Users\pierc\source\repos\archanox\LibreRally\LibreRally\LibreRally.csproj::TargetFramework=net10.0-windows]
C:\Users\pierc\source\repos\archanox\LibreRally\LibreRally\Vehicle\Rendering\ColladaLoader.cs(21,32): warning CSENSE001: The symbol 'Vertices' is missing valid documentation [C:\Users\pierc\source\repos\archanox\LibreRally\LibreRally\LibreRally.csproj::TargetFramework=net10.0-windows]
C:\Users\pierc\source\repos\archanox\LibreRally\LibreRally\Vehicle\JBeam\JBeamData.cs(125,19): warning CSENSE001: The symbol 'Category' is missing valid documentation [C:\Users\pierc\source\repos\archanox\LibreRally\LibreRally\LibreRally.csproj::TargetFramework=net10.0-windows]
C:\Users\pierc\source\repos\archanox\LibreRally\LibreRally\Vehicle\Rendering\ColladaLoader.cs(11,37): warning CSENSE002: The parameter 'Position' is missing documentation [C:\Users\pierc\source\repos\archanox\LibreRally\LibreRally\LibreRally.csproj::TargetFramework=net10.0-windows]
C:\Users\pierc\source\repos\archanox\LibreRally\LibreRally\Vehicle\Rendering\ColladaLoader.cs(11,55): warning CSENSE002: The parameter 'Normal' is missing documentation [C:\Users\pierc\source\repos\archanox\LibreRally\LibreRally\LibreRally.csproj::TargetFramework=net10.0-windows]
C:\Users\pierc\source\repos\archanox\LibreRally\LibreRally\Vehicle\JBeam\JBeamData.cs(126,18): warning CSENSE001: The symbol 'DefaultValue' is missing valid documentation [C:\Users\pierc\source\repos\archanox\LibreRally\LibreRally\LibreRally.csproj::TargetFramework=net10.0-windows]
C:\Users\pierc\source\repos\archanox\LibreRally\LibreRally\Vehicle\Rendering\ColladaLoader.cs(11,71): warning CSENSE002: The parameter 'TexCoord' is missing documentation [C:\Users\pierc\source\repos\archanox\LibreRally\LibreRally\LibreRally.csproj::TargetFramework=net10.0-windows]
C:\Users\pierc\source\repos\archanox\LibreRally\LibreRally\Vehicle\JBeam\JBeamData.cs(128,18): warning CSENSE001: The symbol 'MaxValue' is missing valid documentation [C:\Users\pierc\source\repos\archanox\LibreRally\LibreRally\LibreRally.csproj::TargetFramework=net10.0-windows]
C:\Users\pierc\source\repos\archanox\LibreRally\LibreRally\Vehicle\JBeam\JBeamData.cs(129,19): warning CSENSE001: The symbol 'Title' is missing valid documentation [C:\Users\pierc\source\repos\archanox\LibreRally\LibreRally\LibreRally.csproj::TargetFramework=net10.0-windows]
C:\Users\pierc\source\repos\archanox\LibreRally\LibreRally\Vehicle\JBeam\JBeamData.cs(127,18): warning CSENSE001: The symbol 'MinValue' is missing valid documentation [C:\Users\pierc\source\repos\archanox\LibreRally\LibreRally\LibreRally.csproj::TargetFramework=net10.0-windows]
C:\Users\pierc\source\repos\archanox\LibreRally\LibreRally\Vehicle\JBeam\JBeamData.cs(130,19): warning CSENSE001: The symbol 'Description' is missing valid documentation [C:\Users\pierc\source\repos\archanox\LibreRally\LibreRally\LibreRally.csproj::TargetFramework=net10.0-windows]
C:\Users\pierc\source\repos\archanox\LibreRally\LibreRally\Vehicle\Rendering\ColladaLoader.cs(22,22): warning CSENSE001: The symbol 'Indices' is missing valid documentation [C:\Users\pierc\source\repos\archanox\LibreRally\LibreRally\LibreRally.csproj::TargetFramework=net10.0-windows]
C:\Users\pierc\source\repos\archanox\LibreRally\LibreRally\Vehicle\JBeam\JBeamData.cs(132,19): warning CSENSE001: The symbol 'MinDisplayValue' is missing valid documentation [C:\Users\pierc\source\repos\archanox\LibreRally\LibreRally\LibreRally.csproj::TargetFramework=net10.0-windows]
C:\Users\pierc\source\repos\archanox\LibreRally\LibreRally\Vehicle\JBeam\JBeamData.cs(131,19): warning CSENSE001: The symbol 'SubCategory' is missing valid documentation [C:\Users\pierc\source\repos\archanox\LibreRally\LibreRally\LibreRally.csproj::TargetFramework=net10.0-windows]
C:\Users\pierc\source\repos\archanox\LibreRally\LibreRally\Vehicle\JBeam\JBeamData.cs(133,19): warning CSENSE001: The symbol 'MaxDisplayValue' is missing valid documentation [C:\Users\pierc\source\repos\archanox\LibreRally\LibreRally\LibreRally.csproj::TargetFramework=net10.0-windows]
C:\Users\pierc\source\repos\archanox\LibreRally\LibreRally\HUD\SetupUiShellModel.cs(253,21): warning CSENSE001: The symbol 'SetupUiCategoryModel' is missing valid documentation [C:\Users\pierc\source\repos\archanox\LibreRally\LibreRally\LibreRally.csproj::TargetFramework=net10.0-windows]
C:\Users\pierc\source\repos\archanox\LibreRally\LibreRally\Vehicle\JBeam\JBeamData.cs(134,19): warning CSENSE001: The symbol 'StepDisplayValue' is missing valid documentation [C:\Users\pierc\source\repos\archanox\LibreRally\LibreRally\LibreRally.csproj::TargetFramework=net10.0-windows]
C:\Users\pierc\source\repos\archanox\LibreRally\LibreRally\Vehicle\Rendering\ColladaLoader.cs(10,26): warning CSENSE020: The word 'position' matches a parameter name and should be wrapped in <paramref name="Position" /> [C:\Users\pierc\source\repos\archanox\LibreRally\LibreRally\LibreRally.csproj::TargetFramework=net10.0-windows]
C:\Users\pierc\source\repos\archanox\LibreRally\LibreRally\HUD\SetupUiShellModel.cs(260,19): warning CSENSE001: The symbol 'Id' is missing valid documentation [C:\Users\pierc\source\repos\archanox\LibreRally\LibreRally\LibreRally.csproj::TargetFramework=net10.0-windows]
C:\Users\pierc\source\repos\archanox\LibreRally\LibreRally\Vehicle\Rendering\ColladaLoader.cs(10,36): warning CSENSE020: The word 'normal' matches a parameter name and should be wrapped in <paramref name="Normal" /> [C:\Users\pierc\source\repos\archanox\LibreRally\LibreRally\LibreRally.csproj::TargetFramework=net10.0-windows]
C:\Users\pierc\source\repos\archanox\LibreRally\LibreRally\HUD\SetupUiShellModel.cs(261,19): warning CSENSE001: The symbol 'Title' is missing valid documentation [C:\Users\pierc\source\repos\archanox\LibreRally\LibreRally\LibreRally.csproj::TargetFramework=net10.0-windows]
C:\Users\pierc\source\repos\archanox\LibreRally\LibreRally\HUD\SetupUiShellModel.cs(262,19): warning CSENSE001: The symbol 'Tagline' is missing valid documentation [C:\Users\pierc\source\repos\archanox\LibreRally\LibreRally\LibreRally.csproj::TargetFramework=net10.0-windows]
C:\Users\pierc\source\repos\archanox\LibreRally\LibreRally\HUD\SetupUiShellModel.cs(263,19): warning CSENSE001: The symbol 'Description' is missing valid documentation [C:\Users\pierc\source\repos\archanox\LibreRally\LibreRally\LibreRally.csproj::TargetFramework=net10.0-windows]
C:\Users\pierc\source\repos\archanox\LibreRally\LibreRally\Vehicle\Rendering\ColladaLoader.cs(17,19): warning CSENSE001: The symbol 'GeometryName' is missing valid documentation [C:\Users\pierc\source\repos\archanox\LibreRally\LibreRally\LibreRally.csproj::TargetFramework=net10.0-windows]
C:\Users\pierc\source\repos\archanox\LibreRally\LibreRally\HUD\SetupUiShellModel.cs(265,16): warning CSENSE001: The symbol 'PendingChangeCount' is missing valid documentation [C:\Users\pierc\source\repos\archanox\LibreRally\LibreRally\LibreRally.csproj::TargetFramework=net10.0-windows]
C:\Users\pierc\source\repos\archanox\LibreRally\LibreRally\HUD\SetupUiShellModel.cs(264,45): warning CSENSE001: The symbol 'Fields' is missing valid documentation [C:\Users\pierc\source\repos\archanox\LibreRally\LibreRally\LibreRally.csproj::TargetFramework=net10.0-windows]
C:\Users\pierc\source\repos\archanox\LibreRally\LibreRally\HUD\SetupUiShellModel.cs(267,16): warning CSENSE001: The symbol 'PendingReloadChangeCount' is missing valid documentation [C:\Users\pierc\source\repos\archanox\LibreRally\LibreRally\LibreRally.csproj::TargetFramework=net10.0-windows]
C:\Users\pierc\source\repos\archanox\LibreRally\LibreRally\HUD\SetupUiShellModel.cs(268,16): warning CSENSE001: The symbol 'NonDefaultChangeCount' is missing valid documentation [C:\Users\pierc\source\repos\archanox\LibreRally\LibreRally\LibreRally.csproj::TargetFramework=net10.0-windows]
C:\Users\pierc\source\repos\archanox\LibreRally\LibreRally\HUD\SetupUiShellModel.cs(266,16): warning CSENSE001: The symbol 'PendingLiveChangeCount' is missing valid documentation [C:\Users\pierc\source\repos\archanox\LibreRally\LibreRally\LibreRally.csproj::TargetFramework=net10.0-windows]
C:\Users\pierc\source\repos\archanox\LibreRally\LibreRally\Vehicle\JBeam\JBeamData.cs(137,15): warning CSENSE001: The symbol 'JBeamTorquePoint' is missing valid documentation [C:\Users\pierc\source\repos\archanox\LibreRally\LibreRally\LibreRally.csproj::TargetFramework=net10.0-windows]
C:\Users\pierc\source\repos\archanox\LibreRally\LibreRally\Vehicle\JBeam\JBeamData.cs(139,14): warning CSENSE001: The symbol 'JBeamEngineDefinition' is missing valid documentation [C:\Users\pierc\source\repos\archanox\LibreRally\LibreRally\LibreRally.csproj::TargetFramework=net10.0-windows]
C:\Users\pierc\source\repos\archanox\LibreRally\LibreRally\Vehicle\JBeam\JBeamData.cs(141,35): warning CSENSE001: The symbol 'TorqueCurve' is missing valid documentation [C:\Users\pierc\source\repos\archanox\LibreRally\LibreRally\LibreRally.csproj::TargetFramework=net10.0-windows]
C:\Users\pierc\source\repos\archanox\LibreRally\LibreRally\Vehicle\JBeam\JBeamData.cs(143,18): warning CSENSE001: The symbol 'MaxRpm' is missing valid documentation [C:\Users\pierc\source\repos\archanox\LibreRally\LibreRally\LibreRally.csproj::TargetFramework=net10.0-windows]
C:\Users\pierc\source\repos\archanox\LibreRally\LibreRally\Vehicle\JBeam\JBeamData.cs(144,18): warning CSENSE001: The symbol 'Inertia' is missing valid documentation [C:\Users\pierc\source\repos\archanox\LibreRally\LibreRally\LibreRally.csproj::TargetFramework=net10.0-windows]
C:\Users\pierc\source\repos\archanox\LibreRally\LibreRally\Vehicle\JBeam\JBeamData.cs(145,18): warning CSENSE001: The symbol 'Friction' is missing valid documentation [C:\Users\pierc\source\repos\archanox\LibreRally\LibreRally\LibreRally.csproj::TargetFramework=net10.0-windows]
C:\Users\pierc\source\repos\archanox\LibreRally\LibreRally\Vehicle\JBeam\JBeamData.cs(142,18): warning CSENSE001: The symbol 'IdleRpm' is missing valid documentation [C:\Users\pierc\source\repos\archanox\LibreRally\LibreRally\LibreRally.csproj::TargetFramework=net10.0-windows]
C:\Users\pierc\source\repos\archanox\LibreRally\LibreRally\Vehicle\JBeam\JBeamData.cs(147,18): warning CSENSE001: The symbol 'EngineBrakeTorque' is missing valid documentation [C:\Users\pierc\source\repos\archanox\LibreRally\LibreRally\LibreRally.csproj::TargetFramework=net10.0-windows]
C:\Users\pierc\source\repos\archanox\LibreRally\LibreRally\Vehicle\JBeam\JBeamData.cs(146,18): warning CSENSE001: The symbol 'DynamicFriction' is missing valid documentation [C:\Users\pierc\source\repos\archanox\LibreRally\LibreRally\LibreRally.csproj::TargetFramework=net10.0-windows]
C:\Users\pierc\source\repos\archanox\LibreRally\LibreRally\Vehicle\JBeam\JBeamData.cs(150,17): warning CSENSE001: The symbol 'ThermalsEnabled' is missing valid documentation [C:\Users\pierc\source\repos\archanox\LibreRally\LibreRally\LibreRally.csproj::TargetFramework=net10.0-windows]
C:\Users\pierc\source\repos\archanox\LibreRally\LibreRally\Vehicle\JBeam\JBeamData.cs(151,18): warning CSENSE001: The symbol 'OilVolume' is missing valid documentation [C:\Users\pierc\source\repos\archanox\LibreRally\LibreRally\LibreRally.csproj::TargetFramework=net10.0-windows]
C:\Users\pierc\source\repos\archanox\LibreRally\LibreRally\Vehicle\JBeam\JBeamData.cs(152,19): warning CSENSE001: The symbol 'EngineBlockMaterial' is missing valid documentation [C:\Users\pierc\source\repos\archanox\LibreRally\LibreRally\LibreRally.csproj::TargetFramework=net10.0-windows]
C:\Users\pierc\source\repos\archanox\LibreRally\LibreRally\Vehicle\JBeam\JBeamData.cs(154,18): warning CSENSE001: The symbol 'CylinderWallTemperatureDamageThreshold' is missing valid documentation [C:\Users\pierc\source\repos\archanox\LibreRally\LibreRally\LibreRally.csproj::TargetFramework=net10.0-windows]
C:\Users\pierc\source\repos\archanox\LibreRally\LibreRally\Vehicle\JBeam\JBeamData.cs(153,18): warning CSENSE001: The symbol 'EngineBlockTemperatureDamageThreshold' is missing valid documentation [C:\Users\pierc\source\repos\archanox\LibreRally\LibreRally\LibreRally.csproj::TargetFramework=net10.0-windows]
C:\Users\pierc\source\repos\archanox\LibreRally\LibreRally\Vehicle\JBeam\JBeamData.cs(157,43): warning CSENSE001: The symbol 'BurnEfficiency' is missing valid documentation [C:\Users\pierc\source\repos\archanox\LibreRally\LibreRally\LibreRally.csproj::TargetFramework=net10.0-windows]
C:\Users\pierc\source\repos\archanox\LibreRally\LibreRally\Vehicle\JBeam\JBeamData.cs(160,17): warning CSENSE001: The symbol 'IsAirCooledOnly' is missing valid documentation [C:\Users\pierc\source\repos\archanox\LibreRally\LibreRally\LibreRally.csproj::TargetFramework=net10.0-windows]
C:\Users\pierc\source\repos\archanox\LibreRally\LibreRally\Vehicle\JBeam\JBeamData.cs(161,18): warning CSENSE001: The symbol 'AirRegulatorTemperature' is missing valid documentation [C:\Users\pierc\source\repos\archanox\LibreRally\LibreRally\LibreRally.csproj::TargetFramework=net10.0-windows]
C:\Users\pierc\source\repos\archanox\LibreRally\LibreRally\Vehicle\JBeam\JBeamData.cs(162,18): warning CSENSE001: The symbol 'EngineBlockAirCoolingEfficiency' is missing valid documentation [C:\Users\pierc\source\repos\archanox\LibreRally\LibreRally\LibreRally.csproj::TargetFramework=net10.0-windows]
C:\Users\pierc\source\repos\archanox\LibreRally\LibreRally\Vehicle\JBeam\JBeamData.cs(165,34): warning CSENSE001: The symbol 'Turbo' is missing valid documentation [C:\Users\pierc\source\repos\archanox\LibreRally\LibreRally\LibreRally.csproj::TargetFramework=net10.0-windows]
C:\Users\pierc\source\repos\archanox\LibreRally\LibreRally\Vehicle\JBeam\JBeamData.cs(102,14): warning CSENSE001: The symbol 'JBeamPressureWheelOptions' is missing valid documentation [C:\Users\pierc\source\repos\archanox\LibreRally\LibreRally\LibreRally.csproj::TargetFramework=net10.0-windows]
C:\Users\pierc\source\repos\archanox\LibreRally\LibreRally\Vehicle\JBeam\JBeamData.cs(104,18): warning CSENSE001: The symbol 'HasTire' is missing valid documentation [C:\Users\pierc\source\repos\archanox\LibreRally\LibreRally\LibreRally.csproj::TargetFramework=net10.0-windows]
C:\Users\pierc\source\repos\archanox\LibreRally\LibreRally\Vehicle\JBeam\JBeamData.cs(105,19): warning CSENSE001: The symbol 'Radius' is missing valid documentation [C:\Users\pierc\source\repos\archanox\LibreRally\LibreRally\LibreRally.csproj::TargetFramework=net10.0-windows]
C:\Users\pierc\source\repos\archanox\LibreRally\LibreRally\Vehicle\JBeam\JBeamData.cs(106,19): warning CSENSE001: The symbol 'TireWidth' is missing valid documentation [C:\Users\pierc\source\repos\archanox\LibreRally\LibreRally\LibreRally.csproj::TargetFramework=net10.0-windows]
C:\Users\pierc\source\repos\archanox\LibreRally\LibreRally\Vehicle\JBeam\JBeamData.cs(108,19): warning CSENSE001: The symbol 'FrictionCoef' is missing valid documentation [C:\Users\pierc\source\repos\archanox\LibreRally\LibreRally\LibreRally.csproj::TargetFramework=net10.0-windows]
C:\Users\pierc\source\repos\archanox\LibreRally\LibreRally\Vehicle\JBeam\JBeamData.cs(109,19): warning CSENSE001: The symbol 'SlidingFrictionCoef' is missing valid documentation [C:\Users\pierc\source\repos\archanox\LibreRally\LibreRally\LibreRally.csproj::TargetFramework=net10.0-windows]
C:\Users\pierc\source\repos\archanox\LibreRally\LibreRally\Vehicle\JBeam\JBeamData.cs(110,19): warning CSENSE001: The symbol 'TreadCoef' is missing valid documentation [C:\Users\pierc\source\repos\archanox\LibreRally\LibreRally\LibreRally.csproj::TargetFramework=net10.0-windows]
C:\Users\pierc\source\repos\archanox\LibreRally\LibreRally\Vehicle\JBeam\JBeamData.cs(111,19): warning CSENSE001: The symbol 'NoLoadCoef' is missing valid documentation [C:\Users\pierc\source\repos\archanox\LibreRally\LibreRally\LibreRally.csproj::TargetFramework=net10.0-windows]
C:\Users\pierc\source\repos\archanox\LibreRally\LibreRally\Vehicle\JBeam\JBeamData.cs(112,19): warning CSENSE001: The symbol 'LoadSensitivitySlope' is missing valid documentation [C:\Users\pierc\source\repos\archanox\LibreRally\LibreRally\LibreRally.csproj::TargetFramework=net10.0-windows]
C:\Users\pierc\source\repos\archanox\LibreRally\LibreRally\Vehicle\JBeam\JBeamData.cs(107,19): warning CSENSE001: The symbol 'PressurePsi' is missing valid documentation [C:\Users\pierc\source\repos\archanox\LibreRally\LibreRally\LibreRally.csproj::TargetFramework=net10.0-windows]
C:\Users\pierc\source\repos\archanox\LibreRally\LibreRally\Vehicle\JBeam\JBeamData.cs(113,19): warning CSENSE001: The symbol 'FullLoadCoef' is missing valid documentation [C:\Users\pierc\source\repos\archanox\LibreRally\LibreRally\LibreRally.csproj::TargetFramework=net10.0-windows]
C:\Users\pierc\source\repos\archanox\LibreRally\LibreRally\Vehicle\JBeam\JBeamData.cs(114,19): warning CSENSE001: The symbol 'SoftnessCoef' is missing valid documentation [C:\Users\pierc\source\repos\archanox\LibreRally\LibreRally\LibreRally.csproj::TargetFramework=net10.0-windows]
C:\Users\pierc\source\repos\archanox\LibreRally\LibreRally\Vehicle\JBeam\JBeamData.cs(115,19): warning CSENSE001: The symbol 'HubRadius' is missing valid documentation [C:\Users\pierc\source\repos\archanox\LibreRally\LibreRally\LibreRally.csproj::TargetFramework=net10.0-windows]
C:\Users\pierc\source\repos\archanox\LibreRally\LibreRally\Vehicle\JBeam\JBeamData.cs(116,19): warning CSENSE001: The symbol 'HubWidth' is missing valid documentation [C:\Users\pierc\source\repos\archanox\LibreRally\LibreRally\LibreRally.csproj::TargetFramework=net10.0-windows]
C:\Users\pierc\source\repos\archanox\LibreRally\LibreRally\Vehicle\JBeam\JBeamData.cs(117,19): warning CSENSE001: The symbol 'WheelOffset' is missing valid documentation [C:\Users\pierc\source\repos\archanox\LibreRally\LibreRally\LibreRally.csproj::TargetFramework=net10.0-windows]
C:\Users\pierc\source\repos\archanox\LibreRally\LibreRally\Vehicle\JBeam\JBeamData.cs(190,14): warning CSENSE001: The symbol 'JBeamGearboxDefinition' is missing valid documentation [C:\Users\pierc\source\repos\archanox\LibreRally\LibreRally\LibreRally.csproj::TargetFramework=net10.0-windows]
C:\Users\pierc\source\repos\archanox\LibreRally\LibreRally\Vehicle\JBeam\JBeamData.cs(192,24): warning CSENSE001: The symbol 'GearRatios' is missing valid documentation [C:\Users\pierc\source\repos\archanox\LibreRally\LibreRally\LibreRally.csproj::TargetFramework=net10.0-windows]
C:\Users\pierc\source\repos\archanox\LibreRally\LibreRally\Vehicle\JBeam\JBeamData.cs(195,14): warning CSENSE001: The symbol 'JBeamVehicleControllerDefinition' is missing valid documentation [C:\Users\pierc\source\repos\archanox\LibreRally\LibreRally\LibreRally.csproj::TargetFramework=net10.0-windows]
C:\Users\pierc\source\repos\archanox\LibreRally\LibreRally\Vehicle\JBeam\JBeamData.cs(197,19): warning CSENSE001: The symbol 'ClutchLaunchStartRpm' is missing valid documentation [C:\Users\pierc\source\repos\archanox\LibreRally\LibreRally\LibreRally.csproj::TargetFramework=net10.0-windows]
C:\Users\pierc\source\repos\archanox\LibreRally\LibreRally\Vehicle\JBeam\JBeamData.cs(198,19): warning CSENSE001: The symbol 'ClutchLaunchTargetRpm' is missing valid documentation [C:\Users\pierc\source\repos\archanox\LibreRally\LibreRally\LibreRally.csproj::TargetFramework=net10.0-windows]
C:\Users\pierc\source\repos\archanox\LibreRally\LibreRally\Vehicle\JBeam\JBeamData.cs(199,19): warning CSENSE001: The symbol 'HighShiftUpRpm' is missing valid documentation [C:\Users\pierc\source\repos\archanox\LibreRally\LibreRally\LibreRally.csproj::TargetFramework=net10.0-windows]
C:\Users\pierc\source\repos\archanox\LibreRally\LibreRally\Vehicle\JBeam\JBeamData.cs(200,24): warning CSENSE001: The symbol 'HighShiftDownRpm' is missing valid documentation [C:\Users\pierc\source\repos\archanox\LibreRally\LibreRally\LibreRally.csproj::TargetFramework=net10.0-windows]
C:\Users\pierc\source\repos\archanox\LibreRally\LibreRally\Vehicle\JBeam\JBeamData.cs(201,24): warning CSENSE001: The symbol 'LowShiftUpRpm' is missing valid documentation [C:\Users\pierc\source\repos\archanox\LibreRally\LibreRally\LibreRally.csproj::TargetFramework=net10.0-windows]
C:\Users\pierc\source\repos\archanox\LibreRally\LibreRally\Vehicle\JBeam\JBeamData.cs(202,24): warning CSENSE001: The symbol 'LowShiftDownRpm' is missing valid documentation [C:\Users\pierc\source\repos\archanox\LibreRally\LibreRally\LibreRally.csproj::TargetFramework=net10.0-windows]
C:\Users\pierc\source\repos\archanox\LibreRally\LibreRally\Vehicle\JBeam\JBeamData.cs(207,18): warning CSENSE001: The symbol 'EnableAbs' is missing valid documentation [C:\Users\pierc\source\repos\archanox\LibreRally\LibreRally\LibreRally.csproj::TargetFramework=net10.0-windows]
C:\Users\pierc\source\repos\archanox\LibreRally\LibreRally\Vehicle\JBeam\JBeamData.cs(205,14): warning CSENSE001: The symbol 'JBeamBrakeControlDefinition' is missing valid documentation [C:\Users\pierc\source\repos\archanox\LibreRally\LibreRally\LibreRally.csproj::TargetFramework=net10.0-windows]
C:\Users\pierc\source\repos\archanox\LibreRally\LibreRally\Vehicle\JBeam\JBeamData.cs(208,19): warning CSENSE001: The symbol 'AbsSlipRatioTarget' is missing valid documentation [C:\Users\pierc\source\repos\archanox\LibreRally\LibreRally\LibreRally.csproj::TargetFramework=net10.0-windows]
C:\Users\pierc\source\repos\archanox\LibreRally\LibreRally\Vehicle\JBeam\JBeamData.cs(209,17): warning CSENSE001: The symbol 'HasLegacyAbsController' is missing valid documentation [C:\Users\pierc\source\repos\archanox\LibreRally\LibreRally\LibreRally.csproj::TargetFramework=net10.0-windows]
C:\Users\pierc\source\repos\archanox\LibreRally\LibreRally\Vehicle\JBeam\JBeamData.cs(212,14): warning CSENSE001: The symbol 'JBeamTractionControlDefinition' is missing valid documentation [C:\Users\pierc\source\repos\archanox\LibreRally\LibreRally\LibreRally.csproj::TargetFramework=net10.0-windows]
C:\Users\pierc\source\repos\archanox\LibreRally\LibreRally\Vehicle\JBeam\JBeamData.cs(214,18): warning CSENSE001: The symbol 'EnableTractionControl' is missing valid documentation [C:\Users\pierc\source\repos\archanox\LibreRally\LibreRally\LibreRally.csproj::TargetFramework=net10.0-windows]
C:\Users\pierc\source\repos\archanox\LibreRally\LibreRally\Vehicle\JBeam\JBeamData.cs(215,19): warning CSENSE001: The symbol 'SlipThreshold' is missing valid documentation [C:\Users\pierc\source\repos\archanox\LibreRally\LibreRally\LibreRally.csproj::TargetFramework=net10.0-windows]
C:\Users\pierc\source\repos\archanox\LibreRally\LibreRally\Vehicle\JBeam\JBeamData.cs(216,19): warning CSENSE001: The symbol 'SlipRangeThreshold' is missing valid documentation [C:\Users\pierc\source\repos\archanox\LibreRally\LibreRally\LibreRally.csproj::TargetFramework=net10.0-windows]
C:\Users\pierc\source\repos\archanox\LibreRally\LibreRally\Vehicle\JBeam\JBeamData.cs(217,19): warning CSENSE001: The symbol 'MaxVelocity' is missing valid documentation [C:\Users\pierc\source\repos\archanox\LibreRally\LibreRally\LibreRally.csproj::TargetFramework=net10.0-windows]
C:\Users\pierc\source\repos\archanox\LibreRally\LibreRally\Vehicle\VehiclePowertrainResolver.cs(46,21): warning CSENSE001: The symbol 'VehiclePowertrainResolver' is missing valid documentation [C:\Users\pierc\source\repos\archanox\LibreRally\LibreRally\LibreRally.csproj::TargetFramework=net10.0-windows]
C:\Users\pierc\source\repos\archanox\LibreRally\LibreRally\Vehicle\JBeam\JBeamData.cs(223,19): warning CSENSE001: The symbol 'Name' is missing valid documentation [C:\Users\pierc\source\repos\archanox\LibreRally\LibreRally\LibreRally.csproj::TargetFramework=net10.0-windows]
C:\Users\pierc\source\repos\archanox\LibreRally\LibreRally\Vehicle\JBeam\JBeamData.cs(224,19): warning CSENSE001: The symbol 'SlotType' is missing valid documentation [C:\Users\pierc\source\repos\archanox\LibreRally\LibreRally\LibreRally.csproj::TargetFramework=net10.0-windows]
C:\Users\pierc\source\repos\archanox\LibreRally\LibreRally\Vehicle\JBeam\JBeamData.cs(225,17): warning CSENSE001: The symbol 'IsMain' is missing valid documentation [C:\Users\pierc\source\repos\archanox\LibreRally\LibreRally\LibreRally.csproj::TargetFramework=net10.0-windows]
C:\Users\pierc\source\repos\archanox\LibreRally\LibreRally\Vehicle\JBeam\JBeamData.cs(227,28): warning CSENSE001: The symbol 'Slots' is missing valid documentation [C:\Users\pierc\source\repos\archanox\LibreRally\LibreRally\LibreRally.csproj::TargetFramework=net10.0-windows]
C:\Users\pierc\source\repos\archanox\LibreRally\LibreRally\Vehicle\JBeam\JBeamData.cs(228,28): warning CSENSE001: The symbol 'Nodes' is missing valid documentation [C:\Users\pierc\source\repos\archanox\LibreRally\LibreRally\LibreRally.csproj::TargetFramework=net10.0-windows]
C:\Users\pierc\source\repos\archanox\LibreRally\LibreRally\Vehicle\JBeam\JBeamData.cs(229,28): warning CSENSE001: The symbol 'Beams' is missing valid documentation [C:\Users\pierc\source\repos\archanox\LibreRally\LibreRally\LibreRally.csproj::TargetFramework=net10.0-windows]
C:\Users\pierc\source\repos\archanox\LibreRally\LibreRally\Vehicle\JBeam\JBeamData.cs(230,32): warning CSENSE001: The symbol 'FlexBodies' is missing valid documentation [C:\Users\pierc\source\repos\archanox\LibreRally\LibreRally\LibreRally.csproj::TargetFramework=net10.0-windows]
C:\Users\pierc\source\repos\archanox\LibreRally\LibreRally\Vehicle\JBeam\JBeamData.cs(231,38): warning CSENSE001: The symbol 'Variables' is missing valid documentation [C:\Users\pierc\source\repos\archanox\LibreRally\LibreRally\LibreRally.csproj::TargetFramework=net10.0-windows]
C:\Users\pierc\source\repos\archanox\LibreRally\LibreRally\Vehicle\JBeam\JBeamData.cs(232,42): warning CSENSE001: The symbol 'VariableDefinitions' is missing valid documentation [C:\Users\pierc\source\repos\archanox\LibreRally\LibreRally\LibreRally.csproj::TargetFramework=net10.0-windows]
C:\Users\pierc\source\repos\archanox\LibreRally\LibreRally\Vehicle\JBeam\JBeamData.cs(233,40): warning CSENSE001: The symbol 'PowertrainDevices' is missing valid documentation [C:\Users\pierc\source\repos\archanox\LibreRally\LibreRally\LibreRally.csproj::TargetFramework=net10.0-windows]
C:\Users\pierc\source\repos\archanox\LibreRally\LibreRally\Vehicle\JBeam\JBeamData.cs(234,37): warning CSENSE001: The symbol 'PressureWheels' is missing valid documentation [C:\Users\pierc\source\repos\archanox\LibreRally\LibreRally\LibreRally.csproj::TargetFramework=net10.0-windows]
C:\Users\pierc\source\repos\archanox\LibreRally\LibreRally\Vehicle\JBeam\JBeamData.cs(235,39): warning CSENSE001: The symbol 'PressureWheelOptions' is missing valid documentation [C:\Users\pierc\source\repos\archanox\LibreRally\LibreRally\LibreRally.csproj::TargetFramework=net10.0-windows]
C:\Users\pierc\source\repos\archanox\LibreRally\LibreRally\Vehicle\JBeam\JBeamData.cs(236,19): warning CSENSE001: The symbol 'GearRatio' is missing valid documentation [C:\Users\pierc\source\repos\archanox\LibreRally\LibreRally\LibreRally.csproj::TargetFramework=net10.0-windows]
C:\Users\pierc\source\repos\archanox\LibreRally\LibreRally\Vehicle\JBeam\JBeamData.cs(237,35): warning CSENSE001: The symbol 'Engine' is missing valid documentation [C:\Users\pierc\source\repos\archanox\LibreRally\LibreRally\LibreRally.csproj::TargetFramework=net10.0-windows]
C:\Users\pierc\source\repos\archanox\LibreRally\LibreRally\Vehicle\JBeam\JBeamData.cs(240,41): warning CSENSE001: The symbol 'BrakeControl' is missing valid documentation [C:\Users\pierc\source\repos\archanox\LibreRally\LibreRally\LibreRally.csproj::TargetFramework=net10.0-windows]
C:\Users\pierc\source\repos\archanox\LibreRally\LibreRally\Vehicle\JBeam\JBeamData.cs(239,46): warning CSENSE001: The symbol 'VehicleController' is missing valid documentation [C:\Users\pierc\source\repos\archanox\LibreRally\LibreRally\LibreRally.csproj::TargetFramework=net10.0-windows]
C:\Users\pierc\source\repos\archanox\LibreRally\LibreRally\Vehicle\JBeam\JBeamData.cs(238,36): warning CSENSE001: The symbol 'Gearbox' is missing valid documentation [C:\Users\pierc\source\repos\archanox\LibreRally\LibreRally\LibreRally.csproj::TargetFramework=net10.0-windows]
C:\Users\pierc\source\repos\archanox\LibreRally\LibreRally\Vehicle\JBeam\JBeamData.cs(241,44): warning CSENSE001: The symbol 'TractionControl' is missing valid documentation [C:\Users\pierc\source\repos\archanox\LibreRally\LibreRally\LibreRally.csproj::TargetFramework=net10.0-windows]
C:\Users\pierc\source\repos\archanox\LibreRally\LibreRally\Vehicle\JBeam\JBeamData.cs(242,37): warning CSENSE001: The symbol 'FuelTank' is missing valid documentation [C:\Users\pierc\source\repos\archanox\LibreRally\LibreRally\LibreRally.csproj::TargetFramework=net10.0-windows]
C:\Users\pierc\source\repos\archanox\LibreRally\LibreRally\Vehicle\Physics\SurfaceDefinition.cs(15,5): warning CSENSE001: The symbol 'Tarmac' is missing valid documentation [C:\Users\pierc\source\repos\archanox\LibreRally\LibreRally\LibreRally.csproj::TargetFramework=net10.0-windows]
C:\Users\pierc\source\repos\archanox\LibreRally\LibreRally\Vehicle\VehicleDefinition.cs(12,12): warning CSENSE002: The parameter 'Id' is missing documentation [C:\Users\pierc\source\repos\archanox\LibreRally\LibreRally\LibreRally.csproj::TargetFramework=net10.0-windows]
C:\Users\pierc\source\repos\archanox\LibreRally\LibreRally\Vehicle\VehicleDefinition.cs(13,13): warning CSENSE002: The parameter 'Position' is missing documentation [C:\Users\pierc\source\repos\archanox\LibreRally\LibreRally\LibreRally.csproj::TargetFramework=net10.0-windows]
C:\Users\pierc\source\repos\archanox\LibreRally\LibreRally\Vehicle\VehicleDefinition.cs(14,11): warning CSENSE002: The parameter 'Weight' is missing documentation [C:\Users\pierc\source\repos\archanox\LibreRally\LibreRally\LibreRally.csproj::TargetFramework=net10.0-windows]
C:\Users\pierc\source\repos\archanox\LibreRally\LibreRally\Vehicle\VehicleDefinition.cs(15,18): warning CSENSE002: The parameter 'Groups' is missing documentation [C:\Users\pierc\source\repos\archanox\LibreRally\LibreRally\LibreRally.csproj::TargetFramework=net10.0-windows]
C:\Users\pierc\source\repos\archanox\LibreRally\LibreRally\Vehicle\VehicleDefinition.cs(16,10): warning CSENSE002: The parameter 'Collision' is missing documentation [C:\Users\pierc\source\repos\archanox\LibreRally\LibreRally\LibreRally.csproj::TargetFramework=net10.0-windows]
C:\Users\pierc\source\repos\archanox\LibreRally\LibreRally\Vehicle\VehicleDefinition.cs(9,5): warning CSENSE020: The word 'Position' matches a parameter name and should be wrapped in <paramref name="Position" /> [C:\Users\pierc\source\repos\archanox\LibreRally\LibreRally\LibreRally.csproj::TargetFramework=net10.0-windows]
C:\Users\pierc\source\repos\archanox\LibreRally\LibreRally\Vehicle\JBeam\JBeamData.cs(169,46): warning CSENSE002: The parameter 'Throttle' is missing documentation [C:\Users\pierc\source\repos\archanox\LibreRally\LibreRally\LibreRally.csproj::TargetFramework=net10.0-windows]
C:\Users\pierc\source\repos\archanox\LibreRally\LibreRally\Vehicle\JBeam\JBeamData.cs(169,62): warning CSENSE002: The parameter 'Efficiency' is missing documentation [C:\Users\pierc\source\repos\archanox\LibreRally\LibreRally\LibreRally.csproj::TargetFramework=net10.0-windows]
C:\Users\pierc\source\repos\archanox\LibreRally\LibreRally\Vehicle\JBeam\JBeamData.cs(168,19): warning CSENSE020: The word 'efficiency' matches a parameter name and should be wrapped in <paramref name="Efficiency" /> [C:\Users\pierc\source\repos\archanox\LibreRally\LibreRally\LibreRally.csproj::TargetFramework=net10.0-windows]
C:\Users\pierc\source\repos\archanox\LibreRally\LibreRally\Vehicle\JBeam\JBeamData.cs(168,37): warning CSENSE020: The word 'throttle' matches a parameter name and should be wrapped in <paramref name="Throttle" /> [C:\Users\pierc\source\repos\archanox\LibreRally\LibreRally\LibreRally.csproj::TargetFramework=net10.0-windows]
C:\Users\pierc\source\repos\archanox\LibreRally\LibreRally\Vehicle\JBeam\JBeamData.cs(168,65): warning CSENSE020: The word 'efficiency' matches a parameter name and should be wrapped in <paramref name="Efficiency" /> [C:\Users\pierc\source\repos\archanox\LibreRally\LibreRally\LibreRally.csproj::TargetFramework=net10.0-windows]
C:\Users\pierc\source\repos\archanox\LibreRally\LibreRally\Vehicle\JBeam\JBeamData.cs(174,18): warning CSENSE001: The symbol 'WastegatePressure' is missing valid documentation [C:\Users\pierc\source\repos\archanox\LibreRally\LibreRally\LibreRally.csproj::TargetFramework=net10.0-windows]
C:\Users\pierc\source\repos\archanox\LibreRally\LibreRally\Vehicle\JBeam\JBeamData.cs(175,18): warning CSENSE001: The symbol 'FrictionCoef' is missing valid documentation [C:\Users\pierc\source\repos\archanox\LibreRally\LibreRally\LibreRally.csproj::TargetFramework=net10.0-windows]
C:\Users\pierc\source\repos\archanox\LibreRally\LibreRally\Vehicle\JBeam\JBeamData.cs(178,18): warning CSENSE001: The symbol 'GammaOut' is missing valid documentation [C:\Users\pierc\source\repos\archanox\LibreRally\LibreRally\LibreRally.csproj::TargetFramework=net10.0-windows]
C:\Users\pierc\source\repos\archanox\LibreRally\LibreRally\Vehicle\JBeam\JBeamData.cs(177,18): warning CSENSE001: The symbol 'GammaIn' is missing valid documentation [C:\Users\pierc\source\repos\archanox\LibreRally\LibreRally\LibreRally.csproj::TargetFramework=net10.0-windows]
C:\Users\pierc\source\repos\archanox\LibreRally\LibreRally\Vehicle\JBeam\JBeamData.cs(176,18): warning CSENSE001: The symbol 'Inertia' is missing valid documentation [C:\Users\pierc\source\repos\archanox\LibreRally\LibreRally\LibreRally.csproj::TargetFramework=net10.0-windows]
C:\Users\pierc\source\repos\archanox\LibreRally\LibreRally\Vehicle\JBeam\JBeamData.cs(179,18): warning CSENSE001: The symbol 'PressureRatePsi' is missing valid documentation [C:\Users\pierc\source\repos\archanox\LibreRally\LibreRally\LibreRally.csproj::TargetFramework=net10.0-windows]
C:\Users\pierc\source\repos\archanox\LibreRally\LibreRally\Vehicle\JBeam\JBeamData.cs(185,19): warning CSENSE001: The symbol 'EnergyType' is missing valid documentation [C:\Users\pierc\source\repos\archanox\LibreRally\LibreRally\LibreRally.csproj::TargetFramework=net10.0-windows]
C:\Users\pierc\source\repos\archanox\LibreRally\LibreRally\Vehicle\JBeam\JBeamData.cs(186,18): warning CSENSE001: The symbol 'FuelCapacity' is missing valid documentation [C:\Users\pierc\source\repos\archanox\LibreRally\LibreRally\LibreRally.csproj::TargetFramework=net10.0-windows]
C:\Users\pierc\source\repos\archanox\LibreRally\LibreRally\Vehicle\JBeam\JBeamData.cs(187,18): warning CSENSE001: The symbol 'StartingFuelCapacity' is missing valid documentation [C:\Users\pierc\source\repos\archanox\LibreRally\LibreRally\LibreRally.csproj::TargetFramework=net10.0-windows]
C:\Users\pierc\source\repos\archanox\LibreRally\LibreRally\Vehicle\Physics\BreakablePartComponent.cs(10,40): warning CSENSE007: The cref reference 'BodyComponent' could not be resolved [C:\Users\pierc\source\repos\archanox\LibreRally\LibreRally\LibreRally.csproj::TargetFramework=net10.0-windows]
C:\Users\pierc\source\repos\archanox\LibreRally\LibreRally\Vehicle\Physics\BreakablePartComponent.cs(14,27): warning CSENSE007: The cref reference 'BodyComponent' could not be resolved [C:\Users\pierc\source\repos\archanox\LibreRally\LibreRally\LibreRally.csproj::TargetFramework=net10.0-windows]
C:\Users\pierc\source\repos\archanox\LibreRally\LibreRally\Vehicle\JBeam\JBeamParser.cs(19,16): warning CSENSE025: The cref reference 'string JBeamParser.PreprocessJBeam(string input)' is less accessible than the member 'JBeamParser' [C:\Users\pierc\source\repos\archanox\LibreRally\LibreRally\LibreRally.csproj::TargetFramework=net10.0-windows]
C:\Users\pierc\source\repos\archanox\LibreRally\LibreRally\Vehicle\Physics\SurfaceDefinition.cs(16,5): warning CSENSE001: The symbol 'Gravel' is missing valid documentation [C:\Users\pierc\source\repos\archanox\LibreRally\LibreRally\LibreRally.csproj::TargetFramework=net10.0-windows]
C:\Users\pierc\source\repos\archanox\LibreRally\LibreRally\Vehicle\Physics\SurfaceDefinition.cs(17,5): warning CSENSE001: The symbol 'Mud' is missing valid documentation [C:\Users\pierc\source\repos\archanox\LibreRally\LibreRally\LibreRally.csproj::TargetFramework=net10.0-windows]
C:\Users\pierc\source\repos\archanox\LibreRally\LibreRally\Vehicle\Physics\SurfaceDefinition.cs(18,5): warning CSENSE001: The symbol 'Snow' is missing valid documentation [C:\Users\pierc\source\repos\archanox\LibreRally\LibreRally\LibreRally.csproj::TargetFramework=net10.0-windows]
C:\Users\pierc\source\repos\archanox\LibreRally\LibreRally\Vehicle\Physics\SurfaceDefinition.cs(19,5): warning CSENSE001: The symbol 'Ice' is missing valid documentation [C:\Users\pierc\source\repos\archanox\LibreRally\LibreRally\LibreRally.csproj::TargetFramework=net10.0-windows]
C:\Users\pierc\source\repos\archanox\LibreRally\LibreRally\Vehicle\Physics\SurfaceDefinition.cs(55,18): warning CSENSE001: The symbol 'FrictionCoefficient' is missing valid documentation [C:\Users\pierc\source\repos\archanox\LibreRally\LibreRally\LibreRally.csproj::TargetFramework=net10.0-windows]
C:\Users\pierc\source\repos\archanox\LibreRally\LibreRally\Vehicle\Physics\SurfaceDefinition.cs(81,18): warning CSENSE001: The symbol 'RollingResistance' is missing valid documentation [C:\Users\pierc\source\repos\archanox\LibreRally\LibreRally\LibreRally.csproj::TargetFramework=net10.0-windows]
C:\Users\pierc\source\repos\archanox\LibreRally\LibreRally\Vehicle\Physics\SurfaceDefinition.cs(83,18): warning CSENSE001: The symbol 'NoiseFactor' is missing valid documentation [C:\Users\pierc\source\repos\archanox\LibreRally\LibreRally\LibreRally.csproj::TargetFramework=net10.0-windows]
C:\Users\pierc\source\repos\archanox\LibreRally\LibreRally\Vehicle\Physics\SurfaceDefinition.cs(82,18): warning CSENSE001: The symbol 'DeformationFactor' is missing valid documentation [C:\Users\pierc\source\repos\archanox\LibreRally\LibreRally\LibreRally.csproj::TargetFramework=net10.0-windows]
C:\Users\pierc\source\repos\archanox\LibreRally\LibreRally\Vehicle\Physics\VehicleDynamicsSystem.cs(40,22): warning CSENSE001: The symbol 'FL' is missing valid documentation [C:\Users\pierc\source\repos\archanox\LibreRally\LibreRally\LibreRally.csproj::TargetFramework=net10.0-windows]
C:\Users\pierc\source\repos\archanox\LibreRally\LibreRally\Vehicle\Physics\VehicleDynamicsSystem.cs(44,22): warning CSENSE001: The symbol 'WheelCount' is missing valid documentation [C:\Users\pierc\source\repos\archanox\LibreRally\LibreRally\LibreRally.csproj::TargetFramework=net10.0-windows]
C:\Users\pierc\source\repos\archanox\LibreRally\LibreRally\Vehicle\Physics\VehicleDynamicsSystem.cs(42,22): warning CSENSE001: The symbol 'RL' is missing valid documentation [C:\Users\pierc\source\repos\archanox\LibreRally\LibreRally\LibreRally.csproj::TargetFramework=net10.0-windows]
C:\Users\pierc\source\repos\archanox\LibreRally\LibreRally\Vehicle\Physics\VehicleDynamicsSystem.cs(41,22): warning CSENSE001: The symbol 'FR' is missing valid documentation [C:\Users\pierc\source\repos\archanox\LibreRally\LibreRally\LibreRally.csproj::TargetFramework=net10.0-windows]
C:\Users\pierc\source\repos\archanox\LibreRally\LibreRally\Vehicle\VehicleLoader.cs(1760,45): warning CSENSE002: The parameter 'VehicleFolderPath' is missing documentation [C:\Users\pierc\source\repos\archanox\LibreRally\LibreRally\LibreRally.csproj::TargetFramework=net10.0-windows]
C:\Users\pierc\source\repos\archanox\LibreRally\LibreRally\Vehicle\VehicleLoader.cs(1760,72): warning CSENSE002: The parameter 'ConfigPath' is missing documentation [C:\Users\pierc\source\repos\archanox\LibreRally\LibreRally\LibreRally.csproj::TargetFramework=net10.0-windows]
C:\Users\pierc\source\repos\archanox\LibreRally\LibreRally\Vehicle\VehicleLoader.cs(1760,90): warning CSENSE002: The parameter 'EstimatedMassKg' is missing documentation [C:\Users\pierc\source\repos\archanox\LibreRally\LibreRally\LibreRally.csproj::TargetFramework=net10.0-windows]
C:\Users\pierc\source\repos\archanox\LibreRally\LibreRally\Vehicle\Physics\VehicleDynamicsSystem.cs(43,22): warning CSENSE001: The symbol 'RR' is missing valid documentation [C:\Users\pierc\source\repos\archanox\LibreRally\LibreRally\LibreRally.csproj::TargetFramework=net10.0-windows]
C:\Users\pierc\source\repos\archanox\LibreRally\LibreRally\Vehicle\VehicleLoader.cs(1762,15): warning CSENSE001: The symbol 'LoadedVehicle' is missing valid documentation [C:\Users\pierc\source\repos\archanox\LibreRally\LibreRally\LibreRally.csproj::TargetFramework=net10.0-windows]
C:\Users\pierc\source\repos\archanox\LibreRally\LibreRally\CodeFirstSceneFactory.cs(19,39): warning CSENSE001: The symbol 'CreateMainSceneSetup' is missing valid documentation [C:\Users\pierc\source\repos\archanox\LibreRally\LibreRally\LibreRally.csproj::TargetFramework=net10.0-windows]
C:\Users\pierc\source\repos\archanox\LibreRally\LibreRally\HUD\VehicleSelectionOverlay.cs(78,12): warning CSENSE001: The symbol 'VehicleSelectionOverlay(IServiceRegistry)' is missing valid documentation [C:\Users\pierc\source\repos\archanox\LibreRally\LibreRally\LibreRally.csproj::TargetFramework=net10.0-windows]
C:\Users\pierc\source\repos\archanox\LibreRally\LibreRally\HUD\DrivingHudOverlay.cs(78,12): warning CSENSE001: The symbol 'DrivingHudOverlay(IServiceRegistry)' is missing valid documentation [C:\Users\pierc\source\repos\archanox\LibreRally\LibreRally\LibreRally.csproj::TargetFramework=net10.0-windows]
C:\Users\pierc\source\repos\archanox\LibreRally\LibreRally\CodeFirstSceneFactory.cs(21,39): warning CSENSE001: The symbol 'CreateMainSceneSetup' is missing valid documentation [C:\Users\pierc\source\repos\archanox\LibreRally\LibreRally\LibreRally.csproj::TargetFramework=net10.0-windows]
C:\Users\pierc\source\repos\archanox\LibreRally\LibreRally\CodeFirstSceneFactory.cs(17,25): warning CSENSE001: The symbol 'CreateMainScene' is missing valid documentation [C:\Users\pierc\source\repos\archanox\LibreRally\LibreRally\LibreRally.csproj::TargetFramework=net10.0-windows]
C:\Users\pierc\source\repos\archanox\LibreRally\LibreRally\CodeFirstSceneFactory.cs(15,25): warning CSENSE001: The symbol 'CreateMainScene' is missing valid documentation [C:\Users\pierc\source\repos\archanox\LibreRally\LibreRally\LibreRally.csproj::TargetFramework=net10.0-windows]
C:\Users\pierc\source\repos\archanox\LibreRally\LibreRally\Race\RaceTimer.cs(15,17): warning CSENSE001: The symbol 'StartTimer' is missing valid documentation [C:\Users\pierc\source\repos\archanox\LibreRally\LibreRally\LibreRally.csproj::TargetFramework=net10.0-windows]
C:\Users\pierc\source\repos\archanox\LibreRally\LibreRally\Race\RaceTimer.cs(16,17): warning CSENSE001: The symbol 'StopTimer' is missing valid documentation [C:\Users\pierc\source\repos\archanox\LibreRally\LibreRally\LibreRally.csproj::TargetFramework=net10.0-windows]
C:\Users\pierc\source\repos\archanox\LibreRally\LibreRally\Race\RaceTimer.cs(17,17): warning CSENSE001: The symbol 'ResetTimer' is missing valid documentation [C:\Users\pierc\source\repos\archanox\LibreRally\LibreRally\LibreRally.csproj::TargetFramework=net10.0-windows]
C:\Users\pierc\source\repos\archanox\LibreRally\LibreRally\Race\RaceTimer.cs(19,19): warning CSENSE001: The symbol 'GetTimeString' is missing valid documentation [C:\Users\pierc\source\repos\archanox\LibreRally\LibreRally\LibreRally.csproj::TargetFramework=net10.0-windows]
C:\Users\pierc\source\repos\archanox\LibreRally\LibreRally\HUD\PauseMenuOverlay.cs(89,12): warning CSENSE001: The symbol 'PauseMenuOverlay(IServiceRegistry)' is missing valid documentation [C:\Users\pierc\source\repos\archanox\LibreRally\LibreRally\LibreRally.csproj::TargetFramework=net10.0-windows]
C:\Users\pierc\source\repos\archanox\LibreRally\LibreRally\Vehicle\VehicleSetupOverrides.cs(22,17): warning CSENSE001: The symbol 'Clear' is missing valid documentation [C:\Users\pierc\source\repos\archanox\LibreRally\LibreRally\LibreRally.csproj::TargetFramework=net10.0-windows]
C:\Users\pierc\source\repos\archanox\LibreRally\LibreRally\Vehicle\VehicleSetupOverrides.cs(28,34): warning CSENSE001: The symbol 'Clone' is missing valid documentation [C:\Users\pierc\source\repos\archanox\LibreRally\LibreRally\LibreRally.csproj::TargetFramework=net10.0-windows]
C:\Users\pierc\source\repos\archanox\LibreRally\LibreRally\HUD\SetupUiShellOverlay.cs(98,12): warning CSENSE001: The symbol 'SetupUiShellOverlay(IServiceRegistry)' is missing valid documentation [C:\Users\pierc\source\repos\archanox\LibreRally\LibreRally\LibreRally.csproj::TargetFramework=net10.0-windows]
C:\Users\pierc\source\repos\archanox\LibreRally\LibreRally\HUD\SetupUiShellOverlay.cs(134,17): warning CSENSE001: The symbol 'BindVehicle' is missing valid documentation [C:\Users\pierc\source\repos\archanox\LibreRally\LibreRally\LibreRally.csproj::TargetFramework=net10.0-windows]
C:\Users\pierc\source\repos\archanox\LibreRally\LibreRally\Vehicle\VehicleSetupCatalog.cs(60,55): warning CSENSE001: The symbol 'BuildCategories' is missing valid documentation [C:\Users\pierc\source\repos\archanox\LibreRally\LibreRally\LibreRally.csproj::TargetFramework=net10.0-windows]
C:\Users\pierc\source\repos\archanox\LibreRally\LibreRally\HUD\SetupUiShellModel.cs(61,17): warning CSENSE001: The symbol 'SelectCategory' is missing valid documentation [C:\Users\pierc\source\repos\archanox\LibreRally\LibreRally\LibreRally.csproj::TargetFramework=net10.0-windows]
C:\Users\pierc\source\repos\archanox\LibreRally\LibreRally\HUD\SetupUiShellModel.cs(66,17): warning CSENSE001: The symbol 'UpdateVehicleContext' is missing valid documentation [C:\Users\pierc\source\repos\archanox\LibreRally\LibreRally\LibreRally.csproj::TargetFramework=net10.0-windows]
C:\Users\pierc\source\repos\archanox\LibreRally\LibreRally\HUD\SetupUiShellModel.cs(72,32): warning CSENSE001: The symbol 'CreateApplyPayload' is missing valid documentation [C:\Users\pierc\source\repos\archanox\LibreRally\LibreRally\LibreRally.csproj::TargetFramework=net10.0-windows]
C:\Users\pierc\source\repos\archanox\LibreRally\LibreRally\Vehicle\Content\BeamNgVehicleCatalog.cs(76,12): warning CSENSE001: The symbol 'BeamNgVehicleCatalog(string, string, string)' is missing valid documentation [C:\Users\pierc\source\repos\archanox\LibreRally\LibreRally\LibreRally.csproj::TargetFramework=net10.0-windows]
C:\Users\pierc\source\repos\archanox\LibreRally\LibreRally\Vehicle\Content\BeamNgVehicleCatalog.cs(86,27): warning CSENSE001: The symbol 'DetectBeamNgContentVehiclesRoot' is missing valid documentation [C:\Users\pierc\source\repos\archanox\LibreRally\LibreRally\LibreRally.csproj::TargetFramework=net10.0-windows]
C:\Users\pierc\source\repos\archanox\LibreRally\LibreRally\HUD\SetupUiShellModel.cs(386,17): warning CSENSE001: The symbol 'SetNumericValue' is missing valid documentation [C:\Users\pierc\source\repos\archanox\LibreRally\LibreRally\LibreRally.csproj::TargetFramework=net10.0-windows]
C:\Users\pierc\source\repos\archanox\LibreRally\LibreRally\HUD\SetupUiShellModel.cs(392,17): warning CSENSE001: The symbol 'SetToggleValue' is missing valid documentation [C:\Users\pierc\source\repos\archanox\LibreRally\LibreRally\LibreRally.csproj::TargetFramework=net10.0-windows]
C:\Users\pierc\source\repos\archanox\LibreRally\LibreRally\HUD\SetupUiShellModel.cs(397,17): warning CSENSE001: The symbol 'CycleChoice' is missing valid documentation [C:\Users\pierc\source\repos\archanox\LibreRally\LibreRally\LibreRally.csproj::TargetFramework=net10.0-windows]
C:\Users\pierc\source\repos\archanox\LibreRally\LibreRally\HUD\SetupUiShellModel.cs(414,17): warning CSENSE001: The symbol 'ResetToCommittedValue' is missing valid documentation [C:\Users\pierc\source\repos\archanox\LibreRally\LibreRally\LibreRally.csproj::TargetFramework=net10.0-windows]
C:\Users\pierc\source\repos\archanox\LibreRally\LibreRally\HUD\SetupUiShellModel.cs(422,17): warning CSENSE001: The symbol 'AcceptPendingValue' is missing valid documentation [C:\Users\pierc\source\repos\archanox\LibreRally\LibreRally\LibreRally.csproj::TargetFramework=net10.0-windows]
C:\Users\pierc\source\repos\archanox\LibreRally\LibreRally\HUD\SetupUiShellModel.cs(429,17): warning CSENSE001: The symbol 'ResetToDefaultValue' is missing valid documentation [C:\Users\pierc\source\repos\archanox\LibreRally\LibreRally\LibreRally.csproj::TargetFramework=net10.0-windows]
C:\Users\pierc\source\repos\archanox\LibreRally\LibreRally\HUD\SetupUiShellModel.cs(95,17): warning CSENSE001: The symbol 'ResetPendingChanges' is missing valid documentation [C:\Users\pierc\source\repos\archanox\LibreRally\LibreRally\LibreRally.csproj::TargetFramework=net10.0-windows]
C:\Users\pierc\source\repos\archanox\LibreRally\LibreRally\HUD\SetupUiShellModel.cs(103,17): warning CSENSE001: The symbol 'AcceptPendingChanges' is missing valid documentation [C:\Users\pierc\source\repos\archanox\LibreRally\LibreRally\LibreRally.csproj::TargetFramework=net10.0-windows]
C:\Users\pierc\source\repos\archanox\LibreRally\LibreRally\HUD\SetupUiShellModel.cs(111,17): warning CSENSE001: The symbol 'ResetToDefaults' is missing valid documentation [C:\Users\pierc\source\repos\archanox\LibreRally\LibreRally\LibreRally.csproj::TargetFramework=net10.0-windows]
C:\Users\pierc\source\repos\archanox\LibreRally\LibreRally\HUD\SetupUiShellModel.cs(437,37): warning CSENSE001: The symbol 'Numeric' is missing valid documentation [C:\Users\pierc\source\repos\archanox\LibreRally\LibreRally\LibreRally.csproj::TargetFramework=net10.0-windows]
C:\Users\pierc\source\repos\archanox\LibreRally\LibreRally\HUD\SetupUiShellModel.cs(440,37): warning CSENSE001: The symbol 'Choice' is missing valid documentation [C:\Users\pierc\source\repos\archanox\LibreRally\LibreRally\LibreRally.csproj::TargetFramework=net10.0-windows]
C:\Users\pierc\source\repos\archanox\LibreRally\LibreRally\Vehicle\Content\BeamNgVehicleCatalog.cs(97,51): warning CSENSE001: The symbol 'DiscoverBundledVehicles' is missing valid documentation [C:\Users\pierc\source\repos\archanox\LibreRally\LibreRally\LibreRally.csproj::TargetFramework=net10.0-windows]
C:\Users\pierc\source\repos\archanox\LibreRally\LibreRally\HUD\SetupUiShellModel.cs(443,37): warning CSENSE001: The symbol 'Toggle' is missing valid documentation [C:\Users\pierc\source\repos\archanox\LibreRally\LibreRally\LibreRally.csproj::TargetFramework=net10.0-windows]
C:\Users\pierc\source\repos\archanox\LibreRally\LibreRally\HUD\SetupUiShellModel.cs(119,37): warning CSENSE001: The symbol 'CreatePreview' is missing valid documentation [C:\Users\pierc\source\repos\archanox\LibreRally\LibreRally\LibreRally.csproj::TargetFramework=net10.0-windows]
C:\Users\pierc\source\repos\archanox\LibreRally\LibreRally\HUD\SetupUiShellModel.cs(446,37): warning CSENSE001: The symbol 'FromVehicleSetupEntry' is missing valid documentation [C:\Users\pierc\source\repos\archanox\LibreRally\LibreRally\LibreRally.csproj::TargetFramework=net10.0-windows]
C:\Users\pierc\source\repos\archanox\LibreRally\LibreRally\HUD\SetupUiShellModel.cs(190,37): warning CSENSE001: The symbol 'CreateFromVehicleSetup' is missing valid documentation [C:\Users\pierc\source\repos\archanox\LibreRally\LibreRally\LibreRally.csproj::TargetFramework=net10.0-windows]
C:\Users\pierc\source\repos\archanox\LibreRally\LibreRally\Vehicle\Content\BeamNgVehicleCatalog.cs(145,34): warning CSENSE001: The symbol 'ResolveVehicle' is missing valid documentation [C:\Users\pierc\source\repos\archanox\LibreRally\LibreRally\LibreRally.csproj::TargetFramework=net10.0-windows]
C:\Users\pierc\source\repos\archanox\LibreRally\LibreRally\Vehicle\JBeam\PcConfigLoader.cs(40,28): warning CSENSE001: The symbol 'Load' is missing valid documentation [C:\Users\pierc\source\repos\archanox\LibreRally\LibreRally\LibreRally.csproj::TargetFramework=net10.0-windows]
C:\Users\pierc\source\repos\archanox\LibreRally\LibreRally\Vehicle\JBeam\PcConfigLoader.cs(88,49): warning CSENSE002: The parameter 'vehicleFolder' is missing documentation [C:\Users\pierc\source\repos\archanox\LibreRally\LibreRally\LibreRally.csproj::TargetFramework=net10.0-windows]
C:\Users\pierc\source\repos\archanox\LibreRally\LibreRally\Vehicle\JBeam\PcConfigLoader.cs(88,72): warning CSENSE002: The parameter 'preferredName' is missing documentation [C:\Users\pierc\source\repos\archanox\LibreRally\LibreRally\LibreRally.csproj::TargetFramework=net10.0-windows]
C:\Users\pierc\source\repos\archanox\LibreRally\LibreRally\Vehicle\JBeam\PcConfigLoader.cs(88,27): warning CSENSE006: The symbol 'FindBestConfig' is missing return value documentation [C:\Users\pierc\source\repos\archanox\LibreRally\LibreRally\LibreRally.csproj::TargetFramework=net10.0-windows]
C:\Users\pierc\source\repos\archanox\LibreRally\LibreRally\Vehicle\JBeam\JBeamParser.cs(37,59): warning CSENSE002: The parameter 'vars' is missing documentation [C:\Users\pierc\source\repos\archanox\LibreRally\LibreRally\LibreRally.csproj::TargetFramework=net10.0-windows]
C:\Users\pierc\source\repos\archanox\LibreRally\LibreRally\Vehicle\JBeam\JBeamParser.cs(39,35): warning CSENSE001: The symbol 'ParseFile' is missing valid documentation [C:\Users\pierc\source\repos\archanox\LibreRally\LibreRally\LibreRally.csproj::TargetFramework=net10.0-windows]
C:\Users\pierc\source\repos\archanox\LibreRally\LibreRally\Vehicle\JBeam\JBeamParser.cs(46,45): warning CSENSE001: The symbol 'ParseVariableDefaultsFile' is missing valid documentation [C:\Users\pierc\source\repos\archanox\LibreRally\LibreRally\LibreRally.csproj::TargetFramework=net10.0-windows]
C:\Users\pierc\source\repos\archanox\LibreRally\LibreRally\Vehicle\JBeam\JBeamParser.cs(60,35): warning CSENSE001: The symbol 'Parse' is missing valid documentation [C:\Users\pierc\source\repos\archanox\LibreRally\LibreRally\LibreRally.csproj::TargetFramework=net10.0-windows]
C:\Users\pierc\source\repos\archanox\LibreRally\LibreRally\Vehicle\VehiclePowertrainResolver.cs(52,42): warning CSENSE001: The symbol 'Resolve' is missing valid documentation [C:\Users\pierc\source\repos\archanox\LibreRally\LibreRally\LibreRally.csproj::TargetFramework=net10.0-windows]
C:\Users\pierc\source\repos\archanox\LibreRally\LibreRally\Vehicle\Rendering\DtsLoader.cs(19,37): warning CSENSE001: The symbol 'Load' is missing valid documentation [C:\Users\pierc\source\repos\archanox\LibreRally\LibreRally\LibreRally.csproj::TargetFramework=net10.0-windows]
C:\Users\pierc\source\repos\archanox\LibreRally\LibreRally\Vehicle\JBeam\JBeamAssembler.cs(22,53): warning CSENSE002: The parameter 'vehicleFolder' is missing documentation [C:\Users\pierc\source\repos\archanox\LibreRally\LibreRally\LibreRally.csproj::TargetFramework=net10.0-windows]
C:\Users\pierc\source\repos\archanox\LibreRally\LibreRally\Vehicle\JBeam\JBeamAssembler.cs(22,78): warning CSENSE002: The parameter 'pcConfig' is missing documentation [C:\Users\pierc\source\repos\archanox\LibreRally\LibreRally\LibreRally.csproj::TargetFramework=net10.0-windows]
C:\Users\pierc\source\repos\archanox\LibreRally\LibreRally\Vehicle\JBeam\JBeamAssembler.cs(22,37): warning CSENSE006: The symbol 'Assemble' is missing return value documentation [C:\Users\pierc\source\repos\archanox\LibreRally\LibreRally\LibreRally.csproj::TargetFramework=net10.0-windows]
C:\Users\pierc\source\repos\archanox\LibreRally\LibreRally\Vehicle\JBeam\JBeamAssembler.cs(32,29): warning CSENSE002: The parameter 'searchFolders' is missing documentation [C:\Users\pierc\source\repos\archanox\LibreRally\LibreRally\LibreRally.csproj::TargetFramework=net10.0-windows]
C:\Users\pierc\source\repos\archanox\LibreRally\LibreRally\Vehicle\JBeam\JBeamAssembler.cs(33,16): warning CSENSE002: The parameter 'vehicleFolder' is missing documentation [C:\Users\pierc\source\repos\archanox\LibreRally\LibreRally\LibreRally.csproj::TargetFramework=net10.0-windows]
C:\Users\pierc\source\repos\archanox\LibreRally\LibreRally\Vehicle\JBeam\JBeamAssembler.cs(34,19): warning CSENSE002: The parameter 'pcConfig' is missing documentation [C:\Users\pierc\source\repos\archanox\LibreRally\LibreRally\LibreRally.csproj::TargetFramework=net10.0-windows]
C:\Users\pierc\source\repos\archanox\LibreRally\LibreRally\Vehicle\JBeam\JBeamAssembler.cs(31,37): warning CSENSE006: The symbol 'Assemble' is missing return value documentation [C:\Users\pierc\source\repos\archanox\LibreRally\LibreRally\LibreRally.csproj::TargetFramework=net10.0-windows]
C:\Users\pierc\source\repos\archanox\LibreRally\LibreRally\Vehicle\JBeam\JBeamAssembler.cs(31,37): warning CSENSE012: The exception type 'InvalidOperationException' is thrown but not documented [C:\Users\pierc\source\repos\archanox\LibreRally\LibreRally\LibreRally.csproj::TargetFramework=net10.0-windows]
C:\Users\pierc\source\repos\archanox\LibreRally\LibreRally\Vehicle\Content\BeamNgVehicleCatalog.cs(54,20): warning CSENSE001: The symbol 'ResolveVehicleAssetPath' is missing valid documentation [C:\Users\pierc\source\repos\archanox\LibreRally\LibreRally\LibreRally.csproj::TargetFramework=net10.0-windows]
C:\Users\pierc\source\repos\archanox\LibreRally\LibreRally\Vehicle\Content\BeamNgVehicleCatalog.cs(59,34): warning CSENSE001: The symbol 'ResolveColladaFilesForMeshes' is missing valid documentation [C:\Users\pierc\source\repos\archanox\LibreRally\LibreRally\LibreRally.csproj::TargetFramework=net10.0-windows]
C:\Users\pierc\source\repos\archanox\LibreRally\LibreRally\Vehicle\Physics\Differential.cs(69,38): warning CSENSE006: The symbol 'CreateOpen' is missing return value documentation [C:\Users\pierc\source\repos\archanox\LibreRally\LibreRally\LibreRally.csproj::TargetFramework=net10.0-windows]
C:\Users\pierc\source\repos\archanox\LibreRally\LibreRally\Vehicle\Physics\Differential.cs(79,62): warning CSENSE002: The parameter 'biasRatio' is missing documentation [C:\Users\pierc\source\repos\archanox\LibreRally\LibreRally\LibreRally.csproj::TargetFramework=net10.0-windows]
C:\Users\pierc\source\repos\archanox\LibreRally\LibreRally\Vehicle\Physics\Differential.cs(79,86): warning CSENSE002: The parameter 'lockingCoeff' is missing documentation [C:\Users\pierc\source\repos\archanox\LibreRally\LibreRally\LibreRally.csproj::TargetFramework=net10.0-windows]
C:\Users\pierc\source\repos\archanox\LibreRally\LibreRally\Vehicle\Physics\Differential.cs(79,113): warning CSENSE002: The parameter 'coastLockingCoeff' is missing documentation [C:\Users\pierc\source\repos\archanox\LibreRally\LibreRally\LibreRally.csproj::TargetFramework=net10.0-windows]
C:\Users\pierc\source\repos\archanox\LibreRally\LibreRally\Vehicle\Physics\Differential.cs(79,143): warning CSENSE002: The parameter 'preloadTorque' is missing documentation [C:\Users\pierc\source\repos\archanox\LibreRally\LibreRally\LibreRally.csproj::TargetFramework=net10.0-windows]
C:\Users\pierc\source\repos\archanox\LibreRally\LibreRally\Vehicle\Physics\Differential.cs(79,38): warning CSENSE006: The symbol 'CreateLimitedSlip' is missing return value documentation [C:\Users\pierc\source\repos\archanox\LibreRally\LibreRally\LibreRally.csproj::TargetFramework=net10.0-windows]
C:\Users\pierc\source\repos\archanox\LibreRally\LibreRally\Vehicle\Physics\Differential.cs(89,38): warning CSENSE006: The symbol 'CreateLocking' is missing return value documentation [C:\Users\pierc\source\repos\archanox\LibreRally\LibreRally\LibreRally.csproj::TargetFramework=net10.0-windows]
C:\Users\pierc\source\repos\archanox\LibreRally\LibreRally\Vehicle\Physics\SurfaceDefinition.cs(92,57): warning CSENSE002: The parameter 'surfaceType' is missing documentation [C:\Users\pierc\source\repos\archanox\LibreRally\LibreRally\LibreRally.csproj::TargetFramework=net10.0-windows]
C:\Users\pierc\source\repos\archanox\LibreRally\LibreRally\Vehicle\Physics\SurfaceDefinition.cs(92,37): warning CSENSE006: The symbol 'ForType' is missing return value documentation [C:\Users\pierc\source\repos\archanox\LibreRally\LibreRally\LibreRally.csproj::TargetFramework=net10.0-windows]
C:\Users\pierc\source\repos\archanox\LibreRally\LibreRally\Vehicle\VehicleLoader.cs(59,26): warning CSENSE001: The symbol 'Load' is missing valid documentation [C:\Users\pierc\source\repos\archanox\LibreRally\LibreRally\LibreRally.csproj::TargetFramework=net10.0-windows]
C:\Users\pierc\source\repos\archanox\LibreRally\LibreRally\Vehicle\Rendering\ColladaLoader.cs(35,37): warning CSENSE001: The symbol 'Load' is missing valid documentation [C:\Users\pierc\source\repos\archanox\LibreRally\LibreRally\LibreRally.csproj::TargetFramework=net10.0-windows]
C:\Users\pierc\source\repos\archanox\LibreRally\LibreRally\Vehicle\Physics\VehicleDynamicsSystem.cs(128,12): warning CSENSE001: The symbol 'VehicleDynamicsSystem()' is missing valid documentation [C:\Users\pierc\source\repos\archanox\LibreRally\LibreRally\LibreRally.csproj::TargetFramework=net10.0-windows]
C:\Users\pierc\source\repos\archanox\LibreRally\LibreRally\Vehicle\VehicleLoader.cs(31,12): warning CSENSE001: The symbol 'VehicleLoader(Game)' is missing valid documentation [C:\Users\pierc\source\repos\archanox\LibreRally\LibreRally\LibreRally.csproj::TargetFramework=net10.0-windows]
C:\Users\pierc\source\repos\archanox\LibreRally\LibreRally\Vehicle\VehicleLoader.cs(45,111): warning CSENSE002: The parameter 'setupOverrides' is missing documentation [C:\Users\pierc\source\repos\archanox\LibreRally\LibreRally\LibreRally.csproj::TargetFramework=net10.0-windows]
C:\Users\pierc\source\repos\archanox\LibreRally\LibreRally\Vehicle\VehicleLoader.cs(45,26): warning CSENSE006: The symbol 'Load' is missing return value documentation [C:\Users\pierc\source\repos\archanox\LibreRally\LibreRally\LibreRally.csproj::TargetFramework=net10.0-windows]
C:\Users\pierc\source\repos\archanox\LibreRally\LibreRally\Vehicle\VehicleLoader.cs(43,12): warning CSENSE019: The word 'null' should be replaced with <see langword="null" /> [C:\Users\pierc\source\repos\archanox\LibreRally\LibreRally\LibreRally.csproj::TargetFramework=net10.0-windows]
C:\Users\pierc\source\repos\archanox\LibreRally\LibreRally\Vehicle\Physics\VehicleDynamicsSystem.cs(515,18): warning CSENSE006: The symbol 'GetTotalSelfAligningTorque' is missing return value documentation [C:\Users\pierc\source\repos\archanox\LibreRally\LibreRally\LibreRally.csproj::TargetFramework=net10.0-windows]
C:\Users\pierc\source\repos\archanox\LibreRally\LibreRally\Vehicle\Rendering\ColladaLoader.cs(570,68): warning CSENSE002: The parameter 'daeFilePath' is missing documentation [C:\Users\pierc\source\repos\archanox\LibreRally\LibreRally\LibreRally.csproj::TargetFramework=net10.0-windows]
C:\Users\pierc\source\repos\archanox\LibreRally\LibreRally\Vehicle\Rendering\ColladaLoader.cs(570,46): warning CSENSE006: The symbol 'LoadTextureMap' is missing return value documentation [C:\Users\pierc\source\repos\archanox\LibreRally\LibreRally\LibreRally.csproj::TargetFramework=net10.0-windows]
C:\Users\pierc\source\repos\archanox\LibreRally\LibreRally.Tests\BasicCarPipelineTests.cs(16,14): warning CSENSE001: The symbol 'BasicCarPipelineTests' is missing valid documentation [C:\Users\pierc\source\repos\archanox\LibreRally\LibreRally.Tests\LibreRally.Tests.csproj]
C:\Users\pierc\source\repos\archanox\LibreRally\LibreRally.Tests\BeamNgTyreAndTractionMetadataTests.cs(9,14): warning CSENSE001: The symbol 'BeamNgTyreAndTractionMetadataTests' is missing valid documentation [C:\Users\pierc\source\repos\archanox\LibreRally\LibreRally.Tests\LibreRally.Tests.csproj]
C:\Users\pierc\source\repos\archanox\LibreRally\LibreRally.Tests\BeamNgVehicleCatalogTests.cs(12,21): warning CSENSE001: The symbol 'BeamNgVehicleCatalogTests' is missing valid documentation [C:\Users\pierc\source\repos\archanox\LibreRally\LibreRally.Tests\LibreRally.Tests.csproj]
C:\Users\pierc\source\repos\archanox\LibreRally\LibreRally.Tests\BeamNgBrakeControlMetadataTests.cs(9,14): warning CSENSE001: The symbol 'BeamNgBrakeControlMetadataTests' is missing valid documentation [C:\Users\pierc\source\repos\archanox\LibreRally\LibreRally.Tests\LibreRally.Tests.csproj]
C:\Users\pierc\source\repos\archanox\LibreRally\LibreRally.Tests\CodeFirstSceneFactoryTests.cs(9,14): warning CSENSE001: The symbol 'CodeFirstSceneFactoryTests' is missing valid documentation [C:\Users\pierc\source\repos\archanox\LibreRally\LibreRally.Tests\LibreRally.Tests.csproj]
C:\Users\pierc\source\repos\archanox\LibreRally\LibreRally.Tests\DifferentialAndPowertrainTests.cs(9,21): warning CSENSE001: The symbol 'DifferentialAndPowertrainTests' is missing valid documentation [C:\Users\pierc\source\repos\archanox\LibreRally\LibreRally.Tests\LibreRally.Tests.csproj]
C:\Users\pierc\source\repos\archanox\LibreRally\LibreRally.Tests\OutGaugeProtocolTests.cs(8,14): warning CSENSE001: The symbol 'OutGaugeProtocolTests' is missing valid documentation [C:\Users\pierc\source\repos\archanox\LibreRally\LibreRally.Tests\LibreRally.Tests.csproj]
C:\Users\pierc\source\repos\archanox\LibreRally\LibreRally.Tests\ColladaLoaderTests.cs(8,14): warning CSENSE001: The symbol 'ColladaLoaderTests' is missing valid documentation [C:\Users\pierc\source\repos\archanox\LibreRally\LibreRally.Tests\LibreRally.Tests.csproj]
C:\Users\pierc\source\repos\archanox\LibreRally\LibreRally.Tests\JBeamParserTests.cs(8,21): warning CSENSE001: The symbol 'JBeamParserTests' is missing valid documentation [C:\Users\pierc\source\repos\archanox\LibreRally\LibreRally.Tests\LibreRally.Tests.csproj]
C:\Users\pierc\source\repos\archanox\LibreRally\LibreRally.Tests\OutSimProtocolTests.cs(7,14): warning CSENSE001: The symbol 'OutSimProtocolTests' is missing valid documentation [C:\Users\pierc\source\repos\archanox\LibreRally\LibreRally.Tests\LibreRally.Tests.csproj]
C:\Users\pierc\source\repos\archanox\LibreRally\LibreRally.Tests\DtsLoaderTests.cs(9,14): warning CSENSE001: The symbol 'DtsLoaderTests' is missing valid documentation [C:\Users\pierc\source\repos\archanox\LibreRally\LibreRally.Tests\LibreRally.Tests.csproj]
C:\Users\pierc\source\repos\archanox\LibreRally\LibreRally.Tests\RallyCarComponentControlTests.cs(7,14): warning CSENSE001: The symbol 'RallyCarComponentControlTests' is missing valid documentation [C:\Users\pierc\source\repos\archanox\LibreRally\LibreRally.Tests\LibreRally.Tests.csproj]
C:\Users\pierc\source\repos\archanox\LibreRally\LibreRally.Tests\VehicleLoaderTests.cs(9,14): warning CSENSE001: The symbol 'VehicleLoaderTests' is missing valid documentation [C:\Users\pierc\source\repos\archanox\LibreRally\LibreRally.Tests\LibreRally.Tests.csproj]
C:\Users\pierc\source\repos\archanox\LibreRally\LibreRally.Tests\VehicleSpawnerInputTests.cs(5,14): warning CSENSE001: The symbol 'VehicleSpawnerInputTests' is missing valid documentation [C:\Users\pierc\source\repos\archanox\LibreRally\LibreRally.Tests\LibreRally.Tests.csproj]
C:\Users\pierc\source\repos\archanox\LibreRally\LibreRally.Tests\SetupUiShellModelTests.cs(9,14): warning CSENSE001: The symbol 'SetupUiShellModelTests' is missing valid documentation [C:\Users\pierc\source\repos\archanox\LibreRally\LibreRally.Tests\LibreRally.Tests.csproj]
C:\Users\pierc\source\repos\archanox\LibreRally\LibreRally.Tests\TyreModelTests.cs(5,14): warning CSENSE001: The symbol 'TyreModelTests' is missing valid documentation [C:\Users\pierc\source\repos\archanox\LibreRally\LibreRally.Tests\LibreRally.Tests.csproj]
C:\Users\pierc\source\repos\archanox\LibreRally\LibreRally.Tests\VehicleSpawnerPauseMenuTests.cs(5,14): warning CSENSE001: The symbol 'VehicleSpawnerPauseMenuTests' is missing valid documentation [C:\Users\pierc\source\repos\archanox\LibreRally\LibreRally.Tests\LibreRally.Tests.csproj]
C:\Users\pierc\source\repos\archanox\LibreRally\LibreRally.Tests\BeamNgBrakeControlMetadataTests.cs(39,17): warning CSENSE001: The symbol 'BasicCar_DoesNotEnableAbsByDefault' is missing valid documentation [C:\Users\pierc\source\repos\archanox\LibreRally\LibreRally.Tests\LibreRally.Tests.csproj]
C:\Users\pierc\source\repos\archanox\LibreRally\LibreRally.Tests\ChassisBodyRollSystemTests.cs(36,65): warning CSENSE002: The parameter 'fl' is missing documentation [C:\Users\pierc\source\repos\archanox\LibreRally\LibreRally.Tests\LibreRally.Tests.csproj]
C:\Users\pierc\source\repos\archanox\LibreRally\LibreRally.Tests\ChassisBodyRollSystemTests.cs(36,75): warning CSENSE002: The parameter 'fr' is missing documentation [C:\Users\pierc\source\repos\archanox\LibreRally\LibreRally.Tests\LibreRally.Tests.csproj]
C:\Users\pierc\source\repos\archanox\LibreRally\LibreRally.Tests\ChassisBodyRollSystemTests.cs(36,85): warning CSENSE002: The parameter 'rl' is missing documentation [C:\Users\pierc\source\repos\archanox\LibreRally\LibreRally.Tests\LibreRally.Tests.csproj]
C:\Users\pierc\source\repos\archanox\LibreRally\LibreRally.Tests\ChassisBodyRollSystemTests.cs(36,95): warning CSENSE002: The parameter 'rr' is missing documentation [C:\Users\pierc\source\repos\archanox\LibreRally\LibreRally.Tests\LibreRally.Tests.csproj]
C:\Users\pierc\source\repos\archanox\LibreRally\LibreRally.Tests\BasicCarPipelineTests.cs(44,17): warning CSENSE001: The symbol 'BasicCar_ShouldSelectTemplatePartTree' is missing valid documentation [C:\Users\pierc\source\repos\archanox\LibreRally\LibreRally.Tests\LibreRally.Tests.csproj]
C:\Users\pierc\source\repos\archanox\LibreRally\LibreRally.Tests\BeamNgTyreAndTractionMetadataTests.cs(12,17): warning CSENSE001: The symbol 'ParsePressureWheels_ParsesBeamNgTyreOptionObjects' is missing valid documentation [C:\Users\pierc\source\repos\archanox\LibreRally\LibreRally.Tests\LibreRally.Tests.csproj]
C:\Users\pierc\source\repos\archanox\LibreRally\LibreRally.Tests\BeamNgBrakeControlMetadataTests.cs(50,17): warning CSENSE001: The symbol 'Sunburst2_ModernAbsPart_ParsesEnableFlag' is missing valid documentation [C:\Users\pierc\source\repos\archanox\LibreRally\LibreRally.Tests\LibreRally.Tests.csproj]
C:\Users\pierc\source\repos\archanox\LibreRally\LibreRally.Tests\DifferentialAndPowertrainTests.cs(12,17): warning CSENSE001: The symbol 'Resolve_MapsLsdPreloadAndCoastLockCoefficients' is missing valid documentation [C:\Users\pierc\source\repos\archanox\LibreRally\LibreRally.Tests\LibreRally.Tests.csproj]
C:\Users\pierc\source\repos\archanox\LibreRally\LibreRally.Tests\VehicleSpawnerPauseMenuTests.cs(8,17): warning CSENSE001: The symbol 'PauseMenuEntries_ExposeRespawnSetupAndVehicleSelectActions' is missing valid documentation [C:\Users\pierc\source\repos\archanox\LibreRally\LibreRally.Tests\LibreRally.Tests.csproj]
C:\Users\pierc\source\repos\archanox\LibreRally\LibreRally.Tests\JBeamParserTests.cs(11,17): warning CSENSE001: The symbol 'ParseVariableDefaultsFile_AllowsTrailingStrayRootPunctuation' is missing valid documentation [C:\Users\pierc\source\repos\archanox\LibreRally\LibreRally.Tests\LibreRally.Tests.csproj]
C:\Users\pierc\source\repos\archanox\LibreRally\LibreRally.Tests\ColladaLoaderTests.cs(11,17): warning CSENSE001: The symbol 'Load_UsesVisualSceneInstancesAndSkipsUninstancedGeometry' is missing valid documentation [C:\Users\pierc\source\repos\archanox\LibreRally\LibreRally.Tests\LibreRally.Tests.csproj]
C:\Users\pierc\source\repos\archanox\LibreRally\LibreRally.Tests\JBeamParserTests.cs(41,17): warning CSENSE001: The symbol 'ParseVariableDefaultsFile_AllowsLeadingZeroNumberLiteralsInUnrelatedSections' is missing valid documentation [C:\Users\pierc\source\repos\archanox\LibreRally\LibreRally.Tests\LibreRally.Tests.csproj]
C:\Users\pierc\source\repos\archanox\LibreRally\LibreRally.Tests\BeamNgTyreAndTractionMetadataTests.cs(59,17): warning CSENSE001: The symbol 'ParsePressureWheels_ParsesSteerAxisMetadata' is missing valid documentation [C:\Users\pierc\source\repos\archanox\LibreRally\LibreRally.Tests\LibreRally.Tests.csproj]
C:\Users\pierc\source\repos\archanox\LibreRally\LibreRally.Tests\DtsLoaderTests.cs(12,17): warning CSENSE001: The symbol 'Load_ReadsBasicV24StaticMesh' is missing valid documentation [C:\Users\pierc\source\repos\archanox\LibreRally\LibreRally.Tests\LibreRally.Tests.csproj]
C:\Users\pierc\source\repos\archanox\LibreRally\LibreRally.Tests\BeamNgTyreAndTractionMetadataTests.cs(80,17): warning CSENSE001: The symbol 'ParsePart_ParsesTopLevelGearRatio' is missing valid documentation [C:\Users\pierc\source\repos\archanox\LibreRally\LibreRally.Tests\LibreRally.Tests.csproj]
C:\Users\pierc\source\repos\archanox\LibreRally\LibreRally.Tests\ColladaLoaderTests.cs(53,17): warning CSENSE001: The symbol 'Load_ComposesParentAndChildNodeTransforms' is missing valid documentation [C:\Users\pierc\source\repos\archanox\LibreRally\LibreRally.Tests\LibreRally.Tests.csproj]
C:\Users\pierc\source\repos\archanox\LibreRally\LibreRally.Tests\VehicleSpawnerPauseMenuTests.cs(30,17): warning CSENSE001: The symbol 'ResolvePauseMenuAction_ReturnsGarageSetupForThirdSlot' is missing valid documentation [C:\Users\pierc\source\repos\archanox\LibreRally\LibreRally.Tests\LibreRally.Tests.csproj]
C:\Users\pierc\source\repos\archanox\LibreRally\LibreRally.Tests\VehicleSpawnerInputTests.cs(8,17): warning CSENSE001: The symbol 'IsPauseMenuToggleRequested_AcceptsControllerStart' is missing valid documentation [C:\Users\pierc\source\repos\archanox\LibreRally\LibreRally.Tests\LibreRally.Tests.csproj]
C:\Users\pierc\source\repos\archanox\LibreRally\LibreRally.Tests\DtsLoaderTests.cs(34,17): warning CSENSE001: The symbol 'Load_ReadsBasicV26StaticMesh' is missing valid documentation [C:\Users\pierc\source\repos\archanox\LibreRally\LibreRally.Tests\LibreRally.Tests.csproj]
C:\Users\pierc\source\repos\archanox\LibreRally\LibreRally.Tests\VehicleSpawnerInputTests.cs(18,17): warning CSENSE001: The symbol 'IsVehicleMenuShortcutRequested_OnlyAcceptsKeyboardShortcut' is missing valid documentation [C:\Users\pierc\source\repos\archanox\LibreRally\LibreRally.Tests\LibreRally.Tests.csproj]
C:\Users\pierc\source\repos\archanox\LibreRally\LibreRally.Tests\VehicleSpawnerInputTests.cs(25,17): warning CSENSE001: The symbol 'ResolvePauseMenuToggle_RoutesStartToPauseFlow' is missing valid documentation [C:\Users\pierc\source\repos\archanox\LibreRally\LibreRally.Tests\LibreRally.Tests.csproj]
C:\Users\pierc\source\repos\archanox\LibreRally\LibreRally.Tests\JBeamParserTests.cs(76,17): warning CSENSE001: The symbol 'ParseFile_IgnoresUnparseableStringNodeBooleans' is missing valid documentation [C:\Users\pierc\source\repos\archanox\LibreRally\LibreRally.Tests\LibreRally.Tests.csproj]
C:\Users\pierc\source\repos\archanox\LibreRally\LibreRally.Tests\DifferentialAndPowertrainTests.cs(34,17): warning CSENSE001: The symbol 'SplitTorque_UsesPreloadAndHigherCoastLock' is missing valid documentation [C:\Users\pierc\source\repos\archanox\LibreRally\LibreRally.Tests\LibreRally.Tests.csproj]
C:\Users\pierc\source\repos\archanox\LibreRally\LibreRally.Tests\ColladaLoaderTests.cs(93,17): warning CSENSE001: The symbol 'Load_FallsBackToRawGeometry_WhenVisualSceneIsMissing' is missing valid documentation [C:\Users\pierc\source\repos\archanox\LibreRally\LibreRally.Tests\LibreRally.Tests.csproj]
C:\Users\pierc\source\repos\archanox\LibreRally\LibreRally.Tests\BeamNgTyreAndTractionMetadataTests.cs(96,17): warning CSENSE001: The symbol 'ParseTractionControlDefinition_ParsesSlipThresholdAndWindow' is missing valid documentation [C:\Users\pierc\source\repos\archanox\LibreRally\LibreRally.Tests\LibreRally.Tests.csproj]
C:\Users\pierc\source\repos\archanox\LibreRally\LibreRally.Tests\DifferentialAndPowertrainTests.cs(53,17): warning CSENSE001: The symbol 'SplitTorque_WithCoastLockSetToZero_DoesNotFallbackToDriveLock' is missing valid documentation [C:\Users\pierc\source\repos\archanox\LibreRally\LibreRally.Tests\LibreRally.Tests.csproj]
C:\Users\pierc\source\repos\archanox\LibreRally\LibreRally.Tests\ColladaLoaderTests.cs(120,17): warning CSENSE001: The symbol 'Load_FlipsRawGeometryTriangleWindingForStrideFrontFaces' is missing valid documentation [C:\Users\pierc\source\repos\archanox\LibreRally\LibreRally.Tests\LibreRally.Tests.csproj]
C:\Users\pierc\source\repos\archanox\LibreRally\LibreRally.Tests\RallyCarComponentControlTests.cs(10,17): warning CSENSE001: The symbol 'ClampShiftRpmForSlip_CapsExcessWheelspinAboveRoadSpeed' is missing valid documentation [C:\Users\pierc\source\repos\archanox\LibreRally\LibreRally.Tests\LibreRally.Tests.csproj]
C:\Users\pierc\source\repos\archanox\LibreRally\LibreRally.Tests\RallyCarComponentControlTests.cs(18,17): warning CSENSE001: The symbol 'ClampShiftRpmForSlip_DoesNotDropBelowRoadSpeed' is missing valid documentation [C:\Users\pierc\source\repos\archanox\LibreRally\LibreRally.Tests\LibreRally.Tests.csproj]
C:\Users\pierc\source\repos\archanox\LibreRally\LibreRally.Tests\VehicleSpawnerInputTests.cs(33,17): warning CSENSE001: The symbol 'ResolveVehicleSelectionCloseTarget_ReturnsPauseOnlyWhenOpenedFromPause' is missing valid documentation [C:\Users\pierc\source\repos\archanox\LibreRally\LibreRally.Tests\LibreRally.Tests.csproj]
C:\Users\pierc\source\repos\archanox\LibreRally\LibreRally.Tests\VehicleSpawnerInputTests.cs(40,17): warning CSENSE001: The symbol 'IsVehicleMenuConfirmRequested_AcceptsControllerA' is missing valid documentation [C:\Users\pierc\source\repos\archanox\LibreRally\LibreRally.Tests\LibreRally.Tests.csproj]
C:\Users\pierc\source\repos\archanox\LibreRally\LibreRally.Tests\VehicleSpawnerInputTests.cs(50,17): warning CSENSE001: The symbol 'IsVehicleMenuCancelRequested_AcceptsControllerB' is missing valid documentation [C:\Users\pierc\source\repos\archanox\LibreRally\LibreRally.Tests\LibreRally.Tests.csproj]
C:\Users\pierc\source\repos\archanox\LibreRally\LibreRally.Tests\VehicleSpawnerInputTests.cs(60,17): warning CSENSE001: The symbol 'IsVehicleMenuMoveDownRequested_AcceptsControllerDPadDown' is missing valid documentation [C:\Users\pierc\source\repos\archanox\LibreRally\LibreRally.Tests\LibreRally.Tests.csproj]
C:\Users\pierc\source\repos\archanox\LibreRally\LibreRally.Tests\VehicleSpawnerInputTests.cs(70,17): warning CSENSE001: The symbol 'IsVehicleMenuMoveUpRequested_AcceptsControllerDPadUp' is missing valid documentation [C:\Users\pierc\source\repos\archanox\LibreRally\LibreRally.Tests\LibreRally.Tests.csproj]
C:\Users\pierc\source\repos\archanox\LibreRally\LibreRally.Tests\OutSimProtocolTests.cs(10,17): warning CSENSE001: The symbol 'Encode_UsesLfsOutSimPacketLayout_WithoutOptionalId' is missing valid documentation [C:\Users\pierc\source\repos\archanox\LibreRally\LibreRally.Tests\LibreRally.Tests.csproj]
C:\Users\pierc\source\repos\archanox\LibreRally\LibreRally.Tests\CodeFirstSceneFactoryTests.cs(41,17): warning CSENSE001: The symbol 'CreateMainSceneSetup_BindsMainCameraToGraphicsCompositorSlot' is missing valid documentation [C:\Users\pierc\source\repos\archanox\LibreRally\LibreRally.Tests\LibreRally.Tests.csproj]
C:\Users\pierc\source\repos\archanox\LibreRally\LibreRally.Tests\OutSimProtocolTests.cs(42,17): warning CSENSE001: The symbol 'Encode_AppendsIdentifier_WhenOutSimIdIsConfigured' is missing valid documentation [C:\Users\pierc\source\repos\archanox\LibreRally\LibreRally.Tests\LibreRally.Tests.csproj]
C:\Users\pierc\source\repos\archanox\LibreRally\LibreRally.Tests\JBeamParserTests.cs(104,17): warning CSENSE001: The symbol 'Assemble_IgnoresBrokenSupplementalFilesDuringVariableDefaultPass' is missing valid documentation [C:\Users\pierc\source\repos\archanox\LibreRally\LibreRally.Tests\LibreRally.Tests.csproj]
C:\Users\pierc\source\repos\archanox\LibreRally\LibreRally.Tests\CodeFirstSceneFactoryTests.cs(12,17): warning CSENSE001: The symbol 'CreateMainScene_CreatesExpectedRootEntities' is missing valid documentation [C:\Users\pierc\source\repos\archanox\LibreRally\LibreRally.Tests\LibreRally.Tests.csproj]
C:\Users\pierc\source\repos\archanox\LibreRally\LibreRally.Tests\BeamNgBrakeControlMetadataTests.cs(63,17): warning CSENSE001: The symbol 'Sunburst2_BrakeParts_ParseAbsTargetAndLegacyController' is missing valid documentation [C:\Users\pierc\source\repos\archanox\LibreRally\LibreRally.Tests\LibreRally.Tests.csproj]
C:\Users\pierc\source\repos\archanox\LibreRally\LibreRally.Tests\BeamNgVehicleCatalogTests.cs(15,17): warning CSENSE001: The symbol 'DiscoverBundledVehicles_FindsLooseFoldersAndZipPackages' is missing valid documentation [C:\Users\pierc\source\repos\archanox\LibreRally\LibreRally.Tests\LibreRally.Tests.csproj]
C:\Users\pierc\source\repos\archanox\LibreRally\LibreRally.Tests\BeamNgTyreAndTractionMetadataTests.cs(140,17): warning CSENSE001: The symbol 'ResolveTyreSpec_UsesAxleSpecificBeamNgTyreMetadata' is missing valid documentation [C:\Users\pierc\source\repos\archanox\LibreRally\LibreRally.Tests\LibreRally.Tests.csproj]
C:\Users\pierc\source\repos\archanox\LibreRally\LibreRally.Tests\TyreModelTests.cs(11,17): warning CSENSE001: The symbol 'ContactPatchLength_GrowsWithLoad_AndShrinksWithPressure' is missing valid documentation [C:\Users\pierc\source\repos\archanox\LibreRally\LibreRally.Tests\LibreRally.Tests.csproj]
C:\Users\pierc\source\repos\archanox\LibreRally\LibreRally.Tests\VehicleLoaderTests.cs(12,17): warning CSENSE001: The symbol 'SelectChassisMeshes_ForDtsSources_KeepsOnlyActiveNonWheelFlexbodies' is missing valid documentation [C:\Users\pierc\source\repos\archanox\LibreRally\LibreRally.Tests\LibreRally.Tests.csproj]
C:\Users\pierc\source\repos\archanox\LibreRally\LibreRally.Tests\BasicCarPipelineTests.cs(57,17): warning CSENSE001: The symbol 'BasicCar_ShouldParseTemplateNodesAndWheelGroups' is missing valid documentation [C:\Users\pierc\source\repos\archanox\LibreRally\LibreRally.Tests\LibreRally.Tests.csproj]
C:\Users\pierc\source\repos\archanox\LibreRally\LibreRally.Tests\TyreModelTests.cs(31,17): warning CSENSE001: The symbol 'EffectiveRollingRadius_DecreasesUnderLoad' is missing valid documentation [C:\Users\pierc\source\repos\archanox\LibreRally\LibreRally.Tests\LibreRally.Tests.csproj]
C:\Users\pierc\source\repos\archanox\LibreRally\LibreRally.Tests\TyreModelTests.cs(48,17): warning CSENSE001: The symbol 'BrushStiffness_IncreasesWithPressureAndWidth' is missing valid documentation [C:\Users\pierc\source\repos\archanox\LibreRally\LibreRally.Tests\LibreRally.Tests.csproj]
C:\Users\pierc\source\repos\archanox\LibreRally\LibreRally.Tests\TyreModelTests.cs(70,17): warning CSENSE001: The symbol 'StandingWaveResistanceFactor_GrowsWithSpeed' is missing valid documentation [C:\Users\pierc\source\repos\archanox\LibreRally\LibreRally.Tests\LibreRally.Tests.csproj]
C:\Users\pierc\source\repos\archanox\LibreRally\LibreRally.Tests\ColladaLoaderTests.cs(145,17): warning CSENSE001: The symbol 'Load_NegativeDeterminantSceneTransform_FlipsWindingBack' is missing valid documentation [C:\Users\pierc\source\repos\archanox\LibreRally\LibreRally.Tests\LibreRally.Tests.csproj]
C:\Users\pierc\source\repos\archanox\LibreRally\LibreRally.Tests\DtsLoaderTests.cs(54,17): warning CSENSE001: The symbol 'Load_ReadsStripPrimitiveWithoutDuplicatingVertices' is missing valid documentation [C:\Users\pierc\source\repos\archanox\LibreRally\LibreRally.Tests\LibreRally.Tests.csproj]
C:\Users\pierc\source\repos\archanox\LibreRally\LibreRally.Tests\TyreModelTests.cs(86,17): warning CSENSE001: The symbol 'ContactPatchLengthAlias_MapsToScaleProperty' is missing valid documentation [C:\Users\pierc\source\repos\archanox\LibreRally\LibreRally.Tests\LibreRally.Tests.csproj]
C:\Users\pierc\source\repos\archanox\LibreRally\LibreRally.Tests\DifferentialAndPowertrainTests.cs(68,17): warning CSENSE001: The symbol 'SplitTorque_WithPreload_RampsContinuouslyAtSmallDeltaOmega' is missing valid documentation [C:\Users\pierc\source\repos\archanox\LibreRally\LibreRally.Tests\LibreRally.Tests.csproj]
C:\Users\pierc\source\repos\archanox\LibreRally\LibreRally.Tests\CodeFirstSceneFactoryTests.cs(18,22): warning xUnit2031: Do not use a Where clause to filter before calling Assert.Single. Use the overload of Assert.Single that accepts a filtering function. (https://xunit.net/xunit.analyzers/rules/xUnit2031) [C:\Users\pierc\source\repos\archanox\LibreRally\LibreRally.Tests\LibreRally.Tests.csproj]
C:\Users\pierc\source\repos\archanox\LibreRally\LibreRally.Tests\CodeFirstSceneFactoryTests.cs(22,22): warning xUnit2031: Do not use a Where clause to filter before calling Assert.Single. Use the overload of Assert.Single that accepts a filtering function. (https://xunit.net/xunit.analyzers/rules/xUnit2031) [C:\Users\pierc\source\repos\archanox\LibreRally\LibreRally.Tests\LibreRally.Tests.csproj]
C:\Users\pierc\source\repos\archanox\LibreRally\LibreRally.Tests\CodeFirstSceneFactoryTests.cs(28,32): warning xUnit2031: Do not use a Where clause to filter before calling Assert.Single. Use the overload of Assert.Single that accepts a filtering function. (https://xunit.net/xunit.analyzers/rules/xUnit2031) [C:\Users\pierc\source\repos\archanox\LibreRally\LibreRally.Tests\LibreRally.Tests.csproj]
C:\Users\pierc\source\repos\archanox\LibreRally\LibreRally.Tests\CodeFirstSceneFactoryTests.cs(33,28): warning xUnit2031: Do not use a Where clause to filter before calling Assert.Single. Use the overload of Assert.Single that accepts a filtering function. (https://xunit.net/xunit.analyzers/rules/xUnit2031) [C:\Users\pierc\source\repos\archanox\LibreRally\LibreRally.Tests\LibreRally.Tests.csproj]
C:\Users\pierc\source\repos\archanox\LibreRally\LibreRally.Tests\RallyCarComponentControlTests.cs(26,17): warning CSENSE001: The symbol 'ClampDrivenWheelOmegaForSlip_PreservesReverseDirectionWhileCappingSlip' is missing valid documentation [C:\Users\pierc\source\repos\archanox\LibreRally\LibreRally.Tests\LibreRally.Tests.csproj]
C:\Users\pierc\source\repos\archanox\LibreRally\LibreRally.Tests\VehicleLoaderTests.cs(36,17): warning CSENSE001: The symbol 'SelectChassisMeshes_ForNonDtsSources_PreservesFallbackMeshesWhenNamesDoNotMatch' is missing valid documentation [C:\Users\pierc\source\repos\archanox\LibreRally\LibreRally.Tests\LibreRally.Tests.csproj]
C:\Users\pierc\source\repos\archanox\LibreRally\LibreRally.Tests\DifferentialAndPowertrainTests.cs(88,17): warning CSENSE001: The symbol 'ResolveFinalDrive_UsesSelectedFinalDrivePartRatioWhenIntermediateDevicesStayAtUnitRatio' is missing valid documentation [C:\Users\pierc\source\repos\archanox\LibreRally\LibreRally.Tests\LibreRally.Tests.csproj]
C:\Users\pierc\source\repos\archanox\LibreRally\LibreRally.Tests\OutGaugeProtocolTests.cs(11,17): warning CSENSE001: The symbol 'Encode_UsesLfsOutGaugePacketLayout_WithoutOptionalId' is missing valid documentation [C:\Users\pierc\source\repos\archanox\LibreRally\LibreRally.Tests\LibreRally.Tests.csproj]
C:\Users\pierc\source\repos\archanox\LibreRally\LibreRally.Tests\RallyCarComponentControlTests.cs(45,17): warning CSENSE001: The symbol 'ResolveDrivenWheelOmega_PreservesGroundedWheelDirection' is missing valid documentation [C:\Users\pierc\source\repos\archanox\LibreRally\LibreRally.Tests\LibreRally.Tests.csproj]
C:\Users\pierc\source\repos\archanox\LibreRally\LibreRally.Tests\RallyCarComponentControlTests.cs(57,17): warning CSENSE001: The symbol 'ResolveDrivenWheelOmega_FallsBackToRoadOmega_WhenOnlyUngroundedWheelspinExistsAtStandstill' is missing valid documentation [C:\Users\pierc\source\repos\archanox\LibreRally\LibreRally.Tests\LibreRally.Tests.csproj]
C:\Users\pierc\source\repos\archanox\LibreRally\LibreRally.Tests\RallyCarComponentControlTests.cs(69,17): warning CSENSE001: The symbol 'ResolveAutoClutchDrivenWheelOmega_UsesSlowestGroundedDrivenWheel' is missing valid documentation [C:\Users\pierc\source\repos\archanox\LibreRally\LibreRally.Tests\LibreRally.Tests.csproj]
C:\Users\pierc\source\repos\archanox\LibreRally\LibreRally.Tests\ChassisBodyRollSystemTests.cs(265,17): warning CSENSE001: The symbol 'EqualFrontRearCompression_ProducesNoPitchTorque' is missing valid documentation [C:\Users\pierc\source\repos\archanox\LibreRally\LibreRally.Tests\LibreRally.Tests.csproj]
C:\Users\pierc\source\repos\archanox\LibreRally\LibreRally.Tests\SetupUiShellModelTests.cs(12,17): warning CSENSE001: The symbol 'CreateFromVehicleSetup_UsesOverridesAndCreatesApplyPayload' is missing valid documentation [C:\Users\pierc\source\repos\archanox\LibreRally\LibreRally.Tests\LibreRally.Tests.csproj]
C:\Users\pierc\source\repos\archanox\LibreRally\LibreRally.Tests\BeamNgVehicleCatalogTests.cs(41,17): warning CSENSE001: The symbol 'ResolveVehicle_ExtractsZipPackagesAndCommonMetadata' is missing valid documentation [C:\Users\pierc\source\repos\archanox\LibreRally\LibreRally.Tests\LibreRally.Tests.csproj]
C:\Users\pierc\source\repos\archanox\LibreRally\LibreRally.Tests\ChassisBodyRollSystemTests.cs(283,17): warning CSENSE001: The symbol 'FrontRearCompressionBias_ProducesCorrectPitchSign' is missing valid documentation [C:\Users\pierc\source\repos\archanox\LibreRally\LibreRally.Tests\LibreRally.Tests.csproj]
C:\Users\pierc\source\repos\archanox\LibreRally\LibreRally.Tests\VehicleLoaderTests.cs(59,17): warning CSENSE001: The symbol 'SelectSupplementalChassisMeshes_KeepsOnlyRequestedNonWheelMeshes' is missing valid documentation [C:\Users\pierc\source\repos\archanox\LibreRally\LibreRally.Tests\LibreRally.Tests.csproj]
C:\Users\pierc\source\repos\archanox\LibreRally\LibreRally.Tests\ChassisBodyRollSystemTests.cs(298,17): warning CSENSE001: The symbol 'PitchDamping_OpposesPositivePitchRate' is missing valid documentation [C:\Users\pierc\source\repos\archanox\LibreRally\LibreRally.Tests\LibreRally.Tests.csproj]
C:\Users\pierc\source\repos\archanox\LibreRally\LibreRally.Tests\BeamNgVehicleCatalogTests.cs(71,17): warning CSENSE001: The symbol 'ResolveVehicle_DoesNotExtractUnsafeZipPathsOutsideCache' is missing valid documentation [C:\Users\pierc\source\repos\archanox\LibreRally\LibreRally.Tests\LibreRally.Tests.csproj]
C:\Users\pierc\source\repos\archanox\LibreRally\LibreRally.Tests\TyreModelTests.cs(98,17): warning CSENSE001: The symbol 'EffectiveFriction_UsesPowerLawLoadSensitivity' is missing valid documentation [C:\Users\pierc\source\repos\archanox\LibreRally\LibreRally.Tests\LibreRally.Tests.csproj]
C:\Users\pierc\source\repos\archanox\LibreRally\LibreRally.Tests\DtsLoaderTests.cs(73,17): warning CSENSE001: The symbol 'Load_UsesOnlyHighestDetailMeshPerObject' is missing valid documentation [C:\Users\pierc\source\repos\archanox\LibreRally\LibreRally.Tests\LibreRally.Tests.csproj]
C:\Users\pierc\source\repos\archanox\LibreRally\LibreRally.Tests\TyreModelTests.cs(122,17): warning CSENSE001: The symbol 'EffectiveFriction_UsesBeamNgLoadCurveWhenProvided' is missing valid documentation [C:\Users\pierc\source\repos\archanox\LibreRally\LibreRally.Tests\LibreRally.Tests.csproj]
C:\Users\pierc\source\repos\archanox\LibreRally\LibreRally.Tests\OutGaugeProtocolTests.cs(51,17): warning CSENSE001: The symbol 'Encode_AppendsIdentifier_WhenOutGaugeIdIsConfigured' is missing valid documentation [C:\Users\pierc\source\repos\archanox\LibreRally\LibreRally.Tests\LibreRally.Tests.csproj]
C:\Users\pierc\source\repos\archanox\LibreRally\LibreRally.Tests\VehicleLoaderTests.cs(82,17): warning CSENSE001: The symbol 'ShouldTreatWheelGeometryAsPrePositioned_RequiresGeometryToMatchFlexbodyPosition' is missing valid documentation [C:\Users\pierc\source\repos\archanox\LibreRally\LibreRally.Tests\LibreRally.Tests.csproj]
C:\Users\pierc\source\repos\archanox\LibreRally\LibreRally.Tests\BasicCarPipelineTests.cs(83,17): warning CSENSE001: The symbol 'BasicCar_ShouldAssembleVehicle' is missing valid documentation [C:\Users\pierc\source\repos\archanox\LibreRally\LibreRally.Tests\LibreRally.Tests.csproj]
C:\Users\pierc\source\repos\archanox\LibreRally\LibreRally.Tests\RallyCarComponentControlTests.cs(80,17): warning CSENSE001: The symbol 'ComputeAutoClutchTorqueScale_DoesNotPunishSingleGroundedWheelspinOutlier' is missing valid documentation [C:\Users\pierc\source\repos\archanox\LibreRally\LibreRally.Tests\LibreRally.Tests.csproj]
C:\Users\pierc\source\repos\archanox\LibreRally\LibreRally.Tests\OutGaugeProtocolTests.cs(63,17): warning CSENSE001: The symbol 'MapGear_ConvertsGearIndicesToOutGaugeConvention' is missing valid documentation [C:\Users\pierc\source\repos\archanox\LibreRally\LibreRally.Tests\LibreRally.Tests.csproj]
C:\Users\pierc\source\repos\archanox\LibreRally\LibreRally.Tests\VehicleLoaderTests.cs(103,17): warning CSENSE001: The symbol 'ShouldTreatWheelGeometryAsPrePositioned_AcceptsGeometryAlreadyAtFlexbodyPosition' is missing valid documentation [C:\Users\pierc\source\repos\archanox\LibreRally\LibreRally.Tests\LibreRally.Tests.csproj]
C:\Users\pierc\source\repos\archanox\LibreRally\LibreRally.Tests\DtsLoaderTests.cs(97,17): warning CSENSE001: The symbol 'Load_AppliesNodeTranslationToObjectMesh' is missing valid documentation [C:\Users\pierc\source\repos\archanox\LibreRally\LibreRally.Tests\LibreRally.Tests.csproj]
C:\Users\pierc\source\repos\archanox\LibreRally\LibreRally.Tests\BeamNgVehicleCatalogTests.cs(65,37): warning xUnit2031: Do not use a Where clause to filter before calling Assert.Single. Use the overload of Assert.Single that accepts a filtering function. (https://xunit.net/xunit.analyzers/rules/xUnit2031) [C:\Users\pierc\source\repos\archanox\LibreRally\LibreRally.Tests\LibreRally.Tests.csproj]
C:\Users\pierc\source\repos\archanox\LibreRally\LibreRally.Tests\RallyCarComponentControlTests.cs(102,17): warning CSENSE001: The symbol 'ComputePointVelocity_AddsAngularContributionAtWheelPoint' is missing valid documentation [C:\Users\pierc\source\repos\archanox\LibreRally\LibreRally.Tests\LibreRally.Tests.csproj]
C:\Users\pierc\source\repos\archanox\LibreRally\LibreRally.Tests\TyreModelTests.cs(149,17): warning CSENSE001: The symbol 'EffectiveFriction_IncreasesWithLargerPatchArea' is missing valid documentation [C:\Users\pierc\source\repos\archanox\LibreRally\LibreRally.Tests\LibreRally.Tests.csproj]
C:\Users\pierc\source\repos\archanox\LibreRally\LibreRally.Tests\RallyCarComponentControlTests.cs(113,17): warning CSENSE001: The symbol 'ComputePointVelocity_ReturnsLinearVelocity_WhenAngularRateIsZero' is missing valid documentation [C:\Users\pierc\source\repos\archanox\LibreRally\LibreRally.Tests\LibreRally.Tests.csproj]
C:\Users\pierc\source\repos\archanox\LibreRally\LibreRally.Tests\TyreModelTests.cs(171,17): warning CSENSE001: The symbol 'FrictionEllipse_CapsCombinedSlipAtEllipseBoundary' is missing valid documentation [C:\Users\pierc\source\repos\archanox\LibreRally\LibreRally.Tests\LibreRally.Tests.csproj]
C:\Users\pierc\source\repos\archanox\LibreRally\LibreRally.Tests\DtsLoaderTests.cs(123,17): warning CSENSE001: The symbol 'Load_AppliesNodeRotationToObjectMesh' is missing valid documentation [C:\Users\pierc\source\repos\archanox\LibreRally\LibreRally.Tests\LibreRally.Tests.csproj]
C:\Users\pierc\source\repos\archanox\LibreRally\LibreRally.Tests\SetupUiShellModelTests.cs(68,17): warning CSENSE001: The symbol 'CreateFromVehicleSetup_UsesDisplayRangeHintsForPercentLikeVariables' is missing valid documentation [C:\Users\pierc\source\repos\archanox\LibreRally\LibreRally.Tests\LibreRally.Tests.csproj]
C:\Users\pierc\source\repos\archanox\LibreRally\LibreRally.Tests\TyreModelTests.cs(225,17): warning CSENSE001: The symbol 'HigherPressure_IncreasesSteadyStateCorneringForce' is missing valid documentation [C:\Users\pierc\source\repos\archanox\LibreRally\LibreRally.Tests\LibreRally.Tests.csproj]
C:\Users\pierc\source\repos\archanox\LibreRally\LibreRally.Tests\TyreModelTests.cs(270,17): warning CSENSE001: The symbol 'EffectiveFriction_ClampsReferencePatchAreaLoad' is missing valid documentation [C:\Users\pierc\source\repos\archanox\LibreRally\LibreRally.Tests\LibreRally.Tests.csproj]
C:\Users\pierc\source\repos\archanox\LibreRally\LibreRally.Tests\BeamNgVehicleCatalogTests.cs(93,17): warning CSENSE001: The symbol 'ResolveVehicleAssetPath_MaterializesBeamNgContentAssetsOnDemand' is missing valid documentation [C:\Users\pierc\source\repos\archanox\LibreRally\LibreRally.Tests\LibreRally.Tests.csproj]
C:\Users\pierc\source\repos\archanox\LibreRally\LibreRally.Tests\RallyCarComponentControlTests.cs(124,17): warning CSENSE001: The symbol 'ConvertCamberPrecompressionToRadians_MapsBeamPrecompressionAroundUnity' is missing valid documentation [C:\Users\pierc\source\repos\archanox\LibreRally\LibreRally.Tests\LibreRally.Tests.csproj]
C:\Users\pierc\source\repos\archanox\LibreRally\LibreRally.Tests\TyreModelTests.cs(290,17): warning CSENSE001: The symbol 'FrictionEllipse_RespectsVeryLowPeakForce' is missing valid documentation [C:\Users\pierc\source\repos\archanox\LibreRally\LibreRally.Tests\LibreRally.Tests.csproj]
C:\Users\pierc\source\repos\archanox\LibreRally\LibreRally.Tests\RallyCarComponentControlTests.cs(132,17): warning CSENSE001: The symbol 'ComputeAlignmentCamberAngle_AddsCompressionGainToStaticCamber' is missing valid documentation [C:\Users\pierc\source\repos\archanox\LibreRally\LibreRally.Tests\LibreRally.Tests.csproj]
C:\Users\pierc\source\repos\archanox\LibreRally\LibreRally.Tests\RallyCarComponentControlTests.cs(143,17): warning CSENSE001: The symbol 'ComputeAlignmentCamberAngle_UsesOppositeSignsAcrossWheelSides' is missing valid documentation [C:\Users\pierc\source\repos\archanox\LibreRally\LibreRally.Tests\LibreRally.Tests.csproj]
C:\Users\pierc\source\repos\archanox\LibreRally\LibreRally.Tests\RallyCarComponentControlTests.cs(157,17): warning CSENSE001: The symbol 'ComputeAutoClutchTorqueScale_RemainsFull_WhenWheelspinMatchesSlipLimit' is missing valid documentation [C:\Users\pierc\source\repos\archanox\LibreRally\LibreRally.Tests\LibreRally.Tests.csproj]
C:\Users\pierc\source\repos\archanox\LibreRally\LibreRally.Tests\RallyCarComponentControlTests.cs(170,17): warning CSENSE001: The symbol 'ComputeAutoClutchTorqueScale_ReachesFloor_WhenWheelspinGreatlyExceedsSlipLimit' is missing valid documentation [C:\Users\pierc\source\repos\archanox\LibreRally\LibreRally.Tests\LibreRally.Tests.csproj]
C:\Users\pierc\source\repos\archanox\LibreRally\LibreRally.Tests\RallyCarComponentControlTests.cs(183,17): warning CSENSE001: The symbol 'ComputeTractionControlTorqueScale_RemainsFull_WhenDriveWheelMatchesRoadSpeed' is missing valid documentation [C:\Users\pierc\source\repos\archanox\LibreRally\LibreRally.Tests\LibreRally.Tests.csproj]
C:\Users\pierc\source\repos\archanox\LibreRally\LibreRally.Tests\TyreModelTests.cs(322,17): warning CSENSE001: The symbol 'FrictionEllipse_ClampsFinalAppliedForcesAfterCamberAndRollingResistance' is missing valid documentation [C:\Users\pierc\source\repos\archanox\LibreRally\LibreRally.Tests\LibreRally.Tests.csproj]
C:\Users\pierc\source\repos\archanox\LibreRally\LibreRally.Tests\DtsLoaderTests.cs(149,17): warning CSENSE001: The symbol 'Load_FgxDts_ContainsExpectedBodyMeshes' is missing valid documentation [C:\Users\pierc\source\repos\archanox\LibreRally\LibreRally.Tests\LibreRally.Tests.csproj]
C:\Users\pierc\source\repos\archanox\LibreRally\LibreRally.Tests\TyreModelTests.cs(356,17): warning CSENSE001: The symbol 'BrushPneumaticTrail_FullAdhesion_ReturnsOneThirdHalfPatch' is missing valid documentation [C:\Users\pierc\source\repos\archanox\LibreRally\LibreRally.Tests\LibreRally.Tests.csproj]
C:\Users\pierc\source\repos\archanox\LibreRally\LibreRally.Tests\TyreModelTests.cs(365,17): warning CSENSE001: The symbol 'BrushPneumaticTrail_FullSliding_ReturnsZero' is missing valid documentation [C:\Users\pierc\source\repos\archanox\LibreRally\LibreRally.Tests\LibreRally.Tests.csproj]
C:\Users\pierc\source\repos\archanox\LibreRally\LibreRally.Tests\BeamNgVehicleCatalogTests.cs(121,17): warning CSENSE001: The symbol 'ResolveColladaFilesForMeshes_MaterializesSharedCommonDaeOnDemand' is missing valid documentation [C:\Users\pierc\source\repos\archanox\LibreRally\LibreRally.Tests\LibreRally.Tests.csproj]
C:\Users\pierc\source\repos\archanox\LibreRally\LibreRally.Tests\TyreModelTests.cs(374,17): warning CSENSE001: The symbol 'BrushPneumaticTrail_PeaksBeforeCollapsing' is missing valid documentation [C:\Users\pierc\source\repos\archanox\LibreRally\LibreRally.Tests\LibreRally.Tests.csproj]
C:\Users\pierc\source\repos\archanox\LibreRally\LibreRally.Tests\BasicCarPipelineTests.cs(113,17): warning CSENSE001: The symbol 'BasicCar_ShouldResolveTemplateRearDrivePowertrain' is missing valid documentation [C:\Users\pierc\source\repos\archanox\LibreRally\LibreRally.Tests\LibreRally.Tests.csproj]
C:\Users\pierc\source\repos\archanox\LibreRally\LibreRally.Tests\RallyCarComponentControlTests.cs(195,17): warning CSENSE001: The symbol 'ComputeTractionControlTorqueScale_ReachesFloor_WhenSingleDrivenWheelRunsFarAhead' is missing valid documentation [C:\Users\pierc\source\repos\archanox\LibreRally\LibreRally.Tests\LibreRally.Tests.csproj]
C:\Users\pierc\source\repos\archanox\LibreRally\LibreRally.Tests\RallyCarComponentControlTests.cs(207,17): warning CSENSE001: The symbol 'ComputeAbsBrakeTorqueScale_RemainsFull_WhenWheelSlipIsBelowTarget' is missing valid documentation [C:\Users\pierc\source\repos\archanox\LibreRally\LibreRally.Tests\LibreRally.Tests.csproj]
C:\Users\pierc\source\repos\archanox\LibreRally\LibreRally.Tests\RallyCarComponentControlTests.cs(220,17): warning CSENSE001: The symbol 'ComputeAbsBrakeTorqueScale_ReachesFloor_WhenForwardWheelApproachesLockup' is missing valid documentation [C:\Users\pierc\source\repos\archanox\LibreRally\LibreRally.Tests\LibreRally.Tests.csproj]
C:\Users\pierc\source\repos\archanox\LibreRally\LibreRally.Tests\RallyCarComponentControlTests.cs(233,17): warning CSENSE001: The symbol 'ComputeAbsBrakeTorqueScale_UsesTravelDirectionForReverseBraking' is missing valid documentation [C:\Users\pierc\source\repos\archanox\LibreRally\LibreRally.Tests\LibreRally.Tests.csproj]
C:\Users\pierc\source\repos\archanox\LibreRally\LibreRally.Tests\RallyCarComponentControlTests.cs(246,17): warning CSENSE001: The symbol 'ComputeGroundProbeContactScale_IsFullAtNominalContact' is missing valid documentation [C:\Users\pierc\source\repos\archanox\LibreRally\LibreRally.Tests\LibreRally.Tests.csproj]
C:\Users\pierc\source\repos\archanox\LibreRally\LibreRally.Tests\TyreModelTests.cs(391,17): warning CSENSE001: The symbol 'SelfAligningTorque_CollapsesAtHighSlipAngle' is missing valid documentation [C:\Users\pierc\source\repos\archanox\LibreRally\LibreRally.Tests\LibreRally.Tests.csproj]
C:\Users\pierc\source\repos\archanox\LibreRally\LibreRally.Tests\TyreModelTests.cs(425,17): warning CSENSE001: The symbol 'AdhesionFraction_FullAdhesion_AtLowSlip' is missing valid documentation [C:\Users\pierc\source\repos\archanox\LibreRally\LibreRally.Tests\LibreRally.Tests.csproj]
C:\Users\pierc\source\repos\archanox\LibreRally\LibreRally.Tests\TyreModelTests.cs(435,17): warning CSENSE001: The symbol 'AdhesionFraction_DecreasesWithHigherSlip' is missing valid documentation [C:\Users\pierc\source\repos\archanox\LibreRally\LibreRally.Tests\LibreRally.Tests.csproj]
C:\Users\pierc\source\repos\archanox\LibreRally\LibreRally.Tests\BeamNgVehicleCatalogTests.cs(161,17): warning CSENSE001: The symbol 'ResolveColladaFilesForMeshes_SearchesOtherInstalledVehiclePackages' is missing valid documentation [C:\Users\pierc\source\repos\archanox\LibreRally\LibreRally.Tests\LibreRally.Tests.csproj]
C:\Users\pierc\source\repos\archanox\LibreRally\LibreRally.Tests\TyreModelTests.cs(452,17): warning CSENSE001: The symbol 'LongitudinalDeflection_BuildsUnderBraking' is missing valid documentation [C:\Users\pierc\source\repos\archanox\LibreRally\LibreRally.Tests\LibreRally.Tests.csproj]
C:\Users\pierc\source\repos\archanox\LibreRally\LibreRally.Tests\RallyCarComponentControlTests.cs(257,17): warning CSENSE001: The symbol 'ComputeGroundProbeContactScale_FadesOutAcrossProbeMargin' is missing valid documentation [C:\Users\pierc\source\repos\archanox\LibreRally\LibreRally.Tests\LibreRally.Tests.csproj]
C:\Users\pierc\source\repos\archanox\LibreRally\LibreRally.Tests\RallyCarComponentControlTests.cs(281,17): warning CSENSE001: The symbol 'ComputeWheelSurfaceVfxIntensity_ActivatesForBurnoutOnTarmac' is missing valid documentation [C:\Users\pierc\source\repos\archanox\LibreRally\LibreRally.Tests\LibreRally.Tests.csproj]
C:\Users\pierc\source\repos\archanox\LibreRally\LibreRally.Tests\RallyCarComponentControlTests.cs(268,17): warning CSENSE001: The symbol 'ComputeWheelSurfaceVfxIntensity_StaysOffForLowTarmacSlip' is missing valid documentation [C:\Users\pierc\source\repos\archanox\LibreRally\LibreRally.Tests\LibreRally.Tests.csproj]
C:\Users\pierc\source\repos\archanox\LibreRally\LibreRally.Tests\TyreModelTests.cs(489,17): warning CSENSE001: The symbol 'LongitudinalDeflection_ResetsWhenAirborne' is missing valid documentation [C:\Users\pierc\source\repos\archanox\LibreRally\LibreRally.Tests\LibreRally.Tests.csproj]
C:\Users\pierc\source\repos\archanox\LibreRally\LibreRally.Tests\TyreModelTests.cs(506,17): warning CSENSE001: The symbol 'CarcassShearForce_IncreasesWithDeflection' is missing valid documentation [C:\Users\pierc\source\repos\archanox\LibreRally\LibreRally.Tests\LibreRally.Tests.csproj]
C:\Users\pierc\source\repos\archanox\LibreRally\LibreRally.Tests\RallyCarComponentControlTests.cs(294,17): warning CSENSE001: The symbol 'ComputeWheelSurfaceVfxIntensity_ActivatesEarlierOnGravel' is missing valid documentation [C:\Users\pierc\source\repos\archanox\LibreRally\LibreRally.Tests\LibreRally.Tests.csproj]
C:\Users\pierc\source\repos\archanox\LibreRally\LibreRally.Tests\TyreModelTests.cs(525,17): warning CSENSE001: The symbol 'CarcassShearForce_ZeroWhenNoDeflection' is missing valid documentation [C:\Users\pierc\source\repos\archanox\LibreRally\LibreRally.Tests\LibreRally.Tests.csproj]
C:\Users\pierc\source\repos\archanox\LibreRally\LibreRally.Tests\RallyCarComponentControlTests.cs(307,17): warning CSENSE001: The symbol 'ComputeWheelSurfaceVfxIntensity_IsClampedToOneForSpawnScaling' is missing valid documentation [C:\Users\pierc\source\repos\archanox\LibreRally\LibreRally.Tests\LibreRally.Tests.csproj]
C:\Users\pierc\source\repos\archanox\LibreRally\LibreRally.Tests\TyreModelTests.cs(538,17): warning CSENSE001: The symbol 'CarcassShearForce_ZeroWhenCoefficientIsZero' is missing valid documentation [C:\Users\pierc\source\repos\archanox\LibreRally\LibreRally.Tests\LibreRally.Tests.csproj]
C:\Users\pierc\source\repos\archanox\LibreRally\LibreRally.Tests\RallyCarComponentControlTests.cs(320,17): warning CSENSE001: The symbol 'ComputeWheelSurfaceVfxIntensity_IsClampedToOneForSpawnScalingOnGravel' is missing valid documentation [C:\Users\pierc\source\repos\archanox\LibreRally\LibreRally.Tests\LibreRally.Tests.csproj]
C:\Users\pierc\source\repos\archanox\LibreRally\LibreRally.Tests\BeamNgVehicleCatalogTests.cs(196,17): warning CSENSE001: The symbol 'ResolveColladaFilesForMeshes_PrefersPlainDaeOverCompressedCdae' is missing valid documentation [C:\Users\pierc\source\repos\archanox\LibreRally\LibreRally.Tests\LibreRally.Tests.csproj]
C:\Users\pierc\source\repos\archanox\LibreRally\LibreRally.Tests\RallyCarComponentControlTests.cs(333,17): warning CSENSE001: The symbol 'ComputeLowSpeedYawAssistRate_UsesDriveDirectionForReverseLaunch' is missing valid documentation [C:\Users\pierc\source\repos\archanox\LibreRally\LibreRally.Tests\LibreRally.Tests.csproj]
C:\Users\pierc\source\repos\archanox\LibreRally\LibreRally.Tests\BeamNgVehicleCatalogTests.cs(228,17): warning CSENSE001: The symbol 'Assemble_SearchFolders_ResolvesSupplementalCommonParts' is missing valid documentation [C:\Users\pierc\source\repos\archanox\LibreRally\LibreRally.Tests\LibreRally.Tests.csproj]
C:\Users\pierc\source\repos\archanox\LibreRally\LibreRally.Tests\TyreModelTests.cs(553,17): warning CSENSE001: The symbol 'WetGripFactor_DryReturnsOne' is missing valid documentation [C:\Users\pierc\source\repos\archanox\LibreRally\LibreRally.Tests\LibreRally.Tests.csproj]
C:\Users\pierc\source\repos\archanox\LibreRally\LibreRally.Tests\TyreModelTests.cs(561,17): warning CSENSE001: The symbol 'WetGripFactor_DecreasesWithWaterDepth' is missing valid documentation [C:\Users\pierc\source\repos\archanox\LibreRally\LibreRally.Tests\LibreRally.Tests.csproj]
C:\Users\pierc\source\repos\archanox\LibreRally\LibreRally.Tests\RallyCarComponentControlTests.cs(346,17): warning CSENSE001: The symbol 'ComputeLowSpeedYawAssistRate_FadesOutOnceTyreForcesShouldDominate' is missing valid documentation [C:\Users\pierc\source\repos\archanox\LibreRally\LibreRally.Tests\LibreRally.Tests.csproj]
C:\Users\pierc\source\repos\archanox\LibreRally\LibreRally.Tests\TyreModelTests.cs(571,17): warning CSENSE001: The symbol 'WetGripFactor_MacrotextureImprovesDrainage' is missing valid documentation [C:\Users\pierc\source\repos\archanox\LibreRally\LibreRally.Tests\LibreRally.Tests.csproj]
C:\Users\pierc\source\repos\archanox\LibreRally\LibreRally.Tests\TyreModelTests.cs(580,17): warning CSENSE001: The symbol 'WetGripFactor_DecreasesWithSpeed' is missing valid documentation [C:\Users\pierc\source\repos\archanox\LibreRally\LibreRally.Tests\LibreRally.Tests.csproj]
C:\Users\pierc\source\repos\archanox\LibreRally\LibreRally.Tests\TyreModelTests.cs(589,17): warning CSENSE001: The symbol 'WetGripFactor_HydroplaningCollapsesGrip' is missing valid documentation [C:\Users\pierc\source\repos\archanox\LibreRally\LibreRally.Tests\LibreRally.Tests.csproj]
C:\Users\pierc\source\repos\archanox\LibreRally\LibreRally.Tests\TyreModelTests.cs(599,17): warning CSENSE001: The symbol 'WetGripFactor_NeverBelowMinimum' is missing valid documentation [C:\Users\pierc\source\repos\archanox\LibreRally\LibreRally.Tests\LibreRally.Tests.csproj]
C:\Users\pierc\source\repos\archanox\LibreRally\LibreRally.Tests\TyreModelTests.cs(610,17): warning CSENSE001: The symbol 'EffectiveFriction_MacrotextureImprovesWetGripViaDrainage' is missing valid documentation [C:\Users\pierc\source\repos\archanox\LibreRally\LibreRally.Tests\LibreRally.Tests.csproj]
C:\Users\pierc\source\repos\archanox\LibreRally\LibreRally.Tests\RallyCarComponentControlTests.cs(370,17): warning CSENSE001: The symbol 'ApplyTriggerDeadzone_RejectsSmallTriggerNoise' is missing valid documentation [C:\Users\pierc\source\repos\archanox\LibreRally\LibreRally.Tests\LibreRally.Tests.csproj]
C:\Users\pierc\source\repos\archanox\LibreRally\LibreRally.Tests\RallyCarComponentControlTests.cs(378,17): warning CSENSE001: The symbol 'ApplyTriggerDeadzone_ReScalesRemainingTriggerTravel' is missing valid documentation [C:\Users\pierc\source\repos\archanox\LibreRally\LibreRally.Tests\LibreRally.Tests.csproj]
C:\Users\pierc\source\repos\archanox\LibreRally\LibreRally.Tests\RallyCarComponentControlTests.cs(359,17): warning CSENSE001: The symbol 'ApplyYawAssistTopUp_DoesNotDampExistingYawInSameDirection' is missing valid documentation [C:\Users\pierc\source\repos\archanox\LibreRally\LibreRally.Tests\LibreRally.Tests.csproj]
C:\Users\pierc\source\repos\archanox\LibreRally\LibreRally.Tests\TyreModelTests.cs(652,17): warning CSENSE001: The symbol 'WetTarmac_ProducesLessGripThanDryTarmac' is missing valid documentation [C:\Users\pierc\source\repos\archanox\LibreRally\LibreRally.Tests\LibreRally.Tests.csproj]
C:\Users\pierc\source\repos\archanox\LibreRally\LibreRally.Tests\TyreModelTests.cs(684,17): warning CSENSE001: The symbol 'RoadNoiseGripFactor_ReturnsNearUnity' is missing valid documentation [C:\Users\pierc\source\repos\archanox\LibreRally\LibreRally.Tests\LibreRally.Tests.csproj]
C:\Users\pierc\source\repos\archanox\LibreRally\LibreRally.Tests\TyreModelTests.cs(693,17): warning CSENSE001: The symbol 'RoadNoiseGripFactor_BoundedByAmplitude' is missing valid documentation [C:\Users\pierc\source\repos\archanox\LibreRally\LibreRally.Tests\LibreRally.Tests.csproj]
C:\Users\pierc\source\repos\archanox\LibreRally\LibreRally.Tests\RallyCarComponentControlTests.cs(386,17): warning CSENSE001: The symbol 'ApplySignedAxisDeadzone_RejectsSmallStickDrift' is missing valid documentation [C:\Users\pierc\source\repos\archanox\LibreRally\LibreRally.Tests\LibreRally.Tests.csproj]
C:\Users\pierc\source\repos\archanox\LibreRally\LibreRally.Tests\TyreModelTests.cs(704,17): warning CSENSE001: The symbol 'RoadNoiseGripFactor_ReturnsUnityAtZeroSpeed' is missing valid documentation [C:\Users\pierc\source\repos\archanox\LibreRally\LibreRally.Tests\LibreRally.Tests.csproj]
C:\Users\pierc\source\repos\archanox\LibreRally\LibreRally.Tests\TyreModelTests.cs(715,17): warning CSENSE001: The symbol 'SurfaceDefaults_WetTarmacHasWaterAndLowerFriction' is missing valid documentation [C:\Users\pierc\source\repos\archanox\LibreRally\LibreRally.Tests\LibreRally.Tests.csproj]
C:\Users\pierc\source\repos\archanox\LibreRally\LibreRally.Tests\RallyCarComponentControlTests.cs(394,17): warning CSENSE001: The symbol 'ApplySignedAxisDeadzone_PreservesSignAfterDeadzone' is missing valid documentation [C:\Users\pierc\source\repos\archanox\LibreRally\LibreRally.Tests\LibreRally.Tests.csproj]
C:\Users\pierc\source\repos\archanox\LibreRally\LibreRally.Tests\BasicCarPipelineTests.cs(135,17): warning CSENSE001: The symbol 'BasicCar_ShouldBuildPhysics' is missing valid documentation [C:\Users\pierc\source\repos\archanox\LibreRally\LibreRally.Tests\LibreRally.Tests.csproj]
C:\Users\pierc\source\repos\archanox\LibreRally\LibreRally.Tests\RallyCarComponentControlTests.cs(402,17): warning CSENSE001: The symbol 'ShouldKeepVehicleAwake_IsFalse_WhenStoppedAndNoInput' is missing valid documentation [C:\Users\pierc\source\repos\archanox\LibreRally\LibreRally.Tests\LibreRally.Tests.csproj]
C:\Users\pierc\source\repos\archanox\LibreRally\LibreRally.Tests\RallyCarComponentControlTests.cs(416,17): warning CSENSE001: The symbol 'ShouldKeepVehicleAwake_IsTrue_WhenDriverAppliesInput' is missing valid documentation [C:\Users\pierc\source\repos\archanox\LibreRally\LibreRally.Tests\LibreRally.Tests.csproj]
C:\Users\pierc\source\repos\archanox\LibreRally\LibreRally.Tests\BeamNgVehicleCatalogTests.cs(270,17): warning CSENSE001: The symbol 'Assemble_BlankPcOverride_FallsBackToSlotDefault' is missing valid documentation [C:\Users\pierc\source\repos\archanox\LibreRally\LibreRally.Tests\LibreRally.Tests.csproj]
C:\Users\pierc\source\repos\archanox\LibreRally\LibreRally.Tests\RallyCarComponentControlTests.cs(430,17): warning CSENSE001: The symbol 'ResolveStandingGearSelection_EntersReverse_WhenBrakingAtStandstill' is missing valid documentation [C:\Users\pierc\source\repos\archanox\LibreRally\LibreRally.Tests\LibreRally.Tests.csproj]
C:\Users\pierc\source\repos\archanox\LibreRally\LibreRally.Tests\TyreModelTests.cs(726,17): warning CSENSE001: The symbol 'SurfaceDefaults_AllSurfacesHaveTexture' is missing valid documentation [C:\Users\pierc\source\repos\archanox\LibreRally\LibreRally.Tests\LibreRally.Tests.csproj]
C:\Users\pierc\source\repos\archanox\LibreRally\LibreRally.Tests\TyreModelTests.cs(738,17): warning CSENSE001: The symbol 'SurfaceDefaults_IceHasVeryLowTexture' is missing valid documentation [C:\Users\pierc\source\repos\archanox\LibreRally\LibreRally.Tests\LibreRally.Tests.csproj]
C:\Users\pierc\source\repos\archanox\LibreRally\LibreRally.Tests\TyreModelTests.cs(747,17): warning CSENSE001: The symbol 'SurfaceDefaults_GravelHasHighMacrotexture' is missing valid documentation [C:\Users\pierc\source\repos\archanox\LibreRally\LibreRally.Tests\LibreRally.Tests.csproj]
C:\Users\pierc\source\repos\archanox\LibreRally\LibreRally.Tests\BeamNgVehicleCatalogTests.cs(313,17): warning CSENSE001: The symbol 'Assemble_WheelSlotOffset_AppliesOutwardPerSide' is missing valid documentation [C:\Users\pierc\source\repos\archanox\LibreRally\LibreRally.Tests\LibreRally.Tests.csproj]
C:\Users\pierc\source\repos\archanox\LibreRally\LibreRally.Tests\BasicCarPipelineTests.cs(183,17): warning CSENSE001: The symbol 'BasicCar_ShouldApplySignedSpringHeightToSuspensionTargetOffset' is missing valid documentation [C:\Users\pierc\source\repos\archanox\LibreRally\LibreRally.Tests\LibreRally.Tests.csproj]
C:\Users\pierc\source\repos\archanox\LibreRally\LibreRally.Tests\BasicCarPipelineTests.cs(203,17): warning CSENSE001: The symbol 'BasicCar_ShouldIncludeFormulaBeeColladaMesh' is missing valid documentation [C:\Users\pierc\source\repos\archanox\LibreRally\LibreRally.Tests\LibreRally.Tests.csproj]
C:\Users\pierc\source\repos\archanox\LibreRally\LibreRally.Tests\BasicCarPipelineTests.cs(212,17): warning CSENSE001: The symbol 'BasicCar_ShouldMatchBrakeDiscFlexbodyNamesToColladaGeometry' is missing valid documentation [C:\Users\pierc\source\repos\archanox\LibreRally\LibreRally.Tests\LibreRally.Tests.csproj]
C:\Users\pierc\source\repos\archanox\LibreRally\LibreRally.Tests\RallyCarComponentControlTests.cs(446,17): warning CSENSE001: The symbol 'ResolveStandingGearSelection_DoesNotEnterReverse_WhileStillRolling' is missing valid documentation [C:\Users\pierc\source\repos\archanox\LibreRally\LibreRally.Tests\LibreRally.Tests.csproj]
EXEC : warning 17.766s: [AssetCompiler] C:\Users\pierc\.nuget\packages\stride.core.assets.compilerapp\4.3.0.2507\lib\net10.0\log\shader_RadiancePrefilteringGGXNoComputeEffect_3b42dc19fe144f55e87a1c10c0c53a3f.hlsl(212,5-48): warning X3557: loop doesn't seem to do anything, forcing loop to unroll [C:\Users\pierc\source\repos\archanox\LibreRally\LibreRally.Linux\LibreRally.Linux.csproj]
EXEC : warning 17.767s: [AssetCompiler] C:\Users\pierc\.nuget\packages\stride.core.assets.compilerapp\4.3.0.2507\lib\net10.0\log\shader_RadiancePrefilteringGGXNoComputeEffect_3b42dc19fe144f55e87a1c10c0c53a3f.hlsl(212,5-48): warning X3557: loop doesn't seem to do anything, forcing loop to unroll [C:\Users\pierc\source\repos\archanox\LibreRally\LibreRally.Linux\LibreRally.Linux.csproj]
EXEC : warning 17.342s: [AssetCompiler] C:\Users\pierc\.nuget\packages\stride.core.assets.compilerapp\4.3.0.2507\lib\net10.0-windows7.0\log\shader_RadiancePrefilteringGGXNoComputeEffect_3b42dc19fe144f55e87a1c10c0c53a3f.hlsl(212,5-48): warning X3557: loop doesn't seem to do anything, forcing loop to unroll [C:\Users\pierc\source\repos\archanox\LibreRally\LibreRally.Windows\LibreRally.Windows.csproj]
EXEC : warning 17.342s: [AssetCompiler] C:\Users\pierc\.nuget\packages\stride.core.assets.compilerapp\4.3.0.2507\lib\net10.0-windows7.0\log\shader_RadiancePrefilteringGGXNoComputeEffect_3b42dc19fe144f55e87a1c10c0c53a3f.hlsl(212,5-48): warning X3557: loop doesn't seem to do anything, forcing loop to unroll [C:\Users\pierc\source\repos\archanox\LibreRally\LibreRally.Windows\LibreRally.Windows.csproj]
EXEC : warning 22.783s: [AssetCompiler] C:\Users\pierc\.nuget\packages\stride.core.assets.compilerapp\4.3.0.2507\lib\net10.0\log\shader_RadiancePrefilteringGGXNoComputeEffect_3b42dc19fe144f55e87a1c10c0c53a3f.hlsl(212,5-48): warning X3557: loop doesn't seem to do anything, forcing loop to unroll [C:\Users\pierc\source\repos\archanox\LibreRally\LibreRally.macOS\LibreRally.macOS.csproj]
EXEC : warning 22.784s: [AssetCompiler] C:\Users\pierc\.nuget\packages\stride.core.assets.compilerapp\4.3.0.2507\lib\net10.0\log\shader_RadiancePrefilteringGGXNoComputeEffect_3b42dc19fe144f55e87a1c10c0c53a3f.hlsl(212,5-48): warning X3557: loop doesn't seem to do anything, forcing loop to unroll [C:\Users\pierc\source\repos\archanox\LibreRally\LibreRally.macOS\LibreRally.macOS.csproj]
    1228 Warning(s)
    0 Error(s)

Time Elapsed 00:00:58.93
